Archive member included to satisfy reference by file (symbol)

C:\Users\lambert\DOCUME~1\GitHub\NSEC-B~1\hw\2023\CONFBA~1\firmware\OLEDTE~1\OLEDTE~1\OLEDTE~1\ARDUIN~1\Debug\libArduinoCore.a(HardwareSerial.o)
                              Sketch.o (_ZN14HardwareSerial5beginEmh)
C:\Users\lambert\DOCUME~1\GitHub\NSEC-B~1\hw\2023\CONFBA~1\firmware\OLEDTE~1\OLEDTE~1\OLEDTE~1\ARDUIN~1\Debug\libArduinoCore.a(HardwareSerial0.o)
                              Sketch.o (Serial)
C:\Users\lambert\DOCUME~1\GitHub\NSEC-B~1\hw\2023\CONFBA~1\firmware\OLEDTE~1\OLEDTE~1\OLEDTE~1\ARDUIN~1\Debug\libArduinoCore.a(main.o)
                              C:/Program Files (x86)/Atmel/Studio/7.0/Packs/atmel/ATmega_DFP/1.7.374/gcc/dev/atmega328p/avr5/crtatmega328p.o (main)
C:\Users\lambert\DOCUME~1\GitHub\NSEC-B~1\hw\2023\CONFBA~1\firmware\OLEDTE~1\OLEDTE~1\OLEDTE~1\ARDUIN~1\Debug\libArduinoCore.a(Print.o)
                              C:\Users\lambert\DOCUME~1\GitHub\NSEC-B~1\hw\2023\CONFBA~1\firmware\OLEDTE~1\OLEDTE~1\OLEDTE~1\ARDUIN~1\Debug\libArduinoCore.a(HardwareSerial.o) (_ZN5Print5writeEPKhj)
C:\Users\lambert\DOCUME~1\GitHub\NSEC-B~1\hw\2023\CONFBA~1\firmware\OLEDTE~1\OLEDTE~1\OLEDTE~1\ARDUIN~1\Debug\libArduinoCore.a(wiring.o)
                              Sketch.o (delay)
C:\Users\lambert\DOCUME~1\GitHub\NSEC-B~1\hw\2023\CONFBA~1\firmware\OLEDTE~1\OLEDTE~1\OLEDTE~1\ARDUIN~1\Debug\libArduinoCore.a(WMath.o)
                              Sketch.o (_Z6randomll)
C:\Users\lambert\DOCUME~1\GitHub\NSEC-B~1\hw\2023\CONFBA~1\firmware\OLEDTE~1\OLEDTE~1\OLEDTE~1\ARDUIN~1\Debug\libArduinoCore.a(Adafruit_GFX.o)
                              Sketch.o (_ZN12Adafruit_GFX8fillRectEiiiij)
C:\Users\lambert\DOCUME~1\GitHub\NSEC-B~1\hw\2023\CONFBA~1\firmware\OLEDTE~1\OLEDTE~1\OLEDTE~1\ARDUIN~1\Debug\libArduinoCore.a(Adafruit_SSD1306.o)
                              Sketch.o (_ZN16Adafruit_SSD13069drawPixelEiij)
C:\Users\lambert\DOCUME~1\GitHub\NSEC-B~1\hw\2023\CONFBA~1\firmware\OLEDTE~1\OLEDTE~1\OLEDTE~1\ARDUIN~1\Debug\libArduinoCore.a(SPI.o)
                              C:\Users\lambert\DOCUME~1\GitHub\NSEC-B~1\hw\2023\CONFBA~1\firmware\OLEDTE~1\OLEDTE~1\OLEDTE~1\ARDUIN~1\Debug\libArduinoCore.a(Adafruit_SSD1306.o) (_ZN8SPIClass5beginEv)
C:\Users\lambert\DOCUME~1\GitHub\NSEC-B~1\hw\2023\CONFBA~1\firmware\OLEDTE~1\OLEDTE~1\OLEDTE~1\ARDUIN~1\Debug\libArduinoCore.a(Wire.o)
                              C:\Users\lambert\DOCUME~1\GitHub\NSEC-B~1\hw\2023\CONFBA~1\firmware\OLEDTE~1\OLEDTE~1\OLEDTE~1\ARDUIN~1\Debug\libArduinoCore.a(Adafruit_SSD1306.o) (_ZN7TwoWire5beginEv)
C:\Users\lambert\DOCUME~1\GitHub\NSEC-B~1\hw\2023\CONFBA~1\firmware\OLEDTE~1\OLEDTE~1\OLEDTE~1\ARDUIN~1\Debug\libArduinoCore.a(abi.o)
                              C:\Users\lambert\DOCUME~1\GitHub\NSEC-B~1\hw\2023\CONFBA~1\firmware\OLEDTE~1\OLEDTE~1\OLEDTE~1\ARDUIN~1\Debug\libArduinoCore.a(Print.o) (__cxa_pure_virtual)
C:\Users\lambert\DOCUME~1\GitHub\NSEC-B~1\hw\2023\CONFBA~1\firmware\OLEDTE~1\OLEDTE~1\OLEDTE~1\ARDUIN~1\Debug\libArduinoCore.a(hooks.o)
                              C:\Users\lambert\DOCUME~1\GitHub\NSEC-B~1\hw\2023\CONFBA~1\firmware\OLEDTE~1\OLEDTE~1\OLEDTE~1\ARDUIN~1\Debug\libArduinoCore.a(wiring.o) (yield)
C:\Users\lambert\DOCUME~1\GitHub\NSEC-B~1\hw\2023\CONFBA~1\firmware\OLEDTE~1\OLEDTE~1\OLEDTE~1\ARDUIN~1\Debug\libArduinoCore.a(wiring_digital.o)
                              C:\Users\lambert\DOCUME~1\GitHub\NSEC-B~1\hw\2023\CONFBA~1\firmware\OLEDTE~1\OLEDTE~1\OLEDTE~1\ARDUIN~1\Debug\libArduinoCore.a(Adafruit_SSD1306.o) (pinMode)
C:\Users\lambert\DOCUME~1\GitHub\NSEC-B~1\hw\2023\CONFBA~1\firmware\OLEDTE~1\OLEDTE~1\OLEDTE~1\ARDUIN~1\Debug\libArduinoCore.a(twi.o)
                              C:\Users\lambert\DOCUME~1\GitHub\NSEC-B~1\hw\2023\CONFBA~1\firmware\OLEDTE~1\OLEDTE~1\OLEDTE~1\ARDUIN~1\Debug\libArduinoCore.a(Wire.o) (twi_init)
c:/program files (x86)/atmel/studio/7.0/toolchain/avr8/avr8-gnu-toolchain/bin/../lib/gcc/avr/5.4.0/../../../../avr/lib/avr5\libm.a(addsf3.o)
                              C:\Users\lambert\DOCUME~1\GitHub\NSEC-B~1\hw\2023\CONFBA~1\firmware\OLEDTE~1\OLEDTE~1\OLEDTE~1\ARDUIN~1\Debug\libArduinoCore.a(Print.o) (__subsf3)
c:/program files (x86)/atmel/studio/7.0/toolchain/avr8/avr8-gnu-toolchain/bin/../lib/gcc/avr/5.4.0/../../../../avr/lib/avr5\libm.a(addsf3x.o)
                              c:/program files (x86)/atmel/studio/7.0/toolchain/avr8/avr8-gnu-toolchain/bin/../lib/gcc/avr/5.4.0/../../../../avr/lib/avr5\libm.a(addsf3.o) (__addsf3x)
c:/program files (x86)/atmel/studio/7.0/toolchain/avr8/avr8-gnu-toolchain/bin/../lib/gcc/avr/5.4.0/../../../../avr/lib/avr5\libm.a(cmpsf2.o)
                              C:\Users\lambert\DOCUME~1\GitHub\NSEC-B~1\hw\2023\CONFBA~1\firmware\OLEDTE~1\OLEDTE~1\OLEDTE~1\ARDUIN~1\Debug\libArduinoCore.a(Print.o) (__ltsf2)
c:/program files (x86)/atmel/studio/7.0/toolchain/avr8/avr8-gnu-toolchain/bin/../lib/gcc/avr/5.4.0/../../../../avr/lib/avr5\libm.a(divsf3.o)
[...]
Memory Configuration

Name             Origin             Length             Attributes
text             0x00000000         0x00008000         xr
data             0x00800100         0x00000800         rw !x
eeprom           0x00810000         0x00000400         rw !x
fuse             0x00820000         0x00000003         rw !x
lock             0x00830000         0x00000400         rw !x
signature        0x00840000         0x00000400         rw !x
user_signatures  0x00850000         0x00000400         rw !x
*default*        0x00000000         0xffffffff

Linker script and memory map

Address of section .data set to 0x800100
LOAD C:/Program Files (x86)/Atmel/Studio/7.0/Packs/atmel/ATmega_DFP/1.7.374/gcc/dev/atmega328p/avr5/crtatmega328p.o
LOAD Sketch.o
START GROUP
LOAD c:/program files (x86)/atmel/studio/7.0/toolchain/avr8/avr8-gnu-toolchain/bin/../lib/gcc/avr/5.4.0/../../../../avr/lib/avr5\libm.a
LOAD C:\Users\lambert\DOCUME~1\GitHub\NSEC-B~1\hw\2023\CONFBA~1\firmware\OLEDTE~1\OLEDTE~1\OLEDTE~1\ARDUIN~1\Debug\libArduinoCore.a
END GROUP
LOAD c:/program files (x86)/atmel/studio/7.0/toolchain/avr8/avr8-gnu-toolchain/bin/../lib/gcc/avr/5.4.0/avr5\libgcc.a
LOAD c:/program files (x86)/atmel/studio/7.0/toolchain/avr8/avr8-gnu-toolchain/bin/../lib/gcc/avr/5.4.0/../../../../avr/lib/avr5\libm.a
START GROUP
LOAD c:/program files (x86)/atmel/studio/7.0/toolchain/avr8/avr8-gnu-toolchain/bin/../lib/gcc/avr/5.4.0/avr5\libgcc.a
LOAD c:/program files (x86)/atmel/studio/7.0/toolchain/avr8/avr8-gnu-toolchain/bin/../lib/gcc/avr/5.4.0/../../../../avr/lib/avr5\libm.a
LOAD c:/program files (x86)/atmel/studio/7.0/toolchain/avr8/avr8-gnu-toolchain/bin/../lib/gcc/avr/5.4.0/../../../../avr/lib/avr5\libc.a
LOAD C:/Program Files (x86)/Atmel/Studio/7.0/Packs/atmel/ATmega_DFP/1.7.374/gcc/dev/atmega328p/avr5\libatmega328p.a
END GROUP
                0x00000000                __TEXT_REGION_ORIGIN__ = DEFINED (__TEXT_REGION_ORIGIN__)?__TEXT_REGION_ORIGIN__:0x0
                [0x00800100]                __DATA_REGION_ORIGIN__ = DEFINED (__DATA_REGION_ORIGIN__)?__DATA_REGION_ORIGIN__:0x800060
                [0x00008000]                __TEXT_REGION_LENGTH__ = DEFINED (__TEXT_REGION_LENGTH__)?__TEXT_REGION_LENGTH__:0x20000
                [0x00000800]                __DATA_REGION_LENGTH__ = DEFINED (__DATA_REGION_LENGTH__)?__DATA_REGION_LENGTH__:0xffa0
                [0x00000400]                __EEPROM_REGION_LENGTH__ = DEFINED (__EEPROM_REGION_LENGTH__)?__EEPROM_REGION_LENGTH__:0x10000
                [0x00000003]                __FUSE_REGION_LENGTH__ = DEFINED (__FUSE_REGION_LENGTH__)?__FUSE_REGION_LENGTH__:0x400
                0x00000400                __LOCK_REGION_LENGTH__ = DEFINED (__LOCK_REGION_LENGTH__)?__LOCK_REGION_LENGTH__:0x400
                0x00000400                __SIGNATURE_REGION_LENGTH__ = DEFINED (__SIGNATURE_REGION_LENGTH__)?__SIGNATURE_REGION_LENGTH__:0x400
                0x00000400                __USER_SIGNATURE_REGION_LENGTH__ = DEFINED (__USER_SIGNATURE_REGION_LENGTH__)?__USER_SIGNATURE_REGION_LENGTH__:0x400

.hash
 *(.hash)

.dynsym
 *(.dynsym)

.dynstr
 *(.dynstr)

.gnu.version
 *(.gnu.version)

.gnu.version_d
 *(.gnu.version_d)

.gnu.version_r
 *(.gnu.version_r)

.rel.init
 *(.rel.init)

.rela.init
 *(.rela.init)

.rel.text
 *(.rel.text)
 *(.rel.text.*)
 *(.rel.gnu.linkonce.t*)

.rela.text
 *(.rela.text)
 *(.rela.text.*)
 *(.rela.gnu.linkonce.t*)

.rel.fini
 *(.rel.fini)

.rela.fini
 *(.rela.fini)

.rel.rodata
 *(.rel.rodata)
 *(.rel.rodata.*)
 *(.rel.gnu.linkonce.r*)

.rela.rodata
 *(.rela.rodata)
 *(.rela.rodata.*)
 *(.rela.gnu.linkonce.r*)

.rel.data
 *(.rel.data)
 *(.rel.data.*)
 *(.rel.gnu.linkonce.d*)

.rela.data
 *(.rela.data)
 *(.rela.data.*)
 *(.rela.gnu.linkonce.d*)

.rel.ctors
 *(.rel.ctors)

.rela.ctors
 *(.rela.ctors)

.rel.dtors
 *(.rel.dtors)

.rela.dtors
 *(.rela.dtors)

.rel.got
 *(.rel.got)

.rela.got
 *(.rela.got)

.rel.bss
 *(.rel.bss)

.rela.bss
 *(.rela.bss)

.rel.plt
 *(.rel.plt)

.rela.plt
 *(.rela.plt)

.text           0x00000000     0x62d2
 *(.vectors)
 .vectors       0x00000000       0x68 C:/Program Files (x86)/Atmel/Studio/7.0/Packs/atmel/ATmega_DFP/1.7.374/gcc/dev/atmega328p/avr5/crtatmega328p.o
                0x00000000                __vector_default
                0x00000000                __vectors
 *(.vectors)
 *(.progmem.gcc*)
                0x00000068                . = ALIGN (0x2)
                0x00000068                __trampolines_start = .
 *(.trampolines)
 .trampolines   0x00000068        0x0 linker stubs
 *(.trampolines*)
                0x00000068                __trampolines_end = .
 *libprintf_flt.a:*(.progmem.data)
 *libc.a:*(.progmem.data)
 *(.progmem*)
 .progmem.data._ZZ11testanimatePKhhhE3__c_1
                0x00000068        0x6 Sketch.o
 .progmem.data._ZZ11testanimatePKhhhE3__c_0
                0x0000006e        0x5 Sketch.o
 .progmem.data._ZZ11testanimatePKhhhE3__c
                0x00000073        0x4 Sketch.o
 .progmem.data._ZZ14testscrolltextvE3__c
                0x00000077        0x7 Sketch.o
 .progmem.data._ZZ14testdrawstylesvE3__c_0
                0x0000007e        0x3 Sketch.o
 .progmem.data._ZZ14testdrawstylesvE3__c
                0x00000081        0xe Sketch.o
 .progmem.data._ZZ5setupE3__c
                0x0000008f       0x1a Sketch.o
 .progmem.data._ZL8logo_bmp
                0x000000a9       0x20 Sketch.o
 .progmem.data._ZL4font
                0x000000c9      0x500 C:\Users\lambert\DOCUME~1\GitHub\NSEC-B~1\hw\2023\CONFBA~1\firmware\OLEDTE~1\OLEDTE~1\OLEDTE~1\ARDUIN~1\Debug\libArduinoCore.a(Adafruit_GFX.o)
 .progmem.data._ZZN16Adafruit_SSD130619startscrolldiagleftEhhE12scrollList4c
                0x000005c9        0x2 C:\Users\lambert\DOCUME~1\GitHub\NSEC-B~1\hw\2023\CONFBA~1\firmware\OLEDTE~1\OLEDTE~1\OLEDTE~1\ARDUIN~1\Debug\libArduinoCore.a(Adafruit_SSD1306.o)
 .progmem.data._ZZN16Adafruit_SSD130619startscrolldiagleftEhhE12scrollList4b
                0x000005cb        0x2 C:\Users\lambert\DOCUME~1\GitHub\NSEC-B~1\hw\2023\CONFBA~1\firmware\OLEDTE~1\OLEDTE~1\OLEDTE~1\ARDUIN~1\Debug\libArduinoCore.a(Adafruit_SSD1306.o)
 .progmem.data._ZZN16Adafruit_SSD130619startscrolldiagleftEhhE12scrollList4a
                0x000005cd        0x2 C:\Users\lambert\DOCUME~1\GitHub\NSEC-B~1\hw\2023\CONFBA~1\firmware\OLEDTE~1\OLEDTE~1\OLEDTE~1\ARDUIN~1\Debug\libArduinoCore.a(Adafruit_SSD1306.o)
 .progmem.data._ZZN16Adafruit_SSD130620startscrolldiagrightEhhE12scrollList3c
                0x000005cf        0x2 C:\Users\lambert\DOCUME~1\GitHub\NSEC-B~1\hw\2023\CONFBA~1\firmware\OLEDTE~1\OLEDTE~1\OLEDTE~1\ARDUIN~1\Debug\libArduinoCore.a(Adafruit_SSD1306.o)
 .progmem.data._ZZN16Adafruit_SSD130620startscrolldiagrightEhhE12scrollList3b
                0x000005d1        0x2 C:\Users\lambert\DOCUME~1\GitHub\NSEC-B~1\hw\2023\CONFBA~1\firmware\OLEDTE~1\OLEDTE~1\OLEDTE~1\ARDUIN~1\Debug\libArduinoCore.a(Adafruit_SSD1306.o)
 .progmem.data._ZZN16Adafruit_SSD130620startscrolldiagrightEhhE12scrollList3a
                0x000005d3        0x2 C:\Users\lambert\DOCUME~1\GitHub\NSEC-B~1\hw\2023\CONFBA~1\firmware\OLEDTE~1\OLEDTE~1\OLEDTE~1\ARDUIN~1\Debug\libArduinoCore.a(Adafruit_SSD1306.o)
 .progmem.data._ZZN16Adafruit_SSD130615startscrollleftEhhE12scrollList2b
                0x000005d5        0x3 C:\Users\lambert\DOCUME~1\GitHub\NSEC-B~1\hw\2023\CONFBA~1\firmware\OLEDTE~1\OLEDTE~1\OLEDTE~1\ARDUIN~1\Debug\libArduinoCore.a(Adafruit_SSD1306.o)
 .progmem.data._ZZN16Adafruit_SSD130615startscrollleftEhhE12scrollList2a
                0x000005d8        0x2 C:\Users\lambert\DOCUME~1\GitHub\NSEC-B~1\hw\2023\CONFBA~1\firmware\OLEDTE~1\OLEDTE~1\OLEDTE~1\ARDUIN~1\Debug\libArduinoCore.a(Adafruit_SSD1306.o)
 .progmem.data._ZZN16Adafruit_SSD130616startscrollrightEhhE12scrollList1b
                0x000005da        0x3 C:\Users\lambert\DOCUME~1\GitHub\NSEC-B~1\hw\2023\CONFBA~1\firmware\OLEDTE~1\OLEDTE~1\OLEDTE~1\ARDUIN~1\Debug\libArduinoCore.a(Adafruit_SSD1306.o)
 .progmem.data._ZZN16Adafruit_SSD130616startscrollrightEhhE12scrollList1a
                0x000005dd        0x2 C:\Users\lambert\DOCUME~1\GitHub\NSEC-B~1\hw\2023\CONFBA~1\firmware\OLEDTE~1\OLEDTE~1\OLEDTE~1\ARDUIN~1\Debug\libArduinoCore.a(Adafruit_SSD1306.o)
 .progmem.data._ZZN16Adafruit_SSD13067displayEvE6dlist1
                0x000005df        0x5 C:\Users\lambert\DOCUME~1\GitHub\NSEC-B~1\hw\2023\CONFBA~1\firmware\OLEDTE~1\OLEDTE~1\OLEDTE~1\ARDUIN~1\Debug\libArduinoCore.a(Adafruit_SSD1306.o)
 .progmem.data._ZZN16Adafruit_SSD130621drawFastVLineInternalEiiijE8postmask
                0x000005e4        0x8 C:\Users\lambert\DOCUME~1\GitHub\NSEC-B~1\hw\2023\CONFBA~1\firmware\OLEDTE~1\OLEDTE~1\OLEDTE~1\ARDUIN~1\Debug\libArduinoCore.a(Adafruit_SSD1306.o)
 .progmem.data._ZZN16Adafruit_SSD130621drawFastVLineInternalEiiijE7premask
                0x000005ec        0x8 C:\Users\lambert\DOCUME~1\GitHub\NSEC-B~1\hw\2023\CONFBA~1\firmware\OLEDTE~1\OLEDTE~1\OLEDTE~1\ARDUIN~1\Debug\libArduinoCore.a(Adafruit_SSD1306.o)
 .progmem.data._ZZN16Adafruit_SSD13065beginEhhbbE5init5
                0x000005f4        0x6 C:\Users\lambert\DOCUME~1\GitHub\NSEC-B~1\hw\2023\CONFBA~1\firmware\OLEDTE~1\OLEDTE~1\OLEDTE~1\ARDUIN~1\Debug\libArduinoCore.a(Adafruit_SSD1306.o)
 .progmem.data._ZZN16Adafruit_SSD13065beginEhhbbE5init3
                0x000005fa        0x4 C:\Users\lambert\DOCUME~1\GitHub\NSEC-B~1\hw\2023\CONFBA~1\firmware\OLEDTE~1\OLEDTE~1\OLEDTE~1\ARDUIN~1\Debug\libArduinoCore.a(Adafruit_SSD1306.o)
 .progmem.data._ZZN16Adafruit_SSD13065beginEhhbbE5init2
                0x000005fe        0x4 C:\Users\lambert\DOCUME~1\GitHub\NSEC-B~1\hw\2023\CONFBA~1\firmware\OLEDTE~1\OLEDTE~1\OLEDTE~1\ARDUIN~1\Debug\libArduinoCore.a(Adafruit_SSD1306.o)
 .progmem.data._ZZN16Adafruit_SSD13065beginEhhbbE5init1
                0x00000602        0x4 C:\Users\lambert\DOCUME~1\GitHub\NSEC-B~1\hw\2023\CONFBA~1\firmware\OLEDTE~1\OLEDTE~1\OLEDTE~1\ARDUIN~1\Debug\libArduinoCore.a(Adafruit_SSD1306.o)
 .progmem.data._ZL12splash2_data
                0x00000606      0x1e0 C:\Users\lambert\DOCUME~1\GitHub\NSEC-B~1\hw\2023\CONFBA~1\firmware\OLEDTE~1\OLEDTE~1\OLEDTE~1\ARDUIN~1\Debug\libArduinoCore.a(Adafruit_SSD1306.o)
 .progmem.data._ZL12splash1_data
                0x000007e6      0x2c0 C:\Users\lambert\DOCUME~1\GitHub\NSEC-B~1\hw\2023\CONFBA~1\firmware\OLEDTE~1\OLEDTE~1\OLEDTE~1\ARDUIN~1\Debug\libArduinoCore.a(Adafruit_SSD1306.o)
 .progmem.data.digital_pin_to_timer_PGM
                0x00000aa6       0x14 C:\Users\lambert\DOCUME~1\GitHub\NSEC-B~1\hw\2023\CONFBA~1\firmware\OLEDTE~1\OLEDTE~1\OLEDTE~1\ARDUIN~1\Debug\libArduinoCore.a(wiring_digital.o)
                0x00000aa6                digital_pin_to_timer_PGM
 .progmem.data.digital_pin_to_bit_mask_PGM
                0x00000aba       0x14 C:\Users\lambert\DOCUME~1\GitHub\NSEC-B~1\hw\2023\CONFBA~1\firmware\OLEDTE~1\OLEDTE~1\OLEDTE~1\ARDUIN~1\Debug\libArduinoCore.a(wiring_digital.o)
                0x00000aba                digital_pin_to_bit_mask_PGM
 .progmem.data.digital_pin_to_port_PGM
                0x00000ace       0x14 C:\Users\lambert\DOCUME~1\GitHub\NSEC-B~1\hw\2023\CONFBA~1\firmware\OLEDTE~1\OLEDTE~1\OLEDTE~1\ARDUIN~1\Debug\libArduinoCore.a(wiring_digital.o)
                0x00000ace                digital_pin_to_port_PGM
 .progmem.data.port_to_output_PGM
                0x00000ae2        0xa C:\Users\lambert\DOCUME~1\GitHub\NSEC-B~1\hw\2023\CONFBA~1\firmware\OLEDTE~1\OLEDTE~1\OLEDTE~1\ARDUIN~1\Debug\libArduinoCore.a(wiring_digital.o)
                0x00000ae2                port_to_output_PGM
 .progmem.data.port_to_mode_PGM
                0x00000aec        0xa C:\Users\lambert\DOCUME~1\GitHub\NSEC-B~1\hw\2023\CONFBA~1\firmware\OLEDTE~1\OLEDTE~1\OLEDTE~1\ARDUIN~1\Debug\libArduinoCore.a(wiring_digital.o)
                0x00000aec                port_to_mode_PGM
                0x00000af6                . = ALIGN (0x2)
 *(.jumptables)
 *(.jumptables*)
 *(.lowtext)
 *(.lowtext*)
                0x00000af6                __ctors_start = .
 *(.ctors)
 .ctors         0x00000af6        0x2 Sketch.o
 .ctors         0x00000af8        0x2 C:\Users\lambert\DOCUME~1\GitHub\NSEC-B~1\hw\2023\CONFBA~1\firmware\OLEDTE~1\OLEDTE~1\OLEDTE~1\ARDUIN~1\Debug\libArduinoCore.a(HardwareSerial0.o)
 .ctors         0x00000afa        0x2 C:\Users\lambert\DOCUME~1\GitHub\NSEC-B~1\hw\2023\CONFBA~1\firmware\OLEDTE~1\OLEDTE~1\OLEDTE~1\ARDUIN~1\Debug\libArduinoCore.a(Wire.o)
                0x00000afc                __ctors_end = .
                0x00000afc                __dtors_start = .
 *(.dtors)
 .dtors         0x00000afc        0x2 Sketch.o
                0x00000afe                __dtors_end = .
 SORT(*)(.ctors)
 SORT(*)(.dtors)
 *(.init0)
 .init0         0x00000afe        0x0 C:/Program Files (x86)/Atmel/Studio/7.0/Packs/atmel/ATmega_DFP/1.7.374/gcc/dev/atmega328p/avr5/crtatmega328p.o
                0x00000afe                __init
 *(.init0)
 *(.init1)
 *(.init1)
 *(.init2)
 .init2         0x00000afe        0xc C:/Program Files (x86)/Atmel/Studio/7.0/Packs/atmel/ATmega_DFP/1.7.374/gcc/dev/atmega328p/avr5/crtatmega328p.o
 *(.init2)
 *(.init3)
 *(.init3)
 *(.init4)
 .init4         0x00000b0a       0x16 c:/program files (x86)/atmel/studio/7.0/toolchain/avr8/avr8-gnu-toolchain/bin/../lib/gcc/avr/5.4.0/avr5\libgcc.a(_copy_data.o)
                0x00000b0a                __do_copy_data
 .init4         0x00000b20       0x10 c:/program files (x86)/atmel/studio/7.0/toolchain/avr8/avr8-gnu-toolchain/bin/../lib/gcc/avr/5.4.0/avr5\libgcc.a(_clear_bss.o)
                0x00000b20                __do_clear_bss
 *(.init4)
 *(.init5)
 *(.init5)
 *(.init6)
 .init6         0x00000b30       0x16 c:/program files (x86)/atmel/studio/7.0/toolchain/avr8/avr8-gnu-toolchain/bin/../lib/gcc/avr/5.4.0/avr5\libgcc.a(_ctors.o)
                0x00000b30                __do_global_ctors
 *(.init6)
 *(.init7)
 *(.init7)
 *(.init8)
 *(.init8)
 *(.init9)
 .init9         0x00000b46        0x8 C:/Program Files (x86)/Atmel/Studio/7.0/Packs/atmel/ATmega_DFP/1.7.374/gcc/dev/atmega328p/avr5/crtatmega328p.o
 *(.init9)
 *(.text)
 .text          0x00000b4e        0x4 C:/Program Files (x86)/Atmel/Studio/7.0/Packs/atmel/ATmega_DFP/1.7.374/gcc/dev/atmega328p/avr5/crtatmega328p.o
                0x00000b4e                __vector_22
                0x00000b4e                __vector_1
                0x00000b4e                __vector_12
                0x00000b4e                __bad_interrupt
                0x00000b4e                __vector_6
                0x00000b4e                __vector_3
                0x00000b4e                __vector_23
                0x00000b4e                __vector_25
                0x00000b4e                __vector_11
                0x00000b4e                __vector_13
                0x00000b4e                __vector_17
                0x00000b4e                __vector_7
                0x00000b4e                __vector_5
                0x00000b4e                __vector_4
                0x00000b4e                __vector_9
                0x00000b4e                __vector_2
                0x00000b4e                __vector_21
                0x00000b4e                __vector_15
                0x00000b4e                __vector_8
                0x00000b4e                __vector_14
                0x00000b4e                __vector_10
                0x00000b4e                __vector_20
                0x00000b52                . = ALIGN (0x2)
 *(.text.*)
 .text.loop     0x00000b52        0x2 Sketch.o
                0x00000b52                loop
 .text._Z14testdrawcirclev
                0x00000b54       0x94 Sketch.o
                0x00000b54                _Z14testdrawcirclev
 .text._Z14testfillcirclev
                0x00000be8       0x98 Sketch.o
                0x00000be8                _Z14testfillcirclev
 .text._Z17testdrawroundrectv
                0x00000c80       0xa6 Sketch.o
                0x00000c80                _Z17testdrawroundrectv
 .text._Z17testfillroundrectv
                0x00000d26       0xa6 Sketch.o
                0x00000d26                _Z17testfillroundrectv
 .text._Z16testdrawtrianglev
                0x00000dcc       0xc4 Sketch.o
                0x00000dcc                _Z16testdrawtrianglev
 .text._Z16testfilltrianglev
                0x00000e90       0xc8 Sketch.o
                0x00000e90                _Z16testfilltrianglev
 .text._Z14testdrawstylesv
                0x00000f58       0x9c Sketch.o
                0x00000f58                _Z14testdrawstylesv
 .text._Z14testscrolltextv
                0x00000ff4       0xe8 Sketch.o
                0x00000ff4                _Z14testscrolltextv
 .text._Z14testdrawbitmapv
                0x000010dc       0x84 Sketch.o
                0x000010dc                _Z14testdrawbitmapv
 .text._Z11testanimatePKhhh
                0x00001160      0x196 Sketch.o
                0x00001160                _Z11testanimatePKhhh
 .text.startup._GLOBAL__sub_I_display
                0x000012f6       0x54 Sketch.o
 .text.exit._GLOBAL__sub_D_display
                0x0000134a        0x8 Sketch.o
 .text._Z12testdrawlinev
                0x00001352      0x2f0 Sketch.o
                0x00001352                _Z12testdrawlinev
 .text._Z12testdrawrectv
                0x00001642       0x88 Sketch.o
                0x00001642                _Z12testdrawrectv
 .text._Z12testfillrectv
                0x000016ca       0x88 Sketch.o
                0x000016ca                _Z12testfillrectv
 .text._Z12testdrawcharv
                0x00001752       0x78 Sketch.o
                0x00001752                _Z12testdrawcharv
 .text.setup    0x000017ca       0xe4 Sketch.o
                0x000017ca                setup
 .text._ZN14HardwareSerial9availableEv
                0x000018ae       0x18 C:\Users\lambert\DOCUME~1\GitHub\NSEC-B~1\hw\2023\CONFBA~1\firmware\OLEDTE~1\OLEDTE~1\OLEDTE~1\ARDUIN~1\Debug\libArduinoCore.a(HardwareSerial.o)
                0x000018ae                _ZN14HardwareSerial9availableEv
 .text._ZN14HardwareSerial4peekEv
                0x000018c6       0x1c C:\Users\lambert\DOCUME~1\GitHub\NSEC-B~1\hw\2023\CONFBA~1\firmware\OLEDTE~1\OLEDTE~1\OLEDTE~1\ARDUIN~1\Debug\libArduinoCore.a(HardwareSerial.o)
                0x000018c6                _ZN14HardwareSerial4peekEv
 .text._ZN14HardwareSerial4readEv
                0x000018e2       0x28 C:\Users\lambert\DOCUME~1\GitHub\NSEC-B~1\hw\2023\CONFBA~1\firmware\OLEDTE~1\OLEDTE~1\OLEDTE~1\ARDUIN~1\Debug\libArduinoCore.a(HardwareSerial.o)
                0x000018e2                _ZN14HardwareSerial4readEv
 .text._ZN14HardwareSerial17availableForWriteEv
                0x0000190a       0x1e C:\Users\lambert\DOCUME~1\GitHub\NSEC-B~1\hw\2023\CONFBA~1\firmware\OLEDTE~1\OLEDTE~1\OLEDTE~1\ARDUIN~1\Debug\libArduinoCore.a(HardwareSerial.o)
                0x0000190a                _ZN14HardwareSerial17availableForWriteEv
 .text._Z14serialEventRunv
                0x00001928       0x1c C:\Users\lambert\DOCUME~1\GitHub\NSEC-B~1\hw\2023\CONFBA~1\firmware\OLEDTE~1\OLEDTE~1\OLEDTE~1\ARDUIN~1\Debug\libArduinoCore.a(HardwareSerial.o)
                0x00001928                _Z14serialEventRunv
 .text._ZN14HardwareSerial17_tx_udr_empty_irqEv
                0x00001944       0x44 C:\Users\lambert\DOCUME~1\GitHub\NSEC-B~1\hw\2023\CONFBA~1\firmware\OLEDTE~1\OLEDTE~1\OLEDTE~1\ARDUIN~1\Debug\libArduinoCore.a(HardwareSerial.o)
                0x00001944                _ZN14HardwareSerial17_tx_udr_empty_irqEv
 .text._ZN14HardwareSerial5writeEh
                0x00001988       0x9a C:\Users\lambert\DOCUME~1\GitHub\NSEC-B~1\hw\2023\CONFBA~1\firmware\OLEDTE~1\OLEDTE~1\OLEDTE~1\ARDUIN~1\Debug\libArduinoCore.a(HardwareSerial.o)
                0x00001988                _ZN14HardwareSerial5writeEh
 .text._ZN14HardwareSerial5flushEv
                0x00001a22       0x44 C:\Users\lambert\DOCUME~1\GitHub\NSEC-B~1\hw\2023\CONFBA~1\firmware\OLEDTE~1\OLEDTE~1\OLEDTE~1\ARDUIN~1\Debug\libArduinoCore.a(HardwareSerial.o)
                0x00001a22                _ZN14HardwareSerial5flushEv
 .text._ZN14HardwareSerial5beginEmh
                0x00001a66       0xc0 C:\Users\lambert\DOCUME~1\GitHub\NSEC-B~1\hw\2023\CONFBA~1\firmware\OLEDTE~1\OLEDTE~1\OLEDTE~1\ARDUIN~1\Debug\libArduinoCore.a(HardwareSerial.o)
                0x00001a66                _ZN14HardwareSerial5beginEmh
 .text._ZN5Print17availableForWriteEv
                0x00001b26        0x6 C:\Users\lambert\DOCUME~1\GitHub\NSEC-B~1\hw\2023\CONFBA~1\firmware\OLEDTE~1\OLEDTE~1\OLEDTE~1\ARDUIN~1\Debug\libArduinoCore.a(HardwareSerial0.o)
                0x00001b26                _ZN5Print17availableForWriteEv
 .text._ZN5Print5flushEv
                0x00001b2c        0x2 C:\Users\lambert\DOCUME~1\GitHub\NSEC-B~1\hw\2023\CONFBA~1\firmware\OLEDTE~1\OLEDTE~1\OLEDTE~1\ARDUIN~1\Debug\libArduinoCore.a(HardwareSerial0.o)
                0x00001b2c                _ZN5Print5flushEv
 .text.__vector_18
                0x00001b2e       0x64 C:\Users\lambert\DOCUME~1\GitHub\NSEC-B~1\hw\2023\CONFBA~1\firmware\OLEDTE~1\OLEDTE~1\OLEDTE~1\ARDUIN~1\Debug\libArduinoCore.a(HardwareSerial0.o)
                0x00001b2e                __vector_18
 .text.__vector_19
                0x00001b92       0x4c C:\Users\lambert\DOCUME~1\GitHub\NSEC-B~1\hw\2023\CONFBA~1\firmware\OLEDTE~1\OLEDTE~1\OLEDTE~1\ARDUIN~1\Debug\libArduinoCore.a(HardwareSerial0.o)
                0x00001b92                __vector_19
 .text._Z17Serial0_availablev
                0x00001bde       0x14 C:\Users\lambert\DOCUME~1\GitHub\NSEC-B~1\hw\2023\CONFBA~1\firmware\OLEDTE~1\OLEDTE~1\OLEDTE~1\ARDUIN~1\Debug\libArduinoCore.a(HardwareSerial0.o)
                0x00001bde                _Z17Serial0_availablev
 .text.startup._GLOBAL__sub_I___vector_18
                0x00001bf2       0x5a C:\Users\lambert\DOCUME~1\GitHub\NSEC-B~1\hw\2023\CONFBA~1\firmware\OLEDTE~1\OLEDTE~1\OLEDTE~1\ARDUIN~1\Debug\libArduinoCore.a(HardwareSerial0.o)
 .text.initVariant
                0x00001c4c        0x2 C:\Users\lambert\DOCUME~1\GitHub\NSEC-B~1\hw\2023\CONFBA~1\firmware\OLEDTE~1\OLEDTE~1\OLEDTE~1\ARDUIN~1\Debug\libArduinoCore.a(main.o)
                0x00001c4c                initVariant
 .text.startup.main
                0x00001c4e       0x1e C:\Users\lambert\DOCUME~1\GitHub\NSEC-B~1\hw\2023\CONFBA~1\firmware\OLEDTE~1\OLEDTE~1\OLEDTE~1\ARDUIN~1\Debug\libArduinoCore.a(main.o)
                0x00001c4e                main
 .text._ZN5Print5writeEPKhj
                0x00001c6c       0x54 C:\Users\lambert\DOCUME~1\GitHub\NSEC-B~1\hw\2023\CONFBA~1\firmware\OLEDTE~1\OLEDTE~1\OLEDTE~1\ARDUIN~1\Debug\libArduinoCore.a(Print.o)
                0x00001c6c                _ZN5Print5writeEPKhj
 .text._ZN5Print5writeEPKc
                0x00001cc0       0x2a C:\Users\lambert\DOCUME~1\GitHub\NSEC-B~1\hw\2023\CONFBA~1\firmware\OLEDTE~1\OLEDTE~1\OLEDTE~1\ARDUIN~1\Debug\libArduinoCore.a(Print.o)
                0x00001cc0                _ZN5Print5writeEPKc
 .text._ZN5Print5printEPK19__FlashStringHelper
                0x00001cea       0x48 C:\Users\lambert\DOCUME~1\GitHub\NSEC-B~1\hw\2023\CONFBA~1\firmware\OLEDTE~1\OLEDTE~1\OLEDTE~1\ARDUIN~1\Debug\libArduinoCore.a(Print.o)
                0x00001cea                _ZN5Print5printEPK19__FlashStringHelper
 .text._ZN5Print5printEc
                0x00001d32        0xe C:\Users\lambert\DOCUME~1\GitHub\NSEC-B~1\hw\2023\CONFBA~1\firmware\OLEDTE~1\OLEDTE~1\OLEDTE~1\ARDUIN~1\Debug\libArduinoCore.a(Print.o)
                0x00001d32                _ZN5Print5printEc
 .text._ZN5Print7printlnEv
                0x00001d40        0x8 C:\Users\lambert\DOCUME~1\GitHub\NSEC-B~1\hw\2023\CONFBA~1\firmware\OLEDTE~1\OLEDTE~1\OLEDTE~1\ARDUIN~1\Debug\libArduinoCore.a(Print.o)
                0x00001d40                _ZN5Print7printlnEv
 .text._ZN5Print7printlnEPK19__FlashStringHelper
                0x00001d48       0x24 C:\Users\lambert\DOCUME~1\GitHub\NSEC-B~1\hw\2023\CONFBA~1\firmware\OLEDTE~1\OLEDTE~1\OLEDTE~1\ARDUIN~1\Debug\libArduinoCore.a(Print.o)
                0x00001d48                _ZN5Print7printlnEPK19__FlashStringHelper
 .text._ZN5Print11printNumberEmh
                0x00001d6c       0x92 C:\Users\lambert\DOCUME~1\GitHub\NSEC-B~1\hw\2023\CONFBA~1\firmware\OLEDTE~1\OLEDTE~1\OLEDTE~1\ARDUIN~1\Debug\libArduinoCore.a(Print.o)
                0x00001d6c                _ZN5Print11printNumberEmh
 .text._ZN5Print5printEmi
                0x00001dfe       0x1a C:\Users\lambert\DOCUME~1\GitHub\NSEC-B~1\hw\2023\CONFBA~1\firmware\OLEDTE~1\OLEDTE~1\OLEDTE~1\ARDUIN~1\Debug\libArduinoCore.a(Print.o)
                0x00001dfe                _ZN5Print5printEmi
 .text._ZN5Print5printEji
                0x00001e18        0xc C:\Users\lambert\DOCUME~1\GitHub\NSEC-B~1\hw\2023\CONFBA~1\firmware\OLEDTE~1\OLEDTE~1\OLEDTE~1\ARDUIN~1\Debug\libArduinoCore.a(Print.o)
                0x00001e18                _ZN5Print5printEji
 .text._ZN5Print7printlnEmi
                0x00001e24       0x24 C:\Users\lambert\DOCUME~1\GitHub\NSEC-B~1\hw\2023\CONFBA~1\firmware\OLEDTE~1\OLEDTE~1\OLEDTE~1\ARDUIN~1\Debug\libArduinoCore.a(Print.o)
                0x00001e24                _ZN5Print7printlnEmi
 .text._ZN5Print5printEli
                0x00001e48       0x90 C:\Users\lambert\DOCUME~1\GitHub\NSEC-B~1\hw\2023\CONFBA~1\firmware\OLEDTE~1\OLEDTE~1\OLEDTE~1\ARDUIN~1\Debug\libArduinoCore.a(Print.o)
                0x00001e48                _ZN5Print5printEli
 .text._ZN5Print5printEii
                0x00001ed8        0xe C:\Users\lambert\DOCUME~1\GitHub\NSEC-B~1\hw\2023\CONFBA~1\firmware\OLEDTE~1\OLEDTE~1\OLEDTE~1\ARDUIN~1\Debug\libArduinoCore.a(Print.o)
                0x00001ed8                _ZN5Print5printEii
 .text._ZN5Print7printlnEii
                0x00001ee6       0x24 C:\Users\lambert\DOCUME~1\GitHub\NSEC-B~1\hw\2023\CONFBA~1\firmware\OLEDTE~1\OLEDTE~1\OLEDTE~1\ARDUIN~1\Debug\libArduinoCore.a(Print.o)
                0x00001ee6                _ZN5Print7printlnEii
 .text._ZN5Print10printFloatEdh
                0x00001f0a      0x1b6 C:\Users\lambert\DOCUME~1\GitHub\NSEC-B~1\hw\2023\CONFBA~1\firmware\OLEDTE~1\OLEDTE~1\OLEDTE~1\ARDUIN~1\Debug\libArduinoCore.a(Print.o)
                0x00001f0a                _ZN5Print10printFloatEdh
 .text._ZN5Print7printlnEdi
                0x000020c0       0x24 C:\Users\lambert\DOCUME~1\GitHub\NSEC-B~1\hw\2023\CONFBA~1\firmware\OLEDTE~1\OLEDTE~1\OLEDTE~1\ARDUIN~1\Debug\libArduinoCore.a(Print.o)
                0x000020c0                _ZN5Print7printlnEdi
 .text.__vector_16
                0x000020e4       0x94 C:\Users\lambert\DOCUME~1\GitHub\NSEC-B~1\hw\2023\CONFBA~1\firmware\OLEDTE~1\OLEDTE~1\OLEDTE~1\ARDUIN~1\Debug\libArduinoCore.a(wiring.o)
                0x000020e4                __vector_16
 .text.micros   0x00002178       0x4a C:\Users\lambert\DOCUME~1\GitHub\NSEC-B~1\hw\2023\CONFBA~1\firmware\OLEDTE~1\OLEDTE~1\OLEDTE~1\ARDUIN~1\Debug\libArduinoCore.a(wiring.o)
                0x00002178                micros
 .text.delay    0x000021c2       0x78 C:\Users\lambert\DOCUME~1\GitHub\NSEC-B~1\hw\2023\CONFBA~1\firmware\OLEDTE~1\OLEDTE~1\OLEDTE~1\ARDUIN~1\Debug\libArduinoCore.a(wiring.o)
                0x000021c2                delay
 .text.init     0x0000223a       0x76 C:\Users\lambert\DOCUME~1\GitHub\NSEC-B~1\hw\2023\CONFBA~1\firmware\OLEDTE~1\OLEDTE~1\OLEDTE~1\ARDUIN~1\Debug\libArduinoCore.a(wiring.o)
                0x0000223a                init
 .text._Z6randoml
                0x000022b0       0x34 C:\Users\lambert\DOCUME~1\GitHub\NSEC-B~1\hw\2023\CONFBA~1\firmware\OLEDTE~1\OLEDTE~1\OLEDTE~1\ARDUIN~1\Debug\libArduinoCore.a(WMath.o)
                0x000022b0                _Z6randoml
 .text._Z6randomll
                0x000022e4       0x44 C:\Users\lambert\DOCUME~1\GitHub\NSEC-B~1\hw\2023\CONFBA~1\firmware\OLEDTE~1\OLEDTE~1\OLEDTE~1\ARDUIN~1\Debug\libArduinoCore.a(WMath.o)
                0x000022e4                _Z6randomll
 .text._ZN12Adafruit_GFX9writeLineEiiiij
                0x00002328      0x164 C:\Users\lambert\DOCUME~1\GitHub\NSEC-B~1\hw\2023\CONFBA~1\firmware\OLEDTE~1\OLEDTE~1\OLEDTE~1\ARDUIN~1\Debug\libArduinoCore.a(Adafruit_GFX.o)
                0x00002328                _ZN12Adafruit_GFX9writeLineEiiiij
 .text._ZN12Adafruit_GFX10writePixelEiij
                0x0000248c        0xe C:\Users\lambert\DOCUME~1\GitHub\NSEC-B~1\hw\2023\CONFBA~1\firmware\OLEDTE~1\OLEDTE~1\OLEDTE~1\ARDUIN~1\Debug\libArduinoCore.a(Adafruit_GFX.o)
                0x0000248c                _ZN12Adafruit_GFX10writePixelEiij
 .text._ZN12Adafruit_GFX14writeFastVLineEiiij
                0x0000249a       0x18 C:\Users\lambert\DOCUME~1\GitHub\NSEC-B~1\hw\2023\CONFBA~1\firmware\OLEDTE~1\OLEDTE~1\OLEDTE~1\ARDUIN~1\Debug\libArduinoCore.a(Adafruit_GFX.o)
                0x0000249a                _ZN12Adafruit_GFX14writeFastVLineEiiij
 .text._ZN12Adafruit_GFX14writeFastHLineEiiij
                0x000024b2       0x18 C:\Users\lambert\DOCUME~1\GitHub\NSEC-B~1\hw\2023\CONFBA~1\firmware\OLEDTE~1\OLEDTE~1\OLEDTE~1\ARDUIN~1\Debug\libArduinoCore.a(Adafruit_GFX.o)
                0x000024b2                _ZN12Adafruit_GFX14writeFastHLineEiiij
 .text._ZN12Adafruit_GFX13writeFillRectEiiiij
                0x000024ca       0x20 C:\Users\lambert\DOCUME~1\GitHub\NSEC-B~1\hw\2023\CONFBA~1\firmware\OLEDTE~1\OLEDTE~1\OLEDTE~1\ARDUIN~1\Debug\libArduinoCore.a(Adafruit_GFX.o)
                0x000024ca                _ZN12Adafruit_GFX13writeFillRectEiiiij
 .text._ZN12Adafruit_GFX8endWriteEv
                0x000024ea        0x2 C:\Users\lambert\DOCUME~1\GitHub\NSEC-B~1\hw\2023\CONFBA~1\firmware\OLEDTE~1\OLEDTE~1\OLEDTE~1\ARDUIN~1\Debug\libArduinoCore.a(Adafruit_GFX.o)
                0x000024ea                _ZN12Adafruit_GFX10startWriteEv
                0x000024ea                _ZN12Adafruit_GFX8endWriteEv
 .text._ZN12Adafruit_GFX13drawFastVLineEiiij
                0x000024ec       0x72 C:\Users\lambert\DOCUME~1\GitHub\NSEC-B~1\hw\2023\CONFBA~1\firmware\OLEDTE~1\OLEDTE~1\OLEDTE~1\ARDUIN~1\Debug\libArduinoCore.a(Adafruit_GFX.o)
                0x000024ec                _ZN12Adafruit_GFX13drawFastVLineEiiij
 .text._ZN12Adafruit_GFX13drawFastHLineEiiij
                0x0000255e       0x72 C:\Users\lambert\DOCUME~1\GitHub\NSEC-B~1\hw\2023\CONFBA~1\firmware\OLEDTE~1\OLEDTE~1\OLEDTE~1\ARDUIN~1\Debug\libArduinoCore.a(Adafruit_GFX.o)
                0x0000255e                _ZN12Adafruit_GFX13drawFastHLineEiiij
 .text._ZN12Adafruit_GFX8fillRectEiiiij
                0x000025d0       0x8a C:\Users\lambert\DOCUME~1\GitHub\NSEC-B~1\hw\2023\CONFBA~1\firmware\OLEDTE~1\OLEDTE~1\OLEDTE~1\ARDUIN~1\Debug\libArduinoCore.a(Adafruit_GFX.o)
                0x000025d0                _ZN12Adafruit_GFX8fillRectEiiiij
 .text._ZN12Adafruit_GFX10fillScreenEj
                0x0000265a       0x3a C:\Users\lambert\DOCUME~1\GitHub\NSEC-B~1\hw\2023\CONFBA~1\firmware\OLEDTE~1\OLEDTE~1\OLEDTE~1\ARDUIN~1\Debug\libArduinoCore.a(Adafruit_GFX.o)
                0x0000265a                _ZN12Adafruit_GFX10fillScreenEj
 .text._ZN12Adafruit_GFX8drawLineEiiiij
                0x00002694       0xda C:\Users\lambert\DOCUME~1\GitHub\NSEC-B~1\hw\2023\CONFBA~1\firmware\OLEDTE~1\OLEDTE~1\OLEDTE~1\ARDUIN~1\Debug\libArduinoCore.a(Adafruit_GFX.o)
                0x00002694                _ZN12Adafruit_GFX8drawLineEiiiij
 .text._ZN12Adafruit_GFX8drawRectEiiiij
                0x0000276e       0xbe C:\Users\lambert\DOCUME~1\GitHub\NSEC-B~1\hw\2023\CONFBA~1\firmware\OLEDTE~1\OLEDTE~1\OLEDTE~1\ARDUIN~1\Debug\libArduinoCore.a(Adafruit_GFX.o)
                0x0000276e                _ZN12Adafruit_GFX8drawRectEiiiij
 .text._ZN12Adafruit_GFX13invertDisplayEb
                0x0000282c        0x2 C:\Users\lambert\DOCUME~1\GitHub\NSEC-B~1\hw\2023\CONFBA~1\firmware\OLEDTE~1\OLEDTE~1\OLEDTE~1\ARDUIN~1\Debug\libArduinoCore.a(Adafruit_GFX.o)
                0x0000282c                _ZN12Adafruit_GFX13invertDisplayEb
 .text._ZN12Adafruit_GFX11setRotationEh
                0x0000282e       0x2a C:\Users\lambert\DOCUME~1\GitHub\NSEC-B~1\hw\2023\CONFBA~1\firmware\OLEDTE~1\OLEDTE~1\OLEDTE~1\ARDUIN~1\Debug\libArduinoCore.a(Adafruit_GFX.o)
                0x0000282e                _ZN12Adafruit_GFX11setRotationEh
 .text._ZN12Adafruit_GFXC2Eii
                0x00002858       0x44 C:\Users\lambert\DOCUME~1\GitHub\NSEC-B~1\hw\2023\CONFBA~1\firmware\OLEDTE~1\OLEDTE~1\OLEDTE~1\ARDUIN~1\Debug\libArduinoCore.a(Adafruit_GFX.o)
                0x00002858                _ZN12Adafruit_GFXC2Eii
                0x00002858                _ZN12Adafruit_GFXC1Eii
 .text._ZN12Adafruit_GFX10drawCircleEiiij
                0x0000289c      0x262 C:\Users\lambert\DOCUME~1\GitHub\NSEC-B~1\hw\2023\CONFBA~1\firmware\OLEDTE~1\OLEDTE~1\OLEDTE~1\ARDUIN~1\Debug\libArduinoCore.a(Adafruit_GFX.o)
                0x0000289c                _ZN12Adafruit_GFX10drawCircleEiiij
 .text._ZN12Adafruit_GFX16drawCircleHelperEiiihj
                0x00002afe      0x1fc C:\Users\lambert\DOCUME~1\GitHub\NSEC-B~1\hw\2023\CONFBA~1\firmware\OLEDTE~1\OLEDTE~1\OLEDTE~1\ARDUIN~1\Debug\libArduinoCore.a(Adafruit_GFX.o)
                0x00002afe                _ZN12Adafruit_GFX16drawCircleHelperEiiihj
 .text._ZN12Adafruit_GFX16fillCircleHelperEiiihij
                0x00002cfa      0x1da C:\Users\lambert\DOCUME~1\GitHub\NSEC-B~1\hw\2023\CONFBA~1\firmware\OLEDTE~1\OLEDTE~1\OLEDTE~1\ARDUIN~1\Debug\libArduinoCore.a(Adafruit_GFX.o)
                0x00002cfa                _ZN12Adafruit_GFX16fillCircleHelperEiiihij
 .text._ZN12Adafruit_GFX10fillCircleEiiij
                0x00002ed4       0x8e C:\Users\lambert\DOCUME~1\GitHub\NSEC-B~1\hw\2023\CONFBA~1\firmware\OLEDTE~1\OLEDTE~1\OLEDTE~1\ARDUIN~1\Debug\libArduinoCore.a(Adafruit_GFX.o)
                0x00002ed4                _ZN12Adafruit_GFX10fillCircleEiiij
 .text._ZN12Adafruit_GFX13drawRoundRectEiiiiij
                0x00002f62      0x1d6 C:\Users\lambert\DOCUME~1\GitHub\NSEC-B~1\hw\2023\CONFBA~1\firmware\OLEDTE~1\OLEDTE~1\OLEDTE~1\ARDUIN~1\Debug\libArduinoCore.a(Adafruit_GFX.o)
                0x00002f62                _ZN12Adafruit_GFX13drawRoundRectEiiiiij
 .text._ZN12Adafruit_GFX13fillRoundRectEiiiiij
                0x00003138      0x158 C:\Users\lambert\DOCUME~1\GitHub\NSEC-B~1\hw\2023\CONFBA~1\firmware\OLEDTE~1\OLEDTE~1\OLEDTE~1\ARDUIN~1\Debug\libArduinoCore.a(Adafruit_GFX.o)
                0x00003138                _ZN12Adafruit_GFX13fillRoundRectEiiiiij
 .text._ZN12Adafruit_GFX12drawTriangleEiiiiiij
                0x00003290       0xb6 C:\Users\lambert\DOCUME~1\GitHub\NSEC-B~1\hw\2023\CONFBA~1\firmware\OLEDTE~1\OLEDTE~1\OLEDTE~1\ARDUIN~1\Debug\libArduinoCore.a(Adafruit_GFX.o)
                0x00003290                _ZN12Adafruit_GFX12drawTriangleEiiiiiij
 .text._ZN12Adafruit_GFX12fillTriangleEiiiiiij
                0x00003346      0x3c4 C:\Users\lambert\DOCUME~1\GitHub\NSEC-B~1\hw\2023\CONFBA~1\firmware\OLEDTE~1\OLEDTE~1\OLEDTE~1\ARDUIN~1\Debug\libArduinoCore.a(Adafruit_GFX.o)
                0x00003346                _ZN12Adafruit_GFX12fillTriangleEiiiiiij
 .text._ZN12Adafruit_GFX10drawBitmapEiiPKhiij
                0x0000370a      0x13c C:\Users\lambert\DOCUME~1\GitHub\NSEC-B~1\hw\2023\CONFBA~1\firmware\OLEDTE~1\OLEDTE~1\OLEDTE~1\ARDUIN~1\Debug\libArduinoCore.a(Adafruit_GFX.o)
                0x0000370a                _ZN12Adafruit_GFX10drawBitmapEiiPKhiij
 .text._ZN12Adafruit_GFX8drawCharEiihjjhh
                0x00003846      0x46a C:\Users\lambert\DOCUME~1\GitHub\NSEC-B~1\hw\2023\CONFBA~1\firmware\OLEDTE~1\OLEDTE~1\OLEDTE~1\ARDUIN~1\Debug\libArduinoCore.a(Adafruit_GFX.o)
                0x00003846                _ZN12Adafruit_GFX8drawCharEiihjjhh
 .text._ZN12Adafruit_GFX5writeEh
                0x00003cb0      0x1b0 C:\Users\lambert\DOCUME~1\GitHub\NSEC-B~1\hw\2023\CONFBA~1\firmware\OLEDTE~1\OLEDTE~1\OLEDTE~1\ARDUIN~1\Debug\libArduinoCore.a(Adafruit_GFX.o)
                0x00003cb0                _ZN12Adafruit_GFX5writeEh
 .text._ZN12Adafruit_GFX11setTextSizeEhh
                0x00003e60       0x16 C:\Users\lambert\DOCUME~1\GitHub\NSEC-B~1\hw\2023\CONFBA~1\firmware\OLEDTE~1\OLEDTE~1\OLEDTE~1\ARDUIN~1\Debug\libArduinoCore.a(Adafruit_GFX.o)
                0x00003e60                _ZN12Adafruit_GFX11setTextSizeEhh
 .text._ZN12Adafruit_GFX11setTextSizeEh
                0x00003e76        0x6 C:\Users\lambert\DOCUME~1\GitHub\NSEC-B~1\hw\2023\CONFBA~1\firmware\OLEDTE~1\OLEDTE~1\OLEDTE~1\ARDUIN~1\Debug\libArduinoCore.a(Adafruit_GFX.o)
                0x00003e76                _ZN12Adafruit_GFX11setTextSizeEh
 .text._ZN16Adafruit_SSD13069drawPixelEiij
                0x00003e7c      0x17a C:\Users\lambert\DOCUME~1\GitHub\NSEC-B~1\hw\2023\CONFBA~1\firmware\OLEDTE~1\OLEDTE~1\OLEDTE~1\ARDUIN~1\Debug\libArduinoCore.a(Adafruit_SSD1306.o)
                0x00003e7c                _ZN16Adafruit_SSD13069drawPixelEiij
 .text._ZN8SPIClass16beginTransactionE11SPISettings
                0x00003ff6       0x34 C:\Users\lambert\DOCUME~1\GitHub\NSEC-B~1\hw\2023\CONFBA~1\firmware\OLEDTE~1\OLEDTE~1\OLEDTE~1\ARDUIN~1\Debug\libArduinoCore.a(Adafruit_SSD1306.o)
                0x00003ff6                _ZN8SPIClass16beginTransactionE11SPISettings
 .text._ZN8SPIClass8transferEh
                0x0000402a        0xe C:\Users\lambert\DOCUME~1\GitHub\NSEC-B~1\hw\2023\CONFBA~1\firmware\OLEDTE~1\OLEDTE~1\OLEDTE~1\ARDUIN~1\Debug\libArduinoCore.a(Adafruit_SSD1306.o)
                0x0000402a                _ZN8SPIClass8transferEh
 .text._ZN8SPIClass14endTransactionEv
                0x00004038       0x22 C:\Users\lambert\DOCUME~1\GitHub\NSEC-B~1\hw\2023\CONFBA~1\firmware\OLEDTE~1\OLEDTE~1\OLEDTE~1\ARDUIN~1\Debug\libArduinoCore.a(Adafruit_SSD1306.o)
                0x00004038                _ZN8SPIClass14endTransactionEv
 .text._ZN16Adafruit_SSD1306C2EhhP7TwoWireamm
                0x0000405a       0x98 C:\Users\lambert\DOCUME~1\GitHub\NSEC-B~1\hw\2023\CONFBA~1\firmware\OLEDTE~1\OLEDTE~1\OLEDTE~1\ARDUIN~1\Debug\libArduinoCore.a(Adafruit_SSD1306.o)
                0x0000405a                _ZN16Adafruit_SSD1306C2EhhP7TwoWireamm
                0x0000405a                _ZN16Adafruit_SSD1306C1EhhP7TwoWireamm
 .text._ZN16Adafruit_SSD1306D2Ev
                0x000040f2       0x18 C:\Users\lambert\DOCUME~1\GitHub\NSEC-B~1\hw\2023\CONFBA~1\firmware\OLEDTE~1\OLEDTE~1\OLEDTE~1\ARDUIN~1\Debug\libArduinoCore.a(Adafruit_SSD1306.o)
                0x000040f2                _ZN16Adafruit_SSD1306D1Ev
                0x000040f2                _ZN16Adafruit_SSD1306D2Ev
 .text._ZN16Adafruit_SSD130616ssd1306_command1Eh
                0x0000410a       0xc2 C:\Users\lambert\DOCUME~1\GitHub\NSEC-B~1\hw\2023\CONFBA~1\firmware\OLEDTE~1\OLEDTE~1\OLEDTE~1\ARDUIN~1\Debug\libArduinoCore.a(Adafruit_SSD1306.o)
                0x0000410a                _ZN16Adafruit_SSD130616ssd1306_command1Eh
 .text._ZN16Adafruit_SSD130613invertDisplayEb
                0x000041cc       0x8e C:\Users\lambert\DOCUME~1\GitHub\NSEC-B~1\hw\2023\CONFBA~1\firmware\OLEDTE~1\OLEDTE~1\OLEDTE~1\ARDUIN~1\Debug\libArduinoCore.a(Adafruit_SSD1306.o)
                0x000041cc                _ZN16Adafruit_SSD130613invertDisplayEb
 .text._ZN16Adafruit_SSD130619ssd1306_commandListEPKhh
                0x0000425a      0x150 C:\Users\lambert\DOCUME~1\GitHub\NSEC-B~1\hw\2023\CONFBA~1\firmware\OLEDTE~1\OLEDTE~1\OLEDTE~1\ARDUIN~1\Debug\libArduinoCore.a(Adafruit_SSD1306.o)
                0x0000425a                _ZN16Adafruit_SSD130619ssd1306_commandListEPKhh
 .text._ZN16Adafruit_SSD130612clearDisplayEv
                0x000043aa       0x3c C:\Users\lambert\DOCUME~1\GitHub\NSEC-B~1\hw\2023\CONFBA~1\firmware\OLEDTE~1\OLEDTE~1\OLEDTE~1\ARDUIN~1\Debug\libArduinoCore.a(Adafruit_SSD1306.o)
                0x000043aa                _ZN16Adafruit_SSD130612clearDisplayEv
 .text._ZN16Adafruit_SSD13065beginEhhbb
                0x000043e6      0x3a2 C:\Users\lambert\DOCUME~1\GitHub\NSEC-B~1\hw\2023\CONFBA~1\firmware\OLEDTE~1\OLEDTE~1\OLEDTE~1\ARDUIN~1\Debug\libArduinoCore.a(Adafruit_SSD1306.o)
                0x000043e6                _ZN16Adafruit_SSD13065beginEhhbb
 .text._ZN16Adafruit_SSD130621drawFastHLineInternalEiiij
                0x00004788       0xe0 C:\Users\lambert\DOCUME~1\GitHub\NSEC-B~1\hw\2023\CONFBA~1\firmware\OLEDTE~1\OLEDTE~1\OLEDTE~1\ARDUIN~1\Debug\libArduinoCore.a(Adafruit_SSD1306.o)
                0x00004788                _ZN16Adafruit_SSD130621drawFastHLineInternalEiiij
 .text._ZN16Adafruit_SSD130621drawFastVLineInternalEiiij
                0x00004868      0x16a C:\Users\lambert\DOCUME~1\GitHub\NSEC-B~1\hw\2023\CONFBA~1\firmware\OLEDTE~1\OLEDTE~1\OLEDTE~1\ARDUIN~1\Debug\libArduinoCore.a(Adafruit_SSD1306.o)
                0x00004868                _ZN16Adafruit_SSD130621drawFastVLineInternalEiiij
 .text._ZN16Adafruit_SSD130613drawFastHLineEiiij
                0x000049d2       0x82 C:\Users\lambert\DOCUME~1\GitHub\NSEC-B~1\hw\2023\CONFBA~1\firmware\OLEDTE~1\OLEDTE~1\OLEDTE~1\ARDUIN~1\Debug\libArduinoCore.a(Adafruit_SSD1306.o)
                0x000049d2                _ZN16Adafruit_SSD130613drawFastHLineEiiij
 .text._ZN16Adafruit_SSD130613drawFastVLineEiiij
                0x00004a54       0x84 C:\Users\lambert\DOCUME~1\GitHub\NSEC-B~1\hw\2023\CONFBA~1\firmware\OLEDTE~1\OLEDTE~1\OLEDTE~1\ARDUIN~1\Debug\libArduinoCore.a(Adafruit_SSD1306.o)
                0x00004a54                _ZN16Adafruit_SSD130613drawFastVLineEiiij
 .text._ZN16Adafruit_SSD13067displayEv
                0x00004ad8      0x1e4 C:\Users\lambert\DOCUME~1\GitHub\NSEC-B~1\hw\2023\CONFBA~1\firmware\OLEDTE~1\OLEDTE~1\OLEDTE~1\ARDUIN~1\Debug\libArduinoCore.a(Adafruit_SSD1306.o)
                0x00004ad8                _ZN16Adafruit_SSD13067displayEv
 .text._ZN16Adafruit_SSD130616startscrollrightEhh
                0x00004cbc       0xb8 C:\Users\lambert\DOCUME~1\GitHub\NSEC-B~1\hw\2023\CONFBA~1\firmware\OLEDTE~1\OLEDTE~1\OLEDTE~1\ARDUIN~1\Debug\libArduinoCore.a(Adafruit_SSD1306.o)
                0x00004cbc                _ZN16Adafruit_SSD130616startscrollrightEhh
 .text._ZN16Adafruit_SSD130615startscrollleftEhh
                0x00004d74       0xb8 C:\Users\lambert\DOCUME~1\GitHub\NSEC-B~1\hw\2023\CONFBA~1\firmware\OLEDTE~1\OLEDTE~1\OLEDTE~1\ARDUIN~1\Debug\libArduinoCore.a(Adafruit_SSD1306.o)
                0x00004d74                _ZN16Adafruit_SSD130615startscrollleftEhh
 .text._ZN16Adafruit_SSD130620startscrolldiagrightEhh
                0x00004e2c       0xcc C:\Users\lambert\DOCUME~1\GitHub\NSEC-B~1\hw\2023\CONFBA~1\firmware\OLEDTE~1\OLEDTE~1\OLEDTE~1\ARDUIN~1\Debug\libArduinoCore.a(Adafruit_SSD1306.o)
                0x00004e2c                _ZN16Adafruit_SSD130620startscrolldiagrightEhh
 .text._ZN16Adafruit_SSD130619startscrolldiagleftEhh
                0x00004ef8       0xcc C:\Users\lambert\DOCUME~1\GitHub\NSEC-B~1\hw\2023\CONFBA~1\firmware\OLEDTE~1\OLEDTE~1\OLEDTE~1\ARDUIN~1\Debug\libArduinoCore.a(Adafruit_SSD1306.o)
                0x00004ef8                _ZN16Adafruit_SSD130619startscrolldiagleftEhh
 .text._ZN16Adafruit_SSD130610stopscrollEv
                0x00004fc4       0x7c C:\Users\lambert\DOCUME~1\GitHub\NSEC-B~1\hw\2023\CONFBA~1\firmware\OLEDTE~1\OLEDTE~1\OLEDTE~1\ARDUIN~1\Debug\libArduinoCore.a(Adafruit_SSD1306.o)
                0x00004fc4                _ZN16Adafruit_SSD130610stopscrollEv
 .text._ZN8SPIClass5beginEv
                0x00005040       0x6c C:\Users\lambert\DOCUME~1\GitHub\NSEC-B~1\hw\2023\CONFBA~1\firmware\OLEDTE~1\OLEDTE~1\OLEDTE~1\ARDUIN~1\Debug\libArduinoCore.a(SPI.o)
                0x00005040                _ZN8SPIClass5beginEv
 .text._ZN7TwoWire9availableEv
                0x000050ac       0x10 C:\Users\lambert\DOCUME~1\GitHub\NSEC-B~1\hw\2023\CONFBA~1\firmware\OLEDTE~1\OLEDTE~1\OLEDTE~1\ARDUIN~1\Debug\libArduinoCore.a(Wire.o)
                0x000050ac                _ZN7TwoWire9availableEv
 .text._ZN7TwoWire4readEv
                0x000050bc       0x28 C:\Users\lambert\DOCUME~1\GitHub\NSEC-B~1\hw\2023\CONFBA~1\firmware\OLEDTE~1\OLEDTE~1\OLEDTE~1\ARDUIN~1\Debug\libArduinoCore.a(Wire.o)
                0x000050bc                _ZN7TwoWire4readEv
 .text._ZN7TwoWire4peekEv
                0x000050e4       0x1e C:\Users\lambert\DOCUME~1\GitHub\NSEC-B~1\hw\2023\CONFBA~1\firmware\OLEDTE~1\OLEDTE~1\OLEDTE~1\ARDUIN~1\Debug\libArduinoCore.a(Wire.o)
                0x000050e4                _ZN7TwoWire4peekEv
 .text._ZN7TwoWire5flushEv
                0x00005102        0x2 C:\Users\lambert\DOCUME~1\GitHub\NSEC-B~1\hw\2023\CONFBA~1\firmware\OLEDTE~1\OLEDTE~1\OLEDTE~1\ARDUIN~1\Debug\libArduinoCore.a(Wire.o)
                0x00005102                _ZN7TwoWire5flushEv
 .text._ZN7TwoWire16onReceiveServiceEPhi
                0x00005104       0x54 C:\Users\lambert\DOCUME~1\GitHub\NSEC-B~1\hw\2023\CONFBA~1\firmware\OLEDTE~1\OLEDTE~1\OLEDTE~1\ARDUIN~1\Debug\libArduinoCore.a(Wire.o)
                0x00005104                _ZN7TwoWire16onReceiveServiceEPhi
 .text._ZN7TwoWire16onRequestServiceEv
                0x00005158       0x18 C:\Users\lambert\DOCUME~1\GitHub\NSEC-B~1\hw\2023\CONFBA~1\firmware\OLEDTE~1\OLEDTE~1\OLEDTE~1\ARDUIN~1\Debug\libArduinoCore.a(Wire.o)
                0x00005158                _ZN7TwoWire16onRequestServiceEv
 .text._ZN7TwoWire5writeEPKhj
                0x00005170       0x5a C:\Users\lambert\DOCUME~1\GitHub\NSEC-B~1\hw\2023\CONFBA~1\firmware\OLEDTE~1\OLEDTE~1\OLEDTE~1\ARDUIN~1\Debug\libArduinoCore.a(Wire.o)
                0x00005170                _ZN7TwoWire5writeEPKhj
 .text._ZN7TwoWire5writeEh
                0x000051ca       0x5e C:\Users\lambert\DOCUME~1\GitHub\NSEC-B~1\hw\2023\CONFBA~1\firmware\OLEDTE~1\OLEDTE~1\OLEDTE~1\ARDUIN~1\Debug\libArduinoCore.a(Wire.o)
                0x000051ca                _ZN7TwoWire5writeEh
 .text._ZN7TwoWireC2Ev
                0x00005228       0x20 C:\Users\lambert\DOCUME~1\GitHub\NSEC-B~1\hw\2023\CONFBA~1\firmware\OLEDTE~1\OLEDTE~1\OLEDTE~1\ARDUIN~1\Debug\libArduinoCore.a(Wire.o)
                0x00005228                _ZN7TwoWireC1Ev
                0x00005228                _ZN7TwoWireC2Ev
 .text._ZN7TwoWire5beginEv
                0x00005248       0x24 C:\Users\lambert\DOCUME~1\GitHub\NSEC-B~1\hw\2023\CONFBA~1\firmware\OLEDTE~1\OLEDTE~1\OLEDTE~1\ARDUIN~1\Debug\libArduinoCore.a(Wire.o)
                0x00005248                _ZN7TwoWire5beginEv
 .text._ZN7TwoWire8setClockEm
                0x0000526c        0x8 C:\Users\lambert\DOCUME~1\GitHub\NSEC-B~1\hw\2023\CONFBA~1\firmware\OLEDTE~1\OLEDTE~1\OLEDTE~1\ARDUIN~1\Debug\libArduinoCore.a(Wire.o)
                0x0000526c                _ZN7TwoWire8setClockEm
 .text._ZN7TwoWire17beginTransmissionEh
                0x00005274       0x14 C:\Users\lambert\DOCUME~1\GitHub\NSEC-B~1\hw\2023\CONFBA~1\firmware\OLEDTE~1\OLEDTE~1\OLEDTE~1\ARDUIN~1\Debug\libArduinoCore.a(Wire.o)
                0x00005274                _ZN7TwoWire17beginTransmissionEh
 .text._ZN7TwoWire17beginTransmissionEi
                0x00005288        0x4 C:\Users\lambert\DOCUME~1\GitHub\NSEC-B~1\hw\2023\CONFBA~1\firmware\OLEDTE~1\OLEDTE~1\OLEDTE~1\ARDUIN~1\Debug\libArduinoCore.a(Wire.o)
                0x00005288                _ZN7TwoWire17beginTransmissionEi
 .text._ZN7TwoWire15endTransmissionEh
                0x0000528c       0x26 C:\Users\lambert\DOCUME~1\GitHub\NSEC-B~1\hw\2023\CONFBA~1\firmware\OLEDTE~1\OLEDTE~1\OLEDTE~1\ARDUIN~1\Debug\libArduinoCore.a(Wire.o)
                0x0000528c                _ZN7TwoWire15endTransmissionEh
 .text._ZN7TwoWire15endTransmissionEv
                0x000052b2        0x6 C:\Users\lambert\DOCUME~1\GitHub\NSEC-B~1\hw\2023\CONFBA~1\firmware\OLEDTE~1\OLEDTE~1\OLEDTE~1\ARDUIN~1\Debug\libArduinoCore.a(Wire.o)
                0x000052b2                _ZN7TwoWire15endTransmissionEv
 .text.startup._GLOBAL__sub_I__ZN7TwoWire8rxBufferE
                0x000052b8        0x8 C:\Users\lambert\DOCUME~1\GitHub\NSEC-B~1\hw\2023\CONFBA~1\firmware\OLEDTE~1\OLEDTE~1\OLEDTE~1\ARDUIN~1\Debug\libArduinoCore.a(Wire.o)
 .text.__cxa_pure_virtual
                0x000052c0        0x4 C:\Users\lambert\DOCUME~1\GitHub\NSEC-B~1\hw\2023\CONFBA~1\firmware\OLEDTE~1\OLEDTE~1\OLEDTE~1\ARDUIN~1\Debug\libArduinoCore.a(abi.o)
                0x000052c0                __cxa_pure_virtual
 .text.__empty  0x000052c4        0x2 C:\Users\lambert\DOCUME~1\GitHub\NSEC-B~1\hw\2023\CONFBA~1\firmware\OLEDTE~1\OLEDTE~1\OLEDTE~1\ARDUIN~1\Debug\libArduinoCore.a(hooks.o)
                0x000052c4                yield
 .text.turnOffPWM
                0x000052c6       0x52 C:\Users\lambert\DOCUME~1\GitHub\NSEC-B~1\hw\2023\CONFBA~1\firmware\OLEDTE~1\OLEDTE~1\OLEDTE~1\ARDUIN~1\Debug\libArduinoCore.a(wiring_digital.o)
 .text.pinMode  0x00005318       0x78 C:\Users\lambert\DOCUME~1\GitHub\NSEC-B~1\hw\2023\CONFBA~1\firmware\OLEDTE~1\OLEDTE~1\OLEDTE~1\ARDUIN~1\Debug\libArduinoCore.a(wiring_digital.o)
                0x00005318                pinMode
 .text.digitalWrite
                0x00005390       0x5e C:\Users\lambert\DOCUME~1\GitHub\NSEC-B~1\hw\2023\CONFBA~1\firmware\OLEDTE~1\OLEDTE~1\OLEDTE~1\ARDUIN~1\Debug\libArduinoCore.a(wiring_digital.o)
                0x00005390                digitalWrite
 .text.twi_init
                0x000053ee       0x3c C:\Users\lambert\DOCUME~1\GitHub\NSEC-B~1\hw\2023\CONFBA~1\firmware\OLEDTE~1\OLEDTE~1\OLEDTE~1\ARDUIN~1\Debug\libArduinoCore.a(twi.o)
                0x000053ee                twi_init
 .text.twi_disable
                0x0000542a       0x1a C:\Users\lambert\DOCUME~1\GitHub\NSEC-B~1\hw\2023\CONFBA~1\firmware\OLEDTE~1\OLEDTE~1\OLEDTE~1\ARDUIN~1\Debug\libArduinoCore.a(twi.o)
                0x0000542a                twi_disable
 .text.twi_setFrequency
                0x00005444       0x28 C:\Users\lambert\DOCUME~1\GitHub\NSEC-B~1\hw\2023\CONFBA~1\firmware\OLEDTE~1\OLEDTE~1\OLEDTE~1\ARDUIN~1\Debug\libArduinoCore.a(twi.o)
                0x00005444                twi_setFrequency
 .text.twi_transmit
                0x0000546c       0x50 C:\Users\lambert\DOCUME~1\GitHub\NSEC-B~1\hw\2023\CONFBA~1\firmware\OLEDTE~1\OLEDTE~1\OLEDTE~1\ARDUIN~1\Debug\libArduinoCore.a(twi.o)
                0x0000546c                twi_transmit
 .text.twi_attachSlaveRxEvent
                0x000054bc        0xa C:\Users\lambert\DOCUME~1\GitHub\NSEC-B~1\hw\2023\CONFBA~1\firmware\OLEDTE~1\OLEDTE~1\OLEDTE~1\ARDUIN~1\Debug\libArduinoCore.a(twi.o)
                0x000054bc                twi_attachSlaveRxEvent
 .text.twi_attachSlaveTxEvent
                0x000054c6        0xa C:\Users\lambert\DOCUME~1\GitHub\NSEC-B~1\hw\2023\CONFBA~1\firmware\OLEDTE~1\OLEDTE~1\OLEDTE~1\ARDUIN~1\Debug\libArduinoCore.a(twi.o)
                0x000054c6                twi_attachSlaveTxEvent
 .text.twi_releaseBus
                0x000054d0        0xc C:\Users\lambert\DOCUME~1\GitHub\NSEC-B~1\hw\2023\CONFBA~1\firmware\OLEDTE~1\OLEDTE~1\OLEDTE~1\ARDUIN~1\Debug\libArduinoCore.a(twi.o)
                0x000054d0                twi_releaseBus
 .text.twi_handleTimeout
                0x000054dc       0x2c C:\Users\lambert\DOCUME~1\GitHub\NSEC-B~1\hw\2023\CONFBA~1\firmware\OLEDTE~1\OLEDTE~1\OLEDTE~1\ARDUIN~1\Debug\libArduinoCore.a(twi.o)
                0x000054dc                twi_handleTimeout
 .text.twi_writeTo
                0x00005508      0x1e0 C:\Users\lambert\DOCUME~1\GitHub\NSEC-B~1\hw\2023\CONFBA~1\firmware\OLEDTE~1\OLEDTE~1\OLEDTE~1\ARDUIN~1\Debug\libArduinoCore.a(twi.o)
                0x00005508                twi_writeTo
 .text.twi_stop
                0x000056e8       0x70 C:\Users\lambert\DOCUME~1\GitHub\NSEC-B~1\hw\2023\CONFBA~1\firmware\OLEDTE~1\OLEDTE~1\OLEDTE~1\ARDUIN~1\Debug\libArduinoCore.a(twi.o)
                0x000056e8                twi_stop
 .text.__vector_24
                0x00005758      0x25a C:\Users\lambert\DOCUME~1\GitHub\NSEC-B~1\hw\2023\CONFBA~1\firmware\OLEDTE~1\OLEDTE~1\OLEDTE~1\ARDUIN~1\Debug\libArduinoCore.a(twi.o)
                0x00005758                __vector_24
 .text.avr-libc.fplib
                0x000059b2        0xe c:/program files (x86)/atmel/studio/7.0/toolchain/avr8/avr8-gnu-toolchain/bin/../lib/gcc/avr/5.4.0/../../../../avr/lib/avr5\libm.a(addsf3.o)
                0x000059b2                __subsf3
                0x000059b4                __addsf3
 .text.avr-libc.fplib
                0x000059c0       0xcc c:/program files (x86)/atmel/studio/7.0/toolchain/avr8/avr8-gnu-toolchain/bin/../lib/gcc/avr/5.4.0/../../../../avr/lib/avr5\libm.a(addsf3x.o)
                0x000059e2                __addsf3x
 .text.avr-libc.fplib
                0x00005a8c        0xa c:/program files (x86)/atmel/studio/7.0/toolchain/avr8/avr8-gnu-toolchain/bin/../lib/gcc/avr/5.4.0/../../../../avr/lib/avr5\libm.a(cmpsf2.o)
                0x00005a8c                __nesf2
                0x00005a8c                __eqsf2
                0x00005a8c                __cmpsf2
                0x00005a8c                __ltsf2
                0x00005a8c                __lesf2
 .text.avr-libc.fplib
                0x00005a96        0x8 c:/program files (x86)/atmel/studio/7.0/toolchain/avr8/avr8-gnu-toolchain/bin/../lib/gcc/avr/5.4.0/../../../../avr/lib/avr5\libm.a(divsf3.o)
                0x00005a96                __divsf3
 .text.avr-libc.fplib
                0x00005a9e       0xdc c:/program files (x86)/atmel/studio/7.0/toolchain/avr8/avr8-gnu-toolchain/bin/../lib/gcc/avr/5.4.0/../../../../avr/lib/avr5\libm.a(divsf3x.o)
                0x00005abe                __divsf3x
                0x00005ac4                __divsf3_pse
 .text.avr-libc.fplib
                0x00005b7a       0x5e c:/program files (x86)/atmel/studio/7.0/toolchain/avr8/avr8-gnu-toolchain/bin/../lib/gcc/avr/5.4.0/../../../../avr/lib/avr5\libm.a(fixunssfsi.o)
                0x00005b7a                __fixunssfsi
 .text.avr-libc.fplib
                0x00005bd8       0x7a c:/program files (x86)/atmel/studio/7.0/toolchain/avr8/avr8-gnu-toolchain/bin/../lib/gcc/avr/5.4.0/../../../../avr/lib/avr5\libm.a(floatsisf.o)
                0x00005bd8                __floatunsisf
                0x00005bdc                __floatsisf
 .text.avr-libc.fplib
                0x00005c52       0x48 c:/program files (x86)/atmel/studio/7.0/toolchain/avr8/avr8-gnu-toolchain/bin/../lib/gcc/avr/5.4.0/../../../../avr/lib/avr5\libm.a(fp_cmp.o)
                0x00005c52                __fp_cmp
 .text.avr-libc.fplib
                0x00005c9a        0xc c:/program files (x86)/atmel/studio/7.0/toolchain/avr8/avr8-gnu-toolchain/bin/../lib/gcc/avr/5.4.0/../../../../avr/lib/avr5\libm.a(fp_inf.o)
                0x00005c9a                __fp_inf
 .text.avr-libc.fplib
                0x00005ca6        0x6 c:/program files (x86)/atmel/studio/7.0/toolchain/avr8/avr8-gnu-toolchain/bin/../lib/gcc/avr/5.4.0/../../../../avr/lib/avr5\libm.a(fp_nan.o)
                0x00005ca6                __fp_nan
 .text.avr-libc.fplib
                0x00005cac        0xe c:/program files (x86)/atmel/studio/7.0/toolchain/avr8/avr8-gnu-toolchain/bin/../lib/gcc/avr/5.4.0/../../../../avr/lib/avr5\libm.a(fp_pscA.o)
                0x00005cac                __fp_pscA
 .text.avr-libc.fplib
                0x00005cba        0xe c:/program files (x86)/atmel/studio/7.0/toolchain/avr8/avr8-gnu-toolchain/bin/../lib/gcc/avr/5.4.0/../../../../avr/lib/avr5\libm.a(fp_pscB.o)
                0x00005cba                __fp_pscB
 .text.avr-libc.fplib
                0x00005cc8       0x22 c:/program files (x86)/atmel/studio/7.0/toolchain/avr8/avr8-gnu-toolchain/bin/../lib/gcc/avr/5.4.0/../../../../avr/lib/avr5\libm.a(fp_round.o)
                0x00005cc8                __fp_round
 .text.avr-libc.fplib
                0x00005cea       0x44 c:/program files (x86)/atmel/studio/7.0/toolchain/avr8/avr8-gnu-toolchain/bin/../lib/gcc/avr/5.4.0/../../../../avr/lib/avr5\libm.a(fp_split3.o)
                0x00005cea                __fp_split3
                0x00005cfa                __fp_splitA
 .text.avr-libc.fplib
                0x00005d2e        0xe c:/program files (x86)/atmel/studio/7.0/toolchain/avr8/avr8-gnu-toolchain/bin/../lib/gcc/avr/5.4.0/../../../../avr/lib/avr5\libm.a(fp_zero.o)
                0x00005d2e                __fp_zero
                0x00005d30                __fp_szero
 .text.avr-libc.fplib
                0x00005d3c        0xa c:/program files (x86)/atmel/studio/7.0/toolchain/avr8/avr8-gnu-toolchain/bin/../lib/gcc/avr/5.4.0/../../../../avr/lib/avr5\libm.a(gesf2.o)
                0x00005d3c                __gesf2
                0x00005d3c                __gtsf2
 .text.avr-libc.fplib
                0x00005d46        0x8 c:/program files (x86)/atmel/studio/7.0/toolchain/avr8/avr8-gnu-toolchain/bin/../lib/gcc/avr/5.4.0/../../../../avr/lib/avr5\libm.a(mulsf3.o)
                0x00005d46                __mulsf3
 .text.avr-libc.fplib
                0x00005d4e       0xd2 c:/program files (x86)/atmel/studio/7.0/toolchain/avr8/avr8-gnu-toolchain/bin/../lib/gcc/avr/5.4.0/../../../../avr/lib/avr5\libm.a(mulsf3x.o)
                0x00005d6c                __mulsf3x
                0x00005d72                __mulsf3_pse
 .text.avr-libc.fplib
                0x00005e20        0xa c:/program files (x86)/atmel/studio/7.0/toolchain/avr8/avr8-gnu-toolchain/bin/../lib/gcc/avr/5.4.0/../../../../avr/lib/avr5\libm.a(unordsf2.o)
                0x00005e20                __unordsf2
 .text.libgcc.div
                0x00005e2a       0x44 c:/program files (x86)/atmel/studio/7.0/toolchain/avr8/avr8-gnu-toolchain/bin/../lib/gcc/avr/5.4.0/avr5\libgcc.a(_udivmodsi4.o)
                0x00005e2a                __udivmodsi4
 .text.libgcc.div
                0x00005e6e       0x2e c:/program files (x86)/atmel/studio/7.0/toolchain/avr8/avr8-gnu-toolchain/bin/../lib/gcc/avr/5.4.0/avr5\libgcc.a(_divmodsi4.o)
                0x00005e6e                __divmodsi4
 .text.libgcc.div
                0x00005e9c       0x10 c:/program files (x86)/atmel/studio/7.0/toolchain/avr8/avr8-gnu-toolchain/bin/../lib/gcc/avr/5.4.0/avr5\libgcc.a(_negsi2.o)
                0x00005e9c                __negsi2
 .text.libgcc.mul
                0x00005eac       0x10 c:/program files (x86)/atmel/studio/7.0/toolchain/avr8/avr8-gnu-toolchain/bin/../lib/gcc/avr/5.4.0/avr5\libgcc.a(_mulhisi3.o)
                0x00005eac                __mulhisi3
 .text.libgcc.mul
                0x00005ebc       0x1e c:/program files (x86)/atmel/studio/7.0/toolchain/avr8/avr8-gnu-toolchain/bin/../lib/gcc/avr/5.4.0/avr5\libgcc.a(_umulhisi3.o)
                0x00005ebc                __umulhisi3
 .text.libgcc.mul
                0x00005eda        0xe c:/program files (x86)/atmel/studio/7.0/toolchain/avr8/avr8-gnu-toolchain/bin/../lib/gcc/avr/5.4.0/avr5\libgcc.a(_usmulhisi3.o)
                0x00005eda                __usmulhisi3
                0x00005ede                __usmulhisi3_tail
 .text.libgcc.mul
                0x00005ee8       0x16 c:/program files (x86)/atmel/studio/7.0/toolchain/avr8/avr8-gnu-toolchain/bin/../lib/gcc/avr/5.4.0/avr5\libgcc.a(_muluhisi3.o)
                0x00005ee8                __muluhisi3
 .text.libgcc   0x00005efe        0xc c:/program files (x86)/atmel/studio/7.0/toolchain/avr8/avr8-gnu-toolchain/bin/../lib/gcc/avr/5.4.0/avr5\libgcc.a(_tablejump2.o)
                0x00005efe                __tablejump2__
 .text.avr-libc
                0x00005f0a      0x242 c:/program files (x86)/atmel/studio/7.0/toolchain/avr8/avr8-gnu-toolchain/bin/../lib/gcc/avr/5.4.0/../../../../avr/lib/avr5\libc.a(malloc.o)
                0x00005f0a                malloc
                0x0000603a                free
 .text.avr-libc
                0x0000614c      0x144 c:/program files (x86)/atmel/studio/7.0/toolchain/avr8/avr8-gnu-toolchain/bin/../lib/gcc/avr/5.4.0/../../../../avr/lib/avr5\libc.a(random.o)
                0x0000614c                random_r
                0x000061e2                random
                0x0000627e                srandom
 .text.avr-libc
                0x00006290        0xa c:/program files (x86)/atmel/studio/7.0/toolchain/avr8/avr8-gnu-toolchain/bin/../lib/gcc/avr/5.4.0/../../../../avr/lib/avr5\libc.a(abort.o)
                0x00006290                abort
 .text.avr-libc
                0x0000629a        0xe c:/program files (x86)/atmel/studio/7.0/toolchain/avr8/avr8-gnu-toolchain/bin/../lib/gcc/avr/5.4.0/../../../../avr/lib/avr5\libc.a(memset.o)
                0x0000629a                memset
 .text.libgcc.mul
                0x000062a8       0x10 c:/program files (x86)/atmel/studio/7.0/toolchain/avr8/avr8-gnu-toolchain/bin/../lib/gcc/avr/5.4.0/avr5\libgcc.a(_mulshisi3.o)
                0x000062a8                __mulshisi3
                0x000062ae                __mulohisi3
                0x000062b8                . = ALIGN (0x2)
 *(.fini9)
 .fini9         0x000062b8        0x0 c:/program files (x86)/atmel/studio/7.0/toolchain/avr8/avr8-gnu-toolchain/bin/../lib/gcc/avr/5.4.0/avr5\libgcc.a(_exit.o)
                0x000062b8                _exit
                0x000062b8                exit
 *(.fini9)
 *(.fini8)
 *(.fini8)
 *(.fini7)
 *(.fini7)
 *(.fini6)
 .fini6         0x000062b8       0x16 c:/program files (x86)/atmel/studio/7.0/toolchain/avr8/avr8-gnu-toolchain/bin/../lib/gcc/avr/5.4.0/avr5\libgcc.a(_dtors.o)
                0x000062b8                __do_global_dtors
 *(.fini6)
 *(.fini5)
 *(.fini5)
 *(.fini4)
 *(.fini4)
 *(.fini3)
 *(.fini3)
 *(.fini2)
 *(.fini2)
 *(.fini1)
 *(.fini1)
 *(.fini0)
 .fini0         0x000062ce        0x4 c:/program files (x86)/atmel/studio/7.0/toolchain/avr8/avr8-gnu-toolchain/bin/../lib/gcc/avr/5.4.0/avr5\libgcc.a(_exit.o)
 *(.fini0)
                0x000062d2                _etext = .

.data           0x00800100       0x96 load address 0x000062d2
                0x00800100                PROVIDE (__data_start, .)
 *(.data)
 .data          0x00800100        0x6 c:/program files (x86)/atmel/studio/7.0/toolchain/avr8/avr8-gnu-toolchain/bin/../lib/gcc/avr/5.4.0/../../../../avr/lib/avr5\libc.a(malloc.o)
                0x00800100                __malloc_heap_end
                0x00800102                __malloc_heap_start
                0x00800104                __malloc_margin
 .data          0x00800106        0x4 c:/program files (x86)/atmel/studio/7.0/toolchain/avr8/avr8-gnu-toolchain/bin/../lib/gcc/avr/5.4.0/../../../../avr/lib/avr5\libc.a(random.o)
 *(.data*)
 *(.gnu.linkonce.d*)
 *(.rodata)
 *(.rodata*)
 .rodata._ZTV14HardwareSerial
                0x0080010a       0x12 C:\Users\lambert\DOCUME~1\GitHub\NSEC-B~1\hw\2023\CONFBA~1\firmware\OLEDTE~1\OLEDTE~1\OLEDTE~1\ARDUIN~1\Debug\libArduinoCore.a(HardwareSerial.o)
                0x0080010a                _ZTV14HardwareSerial
 .rodata.str1.1
                0x0080011c        0xf C:\Users\lambert\DOCUME~1\GitHub\NSEC-B~1\hw\2023\CONFBA~1\firmware\OLEDTE~1\OLEDTE~1\OLEDTE~1\ARDUIN~1\Debug\libArduinoCore.a(Print.o)
 .rodata._ZTV12Adafruit_GFX
                0x0080012b       0x2c C:\Users\lambert\DOCUME~1\GitHub\NSEC-B~1\hw\2023\CONFBA~1\firmware\OLEDTE~1\OLEDTE~1\OLEDTE~1\ARDUIN~1\Debug\libArduinoCore.a(Adafruit_GFX.o)
                0x0080012b                _ZTV12Adafruit_GFX
 .rodata._ZTV16Adafruit_SSD1306
                0x00800157       0x2c C:\Users\lambert\DOCUME~1\GitHub\NSEC-B~1\hw\2023\CONFBA~1\firmware\OLEDTE~1\OLEDTE~1\OLEDTE~1\ARDUIN~1\Debug\libArduinoCore.a(Adafruit_SSD1306.o)
                0x00800157                _ZTV16Adafruit_SSD1306
 .rodata._ZTV7TwoWire
                0x00800183       0x12 C:\Users\lambert\DOCUME~1\GitHub\NSEC-B~1\hw\2023\CONFBA~1\firmware\OLEDTE~1\OLEDTE~1\OLEDTE~1\ARDUIN~1\Debug\libArduinoCore.a(Wire.o)
                0x00800183                _ZTV7TwoWire
 *(.gnu.linkonce.r*)
                0x00800196                . = ALIGN (0x2)
 *fill*         0x00800195        0x1 
                0x00800196                _edata = .
                0x00800196                PROVIDE (__data_end, .)

.bss            0x00800196      0x1b8
                0x00800196                PROVIDE (__bss_start, .)
 *(.bss)
 *(.bss*)
 .bss.display   0x00800196       0x40 Sketch.o
                0x00800196                display
 .bss.Serial    0x008001d6       0x9d C:\Users\lambert\DOCUME~1\GitHub\NSEC-B~1\hw\2023\CONFBA~1\firmware\OLEDTE~1\OLEDTE~1\OLEDTE~1\ARDUIN~1\Debug\libArduinoCore.a(HardwareSerial0.o)
                0x008001d6                Serial
 .bss.timer0_fract
                0x00800273        0x1 C:\Users\lambert\DOCUME~1\GitHub\NSEC-B~1\hw\2023\CONFBA~1\firmware\OLEDTE~1\OLEDTE~1\OLEDTE~1\ARDUIN~1\Debug\libArduinoCore.a(wiring.o)
 .bss.timer0_millis
                0x00800274        0x4 C:\Users\lambert\DOCUME~1\GitHub\NSEC-B~1\hw\2023\CONFBA~1\firmware\OLEDTE~1\OLEDTE~1\OLEDTE~1\ARDUIN~1\Debug\libArduinoCore.a(wiring.o)
                0x00800274                timer0_millis
 .bss.timer0_overflow_count
                0x00800278        0x4 C:\Users\lambert\DOCUME~1\GitHub\NSEC-B~1\hw\2023\CONFBA~1\firmware\OLEDTE~1\OLEDTE~1\OLEDTE~1\ARDUIN~1\Debug\libArduinoCore.a(wiring.o)
                0x00800278                timer0_overflow_count
 .bss._ZN8SPIClass13interruptSaveE
                0x0080027c        0x1 C:\Users\lambert\DOCUME~1\GitHub\NSEC-B~1\hw\2023\CONFBA~1\firmware\OLEDTE~1\OLEDTE~1\OLEDTE~1\ARDUIN~1\Debug\libArduinoCore.a(SPI.o)
                0x0080027c                _ZN8SPIClass13interruptSaveE
 .bss._ZN8SPIClass13interruptMaskE
                0x0080027d        0x1 C:\Users\lambert\DOCUME~1\GitHub\NSEC-B~1\hw\2023\CONFBA~1\firmware\OLEDTE~1\OLEDTE~1\OLEDTE~1\ARDUIN~1\Debug\libArduinoCore.a(SPI.o)
                0x0080027d                _ZN8SPIClass13interruptMaskE
 .bss._ZN8SPIClass13interruptModeE
                0x0080027e        0x1 C:\Users\lambert\DOCUME~1\GitHub\NSEC-B~1\hw\2023\CONFBA~1\firmware\OLEDTE~1\OLEDTE~1\OLEDTE~1\ARDUIN~1\Debug\libArduinoCore.a(SPI.o)
                0x0080027e                _ZN8SPIClass13interruptModeE
 .bss._ZN8SPIClass11initializedE
                0x0080027f        0x1 C:\Users\lambert\DOCUME~1\GitHub\NSEC-B~1\hw\2023\CONFBA~1\firmware\OLEDTE~1\OLEDTE~1\OLEDTE~1\ARDUIN~1\Debug\libArduinoCore.a(SPI.o)
                0x0080027f                _ZN8SPIClass11initializedE
 .bss.Wire      0x00800280        0xc C:\Users\lambert\DOCUME~1\GitHub\NSEC-B~1\hw\2023\CONFBA~1\firmware\OLEDTE~1\OLEDTE~1\OLEDTE~1\ARDUIN~1\Debug\libArduinoCore.a(Wire.o)
                0x00800280                Wire
 .bss._ZN7TwoWire14user_onReceiveE
                0x0080028c        0x2 C:\Users\lambert\DOCUME~1\GitHub\NSEC-B~1\hw\2023\CONFBA~1\firmware\OLEDTE~1\OLEDTE~1\OLEDTE~1\ARDUIN~1\Debug\libArduinoCore.a(Wire.o)
                0x0080028c                _ZN7TwoWire14user_onReceiveE
 .bss._ZN7TwoWire14user_onRequestE
                0x0080028e        0x2 C:\Users\lambert\DOCUME~1\GitHub\NSEC-B~1\hw\2023\CONFBA~1\firmware\OLEDTE~1\OLEDTE~1\OLEDTE~1\ARDUIN~1\Debug\libArduinoCore.a(Wire.o)
                0x0080028e                _ZN7TwoWire14user_onRequestE
 .bss._ZN7TwoWire12transmittingE
                0x00800290        0x1 C:\Users\lambert\DOCUME~1\GitHub\NSEC-B~1\hw\2023\CONFBA~1\firmware\OLEDTE~1\OLEDTE~1\OLEDTE~1\ARDUIN~1\Debug\libArduinoCore.a(Wire.o)
                0x00800290                _ZN7TwoWire12transmittingE
 .bss._ZN7TwoWire14txBufferLengthE
                0x00800291        0x1 C:\Users\lambert\DOCUME~1\GitHub\NSEC-B~1\hw\2023\CONFBA~1\firmware\OLEDTE~1\OLEDTE~1\OLEDTE~1\ARDUIN~1\Debug\libArduinoCore.a(Wire.o)
                0x00800291                _ZN7TwoWire14txBufferLengthE
 .bss._ZN7TwoWire13txBufferIndexE
                0x00800292        0x1 C:\Users\lambert\DOCUME~1\GitHub\NSEC-B~1\hw\2023\CONFBA~1\firmware\OLEDTE~1\OLEDTE~1\OLEDTE~1\ARDUIN~1\Debug\libArduinoCore.a(Wire.o)
                0x00800292                _ZN7TwoWire13txBufferIndexE
 .bss._ZN7TwoWire8txBufferE
                0x00800293       0x20 C:\Users\lambert\DOCUME~1\GitHub\NSEC-B~1\hw\2023\CONFBA~1\firmware\OLEDTE~1\OLEDTE~1\OLEDTE~1\ARDUIN~1\Debug\libArduinoCore.a(Wire.o)
                0x00800293                _ZN7TwoWire8txBufferE
 .bss._ZN7TwoWire9txAddressE
                0x008002b3        0x1 C:\Users\lambert\DOCUME~1\GitHub\NSEC-B~1\hw\2023\CONFBA~1\firmware\OLEDTE~1\OLEDTE~1\OLEDTE~1\ARDUIN~1\Debug\libArduinoCore.a(Wire.o)
                0x008002b3                _ZN7TwoWire9txAddressE
 .bss._ZN7TwoWire14rxBufferLengthE
                0x008002b4        0x1 C:\Users\lambert\DOCUME~1\GitHub\NSEC-B~1\hw\2023\CONFBA~1\firmware\OLEDTE~1\OLEDTE~1\OLEDTE~1\ARDUIN~1\Debug\libArduinoCore.a(Wire.o)
                0x008002b4                _ZN7TwoWire14rxBufferLengthE
 .bss._ZN7TwoWire13rxBufferIndexE
                0x008002b5        0x1 C:\Users\lambert\DOCUME~1\GitHub\NSEC-B~1\hw\2023\CONFBA~1\firmware\OLEDTE~1\OLEDTE~1\OLEDTE~1\ARDUIN~1\Debug\libArduinoCore.a(Wire.o)
                0x008002b5                _ZN7TwoWire13rxBufferIndexE
 .bss._ZN7TwoWire8rxBufferE
                0x008002b6       0x20 C:\Users\lambert\DOCUME~1\GitHub\NSEC-B~1\hw\2023\CONFBA~1\firmware\OLEDTE~1\OLEDTE~1\OLEDTE~1\ARDUIN~1\Debug\libArduinoCore.a(Wire.o)
                0x008002b6                _ZN7TwoWire8rxBufferE
 .bss.twi_error
                0x008002d6        0x1 C:\Users\lambert\DOCUME~1\GitHub\NSEC-B~1\hw\2023\CONFBA~1\firmware\OLEDTE~1\OLEDTE~1\OLEDTE~1\ARDUIN~1\Debug\libArduinoCore.a(twi.o)
 .bss.twi_rxBufferIndex
                0x008002d7        0x1 C:\Users\lambert\DOCUME~1\GitHub\NSEC-B~1\hw\2023\CONFBA~1\firmware\OLEDTE~1\OLEDTE~1\OLEDTE~1\ARDUIN~1\Debug\libArduinoCore.a(twi.o)
 .bss.twi_rxBuffer
                0x008002d8       0x20 C:\Users\lambert\DOCUME~1\GitHub\NSEC-B~1\hw\2023\CONFBA~1\firmware\OLEDTE~1\OLEDTE~1\OLEDTE~1\ARDUIN~1\Debug\libArduinoCore.a(twi.o)
 .bss.twi_txBufferLength
                0x008002f8        0x1 C:\Users\lambert\DOCUME~1\GitHub\NSEC-B~1\hw\2023\CONFBA~1\firmware\OLEDTE~1\OLEDTE~1\OLEDTE~1\ARDUIN~1\Debug\libArduinoCore.a(twi.o)
 .bss.twi_txBufferIndex
                0x008002f9        0x1 C:\Users\lambert\DOCUME~1\GitHub\NSEC-B~1\hw\2023\CONFBA~1\firmware\OLEDTE~1\OLEDTE~1\OLEDTE~1\ARDUIN~1\Debug\libArduinoCore.a(twi.o)
 .bss.twi_txBuffer
                0x008002fa       0x20 C:\Users\lambert\DOCUME~1\GitHub\NSEC-B~1\hw\2023\CONFBA~1\firmware\OLEDTE~1\OLEDTE~1\OLEDTE~1\ARDUIN~1\Debug\libArduinoCore.a(twi.o)
 .bss.twi_masterBufferLength
                0x0080031a        0x1 C:\Users\lambert\DOCUME~1\GitHub\NSEC-B~1\hw\2023\CONFBA~1\firmware\OLEDTE~1\OLEDTE~1\OLEDTE~1\ARDUIN~1\Debug\libArduinoCore.a(twi.o)
 .bss.twi_masterBufferIndex
                0x0080031b        0x1 C:\Users\lambert\DOCUME~1\GitHub\NSEC-B~1\hw\2023\CONFBA~1\firmware\OLEDTE~1\OLEDTE~1\OLEDTE~1\ARDUIN~1\Debug\libArduinoCore.a(twi.o)
 .bss.twi_masterBuffer
                0x0080031c       0x20 C:\Users\lambert\DOCUME~1\GitHub\NSEC-B~1\hw\2023\CONFBA~1\firmware\OLEDTE~1\OLEDTE~1\OLEDTE~1\ARDUIN~1\Debug\libArduinoCore.a(twi.o)
 .bss.twi_onSlaveReceive
                0x0080033c        0x2 C:\Users\lambert\DOCUME~1\GitHub\NSEC-B~1\hw\2023\CONFBA~1\firmware\OLEDTE~1\OLEDTE~1\OLEDTE~1\ARDUIN~1\Debug\libArduinoCore.a(twi.o)
 .bss.twi_onSlaveTransmit
                0x0080033e        0x2 C:\Users\lambert\DOCUME~1\GitHub\NSEC-B~1\hw\2023\CONFBA~1\firmware\OLEDTE~1\OLEDTE~1\OLEDTE~1\ARDUIN~1\Debug\libArduinoCore.a(twi.o)
 .bss.twi_do_reset_on_timeout
                0x00800340        0x1 C:\Users\lambert\DOCUME~1\GitHub\NSEC-B~1\hw\2023\CONFBA~1\firmware\OLEDTE~1\OLEDTE~1\OLEDTE~1\ARDUIN~1\Debug\libArduinoCore.a(twi.o)
 .bss.twi_timed_out_flag
                0x00800341        0x1 C:\Users\lambert\DOCUME~1\GitHub\NSEC-B~1\hw\2023\CONFBA~1\firmware\OLEDTE~1\OLEDTE~1\OLEDTE~1\ARDUIN~1\Debug\libArduinoCore.a(twi.o)
 .bss.twi_timeout_us
                0x00800342        0x4 C:\Users\lambert\DOCUME~1\GitHub\NSEC-B~1\hw\2023\CONFBA~1\firmware\OLEDTE~1\OLEDTE~1\OLEDTE~1\ARDUIN~1\Debug\libArduinoCore.a(twi.o)
 .bss.twi_inRepStart
                0x00800346        0x1 C:\Users\lambert\DOCUME~1\GitHub\NSEC-B~1\hw\2023\CONFBA~1\firmware\OLEDTE~1\OLEDTE~1\OLEDTE~1\ARDUIN~1\Debug\libArduinoCore.a(twi.o)
 .bss.twi_sendStop
                0x00800347        0x1 C:\Users\lambert\DOCUME~1\GitHub\NSEC-B~1\hw\2023\CONFBA~1\firmware\OLEDTE~1\OLEDTE~1\OLEDTE~1\ARDUIN~1\Debug\libArduinoCore.a(twi.o)
 .bss.twi_slarw
                0x00800348        0x1 C:\Users\lambert\DOCUME~1\GitHub\NSEC-B~1\hw\2023\CONFBA~1\firmware\OLEDTE~1\OLEDTE~1\OLEDTE~1\ARDUIN~1\Debug\libArduinoCore.a(twi.o)
 .bss.twi_state
                0x00800349        0x1 C:\Users\lambert\DOCUME~1\GitHub\NSEC-B~1\hw\2023\CONFBA~1\firmware\OLEDTE~1\OLEDTE~1\OLEDTE~1\ARDUIN~1\Debug\libArduinoCore.a(twi.o)
 *(COMMON)
 COMMON         0x0080034a        0x4 c:/program files (x86)/atmel/studio/7.0/toolchain/avr8/avr8-gnu-toolchain/bin/../lib/gcc/avr/5.4.0/../../../../avr/lib/avr5\libc.a(malloc.o)
                0x0080034a                __brkval
                0x0080034c                __flp
                0x0080034e                PROVIDE (__bss_end, .)
                0x000062d2                __data_load_start = LOADADDR (.data)
                0x00006368                __data_load_end = (__data_load_start + SIZEOF (.data))

.noinit         0x0080034e        0x0
                [!provide]                PROVIDE (__noinit_start, .)
 *(.noinit*)
                [!provide]                PROVIDE (__noinit_end, .)
                0x0080034e                _end = .
                0x0080034e                PROVIDE (__heap_start, .)

.eeprom         0x00810000        0x0
 *(.eeprom*)
                0x00810000                __eeprom_end = .

.fuse
 *(.fuse)
 *(.lfuse)
 *(.hfuse)
 *(.efuse)

.lock
 *(.lock*)

.signature
 *(.signature*)

.user_signatures
 *(.user_signatures*)

.stab
 *(.stab)

.stabstr
 *(.stabstr)

.stab.excl
 *(.stab.excl)

.stab.exclstr
 *(.stab.exclstr)

.stab.index
 *(.stab.index)

.stab.indexstr
 *(.stab.indexstr)

.comment        0x00000000       0x30
 *(.comment)
 .comment       0x00000000       0x30 Sketch.o
                                 0x31 (size before relaxing)
 .comment       0x00000030       0x31 C:\Users\lambert\DOCUME~1\GitHub\NSEC-B~1\hw\2023\CONFBA~1\firmware\OLEDTE~1\OLEDTE~1\OLEDTE~1\ARDUIN~1\Debug\libArduinoCore.a(HardwareSerial.o)
 .comment       0x00000030       0x31 C:\Users\lambert\DOCUME~1\GitHub\NSEC-B~1\hw\2023\CONFBA~1\firmware\OLEDTE~1\OLEDTE~1\OLEDTE~1\ARDUIN~1\Debug\libArduinoCore.a(HardwareSerial0.o)
 .comment       0x00000030       0x31 C:\Users\lambert\DOCUME~1\GitHub\NSEC-B~1\hw\2023\CONFBA~1\firmware\OLEDTE~1\OLEDTE~1\OLEDTE~1\ARDUIN~1\Debug\libArduinoCore.a(main.o)
 .comment       0x00000030       0x31 C:\Users\lambert\DOCUME~1\GitHub\NSEC-B~1\hw\2023\CONFBA~1\firmware\OLEDTE~1\OLEDTE~1\OLEDTE~1\ARDUIN~1\Debug\libArduinoCore.a(Print.o)
 .comment       0x00000030       0x31 C:\Users\lambert\DOCUME~1\GitHub\NSEC-B~1\hw\2023\CONFBA~1\firmware\OLEDTE~1\OLEDTE~1\OLEDTE~1\ARDUIN~1\Debug\libArduinoCore.a(wiring.o)
 .comment       0x00000030       0x31 C:\Users\lambert\DOCUME~1\GitHub\NSEC-B~1\hw\2023\CONFBA~1\firmware\OLEDTE~1\OLEDTE~1\OLEDTE~1\ARDUIN~1\Debug\libArduinoCore.a(WMath.o)
 .comment       0x00000030       0x31 C:\Users\lambert\DOCUME~1\GitHub\NSEC-B~1\hw\2023\CONFBA~1\firmware\OLEDTE~1\OLEDTE~1\OLEDTE~1\ARDUIN~1\Debug\libArduinoCore.a(Adafruit_GFX.o)
 .comment       0x00000030       0x31 C:\Users\lambert\DOCUME~1\GitHub\NSEC-B~1\hw\2023\CONFBA~1\firmware\OLEDTE~1\OLEDTE~1\OLEDTE~1\ARDUIN~1\Debug\libArduinoCore.a(Adafruit_SSD1306.o)
 .comment       0x00000030       0x31 C:\Users\lambert\DOCUME~1\GitHub\NSEC-B~1\hw\2023\CONFBA~1\firmware\OLEDTE~1\OLEDTE~1\OLEDTE~1\ARDUIN~1\Debug\libArduinoCore.a(SPI.o)
 .comment       0x00000030       0x31 C:\Users\lambert\DOCUME~1\GitHub\NSEC-B~1\hw\2023\CONFBA~1\firmware\OLEDTE~1\OLEDTE~1\OLEDTE~1\ARDUIN~1\Debug\libArduinoCore.a(Wire.o)
 .comment       0x00000030       0x31 C:\Users\lambert\DOCUME~1\GitHub\NSEC-B~1\hw\2023\CONFBA~1\firmware\OLEDTE~1\OLEDTE~1\OLEDTE~1\ARDUIN~1\Debug\libArduinoCore.a(abi.o)
 .comment       0x00000030       0x31 C:\Users\lambert\DOCUME~1\GitHub\NSEC-B~1\hw\2023\CONFBA~1\firmware\OLEDTE~1\OLEDTE~1\OLEDTE~1\ARDUIN~1\Debug\libArduinoCore.a(hooks.o)
 .comment       0x00000030       0x31 C:\Users\lambert\DOCUME~1\GitHub\NSEC-B~1\hw\2023\CONFBA~1\firmware\OLEDTE~1\OLEDTE~1\OLEDTE~1\ARDUIN~1\Debug\libArduinoCore.a(wiring_digital.o)
 .comment       0x00000030       0x31 C:\Users\lambert\DOCUME~1\GitHub\NSEC-B~1\hw\2023\CONFBA~1\firmware\OLEDTE~1\OLEDTE~1\OLEDTE~1\ARDUIN~1\Debug\libArduinoCore.a(twi.o)
 .comment       0x00000030       0x31 c:/program files (x86)/atmel/studio/7.0/toolchain/avr8/avr8-gnu-toolchain/bin/../lib/gcc/avr/5.4.0/../../../../avr/lib/avr5\libc.a(malloc.o)
 .comment       0x00000030       0x31 c:/program files (x86)/atmel/studio/7.0/toolchain/avr8/avr8-gnu-toolchain/bin/../lib/gcc/avr/5.4.0/../../../../avr/lib/avr5\libc.a(random.o)

.note.gnu.avr.deviceinfo
                0x00000000       0x40
 .note.gnu.avr.deviceinfo
                0x00000000       0x40 C:/Program Files (x86)/Atmel/Studio/7.0/Packs/atmel/ATmega_DFP/1.7.374/gcc/dev/atmega328p/avr5/crtatmega328p.o

.note.gnu.build-id
 *(.note.gnu.build-id)

.debug
 *(.debug)

.line
 *(.line)

.debug_srcinfo
 *(.debug_srcinfo)

.debug_sfnames
 *(.debug_sfnames)

.debug_aranges  0x00000000      0x960
 *(.debug_aranges)
 .debug_aranges
                0x00000000       0xa8 Sketch.o
 .debug_aranges
                0x000000a8       0x68 C:\Users\lambert\DOCUME~1\GitHub\NSEC-B~1\hw\2023\CONFBA~1\firmware\OLEDTE~1\OLEDTE~1\OLEDTE~1\ARDUIN~1\Debug\libArduinoCore.a(HardwareSerial.o)
 .debug_aranges
                0x00000110       0x48 C:\Users\lambert\DOCUME~1\GitHub\NSEC-B~1\hw\2023\CONFBA~1\firmware\OLEDTE~1\OLEDTE~1\OLEDTE~1\ARDUIN~1\Debug\libArduinoCore.a(HardwareSerial0.o)
 .debug_aranges
                0x00000158       0x30 C:\Users\lambert\DOCUME~1\GitHub\NSEC-B~1\hw\2023\CONFBA~1\firmware\OLEDTE~1\OLEDTE~1\OLEDTE~1\ARDUIN~1\Debug\libArduinoCore.a(main.o)
 .debug_aranges
                0x00000188      0x100 C:\Users\lambert\DOCUME~1\GitHub\NSEC-B~1\hw\2023\CONFBA~1\firmware\OLEDTE~1\OLEDTE~1\OLEDTE~1\ARDUIN~1\Debug\libArduinoCore.a(Print.o)
 .debug_aranges
                0x00000288       0x48 C:\Users\lambert\DOCUME~1\GitHub\NSEC-B~1\hw\2023\CONFBA~1\firmware\OLEDTE~1\OLEDTE~1\OLEDTE~1\ARDUIN~1\Debug\libArduinoCore.a(wiring.o)
 .debug_aranges
                0x000002d0       0x48 C:\Users\lambert\DOCUME~1\GitHub\NSEC-B~1\hw\2023\CONFBA~1\firmware\OLEDTE~1\OLEDTE~1\OLEDTE~1\ARDUIN~1\Debug\libArduinoCore.a(WMath.o)
 .debug_aranges
                0x00000318      0x2d8 C:\Users\lambert\DOCUME~1\GitHub\NSEC-B~1\hw\2023\CONFBA~1\firmware\OLEDTE~1\OLEDTE~1\OLEDTE~1\ARDUIN~1\Debug\libArduinoCore.a(Adafruit_GFX.o)
 .debug_aranges
                0x000005f0      0x118 C:\Users\lambert\DOCUME~1\GitHub\NSEC-B~1\hw\2023\CONFBA~1\firmware\OLEDTE~1\OLEDTE~1\OLEDTE~1\ARDUIN~1\Debug\libArduinoCore.a(Adafruit_SSD1306.o)
 .debug_aranges
                0x00000708       0x38 C:\Users\lambert\DOCUME~1\GitHub\NSEC-B~1\hw\2023\CONFBA~1\firmware\OLEDTE~1\OLEDTE~1\OLEDTE~1\ARDUIN~1\Debug\libArduinoCore.a(SPI.o)
 .debug_aranges
                0x00000740      0x110 C:\Users\lambert\DOCUME~1\GitHub\NSEC-B~1\hw\2023\CONFBA~1\firmware\OLEDTE~1\OLEDTE~1\OLEDTE~1\ARDUIN~1\Debug\libArduinoCore.a(Wire.o)
 .debug_aranges
                0x00000850       0x20 C:\Users\lambert\DOCUME~1\GitHub\NSEC-B~1\hw\2023\CONFBA~1\firmware\OLEDTE~1\OLEDTE~1\OLEDTE~1\ARDUIN~1\Debug\libArduinoCore.a(abi.o)
 .debug_aranges
                0x00000870       0x20 C:\Users\lambert\DOCUME~1\GitHub\NSEC-B~1\hw\2023\CONFBA~1\firmware\OLEDTE~1\OLEDTE~1\OLEDTE~1\ARDUIN~1\Debug\libArduinoCore.a(hooks.o)
 .debug_aranges
                0x00000890       0x38 C:\Users\lambert\DOCUME~1\GitHub\NSEC-B~1\hw\2023\CONFBA~1\firmware\OLEDTE~1\OLEDTE~1\OLEDTE~1\ARDUIN~1\Debug\libArduinoCore.a(wiring_digital.o)
 .debug_aranges
                0x000008c8       0x98 C:\Users\lambert\DOCUME~1\GitHub\NSEC-B~1\hw\2023\CONFBA~1\firmware\OLEDTE~1\OLEDTE~1\OLEDTE~1\ARDUIN~1\Debug\libArduinoCore.a(twi.o)

.debug_pubnames
 *(.debug_pubnames)

.debug_info     0x00000000    0x18914
 *(.debug_info .gnu.linkonce.wi.*)
 .debug_info    0x00000000      0x5f4 C:/Program Files (x86)/Atmel/Studio/7.0/Packs/atmel/ATmega_DFP/1.7.374/gcc/dev/atmega328p/avr5/crtatmega328p.o
 .debug_info    0x000005f4     0x2284 Sketch.o
 .debug_info    0x00002878     0x1f6d C:\Users\lambert\DOCUME~1\GitHub\NSEC-B~1\hw\2023\CONFBA~1\firmware\OLEDTE~1\OLEDTE~1\OLEDTE~1\ARDUIN~1\Debug\libArduinoCore.a(HardwareSerial.o)
 .debug_info    0x000047e5     0x1b16 C:\Users\lambert\DOCUME~1\GitHub\NSEC-B~1\hw\2023\CONFBA~1\firmware\OLEDTE~1\OLEDTE~1\OLEDTE~1\ARDUIN~1\Debug\libArduinoCore.a(HardwareSerial0.o)
 .debug_info    0x000062fb      0x237 C:\Users\lambert\DOCUME~1\GitHub\NSEC-B~1\hw\2023\CONFBA~1\firmware\OLEDTE~1\OLEDTE~1\OLEDTE~1\ARDUIN~1\Debug\libArduinoCore.a(main.o)
 .debug_info    0x00006532     0x28ff C:\Users\lambert\DOCUME~1\GitHub\NSEC-B~1\hw\2023\CONFBA~1\firmware\OLEDTE~1\OLEDTE~1\OLEDTE~1\ARDUIN~1\Debug\libArduinoCore.a(Print.o)
 .debug_info    0x00008e31      0x2cb C:\Users\lambert\DOCUME~1\GitHub\NSEC-B~1\hw\2023\CONFBA~1\firmware\OLEDTE~1\OLEDTE~1\OLEDTE~1\ARDUIN~1\Debug\libArduinoCore.a(wiring.o)
 .debug_info    0x000090fc      0x230 C:\Users\lambert\DOCUME~1\GitHub\NSEC-B~1\hw\2023\CONFBA~1\firmware\OLEDTE~1\OLEDTE~1\OLEDTE~1\ARDUIN~1\Debug\libArduinoCore.a(WMath.o)
 .debug_info    0x0000932c     0x89c6 C:\Users\lambert\DOCUME~1\GitHub\NSEC-B~1\hw\2023\CONFBA~1\firmware\OLEDTE~1\OLEDTE~1\OLEDTE~1\ARDUIN~1\Debug\libArduinoCore.a(Adafruit_GFX.o)
 .debug_info    0x00011cf2     0x2d19 C:\Users\lambert\DOCUME~1\GitHub\NSEC-B~1\hw\2023\CONFBA~1\firmware\OLEDTE~1\OLEDTE~1\OLEDTE~1\ARDUIN~1\Debug\libArduinoCore.a(Adafruit_SSD1306.o)
 .debug_info    0x00014a0b      0x66b C:\Users\lambert\DOCUME~1\GitHub\NSEC-B~1\hw\2023\CONFBA~1\firmware\OLEDTE~1\OLEDTE~1\OLEDTE~1\ARDUIN~1\Debug\libArduinoCore.a(SPI.o)
 .debug_info    0x00015076     0x2910 C:\Users\lambert\DOCUME~1\GitHub\NSEC-B~1\hw\2023\CONFBA~1\firmware\OLEDTE~1\OLEDTE~1\OLEDTE~1\ARDUIN~1\Debug\libArduinoCore.a(Wire.o)
 .debug_info    0x00017986       0x76 C:\Users\lambert\DOCUME~1\GitHub\NSEC-B~1\hw\2023\CONFBA~1\firmware\OLEDTE~1\OLEDTE~1\OLEDTE~1\ARDUIN~1\Debug\libArduinoCore.a(abi.o)
 .debug_info    0x000179fc       0x3e C:\Users\lambert\DOCUME~1\GitHub\NSEC-B~1\hw\2023\CONFBA~1\firmware\OLEDTE~1\OLEDTE~1\OLEDTE~1\ARDUIN~1\Debug\libArduinoCore.a(hooks.o)
 .debug_info    0x00017a3a      0x5fe C:\Users\lambert\DOCUME~1\GitHub\NSEC-B~1\hw\2023\CONFBA~1\firmware\OLEDTE~1\OLEDTE~1\OLEDTE~1\ARDUIN~1\Debug\libArduinoCore.a(wiring_digital.o)
 .debug_info    0x00018038      0x8dc C:\Users\lambert\DOCUME~1\GitHub\NSEC-B~1\hw\2023\CONFBA~1\firmware\OLEDTE~1\OLEDTE~1\OLEDTE~1\ARDUIN~1\Debug\libArduinoCore.a(twi.o)

.debug_abbrev   0x00000000     0x34f3
 *(.debug_abbrev)
 .debug_abbrev  0x00000000      0x5a2 C:/Program Files (x86)/Atmel/Studio/7.0/Packs/atmel/ATmega_DFP/1.7.374/gcc/dev/atmega328p/avr5/crtatmega328p.o
 .debug_abbrev  0x000005a2      0x45d Sketch.o
 .debug_abbrev  0x000009ff      0x4c6 C:\Users\lambert\DOCUME~1\GitHub\NSEC-B~1\hw\2023\CONFBA~1\firmware\OLEDTE~1\OLEDTE~1\OLEDTE~1\ARDUIN~1\Debug\libArduinoCore.a(HardwareSerial.o)
 .debug_abbrev  0x00000ec5      0x3ce C:\Users\lambert\DOCUME~1\GitHub\NSEC-B~1\hw\2023\CONFBA~1\firmware\OLEDTE~1\OLEDTE~1\OLEDTE~1\ARDUIN~1\Debug\libArduinoCore.a(HardwareSerial0.o)
 .debug_abbrev  0x00001293      0x12d C:\Users\lambert\DOCUME~1\GitHub\NSEC-B~1\hw\2023\CONFBA~1\firmware\OLEDTE~1\OLEDTE~1\OLEDTE~1\ARDUIN~1\Debug\libArduinoCore.a(main.o)
 .debug_abbrev  0x000013c0      0x47a C:\Users\lambert\DOCUME~1\GitHub\NSEC-B~1\hw\2023\CONFBA~1\firmware\OLEDTE~1\OLEDTE~1\OLEDTE~1\ARDUIN~1\Debug\libArduinoCore.a(Print.o)
 .debug_abbrev  0x0000183a      0x146 C:\Users\lambert\DOCUME~1\GitHub\NSEC-B~1\hw\2023\CONFBA~1\firmware\OLEDTE~1\OLEDTE~1\OLEDTE~1\ARDUIN~1\Debug\libArduinoCore.a(wiring.o)
 .debug_abbrev  0x00001980      0x12b C:\Users\lambert\DOCUME~1\GitHub\NSEC-B~1\hw\2023\CONFBA~1\firmware\OLEDTE~1\OLEDTE~1\OLEDTE~1\ARDUIN~1\Debug\libArduinoCore.a(WMath.o)
 .debug_abbrev  0x00001aab      0x788 C:\Users\lambert\DOCUME~1\GitHub\NSEC-B~1\hw\2023\CONFBA~1\firmware\OLEDTE~1\OLEDTE~1\OLEDTE~1\ARDUIN~1\Debug\libArduinoCore.a(Adafruit_GFX.o)
 .debug_abbrev  0x00002233      0x5f6 C:\Users\lambert\DOCUME~1\GitHub\NSEC-B~1\hw\2023\CONFBA~1\firmware\OLEDTE~1\OLEDTE~1\OLEDTE~1\ARDUIN~1\Debug\libArduinoCore.a(Adafruit_SSD1306.o)
 .debug_abbrev  0x00002829      0x283 C:\Users\lambert\DOCUME~1\GitHub\NSEC-B~1\hw\2023\CONFBA~1\firmware\OLEDTE~1\OLEDTE~1\OLEDTE~1\ARDUIN~1\Debug\libArduinoCore.a(SPI.o)
 .debug_abbrev  0x00002aac      0x563 C:\Users\lambert\DOCUME~1\GitHub\NSEC-B~1\hw\2023\CONFBA~1\firmware\OLEDTE~1\OLEDTE~1\OLEDTE~1\ARDUIN~1\Debug\libArduinoCore.a(Wire.o)
 .debug_abbrev  0x0000300f       0x6d C:\Users\lambert\DOCUME~1\GitHub\NSEC-B~1\hw\2023\CONFBA~1\firmware\OLEDTE~1\OLEDTE~1\OLEDTE~1\ARDUIN~1\Debug\libArduinoCore.a(abi.o)
 .debug_abbrev  0x0000307c       0x2a C:\Users\lambert\DOCUME~1\GitHub\NSEC-B~1\hw\2023\CONFBA~1\firmware\OLEDTE~1\OLEDTE~1\OLEDTE~1\ARDUIN~1\Debug\libArduinoCore.a(hooks.o)
 .debug_abbrev  0x000030a6      0x15b C:\Users\lambert\DOCUME~1\GitHub\NSEC-B~1\hw\2023\CONFBA~1\firmware\OLEDTE~1\OLEDTE~1\OLEDTE~1\ARDUIN~1\Debug\libArduinoCore.a(wiring_digital.o)
 .debug_abbrev  0x00003201      0x2f2 C:\Users\lambert\DOCUME~1\GitHub\NSEC-B~1\hw\2023\CONFBA~1\firmware\OLEDTE~1\OLEDTE~1\OLEDTE~1\ARDUIN~1\Debug\libArduinoCore.a(twi.o)

.debug_line     0x00000000     0x6d25
 *(.debug_line .debug_line.* .debug_line_end)
 .debug_line    0x00000000      0x134 C:/Program Files (x86)/Atmel/Studio/7.0/Packs/atmel/ATmega_DFP/1.7.374/gcc/dev/atmega328p/avr5/crtatmega328p.o
 .debug_line    0x00000134      0xbe0 Sketch.o
 .debug_line    0x00000d14      0x4cb C:\Users\lambert\DOCUME~1\GitHub\NSEC-B~1\hw\2023\CONFBA~1\firmware\OLEDTE~1\OLEDTE~1\OLEDTE~1\ARDUIN~1\Debug\libArduinoCore.a(HardwareSerial.o)
 .debug_line    0x000011df      0x2a1 C:\Users\lambert\DOCUME~1\GitHub\NSEC-B~1\hw\2023\CONFBA~1\firmware\OLEDTE~1\OLEDTE~1\OLEDTE~1\ARDUIN~1\Debug\libArduinoCore.a(HardwareSerial0.o)
 .debug_line    0x00001480      0x17a C:\Users\lambert\DOCUME~1\GitHub\NSEC-B~1\hw\2023\CONFBA~1\firmware\OLEDTE~1\OLEDTE~1\OLEDTE~1\ARDUIN~1\Debug\libArduinoCore.a(main.o)
 .debug_line    0x000015fa      0x69a C:\Users\lambert\DOCUME~1\GitHub\NSEC-B~1\hw\2023\CONFBA~1\firmware\OLEDTE~1\OLEDTE~1\OLEDTE~1\ARDUIN~1\Debug\libArduinoCore.a(Print.o)
 .debug_line    0x00001c94      0x2af C:\Users\lambert\DOCUME~1\GitHub\NSEC-B~1\hw\2023\CONFBA~1\firmware\OLEDTE~1\OLEDTE~1\OLEDTE~1\ARDUIN~1\Debug\libArduinoCore.a(wiring.o)
 .debug_line    0x00001f43      0x143 C:\Users\lambert\DOCUME~1\GitHub\NSEC-B~1\hw\2023\CONFBA~1\firmware\OLEDTE~1\OLEDTE~1\OLEDTE~1\ARDUIN~1\Debug\libArduinoCore.a(WMath.o)
 .debug_line    0x00002086     0x2680 C:\Users\lambert\DOCUME~1\GitHub\NSEC-B~1\hw\2023\CONFBA~1\firmware\OLEDTE~1\OLEDTE~1\OLEDTE~1\ARDUIN~1\Debug\libArduinoCore.a(Adafruit_GFX.o)
 .debug_line    0x00004706     0x12cf C:\Users\lambert\DOCUME~1\GitHub\NSEC-B~1\hw\2023\CONFBA~1\firmware\OLEDTE~1\OLEDTE~1\OLEDTE~1\ARDUIN~1\Debug\libArduinoCore.a(Adafruit_SSD1306.o)
 .debug_line    0x000059d5      0x2f8 C:\Users\lambert\DOCUME~1\GitHub\NSEC-B~1\hw\2023\CONFBA~1\firmware\OLEDTE~1\OLEDTE~1\OLEDTE~1\ARDUIN~1\Debug\libArduinoCore.a(SPI.o)
 .debug_line    0x00005ccd      0x637 C:\Users\lambert\DOCUME~1\GitHub\NSEC-B~1\hw\2023\CONFBA~1\firmware\OLEDTE~1\OLEDTE~1\OLEDTE~1\ARDUIN~1\Debug\libArduinoCore.a(Wire.o)
 .debug_line    0x00006304       0xa9 C:\Users\lambert\DOCUME~1\GitHub\NSEC-B~1\hw\2023\CONFBA~1\firmware\OLEDTE~1\OLEDTE~1\OLEDTE~1\ARDUIN~1\Debug\libArduinoCore.a(abi.o)
 .debug_line    0x000063ad       0x41 C:\Users\lambert\DOCUME~1\GitHub\NSEC-B~1\hw\2023\CONFBA~1\firmware\OLEDTE~1\OLEDTE~1\OLEDTE~1\ARDUIN~1\Debug\libArduinoCore.a(hooks.o)
 .debug_line    0x000063ee      0x267 C:\Users\lambert\DOCUME~1\GitHub\NSEC-B~1\hw\2023\CONFBA~1\firmware\OLEDTE~1\OLEDTE~1\OLEDTE~1\ARDUIN~1\Debug\libArduinoCore.a(wiring_digital.o)
 .debug_line    0x00006655      0x6d0 C:\Users\lambert\DOCUME~1\GitHub\NSEC-B~1\hw\2023\CONFBA~1\firmware\OLEDTE~1\OLEDTE~1\OLEDTE~1\ARDUIN~1\Debug\libArduinoCore.a(twi.o)

.debug_frame    0x00000000     0x2960
 *(.debug_frame)
 .debug_frame   0x00000000      0x2fc Sketch.o
 .debug_frame   0x000002fc      0x110 C:\Users\lambert\DOCUME~1\GitHub\NSEC-B~1\hw\2023\CONFBA~1\firmware\OLEDTE~1\OLEDTE~1\OLEDTE~1\ARDUIN~1\Debug\libArduinoCore.a(HardwareSerial.o)
 .debug_frame   0x0000040c       0xe0 C:\Users\lambert\DOCUME~1\GitHub\NSEC-B~1\hw\2023\CONFBA~1\firmware\OLEDTE~1\OLEDTE~1\OLEDTE~1\ARDUIN~1\Debug\libArduinoCore.a(HardwareSerial0.o)
 .debug_frame   0x000004ec       0x54 C:\Users\lambert\DOCUME~1\GitHub\NSEC-B~1\hw\2023\CONFBA~1\firmware\OLEDTE~1\OLEDTE~1\OLEDTE~1\ARDUIN~1\Debug\libArduinoCore.a(main.o)
 .debug_frame   0x00000540      0x3ac C:\Users\lambert\DOCUME~1\GitHub\NSEC-B~1\hw\2023\CONFBA~1\firmware\OLEDTE~1\OLEDTE~1\OLEDTE~1\ARDUIN~1\Debug\libArduinoCore.a(Print.o)
 .debug_frame   0x000008ec       0xc4 C:\Users\lambert\DOCUME~1\GitHub\NSEC-B~1\hw\2023\CONFBA~1\firmware\OLEDTE~1\OLEDTE~1\OLEDTE~1\ARDUIN~1\Debug\libArduinoCore.a(wiring.o)
 .debug_frame   0x000009b0       0xf4 C:\Users\lambert\DOCUME~1\GitHub\NSEC-B~1\hw\2023\CONFBA~1\firmware\OLEDTE~1\OLEDTE~1\OLEDTE~1\ARDUIN~1\Debug\libArduinoCore.a(WMath.o)
 .debug_frame   0x00000aa4     0x143c C:\Users\lambert\DOCUME~1\GitHub\NSEC-B~1\hw\2023\CONFBA~1\firmware\OLEDTE~1\OLEDTE~1\OLEDTE~1\ARDUIN~1\Debug\libArduinoCore.a(Adafruit_GFX.o)
 .debug_frame   0x00001ee0      0x498 C:\Users\lambert\DOCUME~1\GitHub\NSEC-B~1\hw\2023\CONFBA~1\firmware\OLEDTE~1\OLEDTE~1\OLEDTE~1\ARDUIN~1\Debug\libArduinoCore.a(Adafruit_SSD1306.o)
 .debug_frame   0x00002378       0x5c C:\Users\lambert\DOCUME~1\GitHub\NSEC-B~1\hw\2023\CONFBA~1\firmware\OLEDTE~1\OLEDTE~1\OLEDTE~1\ARDUIN~1\Debug\libArduinoCore.a(SPI.o)
 .debug_frame   0x000023d4      0x2b0 C:\Users\lambert\DOCUME~1\GitHub\NSEC-B~1\hw\2023\CONFBA~1\firmware\OLEDTE~1\OLEDTE~1\OLEDTE~1\ARDUIN~1\Debug\libArduinoCore.a(Wire.o)
 .debug_frame   0x00002684       0x34 C:\Users\lambert\DOCUME~1\GitHub\NSEC-B~1\hw\2023\CONFBA~1\firmware\OLEDTE~1\OLEDTE~1\OLEDTE~1\ARDUIN~1\Debug\libArduinoCore.a(abi.o)
 .debug_frame   0x000026b8       0x24 C:\Users\lambert\DOCUME~1\GitHub\NSEC-B~1\hw\2023\CONFBA~1\firmware\OLEDTE~1\OLEDTE~1\OLEDTE~1\ARDUIN~1\Debug\libArduinoCore.a(hooks.o)
 .debug_frame   0x000026dc       0x7c C:\Users\lambert\DOCUME~1\GitHub\NSEC-B~1\hw\2023\CONFBA~1\firmware\OLEDTE~1\OLEDTE~1\OLEDTE~1\ARDUIN~1\Debug\libArduinoCore.a(wiring_digital.o)
 .debug_frame   0x00002758      0x208 C:\Users\lambert\DOCUME~1\GitHub\NSEC-B~1\hw\2023\CONFBA~1\firmware\OLEDTE~1\OLEDTE~1\OLEDTE~1\ARDUIN~1\Debug\libArduinoCore.a(twi.o)

.debug_str      0x00000000     0x4d83
 *(.debug_str)
 .debug_str     0x00000000      0x208 C:/Program Files (x86)/Atmel/Studio/7.0/Packs/atmel/ATmega_DFP/1.7.374/gcc/dev/atmega328p/avr5/crtatmega328p.o
 .debug_str     0x00000208      0xe23 Sketch.o
                                0xf03 (size before relaxing)
 .debug_str     0x0000102b     0x1341 C:\Users\lambert\DOCUME~1\GitHub\NSEC-B~1\hw\2023\CONFBA~1\firmware\OLEDTE~1\OLEDTE~1\OLEDTE~1\ARDUIN~1\Debug\libArduinoCore.a(HardwareSerial.o)
                               0x1641 (size before relaxing)
 .debug_str     0x0000236c       0x86 C:\Users\lambert\DOCUME~1\GitHub\NSEC-B~1\hw\2023\CONFBA~1\firmware\OLEDTE~1\OLEDTE~1\OLEDTE~1\ARDUIN~1\Debug\libArduinoCore.a(HardwareSerial0.o)
                               0x1434 (size before relaxing)
 .debug_str     0x000023f2       0x37 C:\Users\lambert\DOCUME~1\GitHub\NSEC-B~1\hw\2023\CONFBA~1\firmware\OLEDTE~1\OLEDTE~1\OLEDTE~1\ARDUIN~1\Debug\libArduinoCore.a(main.o)
                                0x2e0 (size before relaxing)
 .debug_str     0x00002429      0x33a C:\Users\lambert\DOCUME~1\GitHub\NSEC-B~1\hw\2023\CONFBA~1\firmware\OLEDTE~1\OLEDTE~1\OLEDTE~1\ARDUIN~1\Debug\libArduinoCore.a(Print.o)
                               0x126e (size before relaxing)
 .debug_str     0x00002763      0x153 C:\Users\lambert\DOCUME~1\GitHub\NSEC-B~1\hw\2023\CONFBA~1\firmware\OLEDTE~1\OLEDTE~1\OLEDTE~1\ARDUIN~1\Debug\libArduinoCore.a(wiring.o)
                                0x276 (size before relaxing)
 .debug_str     0x000028b6       0xac C:\Users\lambert\DOCUME~1\GitHub\NSEC-B~1\hw\2023\CONFBA~1\firmware\OLEDTE~1\OLEDTE~1\OLEDTE~1\ARDUIN~1\Debug\libArduinoCore.a(WMath.o)
                                0x279 (size before relaxing)
 .debug_str     0x00002962     0x1321 C:\Users\lambert\DOCUME~1\GitHub\NSEC-B~1\hw\2023\CONFBA~1\firmware\OLEDTE~1\OLEDTE~1\OLEDTE~1\ARDUIN~1\Debug\libArduinoCore.a(Adafruit_GFX.o)
                               0x28ec (size before relaxing)
 .debug_str     0x00003c83      0x77f C:\Users\lambert\DOCUME~1\GitHub\NSEC-B~1\hw\2023\CONFBA~1\firmware\OLEDTE~1\OLEDTE~1\OLEDTE~1\ARDUIN~1\Debug\libArduinoCore.a(Adafruit_SSD1306.o)
                               0x112f (size before relaxing)
 .debug_str     0x00004402       0xb5 C:\Users\lambert\DOCUME~1\GitHub\NSEC-B~1\hw\2023\CONFBA~1\firmware\OLEDTE~1\OLEDTE~1\OLEDTE~1\ARDUIN~1\Debug\libArduinoCore.a(SPI.o)
                                0x6d9 (size before relaxing)
 .debug_str     0x000044b7      0x5f7 C:\Users\lambert\DOCUME~1\GitHub\NSEC-B~1\hw\2023\CONFBA~1\firmware\OLEDTE~1\OLEDTE~1\OLEDTE~1\ARDUIN~1\Debug\libArduinoCore.a(Wire.o)
                               0x19d1 (size before relaxing)
 .debug_str     0x00004aae       0x30 C:\Users\lambert\DOCUME~1\GitHub\NSEC-B~1\hw\2023\CONFBA~1\firmware\OLEDTE~1\OLEDTE~1\OLEDTE~1\ARDUIN~1\Debug\libArduinoCore.a(abi.o)
                                0x1ca (size before relaxing)
 .debug_str     0x00004ade       0x1c C:\Users\lambert\DOCUME~1\GitHub\NSEC-B~1\hw\2023\CONFBA~1\firmware\OLEDTE~1\OLEDTE~1\OLEDTE~1\ARDUIN~1\Debug\libArduinoCore.a(hooks.o)
                                0x16b (size before relaxing)
 .debug_str     0x00004afa       0x6a C:\Users\lambert\DOCUME~1\GitHub\NSEC-B~1\hw\2023\CONFBA~1\firmware\OLEDTE~1\OLEDTE~1\OLEDTE~1\ARDUIN~1\Debug\libArduinoCore.a(wiring_digital.o)
                                0x2db (size before relaxing)
 .debug_str     0x00004b64      0x21f C:\Users\lambert\DOCUME~1\GitHub\NSEC-B~1\hw\2023\CONFBA~1\firmware\OLEDTE~1\OLEDTE~1\OLEDTE~1\ARDUIN~1\Debug\libArduinoCore.a(twi.o)
                                0x525 (size before relaxing)

.debug_loc      0x00000000    0x142bd
 *(.debug_loc)
 .debug_loc     0x00000000      0x92c Sketch.o
 .debug_loc     0x0000092c      0x449 C:\Users\lambert\DOCUME~1\GitHub\NSEC-B~1\hw\2023\CONFBA~1\firmware\OLEDTE~1\OLEDTE~1\OLEDTE~1\ARDUIN~1\Debug\libArduinoCore.a(HardwareSerial.o)
 .debug_loc     0x00000d75      0x1b0 C:\Users\lambert\DOCUME~1\GitHub\NSEC-B~1\hw\2023\CONFBA~1\firmware\OLEDTE~1\OLEDTE~1\OLEDTE~1\ARDUIN~1\Debug\libArduinoCore.a(HardwareSerial0.o)
 .debug_loc     0x00000f25     0x1c87 C:\Users\lambert\DOCUME~1\GitHub\NSEC-B~1\hw\2023\CONFBA~1\firmware\OLEDTE~1\OLEDTE~1\OLEDTE~1\ARDUIN~1\Debug\libArduinoCore.a(Print.o)