Archive member included to satisfy reference by file (symbol)

C:\Users\Lam\DOCUME~1\GitHub\NSEC-B~2\hw\2023\CONFBA~1\firmware\INTEGR~2\INTEGR~1\INTEGR~1\ARDUIN~1\Debug\libArduinoCore.a(HardwareSerial.o)
                              Sketch.o (_ZN14HardwareSerial5beginEmh)
C:\Users\Lam\DOCUME~1\GitHub\NSEC-B~2\hw\2023\CONFBA~1\firmware\INTEGR~2\INTEGR~1\INTEGR~1\ARDUIN~1\Debug\libArduinoCore.a(HardwareSerial0.o)
                              Sketch.o (Serial)
C:\Users\Lam\DOCUME~1\GitHub\NSEC-B~2\hw\2023\CONFBA~1\firmware\INTEGR~2\INTEGR~1\INTEGR~1\ARDUIN~1\Debug\libArduinoCore.a(main.o)
                              C:/Program Files (x86)/Atmel/Studio/7.0/Packs/atmel/ATmega_DFP/1.7.374/gcc/dev/atmega328p/avr5/crtatmega328p.o (main)
C:\Users\Lam\DOCUME~1\GitHub\NSEC-B~2\hw\2023\CONFBA~1\firmware\INTEGR~2\INTEGR~1\INTEGR~1\ARDUIN~1\Debug\libArduinoCore.a(Print.o)
                              C:\Users\Lam\DOCUME~1\GitHub\NSEC-B~2\hw\2023\CONFBA~1\firmware\INTEGR~2\INTEGR~1\INTEGR~1\ARDUIN~1\Debug\libArduinoCore.a(HardwareSerial.o) (_ZN5Print5writeEPKhj)
C:\Users\Lam\DOCUME~1\GitHub\NSEC-B~2\hw\2023\CONFBA~1\firmware\INTEGR~2\INTEGR~1\INTEGR~1\ARDUIN~1\Debug\libArduinoCore.a(wiring.o)
                              Sketch.o (millis)
C:\Users\Lam\DOCUME~1\GitHub\NSEC-B~2\hw\2023\CONFBA~1\firmware\INTEGR~2\INTEGR~1\INTEGR~1\ARDUIN~1\Debug\libArduinoCore.a(wiring_digital.o)
                              Sketch.o (pinMode)
C:\Users\Lam\DOCUME~1\GitHub\NSEC-B~2\hw\2023\CONFBA~1\firmware\INTEGR~2\INTEGR~1\INTEGR~1\ARDUIN~1\Debug\libArduinoCore.a(WMath.o)
                              Sketch.o (_Z6randomll)
C:\Users\Lam\DOCUME~1\GitHub\NSEC-B~2\hw\2023\CONFBA~1\firmware\INTEGR~2\INTEGR~1\INTEGR~1\ARDUIN~1\Debug\libArduinoCore.a(Adafruit_GFX.o)
                              Sketch.o (_ZN12Adafruit_GFX11setTextSizeEh)
C:\Users\Lam\DOCUME~1\GitHub\NSEC-B~2\hw\2023\CONFBA~1\firmware\INTEGR~2\INTEGR~1\INTEGR~1\ARDUIN~1\Debug\libArduinoCore.a(Adafruit_NeoPixel.o)
                              Sketch.o (_ZN17Adafruit_NeoPixelD1Ev)
C:\Users\Lam\DOCUME~1\GitHub\NSEC-B~2\hw\2023\CONFBA~1\firmware\INTEGR~2\INTEGR~1\INTEGR~1\ARDUIN~1\Debug\libArduinoCore.a(Adafruit_SSD1306.o)
                              Sketch.o (_ZN16Adafruit_SSD1306C1EhhP7TwoWireamm)
C:\Users\Lam\DOCUME~1\GitHub\NSEC-B~2\hw\2023\CONFBA~1\firmware\INTEGR~2\INTEGR~1\INTEGR~1\ARDUIN~1\Debug\libArduinoCore.a(SPI.o)
                              C:\Users\Lam\DOCUME~1\GitHub\NSEC-B~2\hw\2023\CONFBA~1\firmware\INTEGR~2\INTEGR~1\INTEGR~1\ARDUIN~1\Debug\libArduinoCore.a(Adafruit_SSD1306.o) (_ZN8SPIClass5beginEv)
C:\Users\Lam\DOCUME~1\GitHub\NSEC-B~2\hw\2023\CONFBA~1\firmware\INTEGR~2\INTEGR~1\INTEGR~1\ARDUIN~1\Debug\libArduinoCore.a(Wire.o)
                              C:\Users\Lam\DOCUME~1\GitHub\NSEC-B~2\hw\2023\CONFBA~1\firmware\INTEGR~2\INTEGR~1\INTEGR~1\ARDUIN~1\Debug\libArduinoCore.a(Adafruit_SSD1306.o) (_ZN7TwoWire5beginEv)
C:\Users\Lam\DOCUME~1\GitHub\NSEC-B~2\hw\2023\CONFBA~1\firmware\INTEGR~2\INTEGR~1\INTEGR~1\ARDUIN~1\Debug\libArduinoCore.a(abi.o)
                              C:\Users\Lam\DOCUME~1\GitHub\NSEC-B~2\hw\2023\CONFBA~1\firmware\INTEGR~2\INTEGR~1\INTEGR~1\ARDUIN~1\Debug\libArduinoCore.a(Print.o) (__cxa_pure_virtual)
C:\Users\Lam\DOCUME~1\GitHub\NSEC-B~2\hw\2023\CONFBA~1\firmware\INTEGR~2\INTEGR~1\INTEGR~1\ARDUIN~1\Debug\libArduinoCore.a(hooks.o)
                              C:\Users\Lam\DOCUME~1\GitHub\NSEC-B~2\hw\2023\CONFBA~1\firmware\INTEGR~2\INTEGR~1\INTEGR~1\ARDUIN~1\Debug\libArduinoCore.a(wiring.o) (yield)
C:\Users\Lam\DOCUME~1\GitHub\NSEC-B~2\hw\2023\CONFBA~1\firmware\INTEGR~2\INTEGR~1\INTEGR~1\ARDUIN~1\Debug\libArduinoCore.a(twi.o)
                              C:\Users\Lam\DOCUME~1\GitHub\NSEC-B~2\hw\2023\CONFBA~1\firmware\INTEGR~2\INTEGR~1\INTEGR~1\ARDUIN~1\Debug\libArduinoCore.a(Wire.o) (twi_init)
c:/program files (x86)/atmel/studio/7.0/toolchain/avr8/avr8-gnu-toolchain/bin/../lib/gcc/avr/5.4.0/../../../../avr/lib/avr5\libm.a(addsf3.o)
                              C:\Users\Lam\DOCUME~1\GitHub\NSEC-B~2\hw\2023\CONFBA~1\firmware\INTEGR~2\INTEGR~1\INTEGR~1\ARDUIN~1\Debug\libArduinoCore.a(Print.o) (__subsf3)
c:/program files (x86)/atmel/studio/7.0/toolchain/avr8/avr8-gnu-toolchain/bin/../lib/gcc/avr/5.4.0/../../../../avr/lib/avr5\libm.a(addsf3x.o)
                              c:/program files (x86)/atmel/studio/7.0/toolchain/avr8/avr8-gnu-toolchain/bin/../lib/gcc/avr/5.4.0/../../../../avr/lib/avr5\libm.a(addsf3.o) (__addsf3x)
c:/program files (x86)/atmel/studio/7.0/toolchain/avr8/avr8-gnu-toolchain/bin/../lib/gcc/avr/5.4.0/../../../../avr/lib/avr5\libm.a(cmpsf2.o)
                              C:\Users\Lam\DOCUME~1\GitHub\NSEC-B~2\hw\2023\CONFBA~1\firmware\INTEGR~2\INTEGR~1\INTEGR~1\ARDUIN~1\Debug\libArduinoCore.a(Print.o) (__ltsf2)
c:/program files (x86)/atmel/studio/7.0/toolchain/avr8/avr8-gnu-toolchain/bin/../lib/gcc/avr/5.4.0/../../../../avr/lib/avr5\libm.a(divsf3.o)
[...]
Memory Configuration

Name             Origin             Length             Attributes
text             0x00000000         0x00008000         xr
data             0x00800100         0x00000800         rw !x
eeprom           0x00810000         0x00000400         rw !x
fuse             0x00820000         0x00000003         rw !x
lock             0x00830000         0x00000400         rw !x
signature        0x00840000         0x00000400         rw !x
user_signatures  0x00850000         0x00000400         rw !x
*default*        0x00000000         0xffffffff

Linker script and memory map

Address of section .data set to 0x800100
LOAD C:/Program Files (x86)/Atmel/Studio/7.0/Packs/atmel/ATmega_DFP/1.7.374/gcc/dev/atmega328p/avr5/crtatmega328p.o
LOAD neopix.o
LOAD Sketch.o
START GROUP
LOAD c:/program files (x86)/atmel/studio/7.0/toolchain/avr8/avr8-gnu-toolchain/bin/../lib/gcc/avr/5.4.0/../../../../avr/lib/avr5\libm.a
LOAD C:\Users\Lam\DOCUME~1\GitHub\NSEC-B~2\hw\2023\CONFBA~1\firmware\INTEGR~2\INTEGR~1\INTEGR~1\ARDUIN~1\Debug\libArduinoCore.a
END GROUP
LOAD c:/program files (x86)/atmel/studio/7.0/toolchain/avr8/avr8-gnu-toolchain/bin/../lib/gcc/avr/5.4.0/avr5\libgcc.a
LOAD c:/program files (x86)/atmel/studio/7.0/toolchain/avr8/avr8-gnu-toolchain/bin/../lib/gcc/avr/5.4.0/../../../../avr/lib/avr5\libm.a
START GROUP
LOAD c:/program files (x86)/atmel/studio/7.0/toolchain/avr8/avr8-gnu-toolchain/bin/../lib/gcc/avr/5.4.0/avr5\libgcc.a
LOAD c:/program files (x86)/atmel/studio/7.0/toolchain/avr8/avr8-gnu-toolchain/bin/../lib/gcc/avr/5.4.0/../../../../avr/lib/avr5\libm.a
LOAD c:/program files (x86)/atmel/studio/7.0/toolchain/avr8/avr8-gnu-toolchain/bin/../lib/gcc/avr/5.4.0/../../../../avr/lib/avr5\libc.a
LOAD C:/Program Files (x86)/Atmel/Studio/7.0/Packs/atmel/ATmega_DFP/1.7.374/gcc/dev/atmega328p/avr5\libatmega328p.a
END GROUP
                0x00000000                __TEXT_REGION_ORIGIN__ = DEFINED (__TEXT_REGION_ORIGIN__)?__TEXT_REGION_ORIGIN__:0x0
                [0x00800100]                __DATA_REGION_ORIGIN__ = DEFINED (__DATA_REGION_ORIGIN__)?__DATA_REGION_ORIGIN__:0x800060
                [0x00008000]                __TEXT_REGION_LENGTH__ = DEFINED (__TEXT_REGION_LENGTH__)?__TEXT_REGION_LENGTH__:0x20000
                [0x00000800]                __DATA_REGION_LENGTH__ = DEFINED (__DATA_REGION_LENGTH__)?__DATA_REGION_LENGTH__:0xffa0
                [0x00000400]                __EEPROM_REGION_LENGTH__ = DEFINED (__EEPROM_REGION_LENGTH__)?__EEPROM_REGION_LENGTH__:0x10000
                [0x00000003]                __FUSE_REGION_LENGTH__ = DEFINED (__FUSE_REGION_LENGTH__)?__FUSE_REGION_LENGTH__:0x400
                0x00000400                __LOCK_REGION_LENGTH__ = DEFINED (__LOCK_REGION_LENGTH__)?__LOCK_REGION_LENGTH__:0x400
                0x00000400                __SIGNATURE_REGION_LENGTH__ = DEFINED (__SIGNATURE_REGION_LENGTH__)?__SIGNATURE_REGION_LENGTH__:0x400
                0x00000400                __USER_SIGNATURE_REGION_LENGTH__ = DEFINED (__USER_SIGNATURE_REGION_LENGTH__)?__USER_SIGNATURE_REGION_LENGTH__:0x400

.hash
 *(.hash)

.dynsym
 *(.dynsym)

.dynstr
 *(.dynstr)

.gnu.version
 *(.gnu.version)

.gnu.version_d
 *(.gnu.version_d)

.gnu.version_r
 *(.gnu.version_r)

.rel.init
 *(.rel.init)

.rela.init
 *(.rela.init)

.rel.text
 *(.rel.text)
 *(.rel.text.*)
 *(.rel.gnu.linkonce.t*)

.rela.text
 *(.rela.text)
 *(.rela.text.*)
 *(.rela.gnu.linkonce.t*)

.rel.fini
 *(.rel.fini)

.rela.fini
 *(.rela.fini)

.rel.rodata
 *(.rel.rodata)
 *(.rel.rodata.*)
 *(.rel.gnu.linkonce.r*)

.rela.rodata
 *(.rela.rodata)
 *(.rela.rodata.*)
 *(.rela.gnu.linkonce.r*)

.rel.data
 *(.rel.data)
 *(.rel.data.*)
 *(.rel.gnu.linkonce.d*)

.rela.data
 *(.rela.data)
 *(.rela.data.*)
 *(.rela.gnu.linkonce.d*)

.rel.ctors
 *(.rel.ctors)

.rela.ctors
 *(.rela.ctors)

.rel.dtors
 *(.rel.dtors)

.rela.dtors
 *(.rela.dtors)

.rel.got
 *(.rel.got)

.rela.got
 *(.rela.got)

.rel.bss
 *(.rel.bss)

.rela.bss
 *(.rela.bss)

.rel.plt
 *(.rel.plt)

.rela.plt
 *(.rela.plt)

.text           0x00000000     0x48d0
 *(.vectors)
 .vectors       0x00000000       0x68 C:/Program Files (x86)/Atmel/Studio/7.0/Packs/atmel/ATmega_DFP/1.7.374/gcc/dev/atmega328p/avr5/crtatmega328p.o
                0x00000000                __vector_default
                0x00000000                __vectors
 *(.vectors)
 *(.progmem.gcc*)
                0x00000068                . = ALIGN (0x2)
                0x00000068                __trampolines_start = .
 *(.trampolines)
 .trampolines   0x00000068        0x0 linker stubs
 *(.trampolines*)
                0x00000068                __trampolines_end = .
 *libprintf_flt.a:*(.progmem.data)
 *libc.a:*(.progmem.data)
 *(.progmem*)
 .progmem.data._ZZ4loopE3__c_1
                0x00000068        0xd Sketch.o
 .progmem.data._ZZ4loopE3__c_0
                0x00000075       0x10 Sketch.o
 .progmem.data._ZZ4loopE3__c
                0x00000085        0xf Sketch.o
 .progmem.data._ZZ5setupE3__c
                0x00000094       0x1a Sketch.o
 .progmem.data.digital_pin_to_timer_PGM
                0x000000ae       0x14 C:\Users\Lam\DOCUME~1\GitHub\NSEC-B~2\hw\2023\CONFBA~1\firmware\INTEGR~2\INTEGR~1\INTEGR~1\ARDUIN~1\Debug\libArduinoCore.a(wiring_digital.o)
                0x000000ae                digital_pin_to_timer_PGM
 .progmem.data.digital_pin_to_bit_mask_PGM
                0x000000c2       0x14 C:\Users\Lam\DOCUME~1\GitHub\NSEC-B~2\hw\2023\CONFBA~1\firmware\INTEGR~2\INTEGR~1\INTEGR~1\ARDUIN~1\Debug\libArduinoCore.a(wiring_digital.o)
                0x000000c2                digital_pin_to_bit_mask_PGM
 .progmem.data.digital_pin_to_port_PGM
                0x000000d6       0x14 C:\Users\Lam\DOCUME~1\GitHub\NSEC-B~2\hw\2023\CONFBA~1\firmware\INTEGR~2\INTEGR~1\INTEGR~1\ARDUIN~1\Debug\libArduinoCore.a(wiring_digital.o)
                0x000000d6                digital_pin_to_port_PGM
 .progmem.data.port_to_input_PGM
                0x000000ea        0xa C:\Users\Lam\DOCUME~1\GitHub\NSEC-B~2\hw\2023\CONFBA~1\firmware\INTEGR~2\INTEGR~1\INTEGR~1\ARDUIN~1\Debug\libArduinoCore.a(wiring_digital.o)
                0x000000ea                port_to_input_PGM
 .progmem.data.port_to_output_PGM
                0x000000f4        0xa C:\Users\Lam\DOCUME~1\GitHub\NSEC-B~2\hw\2023\CONFBA~1\firmware\INTEGR~2\INTEGR~1\INTEGR~1\ARDUIN~1\Debug\libArduinoCore.a(wiring_digital.o)
                0x000000f4                port_to_output_PGM
 .progmem.data.port_to_mode_PGM
                0x000000fe        0xa C:\Users\Lam\DOCUME~1\GitHub\NSEC-B~2\hw\2023\CONFBA~1\firmware\INTEGR~2\INTEGR~1\INTEGR~1\ARDUIN~1\Debug\libArduinoCore.a(wiring_digital.o)
                0x000000fe                port_to_mode_PGM
 .progmem.data._ZL4font
                0x00000108      0x500 C:\Users\Lam\DOCUME~1\GitHub\NSEC-B~2\hw\2023\CONFBA~1\firmware\INTEGR~2\INTEGR~1\INTEGR~1\ARDUIN~1\Debug\libArduinoCore.a(Adafruit_GFX.o)
 .progmem.data._ZZN16Adafruit_SSD13067displayEvE6dlist1
                0x00000608        0x5 C:\Users\Lam\DOCUME~1\GitHub\NSEC-B~2\hw\2023\CONFBA~1\firmware\INTEGR~2\INTEGR~1\INTEGR~1\ARDUIN~1\Debug\libArduinoCore.a(Adafruit_SSD1306.o)
 .progmem.data._ZZN16Adafruit_SSD130621drawFastVLineInternalEiiijE8postmask
                0x0000060d        0x8 C:\Users\Lam\DOCUME~1\GitHub\NSEC-B~2\hw\2023\CONFBA~1\firmware\INTEGR~2\INTEGR~1\INTEGR~1\ARDUIN~1\Debug\libArduinoCore.a(Adafruit_SSD1306.o)
 .progmem.data._ZZN16Adafruit_SSD130621drawFastVLineInternalEiiijE7premask
                0x00000615        0x8 C:\Users\Lam\DOCUME~1\GitHub\NSEC-B~2\hw\2023\CONFBA~1\firmware\INTEGR~2\INTEGR~1\INTEGR~1\ARDUIN~1\Debug\libArduinoCore.a(Adafruit_SSD1306.o)
 .progmem.data._ZZN16Adafruit_SSD13065beginEhhbbE5init5
                0x0000061d        0x6 C:\Users\Lam\DOCUME~1\GitHub\NSEC-B~2\hw\2023\CONFBA~1\firmware\INTEGR~2\INTEGR~1\INTEGR~1\ARDUIN~1\Debug\libArduinoCore.a(Adafruit_SSD1306.o)
 .progmem.data._ZZN16Adafruit_SSD13065beginEhhbbE5init3
                0x00000623        0x4 C:\Users\Lam\DOCUME~1\GitHub\NSEC-B~2\hw\2023\CONFBA~1\firmware\INTEGR~2\INTEGR~1\INTEGR~1\ARDUIN~1\Debug\libArduinoCore.a(Adafruit_SSD1306.o)
 .progmem.data._ZZN16Adafruit_SSD13065beginEhhbbE5init2
                0x00000627        0x4 C:\Users\Lam\DOCUME~1\GitHub\NSEC-B~2\hw\2023\CONFBA~1\firmware\INTEGR~2\INTEGR~1\INTEGR~1\ARDUIN~1\Debug\libArduinoCore.a(Adafruit_SSD1306.o)
 .progmem.data._ZZN16Adafruit_SSD13065beginEhhbbE5init1
                0x0000062b        0x4 C:\Users\Lam\DOCUME~1\GitHub\NSEC-B~2\hw\2023\CONFBA~1\firmware\INTEGR~2\INTEGR~1\INTEGR~1\ARDUIN~1\Debug\libArduinoCore.a(Adafruit_SSD1306.o)
 .progmem.data._ZL12splash2_data
                0x0000062f      0x1e0 C:\Users\Lam\DOCUME~1\GitHub\NSEC-B~2\hw\2023\CONFBA~1\firmware\INTEGR~2\INTEGR~1\INTEGR~1\ARDUIN~1\Debug\libArduinoCore.a(Adafruit_SSD1306.o)
 .progmem.data._ZL12splash1_data
                0x0000080f      0x2c0 C:\Users\Lam\DOCUME~1\GitHub\NSEC-B~2\hw\2023\CONFBA~1\firmware\INTEGR~2\INTEGR~1\INTEGR~1\ARDUIN~1\Debug\libArduinoCore.a(Adafruit_SSD1306.o)
                0x00000ad0                . = ALIGN (0x2)
 *fill*         0x00000acf        0x1 
 *(.jumptables)
 *(.jumptables*)
 *(.lowtext)
 *(.lowtext*)
                0x00000ad0                __ctors_start = .
 *(.ctors)
 .ctors         0x00000ad0        0x2 Sketch.o
 .ctors         0x00000ad2        0x2 C:\Users\Lam\DOCUME~1\GitHub\NSEC-B~2\hw\2023\CONFBA~1\firmware\INTEGR~2\INTEGR~1\INTEGR~1\ARDUIN~1\Debug\libArduinoCore.a(HardwareSerial0.o)
 .ctors         0x00000ad4        0x2 C:\Users\Lam\DOCUME~1\GitHub\NSEC-B~2\hw\2023\CONFBA~1\firmware\INTEGR~2\INTEGR~1\INTEGR~1\ARDUIN~1\Debug\libArduinoCore.a(Wire.o)
                0x00000ad6                __ctors_end = .
                0x00000ad6                __dtors_start = .
 *(.dtors)
 .dtors         0x00000ad6        0x2 Sketch.o
                0x00000ad8                __dtors_end = .
 SORT(*)(.ctors)
 SORT(*)(.dtors)
 *(.init0)
 .init0         0x00000ad8        0x0 C:/Program Files (x86)/Atmel/Studio/7.0/Packs/atmel/ATmega_DFP/1.7.374/gcc/dev/atmega328p/avr5/crtatmega328p.o
                0x00000ad8                __init
 *(.init0)
 *(.init1)
 *(.init1)
 *(.init2)
 .init2         0x00000ad8        0xc C:/Program Files (x86)/Atmel/Studio/7.0/Packs/atmel/ATmega_DFP/1.7.374/gcc/dev/atmega328p/avr5/crtatmega328p.o
 *(.init2)
 *(.init3)
 *(.init3)
 *(.init4)
 .init4         0x00000ae4       0x16 c:/program files (x86)/atmel/studio/7.0/toolchain/avr8/avr8-gnu-toolchain/bin/../lib/gcc/avr/5.4.0/avr5\libgcc.a(_copy_data.o)
                0x00000ae4                __do_copy_data
 .init4         0x00000afa       0x10 c:/program files (x86)/atmel/studio/7.0/toolchain/avr8/avr8-gnu-toolchain/bin/../lib/gcc/avr/5.4.0/avr5\libgcc.a(_clear_bss.o)
                0x00000afa                __do_clear_bss
 *(.init4)
 *(.init5)
 *(.init5)
 *(.init6)
 .init6         0x00000b0a       0x16 c:/program files (x86)/atmel/studio/7.0/toolchain/avr8/avr8-gnu-toolchain/bin/../lib/gcc/avr/5.4.0/avr5\libgcc.a(_ctors.o)
                0x00000b0a                __do_global_ctors
 *(.init6)
 *(.init7)
 *(.init7)
 *(.init8)
 *(.init8)
 *(.init9)
 .init9         0x00000b20        0x8 C:/Program Files (x86)/Atmel/Studio/7.0/Packs/atmel/ATmega_DFP/1.7.374/gcc/dev/atmega328p/avr5/crtatmega328p.o
 *(.init9)
 *(.text)
 .text          0x00000b28        0x4 C:/Program Files (x86)/Atmel/Studio/7.0/Packs/atmel/ATmega_DFP/1.7.374/gcc/dev/atmega328p/avr5/crtatmega328p.o
                0x00000b28                __vector_22
                0x00000b28                __vector_1
                0x00000b28                __vector_12
                0x00000b28                __bad_interrupt
                0x00000b28                __vector_6
                0x00000b28                __vector_3
                0x00000b28                __vector_23
                0x00000b28                __vector_25
                0x00000b28                __vector_11
                0x00000b28                __vector_13
                0x00000b28                __vector_17
                0x00000b28                __vector_7
                0x00000b28                __vector_5
                0x00000b28                __vector_4
                0x00000b28                __vector_9
                0x00000b28                __vector_2
                0x00000b28                __vector_21
                0x00000b28                __vector_15
                0x00000b28                __vector_8
                0x00000b28                __vector_14
                0x00000b28                __vector_10
                0x00000b28                __vector_20
                0x00000b2c                . = ALIGN (0x2)
 *(.text.*)
 .text.setup    0x00000b2c       0x96 Sketch.o
                0x00000b2c                setup
 .text._Z11neopix_idlev
                0x00000bc2       0x9a Sketch.o
                0x00000bc2                _Z11neopix_idlev
 .text._Z14neopix_successv
                0x00000c5c       0xaa Sketch.o
                0x00000c5c                _Z14neopix_successv
 .text._Z19neopix_connectRightv
                0x00000d06       0x5a Sketch.o
                0x00000d06                _Z19neopix_connectRightv
 .text._Z18neopix_connectLeftv
                0x00000d60       0x56 Sketch.o
                0x00000d60                _Z18neopix_connectLeftv
 .text._Z19incrementLoadingBarv
                0x00000db6      0x10c Sketch.o
                0x00000db6                _Z19incrementLoadingBarv
 .text.loop     0x00000ec2      0x192 Sketch.o
                0x00000ec2                loop
 .text.startup._GLOBAL__sub_I_pixels
                0x00001054       0x68 Sketch.o
 .text.exit._GLOBAL__sub_D_pixels
                0x000010bc       0x10 Sketch.o
 .text._ZN14HardwareSerial9availableEv
                0x000010cc       0x18 C:\Users\Lam\DOCUME~1\GitHub\NSEC-B~2\hw\2023\CONFBA~1\firmware\INTEGR~2\INTEGR~1\INTEGR~1\ARDUIN~1\Debug\libArduinoCore.a(HardwareSerial.o)
                0x000010cc                _ZN14HardwareSerial9availableEv
 .text._ZN14HardwareSerial4peekEv
                0x000010e4       0x1c C:\Users\Lam\DOCUME~1\GitHub\NSEC-B~2\hw\2023\CONFBA~1\firmware\INTEGR~2\INTEGR~1\INTEGR~1\ARDUIN~1\Debug\libArduinoCore.a(HardwareSerial.o)
                0x000010e4                _ZN14HardwareSerial4peekEv
 .text._ZN14HardwareSerial4readEv
                0x00001100       0x28 C:\Users\Lam\DOCUME~1\GitHub\NSEC-B~2\hw\2023\CONFBA~1\firmware\INTEGR~2\INTEGR~1\INTEGR~1\ARDUIN~1\Debug\libArduinoCore.a(HardwareSerial.o)
                0x00001100                _ZN14HardwareSerial4readEv
 .text._ZN14HardwareSerial17availableForWriteEv
                0x00001128       0x1e C:\Users\Lam\DOCUME~1\GitHub\NSEC-B~2\hw\2023\CONFBA~1\firmware\INTEGR~2\INTEGR~1\INTEGR~1\ARDUIN~1\Debug\libArduinoCore.a(HardwareSerial.o)
                0x00001128                _ZN14HardwareSerial17availableForWriteEv
 .text._Z14serialEventRunv
                0x00001146       0x1c C:\Users\Lam\DOCUME~1\GitHub\NSEC-B~2\hw\2023\CONFBA~1\firmware\INTEGR~2\INTEGR~1\INTEGR~1\ARDUIN~1\Debug\libArduinoCore.a(HardwareSerial.o)
                0x00001146                _Z14serialEventRunv
 .text._ZN14HardwareSerial17_tx_udr_empty_irqEv
                0x00001162       0x44 C:\Users\Lam\DOCUME~1\GitHub\NSEC-B~2\hw\2023\CONFBA~1\firmware\INTEGR~2\INTEGR~1\INTEGR~1\ARDUIN~1\Debug\libArduinoCore.a(HardwareSerial.o)
                0x00001162                _ZN14HardwareSerial17_tx_udr_empty_irqEv
 .text._ZN14HardwareSerial5writeEh
                0x000011a6       0x9a C:\Users\Lam\DOCUME~1\GitHub\NSEC-B~2\hw\2023\CONFBA~1\firmware\INTEGR~2\INTEGR~1\INTEGR~1\ARDUIN~1\Debug\libArduinoCore.a(HardwareSerial.o)
                0x000011a6                _ZN14HardwareSerial5writeEh
 .text._ZN14HardwareSerial5flushEv
                0x00001240       0x44 C:\Users\Lam\DOCUME~1\GitHub\NSEC-B~2\hw\2023\CONFBA~1\firmware\INTEGR~2\INTEGR~1\INTEGR~1\ARDUIN~1\Debug\libArduinoCore.a(HardwareSerial.o)
                0x00001240                _ZN14HardwareSerial5flushEv
 .text._ZN14HardwareSerial5beginEmh
                0x00001284       0xc0 C:\Users\Lam\DOCUME~1\GitHub\NSEC-B~2\hw\2023\CONFBA~1\firmware\INTEGR~2\INTEGR~1\INTEGR~1\ARDUIN~1\Debug\libArduinoCore.a(HardwareSerial.o)
                0x00001284                _ZN14HardwareSerial5beginEmh
 .text._ZN5Print17availableForWriteEv
                0x00001344        0x6 C:\Users\Lam\DOCUME~1\GitHub\NSEC-B~2\hw\2023\CONFBA~1\firmware\INTEGR~2\INTEGR~1\INTEGR~1\ARDUIN~1\Debug\libArduinoCore.a(HardwareSerial0.o)
                0x00001344                _ZN5Print17availableForWriteEv
 .text._ZN5Print5flushEv
                0x0000134a        0x2 C:\Users\Lam\DOCUME~1\GitHub\NSEC-B~2\hw\2023\CONFBA~1\firmware\INTEGR~2\INTEGR~1\INTEGR~1\ARDUIN~1\Debug\libArduinoCore.a(HardwareSerial0.o)
                0x0000134a                _ZN5Print5flushEv
 .text.__vector_18
                0x0000134c       0x64 C:\Users\Lam\DOCUME~1\GitHub\NSEC-B~2\hw\2023\CONFBA~1\firmware\INTEGR~2\INTEGR~1\INTEGR~1\ARDUIN~1\Debug\libArduinoCore.a(HardwareSerial0.o)
                0x0000134c                __vector_18
 .text.__vector_19
                0x000013b0       0x4c C:\Users\Lam\DOCUME~1\GitHub\NSEC-B~2\hw\2023\CONFBA~1\firmware\INTEGR~2\INTEGR~1\INTEGR~1\ARDUIN~1\Debug\libArduinoCore.a(HardwareSerial0.o)
                0x000013b0                __vector_19
 .text._Z17Serial0_availablev
                0x000013fc       0x14 C:\Users\Lam\DOCUME~1\GitHub\NSEC-B~2\hw\2023\CONFBA~1\firmware\INTEGR~2\INTEGR~1\INTEGR~1\ARDUIN~1\Debug\libArduinoCore.a(HardwareSerial0.o)
                0x000013fc                _Z17Serial0_availablev
 .text.startup._GLOBAL__sub_I___vector_18
                0x00001410       0x5a C:\Users\Lam\DOCUME~1\GitHub\NSEC-B~2\hw\2023\CONFBA~1\firmware\INTEGR~2\INTEGR~1\INTEGR~1\ARDUIN~1\Debug\libArduinoCore.a(HardwareSerial0.o)
 .text.initVariant
                0x0000146a        0x2 C:\Users\Lam\DOCUME~1\GitHub\NSEC-B~2\hw\2023\CONFBA~1\firmware\INTEGR~2\INTEGR~1\INTEGR~1\ARDUIN~1\Debug\libArduinoCore.a(main.o)
                0x0000146a                initVariant
 .text.startup.main
                0x0000146c       0x1e C:\Users\Lam\DOCUME~1\GitHub\NSEC-B~2\hw\2023\CONFBA~1\firmware\INTEGR~2\INTEGR~1\INTEGR~1\ARDUIN~1\Debug\libArduinoCore.a(main.o)
                0x0000146c                main
 .text._ZN5Print5writeEPKhj
                0x0000148a       0x54 C:\Users\Lam\DOCUME~1\GitHub\NSEC-B~2\hw\2023\CONFBA~1\firmware\INTEGR~2\INTEGR~1\INTEGR~1\ARDUIN~1\Debug\libArduinoCore.a(Print.o)
                0x0000148a                _ZN5Print5writeEPKhj
 .text._ZN5Print5writeEPKc
                0x000014de       0x2a C:\Users\Lam\DOCUME~1\GitHub\NSEC-B~2\hw\2023\CONFBA~1\firmware\INTEGR~2\INTEGR~1\INTEGR~1\ARDUIN~1\Debug\libArduinoCore.a(Print.o)
                0x000014de                _ZN5Print5writeEPKc
 .text._ZN5Print5printEPK19__FlashStringHelper
                0x00001508       0x48 C:\Users\Lam\DOCUME~1\GitHub\NSEC-B~2\hw\2023\CONFBA~1\firmware\INTEGR~2\INTEGR~1\INTEGR~1\ARDUIN~1\Debug\libArduinoCore.a(Print.o)
                0x00001508                _ZN5Print5printEPK19__FlashStringHelper
 .text._ZN5Print7printlnEv
                0x00001550        0x8 C:\Users\Lam\DOCUME~1\GitHub\NSEC-B~2\hw\2023\CONFBA~1\firmware\INTEGR~2\INTEGR~1\INTEGR~1\ARDUIN~1\Debug\libArduinoCore.a(Print.o)
                0x00001550                _ZN5Print7printlnEv
 .text._ZN5Print7printlnEPK19__FlashStringHelper
                0x00001558       0x24 C:\Users\Lam\DOCUME~1\GitHub\NSEC-B~2\hw\2023\CONFBA~1\firmware\INTEGR~2\INTEGR~1\INTEGR~1\ARDUIN~1\Debug\libArduinoCore.a(Print.o)
                0x00001558                _ZN5Print7printlnEPK19__FlashStringHelper
 .text._ZN5Print11printNumberEmh
                0x0000157c       0x92 C:\Users\Lam\DOCUME~1\GitHub\NSEC-B~2\hw\2023\CONFBA~1\firmware\INTEGR~2\INTEGR~1\INTEGR~1\ARDUIN~1\Debug\libArduinoCore.a(Print.o)
                0x0000157c                _ZN5Print11printNumberEmh
 .text._ZN5Print5printEmi
                0x0000160e       0x1a C:\Users\Lam\DOCUME~1\GitHub\NSEC-B~2\hw\2023\CONFBA~1\firmware\INTEGR~2\INTEGR~1\INTEGR~1\ARDUIN~1\Debug\libArduinoCore.a(Print.o)
                0x0000160e                _ZN5Print5printEmi
 .text._ZN5Print7printlnEmi
                0x00001628       0x24 C:\Users\Lam\DOCUME~1\GitHub\NSEC-B~2\hw\2023\CONFBA~1\firmware\INTEGR~2\INTEGR~1\INTEGR~1\ARDUIN~1\Debug\libArduinoCore.a(Print.o)
                0x00001628                _ZN5Print7printlnEmi
 .text.__vector_16
                0x0000164c       0x94 C:\Users\Lam\DOCUME~1\GitHub\NSEC-B~2\hw\2023\CONFBA~1\firmware\INTEGR~2\INTEGR~1\INTEGR~1\ARDUIN~1\Debug\libArduinoCore.a(wiring.o)
                0x0000164c                __vector_16
 .text.millis   0x000016e0       0x18 C:\Users\Lam\DOCUME~1\GitHub\NSEC-B~2\hw\2023\CONFBA~1\firmware\INTEGR~2\INTEGR~1\INTEGR~1\ARDUIN~1\Debug\libArduinoCore.a(wiring.o)
                0x000016e0                millis
 .text.micros   0x000016f8       0x4a C:\Users\Lam\DOCUME~1\GitHub\NSEC-B~2\hw\2023\CONFBA~1\firmware\INTEGR~2\INTEGR~1\INTEGR~1\ARDUIN~1\Debug\libArduinoCore.a(wiring.o)
                0x000016f8                micros
 .text.delay    0x00001742       0x78 C:\Users\Lam\DOCUME~1\GitHub\NSEC-B~2\hw\2023\CONFBA~1\firmware\INTEGR~2\INTEGR~1\INTEGR~1\ARDUIN~1\Debug\libArduinoCore.a(wiring.o)
                0x00001742                delay
 .text.init     0x000017ba       0x76 C:\Users\Lam\DOCUME~1\GitHub\NSEC-B~2\hw\2023\CONFBA~1\firmware\INTEGR~2\INTEGR~1\INTEGR~1\ARDUIN~1\Debug\libArduinoCore.a(wiring.o)
                0x000017ba                init
 .text.turnOffPWM
                0x00001830       0x52 C:\Users\Lam\DOCUME~1\GitHub\NSEC-B~2\hw\2023\CONFBA~1\firmware\INTEGR~2\INTEGR~1\INTEGR~1\ARDUIN~1\Debug\libArduinoCore.a(wiring_digital.o)
 .text.pinMode  0x00001882       0x78 C:\Users\Lam\DOCUME~1\GitHub\NSEC-B~2\hw\2023\CONFBA~1\firmware\INTEGR~2\INTEGR~1\INTEGR~1\ARDUIN~1\Debug\libArduinoCore.a(wiring_digital.o)
                0x00001882                pinMode
 .text.digitalWrite
                0x000018fa       0x5e C:\Users\Lam\DOCUME~1\GitHub\NSEC-B~2\hw\2023\CONFBA~1\firmware\INTEGR~2\INTEGR~1\INTEGR~1\ARDUIN~1\Debug\libArduinoCore.a(wiring_digital.o)
                0x000018fa                digitalWrite
 .text.digitalRead
                0x00001958       0x52 C:\Users\Lam\DOCUME~1\GitHub\NSEC-B~2\hw\2023\CONFBA~1\firmware\INTEGR~2\INTEGR~1\INTEGR~1\ARDUIN~1\Debug\libArduinoCore.a(wiring_digital.o)
                0x00001958                digitalRead
 .text._Z6randoml
                0x000019aa       0x34 C:\Users\Lam\DOCUME~1\GitHub\NSEC-B~2\hw\2023\CONFBA~1\firmware\INTEGR~2\INTEGR~1\INTEGR~1\ARDUIN~1\Debug\libArduinoCore.a(WMath.o)
                0x000019aa                _Z6randoml
 .text._Z6randomll
                0x000019de       0x44 C:\Users\Lam\DOCUME~1\GitHub\NSEC-B~2\hw\2023\CONFBA~1\firmware\INTEGR~2\INTEGR~1\INTEGR~1\ARDUIN~1\Debug\libArduinoCore.a(WMath.o)
                0x000019de                _Z6randomll
 .text._ZN12Adafruit_GFX9writeLineEiiiij
                0x00001a22      0x164 C:\Users\Lam\DOCUME~1\GitHub\NSEC-B~2\hw\2023\CONFBA~1\firmware\INTEGR~2\INTEGR~1\INTEGR~1\ARDUIN~1\Debug\libArduinoCore.a(Adafruit_GFX.o)
                0x00001a22                _ZN12Adafruit_GFX9writeLineEiiiij
 .text._ZN12Adafruit_GFX10writePixelEiij
                0x00001b86        0xe C:\Users\Lam\DOCUME~1\GitHub\NSEC-B~2\hw\2023\CONFBA~1\firmware\INTEGR~2\INTEGR~1\INTEGR~1\ARDUIN~1\Debug\libArduinoCore.a(Adafruit_GFX.o)
                0x00001b86                _ZN12Adafruit_GFX10writePixelEiij
 .text._ZN12Adafruit_GFX14writeFastVLineEiiij
                0x00001b94       0x18 C:\Users\Lam\DOCUME~1\GitHub\NSEC-B~2\hw\2023\CONFBA~1\firmware\INTEGR~2\INTEGR~1\INTEGR~1\ARDUIN~1\Debug\libArduinoCore.a(Adafruit_GFX.o)
                0x00001b94                _ZN12Adafruit_GFX14writeFastVLineEiiij
 .text._ZN12Adafruit_GFX14writeFastHLineEiiij
                0x00001bac       0x18 C:\Users\Lam\DOCUME~1\GitHub\NSEC-B~2\hw\2023\CONFBA~1\firmware\INTEGR~2\INTEGR~1\INTEGR~1\ARDUIN~1\Debug\libArduinoCore.a(Adafruit_GFX.o)
                0x00001bac                _ZN12Adafruit_GFX14writeFastHLineEiiij
 .text._ZN12Adafruit_GFX13writeFillRectEiiiij
                0x00001bc4       0x20 C:\Users\Lam\DOCUME~1\GitHub\NSEC-B~2\hw\2023\CONFBA~1\firmware\INTEGR~2\INTEGR~1\INTEGR~1\ARDUIN~1\Debug\libArduinoCore.a(Adafruit_GFX.o)
                0x00001bc4                _ZN12Adafruit_GFX13writeFillRectEiiiij
 .text._ZN12Adafruit_GFX8endWriteEv
                0x00001be4        0x2 C:\Users\Lam\DOCUME~1\GitHub\NSEC-B~2\hw\2023\CONFBA~1\firmware\INTEGR~2\INTEGR~1\INTEGR~1\ARDUIN~1\Debug\libArduinoCore.a(Adafruit_GFX.o)
                0x00001be4                _ZN12Adafruit_GFX10startWriteEv
                0x00001be4                _ZN12Adafruit_GFX8endWriteEv
 .text._ZN12Adafruit_GFX13drawFastVLineEiiij
                0x00001be6       0x72 C:\Users\Lam\DOCUME~1\GitHub\NSEC-B~2\hw\2023\CONFBA~1\firmware\INTEGR~2\INTEGR~1\INTEGR~1\ARDUIN~1\Debug\libArduinoCore.a(Adafruit_GFX.o)
                0x00001be6                _ZN12Adafruit_GFX13drawFastVLineEiiij
 .text._ZN12Adafruit_GFX13drawFastHLineEiiij
                0x00001c58       0x72 C:\Users\Lam\DOCUME~1\GitHub\NSEC-B~2\hw\2023\CONFBA~1\firmware\INTEGR~2\INTEGR~1\INTEGR~1\ARDUIN~1\Debug\libArduinoCore.a(Adafruit_GFX.o)
                0x00001c58                _ZN12Adafruit_GFX13drawFastHLineEiiij
 .text._ZN12Adafruit_GFX8fillRectEiiiij
                0x00001cca       0x8a C:\Users\Lam\DOCUME~1\GitHub\NSEC-B~2\hw\2023\CONFBA~1\firmware\INTEGR~2\INTEGR~1\INTEGR~1\ARDUIN~1\Debug\libArduinoCore.a(Adafruit_GFX.o)
                0x00001cca                _ZN12Adafruit_GFX8fillRectEiiiij
 .text._ZN12Adafruit_GFX10fillScreenEj
                0x00001d54       0x3a C:\Users\Lam\DOCUME~1\GitHub\NSEC-B~2\hw\2023\CONFBA~1\firmware\INTEGR~2\INTEGR~1\INTEGR~1\ARDUIN~1\Debug\libArduinoCore.a(Adafruit_GFX.o)
                0x00001d54                _ZN12Adafruit_GFX10fillScreenEj
 .text._ZN12Adafruit_GFX8drawLineEiiiij
                0x00001d8e       0xda C:\Users\Lam\DOCUME~1\GitHub\NSEC-B~2\hw\2023\CONFBA~1\firmware\INTEGR~2\INTEGR~1\INTEGR~1\ARDUIN~1\Debug\libArduinoCore.a(Adafruit_GFX.o)
                0x00001d8e                _ZN12Adafruit_GFX8drawLineEiiiij
 .text._ZN12Adafruit_GFX8drawRectEiiiij
                0x00001e68       0xbe C:\Users\Lam\DOCUME~1\GitHub\NSEC-B~2\hw\2023\CONFBA~1\firmware\INTEGR~2\INTEGR~1\INTEGR~1\ARDUIN~1\Debug\libArduinoCore.a(Adafruit_GFX.o)
                0x00001e68                _ZN12Adafruit_GFX8drawRectEiiiij
 .text._ZN12Adafruit_GFX13invertDisplayEb
                0x00001f26        0x2 C:\Users\Lam\DOCUME~1\GitHub\NSEC-B~2\hw\2023\CONFBA~1\firmware\INTEGR~2\INTEGR~1\INTEGR~1\ARDUIN~1\Debug\libArduinoCore.a(Adafruit_GFX.o)
                0x00001f26                _ZN12Adafruit_GFX13invertDisplayEb
 .text._ZN12Adafruit_GFX11setRotationEh
                0x00001f28       0x2a C:\Users\Lam\DOCUME~1\GitHub\NSEC-B~2\hw\2023\CONFBA~1\firmware\INTEGR~2\INTEGR~1\INTEGR~1\ARDUIN~1\Debug\libArduinoCore.a(Adafruit_GFX.o)
                0x00001f28                _ZN12Adafruit_GFX11setRotationEh
 .text._ZN12Adafruit_GFXC2Eii
                0x00001f52       0x44 C:\Users\Lam\DOCUME~1\GitHub\NSEC-B~2\hw\2023\CONFBA~1\firmware\INTEGR~2\INTEGR~1\INTEGR~1\ARDUIN~1\Debug\libArduinoCore.a(Adafruit_GFX.o)
                0x00001f52                _ZN12Adafruit_GFXC2Eii
                0x00001f52                _ZN12Adafruit_GFXC1Eii
 .text._ZN12Adafruit_GFX10drawBitmapEiiPKhiij
                0x00001f96      0x13c C:\Users\Lam\DOCUME~1\GitHub\NSEC-B~2\hw\2023\CONFBA~1\firmware\INTEGR~2\INTEGR~1\INTEGR~1\ARDUIN~1\Debug\libArduinoCore.a(Adafruit_GFX.o)
                0x00001f96                _ZN12Adafruit_GFX10drawBitmapEiiPKhiij
 .text._ZN12Adafruit_GFX8drawCharEiihjjhh
                0x000020d2      0x46a C:\Users\Lam\DOCUME~1\GitHub\NSEC-B~2\hw\2023\CONFBA~1\firmware\INTEGR~2\INTEGR~1\INTEGR~1\ARDUIN~1\Debug\libArduinoCore.a(Adafruit_GFX.o)
                0x000020d2                _ZN12Adafruit_GFX8drawCharEiihjjhh
 .text._ZN12Adafruit_GFX5writeEh
                0x0000253c      0x1b0 C:\Users\Lam\DOCUME~1\GitHub\NSEC-B~2\hw\2023\CONFBA~1\firmware\INTEGR~2\INTEGR~1\INTEGR~1\ARDUIN~1\Debug\libArduinoCore.a(Adafruit_GFX.o)
                0x0000253c                _ZN12Adafruit_GFX5writeEh
 .text._ZN12Adafruit_GFX11setTextSizeEhh
                0x000026ec       0x16 C:\Users\Lam\DOCUME~1\GitHub\NSEC-B~2\hw\2023\CONFBA~1\firmware\INTEGR~2\INTEGR~1\INTEGR~1\ARDUIN~1\Debug\libArduinoCore.a(Adafruit_GFX.o)
                0x000026ec                _ZN12Adafruit_GFX11setTextSizeEhh
 .text._ZN12Adafruit_GFX11setTextSizeEh
                0x00002702        0x6 C:\Users\Lam\DOCUME~1\GitHub\NSEC-B~2\hw\2023\CONFBA~1\firmware\INTEGR~2\INTEGR~1\INTEGR~1\ARDUIN~1\Debug\libArduinoCore.a(Adafruit_GFX.o)
                0x00002702                _ZN12Adafruit_GFX11setTextSizeEh
 .text._ZN17Adafruit_NeoPixelD2Ev
                0x00002708       0x26 C:\Users\Lam\DOCUME~1\GitHub\NSEC-B~2\hw\2023\CONFBA~1\firmware\INTEGR~2\INTEGR~1\INTEGR~1\ARDUIN~1\Debug\libArduinoCore.a(Adafruit_NeoPixel.o)
                0x00002708                _ZN17Adafruit_NeoPixelD2Ev
                0x00002708                _ZN17Adafruit_NeoPixelD1Ev
 .text._ZN17Adafruit_NeoPixel5beginEv
                0x0000272e       0x26 C:\Users\Lam\DOCUME~1\GitHub\NSEC-B~2\hw\2023\CONFBA~1\firmware\INTEGR~2\INTEGR~1\INTEGR~1\ARDUIN~1\Debug\libArduinoCore.a(Adafruit_NeoPixel.o)
                0x0000272e                _ZN17Adafruit_NeoPixel5beginEv
 .text._ZN17Adafruit_NeoPixel12updateLengthEj
                0x00002754       0x70 C:\Users\Lam\DOCUME~1\GitHub\NSEC-B~2\hw\2023\CONFBA~1\firmware\INTEGR~2\INTEGR~1\INTEGR~1\ARDUIN~1\Debug\libArduinoCore.a(Adafruit_NeoPixel.o)
                0x00002754                _ZN17Adafruit_NeoPixel12updateLengthEj
 .text._ZN17Adafruit_NeoPixel10updateTypeEj
                0x000027c4       0x6e C:\Users\Lam\DOCUME~1\GitHub\NSEC-B~2\hw\2023\CONFBA~1\firmware\INTEGR~2\INTEGR~1\INTEGR~1\ARDUIN~1\Debug\libArduinoCore.a(Adafruit_NeoPixel.o)
                0x000027c4                _ZN17Adafruit_NeoPixel10updateTypeEj
 .text._ZN17Adafruit_NeoPixel4showEv
                0x00002832      0x36e C:\Users\Lam\DOCUME~1\GitHub\NSEC-B~2\hw\2023\CONFBA~1\firmware\INTEGR~2\INTEGR~1\INTEGR~1\ARDUIN~1\Debug\libArduinoCore.a(Adafruit_NeoPixel.o)
                0x00002832                _ZN17Adafruit_NeoPixel4showEv
 .text._ZN17Adafruit_NeoPixel6setPinEi
                0x00002ba0       0x6e C:\Users\Lam\DOCUME~1\GitHub\NSEC-B~2\hw\2023\CONFBA~1\firmware\INTEGR~2\INTEGR~1\INTEGR~1\ARDUIN~1\Debug\libArduinoCore.a(Adafruit_NeoPixel.o)
                0x00002ba0                _ZN17Adafruit_NeoPixel6setPinEi
 .text._ZN17Adafruit_NeoPixelC2Ejij
                0x00002c0e       0x44 C:\Users\Lam\DOCUME~1\GitHub\NSEC-B~2\hw\2023\CONFBA~1\firmware\INTEGR~2\INTEGR~1\INTEGR~1\ARDUIN~1\Debug\libArduinoCore.a(Adafruit_NeoPixel.o)
                0x00002c0e                _ZN17Adafruit_NeoPixelC1Ejij
                0x00002c0e                _ZN17Adafruit_NeoPixelC2Ejij
 .text._ZN17Adafruit_NeoPixel13setPixelColorEjm
                0x00002c52       0xea C:\Users\Lam\DOCUME~1\GitHub\NSEC-B~2\hw\2023\CONFBA~1\firmware\INTEGR~2\INTEGR~1\INTEGR~1\ARDUIN~1\Debug\libArduinoCore.a(Adafruit_NeoPixel.o)
                0x00002c52                _ZN17Adafruit_NeoPixel13setPixelColorEjm
 .text._ZN17Adafruit_NeoPixel4fillEmjj
                0x00002d3c       0x6e C:\Users\Lam\DOCUME~1\GitHub\NSEC-B~2\hw\2023\CONFBA~1\firmware\INTEGR~2\INTEGR~1\INTEGR~1\ARDUIN~1\Debug\libArduinoCore.a(Adafruit_NeoPixel.o)
                0x00002d3c                _ZN17Adafruit_NeoPixel4fillEmjj
 .text._ZN17Adafruit_NeoPixel5clearEv
                0x00002daa       0x12 C:\Users\Lam\DOCUME~1\GitHub\NSEC-B~2\hw\2023\CONFBA~1\firmware\INTEGR~2\INTEGR~1\INTEGR~1\ARDUIN~1\Debug\libArduinoCore.a(Adafruit_NeoPixel.o)
                0x00002daa                _ZN17Adafruit_NeoPixel5clearEv
 .text._ZN16Adafruit_SSD13069drawPixelEiij
                0x00002dbc      0x17a C:\Users\Lam\DOCUME~1\GitHub\NSEC-B~2\hw\2023\CONFBA~1\firmware\INTEGR~2\INTEGR~1\INTEGR~1\ARDUIN~1\Debug\libArduinoCore.a(Adafruit_SSD1306.o)
                0x00002dbc                _ZN16Adafruit_SSD13069drawPixelEiij
 .text._ZN8SPIClass16beginTransactionE11SPISettings
                0x00002f36       0x34 C:\Users\Lam\DOCUME~1\GitHub\NSEC-B~2\hw\2023\CONFBA~1\firmware\INTEGR~2\INTEGR~1\INTEGR~1\ARDUIN~1\Debug\libArduinoCore.a(Adafruit_SSD1306.o)
                0x00002f36                _ZN8SPIClass16beginTransactionE11SPISettings
 .text._ZN8SPIClass8transferEh
                0x00002f6a        0xe C:\Users\Lam\DOCUME~1\GitHub\NSEC-B~2\hw\2023\CONFBA~1\firmware\INTEGR~2\INTEGR~1\INTEGR~1\ARDUIN~1\Debug\libArduinoCore.a(Adafruit_SSD1306.o)
                0x00002f6a                _ZN8SPIClass8transferEh
 .text._ZN8SPIClass14endTransactionEv
                0x00002f78       0x22 C:\Users\Lam\DOCUME~1\GitHub\NSEC-B~2\hw\2023\CONFBA~1\firmware\INTEGR~2\INTEGR~1\INTEGR~1\ARDUIN~1\Debug\libArduinoCore.a(Adafruit_SSD1306.o)
                0x00002f78                _ZN8SPIClass14endTransactionEv
 .text._ZN16Adafruit_SSD1306C2EhhP7TwoWireamm
                0x00002f9a       0x98 C:\Users\Lam\DOCUME~1\GitHub\NSEC-B~2\hw\2023\CONFBA~1\firmware\INTEGR~2\INTEGR~1\INTEGR~1\ARDUIN~1\Debug\libArduinoCore.a(Adafruit_SSD1306.o)
                0x00002f9a                _ZN16Adafruit_SSD1306C2EhhP7TwoWireamm
                0x00002f9a                _ZN16Adafruit_SSD1306C1EhhP7TwoWireamm
 .text._ZN16Adafruit_SSD1306D2Ev
                0x00003032       0x18 C:\Users\Lam\DOCUME~1\GitHub\NSEC-B~2\hw\2023\CONFBA~1\firmware\INTEGR~2\INTEGR~1\INTEGR~1\ARDUIN~1\Debug\libArduinoCore.a(Adafruit_SSD1306.o)
                0x00003032                _ZN16Adafruit_SSD1306D1Ev
                0x00003032                _ZN16Adafruit_SSD1306D2Ev
 .text._ZN16Adafruit_SSD130616ssd1306_command1Eh
                0x0000304a       0xc2 C:\Users\Lam\DOCUME~1\GitHub\NSEC-B~2\hw\2023\CONFBA~1\firmware\INTEGR~2\INTEGR~1\INTEGR~1\ARDUIN~1\Debug\libArduinoCore.a(Adafruit_SSD1306.o)
                0x0000304a                _ZN16Adafruit_SSD130616ssd1306_command1Eh
 .text._ZN16Adafruit_SSD130613invertDisplayEb
                0x0000310c       0x8e C:\Users\Lam\DOCUME~1\GitHub\NSEC-B~2\hw\2023\CONFBA~1\firmware\INTEGR~2\INTEGR~1\INTEGR~1\ARDUIN~1\Debug\libArduinoCore.a(Adafruit_SSD1306.o)
                0x0000310c                _ZN16Adafruit_SSD130613invertDisplayEb
 .text._ZN16Adafruit_SSD130619ssd1306_commandListEPKhh
                0x0000319a      0x150 C:\Users\Lam\DOCUME~1\GitHub\NSEC-B~2\hw\2023\CONFBA~1\firmware\INTEGR~2\INTEGR~1\INTEGR~1\ARDUIN~1\Debug\libArduinoCore.a(Adafruit_SSD1306.o)
                0x0000319a                _ZN16Adafruit_SSD130619ssd1306_commandListEPKhh
 .text._ZN16Adafruit_SSD130612clearDisplayEv
                0x000032ea       0x3c C:\Users\Lam\DOCUME~1\GitHub\NSEC-B~2\hw\2023\CONFBA~1\firmware\INTEGR~2\INTEGR~1\INTEGR~1\ARDUIN~1\Debug\libArduinoCore.a(Adafruit_SSD1306.o)
                0x000032ea                _ZN16Adafruit_SSD130612clearDisplayEv
 .text._ZN16Adafruit_SSD13065beginEhhbb
                0x00003326      0x3a2 C:\Users\Lam\DOCUME~1\GitHub\NSEC-B~2\hw\2023\CONFBA~1\firmware\INTEGR~2\INTEGR~1\INTEGR~1\ARDUIN~1\Debug\libArduinoCore.a(Adafruit_SSD1306.o)
                0x00003326                _ZN16Adafruit_SSD13065beginEhhbb
 .text._ZN16Adafruit_SSD130621drawFastHLineInternalEiiij
                0x000036c8       0xe0 C:\Users\Lam\DOCUME~1\GitHub\NSEC-B~2\hw\2023\CONFBA~1\firmware\INTEGR~2\INTEGR~1\INTEGR~1\ARDUIN~1\Debug\libArduinoCore.a(Adafruit_SSD1306.o)
                0x000036c8                _ZN16Adafruit_SSD130621drawFastHLineInternalEiiij
 .text._ZN16Adafruit_SSD130621drawFastVLineInternalEiiij
                0x000037a8      0x16a C:\Users\Lam\DOCUME~1\GitHub\NSEC-B~2\hw\2023\CONFBA~1\firmware\INTEGR~2\INTEGR~1\INTEGR~1\ARDUIN~1\Debug\libArduinoCore.a(Adafruit_SSD1306.o)
                0x000037a8                _ZN16Adafruit_SSD130621drawFastVLineInternalEiiij
 .text._ZN16Adafruit_SSD130613drawFastHLineEiiij
                0x00003912       0x82 C:\Users\Lam\DOCUME~1\GitHub\NSEC-B~2\hw\2023\CONFBA~1\firmware\INTEGR~2\INTEGR~1\INTEGR~1\ARDUIN~1\Debug\libArduinoCore.a(Adafruit_SSD1306.o)
                0x00003912                _ZN16Adafruit_SSD130613drawFastHLineEiiij
 .text._ZN16Adafruit_SSD130613drawFastVLineEiiij
                0x00003994       0x84 C:\Users\Lam\DOCUME~1\GitHub\NSEC-B~2\hw\2023\CONFBA~1\firmware\INTEGR~2\INTEGR~1\INTEGR~1\ARDUIN~1\Debug\libArduinoCore.a(Adafruit_SSD1306.o)
                0x00003994                _ZN16Adafruit_SSD130613drawFastVLineEiiij
 .text._ZN16Adafruit_SSD13067displayEv
                0x00003a18      0x1e4 C:\Users\Lam\DOCUME~1\GitHub\NSEC-B~2\hw\2023\CONFBA~1\firmware\INTEGR~2\INTEGR~1\INTEGR~1\ARDUIN~1\Debug\libArduinoCore.a(Adafruit_SSD1306.o)
                0x00003a18                _ZN16Adafruit_SSD13067displayEv
 .text._ZN8SPIClass5beginEv
                0x00003bfc       0x6c C:\Users\Lam\DOCUME~1\GitHub\NSEC-B~2\hw\2023\CONFBA~1\firmware\INTEGR~2\INTEGR~1\INTEGR~1\ARDUIN~1\Debug\libArduinoCore.a(SPI.o)
                0x00003bfc                _ZN8SPIClass5beginEv
 .text._ZN7TwoWire9availableEv
                0x00003c68       0x10 C:\Users\Lam\DOCUME~1\GitHub\NSEC-B~2\hw\2023\CONFBA~1\firmware\INTEGR~2\INTEGR~1\INTEGR~1\ARDUIN~1\Debug\libArduinoCore.a(Wire.o)
                0x00003c68                _ZN7TwoWire9availableEv
 .text._ZN7TwoWire4readEv
                0x00003c78       0x28 C:\Users\Lam\DOCUME~1\GitHub\NSEC-B~2\hw\2023\CONFBA~1\firmware\INTEGR~2\INTEGR~1\INTEGR~1\ARDUIN~1\Debug\libArduinoCore.a(Wire.o)
                0x00003c78                _ZN7TwoWire4readEv
 .text._ZN7TwoWire4peekEv
                0x00003ca0       0x1e C:\Users\Lam\DOCUME~1\GitHub\NSEC-B~2\hw\2023\CONFBA~1\firmware\INTEGR~2\INTEGR~1\INTEGR~1\ARDUIN~1\Debug\libArduinoCore.a(Wire.o)
                0x00003ca0                _ZN7TwoWire4peekEv
 .text._ZN7TwoWire5flushEv
                0x00003cbe        0x2 C:\Users\Lam\DOCUME~1\GitHub\NSEC-B~2\hw\2023\CONFBA~1\firmware\INTEGR~2\INTEGR~1\INTEGR~1\ARDUIN~1\Debug\libArduinoCore.a(Wire.o)
                0x00003cbe                _ZN7TwoWire5flushEv
 .text._ZN7TwoWire16onReceiveServiceEPhi
                0x00003cc0       0x54 C:\Users\Lam\DOCUME~1\GitHub\NSEC-B~2\hw\2023\CONFBA~1\firmware\INTEGR~2\INTEGR~1\INTEGR~1\ARDUIN~1\Debug\libArduinoCore.a(Wire.o)
                0x00003cc0                _ZN7TwoWire16onReceiveServiceEPhi
 .text._ZN7TwoWire16onRequestServiceEv
                0x00003d14       0x18 C:\Users\Lam\DOCUME~1\GitHub\NSEC-B~2\hw\2023\CONFBA~1\firmware\INTEGR~2\INTEGR~1\INTEGR~1\ARDUIN~1\Debug\libArduinoCore.a(Wire.o)
                0x00003d14                _ZN7TwoWire16onRequestServiceEv
 .text._ZN7TwoWire5writeEPKhj
                0x00003d2c       0x5a C:\Users\Lam\DOCUME~1\GitHub\NSEC-B~2\hw\2023\CONFBA~1\firmware\INTEGR~2\INTEGR~1\INTEGR~1\ARDUIN~1\Debug\libArduinoCore.a(Wire.o)
                0x00003d2c                _ZN7TwoWire5writeEPKhj
 .text._ZN7TwoWire5writeEh
                0x00003d86       0x5e C:\Users\Lam\DOCUME~1\GitHub\NSEC-B~2\hw\2023\CONFBA~1\firmware\INTEGR~2\INTEGR~1\INTEGR~1\ARDUIN~1\Debug\libArduinoCore.a(Wire.o)
                0x00003d86                _ZN7TwoWire5writeEh
 .text._ZN7TwoWireC2Ev
                0x00003de4       0x20 C:\Users\Lam\DOCUME~1\GitHub\NSEC-B~2\hw\2023\CONFBA~1\firmware\INTEGR~2\INTEGR~1\INTEGR~1\ARDUIN~1\Debug\libArduinoCore.a(Wire.o)
                0x00003de4                _ZN7TwoWireC1Ev
                0x00003de4                _ZN7TwoWireC2Ev
 .text._ZN7TwoWire5beginEv
                0x00003e04       0x24 C:\Users\Lam\DOCUME~1\GitHub\NSEC-B~2\hw\2023\CONFBA~1\firmware\INTEGR~2\INTEGR~1\INTEGR~1\ARDUIN~1\Debug\libArduinoCore.a(Wire.o)
                0x00003e04                _ZN7TwoWire5beginEv
 .text._ZN7TwoWire8setClockEm
                0x00003e28        0x8 C:\Users\Lam\DOCUME~1\GitHub\NSEC-B~2\hw\2023\CONFBA~1\firmware\INTEGR~2\INTEGR~1\INTEGR~1\ARDUIN~1\Debug\libArduinoCore.a(Wire.o)
                0x00003e28                _ZN7TwoWire8setClockEm
 .text._ZN7TwoWire17beginTransmissionEh
                0x00003e30       0x14 C:\Users\Lam\DOCUME~1\GitHub\NSEC-B~2\hw\2023\CONFBA~1\firmware\INTEGR~2\INTEGR~1\INTEGR~1\ARDUIN~1\Debug\libArduinoCore.a(Wire.o)
                0x00003e30                _ZN7TwoWire17beginTransmissionEh
 .text._ZN7TwoWire17beginTransmissionEi
                0x00003e44        0x4 C:\Users\Lam\DOCUME~1\GitHub\NSEC-B~2\hw\2023\CONFBA~1\firmware\INTEGR~2\INTEGR~1\INTEGR~1\ARDUIN~1\Debug\libArduinoCore.a(Wire.o)
                0x00003e44                _ZN7TwoWire17beginTransmissionEi
 .text._ZN7TwoWire15endTransmissionEh
                0x00003e48       0x26 C:\Users\Lam\DOCUME~1\GitHub\NSEC-B~2\hw\2023\CONFBA~1\firmware\INTEGR~2\INTEGR~1\INTEGR~1\ARDUIN~1\Debug\libArduinoCore.a(Wire.o)
                0x00003e48                _ZN7TwoWire15endTransmissionEh
 .text._ZN7TwoWire15endTransmissionEv
                0x00003e6e        0x6 C:\Users\Lam\DOCUME~1\GitHub\NSEC-B~2\hw\2023\CONFBA~1\firmware\INTEGR~2\INTEGR~1\INTEGR~1\ARDUIN~1\Debug\libArduinoCore.a(Wire.o)
                0x00003e6e                _ZN7TwoWire15endTransmissionEv
 .text.startup._GLOBAL__sub_I__ZN7TwoWire8rxBufferE
                0x00003e74        0x8 C:\Users\Lam\DOCUME~1\GitHub\NSEC-B~2\hw\2023\CONFBA~1\firmware\INTEGR~2\INTEGR~1\INTEGR~1\ARDUIN~1\Debug\libArduinoCore.a(Wire.o)
 .text.__cxa_pure_virtual
                0x00003e7c        0x4 C:\Users\Lam\DOCUME~1\GitHub\NSEC-B~2\hw\2023\CONFBA~1\firmware\INTEGR~2\INTEGR~1\INTEGR~1\ARDUIN~1\Debug\libArduinoCore.a(abi.o)
                0x00003e7c                __cxa_pure_virtual
 .text.__empty  0x00003e80        0x2 C:\Users\Lam\DOCUME~1\GitHub\NSEC-B~2\hw\2023\CONFBA~1\firmware\INTEGR~2\INTEGR~1\INTEGR~1\ARDUIN~1\Debug\libArduinoCore.a(hooks.o)
                0x00003e80                yield
 .text.twi_init
                0x00003e82       0x3c C:\Users\Lam\DOCUME~1\GitHub\NSEC-B~2\hw\2023\CONFBA~1\firmware\INTEGR~2\INTEGR~1\INTEGR~1\ARDUIN~1\Debug\libArduinoCore.a(twi.o)
                0x00003e82                twi_init
 .text.twi_disable
                0x00003ebe       0x1a C:\Users\Lam\DOCUME~1\GitHub\NSEC-B~2\hw\2023\CONFBA~1\firmware\INTEGR~2\INTEGR~1\INTEGR~1\ARDUIN~1\Debug\libArduinoCore.a(twi.o)
                0x00003ebe                twi_disable
 .text.twi_setFrequency
                0x00003ed8       0x28 C:\Users\Lam\DOCUME~1\GitHub\NSEC-B~2\hw\2023\CONFBA~1\firmware\INTEGR~2\INTEGR~1\INTEGR~1\ARDUIN~1\Debug\libArduinoCore.a(twi.o)
                0x00003ed8                twi_setFrequency
 .text.twi_transmit
                0x00003f00       0x50 C:\Users\Lam\DOCUME~1\GitHub\NSEC-B~2\hw\2023\CONFBA~1\firmware\INTEGR~2\INTEGR~1\INTEGR~1\ARDUIN~1\Debug\libArduinoCore.a(twi.o)
                0x00003f00                twi_transmit
 .text.twi_attachSlaveRxEvent
                0x00003f50        0xa C:\Users\Lam\DOCUME~1\GitHub\NSEC-B~2\hw\2023\CONFBA~1\firmware\INTEGR~2\INTEGR~1\INTEGR~1\ARDUIN~1\Debug\libArduinoCore.a(twi.o)
                0x00003f50                twi_attachSlaveRxEvent
 .text.twi_attachSlaveTxEvent
                0x00003f5a        0xa C:\Users\Lam\DOCUME~1\GitHub\NSEC-B~2\hw\2023\CONFBA~1\firmware\INTEGR~2\INTEGR~1\INTEGR~1\ARDUIN~1\Debug\libArduinoCore.a(twi.o)
                0x00003f5a                twi_attachSlaveTxEvent
 .text.twi_releaseBus
                0x00003f64        0xc C:\Users\Lam\DOCUME~1\GitHub\NSEC-B~2\hw\2023\CONFBA~1\firmware\INTEGR~2\INTEGR~1\INTEGR~1\ARDUIN~1\Debug\libArduinoCore.a(twi.o)
                0x00003f64                twi_releaseBus
 .text.twi_handleTimeout
                0x00003f70       0x2c C:\Users\Lam\DOCUME~1\GitHub\NSEC-B~2\hw\2023\CONFBA~1\firmware\INTEGR~2\INTEGR~1\INTEGR~1\ARDUIN~1\Debug\libArduinoCore.a(twi.o)
                0x00003f70                twi_handleTimeout
 .text.twi_writeTo
                0x00003f9c      0x1e0 C:\Users\Lam\DOCUME~1\GitHub\NSEC-B~2\hw\2023\CONFBA~1\firmware\INTEGR~2\INTEGR~1\INTEGR~1\ARDUIN~1\Debug\libArduinoCore.a(twi.o)
                0x00003f9c                twi_writeTo
 .text.twi_stop
                0x0000417c       0x70 C:\Users\Lam\DOCUME~1\GitHub\NSEC-B~2\hw\2023\CONFBA~1\firmware\INTEGR~2\INTEGR~1\INTEGR~1\ARDUIN~1\Debug\libArduinoCore.a(twi.o)
                0x0000417c                twi_stop
 .text.__vector_24
                0x000041ec      0x25a C:\Users\Lam\DOCUME~1\GitHub\NSEC-B~2\hw\2023\CONFBA~1\firmware\INTEGR~2\INTEGR~1\INTEGR~1\ARDUIN~1\Debug\libArduinoCore.a(twi.o)
                0x000041ec                __vector_24
 .text.libgcc.div
                0x00004446       0x44 c:/program files (x86)/atmel/studio/7.0/toolchain/avr8/avr8-gnu-toolchain/bin/../lib/gcc/avr/5.4.0/avr5\libgcc.a(_udivmodsi4.o)
                0x00004446                __udivmodsi4
 .text.libgcc.div
                0x0000448a       0x2e c:/program files (x86)/atmel/studio/7.0/toolchain/avr8/avr8-gnu-toolchain/bin/../lib/gcc/avr/5.4.0/avr5\libgcc.a(_divmodsi4.o)
                0x0000448a                __divmodsi4
 .text.libgcc.div
                0x000044b8       0x10 c:/program files (x86)/atmel/studio/7.0/toolchain/avr8/avr8-gnu-toolchain/bin/../lib/gcc/avr/5.4.0/avr5\libgcc.a(_negsi2.o)
                0x000044b8                __negsi2
 .text.libgcc.mul
                0x000044c8       0x1e c:/program files (x86)/atmel/studio/7.0/toolchain/avr8/avr8-gnu-toolchain/bin/../lib/gcc/avr/5.4.0/avr5\libgcc.a(_umulhisi3.o)
                0x000044c8                __umulhisi3
 .text.libgcc.mul
                0x000044e6       0x16 c:/program files (x86)/atmel/studio/7.0/toolchain/avr8/avr8-gnu-toolchain/bin/../lib/gcc/avr/5.4.0/avr5\libgcc.a(_muluhisi3.o)
                0x000044e6                __muluhisi3
 .text.libgcc   0x000044fc        0xc c:/program files (x86)/atmel/studio/7.0/toolchain/avr8/avr8-gnu-toolchain/bin/../lib/gcc/avr/5.4.0/avr5\libgcc.a(_tablejump2.o)
                0x000044fc                __tablejump2__
 .text.avr-libc
                0x00004508      0x242 c:/program files (x86)/atmel/studio/7.0/toolchain/avr8/avr8-gnu-toolchain/bin/../lib/gcc/avr/5.4.0/../../../../avr/lib/avr5\libc.a(malloc.o)
                0x00004508                malloc
                0x00004638                free
 .text.avr-libc
                0x0000474a      0x144 c:/program files (x86)/atmel/studio/7.0/toolchain/avr8/avr8-gnu-toolchain/bin/../lib/gcc/avr/5.4.0/../../../../avr/lib/avr5\libc.a(random.o)
                0x0000474a                random_r
                0x000047e0                random
                0x0000487c                srandom
 .text.avr-libc
                0x0000488e        0xa c:/program files (x86)/atmel/studio/7.0/toolchain/avr8/avr8-gnu-toolchain/bin/../lib/gcc/avr/5.4.0/../../../../avr/lib/avr5\libc.a(abort.o)
                0x0000488e                abort
 .text.avr-libc
                0x00004898        0xe c:/program files (x86)/atmel/studio/7.0/toolchain/avr8/avr8-gnu-toolchain/bin/../lib/gcc/avr/5.4.0/../../../../avr/lib/avr5\libc.a(memset.o)
                0x00004898                memset
 .text.libgcc.mul
                0x000048a6       0x10 c:/program files (x86)/atmel/studio/7.0/toolchain/avr8/avr8-gnu-toolchain/bin/../lib/gcc/avr/5.4.0/avr5\libgcc.a(_mulshisi3.o)
                0x000048a6                __mulshisi3
                0x000048ac                __mulohisi3
                0x000048b6                . = ALIGN (0x2)
 *(.fini9)
 .fini9         0x000048b6        0x0 c:/program files (x86)/atmel/studio/7.0/toolchain/avr8/avr8-gnu-toolchain/bin/../lib/gcc/avr/5.4.0/avr5\libgcc.a(_exit.o)
                0x000048b6                _exit
                0x000048b6                exit
 *(.fini9)
 *(.fini8)
 *(.fini8)
 *(.fini7)
 *(.fini7)
 *(.fini6)
 .fini6         0x000048b6       0x16 c:/program files (x86)/atmel/studio/7.0/toolchain/avr8/avr8-gnu-toolchain/bin/../lib/gcc/avr/5.4.0/avr5\libgcc.a(_dtors.o)
                0x000048b6                __do_global_dtors
 *(.fini6)
 *(.fini5)
 *(.fini5)
 *(.fini4)
 *(.fini4)
 *(.fini3)
 *(.fini3)
 *(.fini2)
 *(.fini2)
 *(.fini1)
 *(.fini1)
 *(.fini0)
 .fini0         0x000048cc        0x4 c:/program files (x86)/atmel/studio/7.0/toolchain/avr8/avr8-gnu-toolchain/bin/../lib/gcc/avr/5.4.0/avr5\libgcc.a(_exit.o)
 *(.fini0)
                0x000048d0                _etext = .

.data           0x00800100       0x96 load address 0x000048d0
                0x00800100                PROVIDE (__data_start, .)
 *(.data)
 .data          0x00800100        0x6 c:/program files (x86)/atmel/studio/7.0/toolchain/avr8/avr8-gnu-toolchain/bin/../lib/gcc/avr/5.4.0/../../../../avr/lib/avr5\libc.a(malloc.o)
                0x00800100                __malloc_heap_end
                0x00800102                __malloc_heap_start
                0x00800104                __malloc_margin
 .data          0x00800106        0x4 c:/program files (x86)/atmel/studio/7.0/toolchain/avr8/avr8-gnu-toolchain/bin/../lib/gcc/avr/5.4.0/../../../../avr/lib/avr5\libc.a(random.o)
 *(.data*)
 *(.gnu.linkonce.d*)
 *(.rodata)
 *(.rodata*)
 .rodata._ZTV14HardwareSerial
                0x0080010a       0x12 C:\Users\Lam\DOCUME~1\GitHub\NSEC-B~2\hw\2023\CONFBA~1\firmware\INTEGR~2\INTEGR~1\INTEGR~1\ARDUIN~1\Debug\libArduinoCore.a(HardwareSerial.o)
                0x0080010a                _ZTV14HardwareSerial
 .rodata.str1.1
                0x0080011c        0xf C:\Users\Lam\DOCUME~1\GitHub\NSEC-B~2\hw\2023\CONFBA~1\firmware\INTEGR~2\INTEGR~1\INTEGR~1\ARDUIN~1\Debug\libArduinoCore.a(Print.o)
 .rodata._ZTV12Adafruit_GFX
                0x0080012b       0x2c C:\Users\Lam\DOCUME~1\GitHub\NSEC-B~2\hw\2023\CONFBA~1\firmware\INTEGR~2\INTEGR~1\INTEGR~1\ARDUIN~1\Debug\libArduinoCore.a(Adafruit_GFX.o)
                0x0080012b                _ZTV12Adafruit_GFX
 .rodata._ZTV16Adafruit_SSD1306
                0x00800157       0x2c C:\Users\Lam\DOCUME~1\GitHub\NSEC-B~2\hw\2023\CONFBA~1\firmware\INTEGR~2\INTEGR~1\INTEGR~1\ARDUIN~1\Debug\libArduinoCore.a(Adafruit_SSD1306.o)
                0x00800157                _ZTV16Adafruit_SSD1306
 .rodata._ZTV7TwoWire
                0x00800183       0x12 C:\Users\Lam\DOCUME~1\GitHub\NSEC-B~2\hw\2023\CONFBA~1\firmware\INTEGR~2\INTEGR~1\INTEGR~1\ARDUIN~1\Debug\libArduinoCore.a(Wire.o)
                0x00800183                _ZTV7TwoWire
 *(.gnu.linkonce.r*)
                0x00800196                . = ALIGN (0x2)
 *fill*         0x00800195        0x1 
                0x00800196                _edata = .
                0x00800196                PROVIDE (__data_end, .)

.bss            0x00800196      0x1e9
                0x00800196                PROVIDE (__bss_start, .)
 *(.bss)
 *(.bss*)
 .bss._ZZ11neopix_idlevE11ts_slowIdle
                0x00800196        0x4 Sketch.o
 .bss._ZZ4loopE7ts_oled
                0x0080019a        0x4 Sketch.o
 .bss._ZZ4loopE9ts_neopix
                0x0080019e        0x4 Sketch.o
 .bss._ZZ4loopE7ts_uart
                0x008001a2        0x4 Sketch.o
 .bss.ts_loadingNextIncrement
                0x008001a6        0x4 Sketch.o
                0x008001a6                ts_loadingNextIncrement
 .bss.ts_loadingStartTime
                0x008001aa        0x4 Sketch.o
                0x008001aa                ts_loadingStartTime
 .bss.loadingBarPos
                0x008001ae        0x1 Sketch.o
                0x008001ae                loadingBarPos
 .bss.waitingForDisconnect
                0x008001af        0x1 Sketch.o
                0x008001af                waitingForDisconnect
 .bss.currentlyLoading
                0x008001b0        0x1 Sketch.o
                0x008001b0                currentlyLoading
 .bss.display   0x008001b1       0x40 Sketch.o
                0x008001b1                display
 .bss.pixels    0x008001f1       0x16 Sketch.o
                0x008001f1                pixels
 .bss.Serial    0x00800207       0x9d C:\Users\Lam\DOCUME~1\GitHub\NSEC-B~2\hw\2023\CONFBA~1\firmware\INTEGR~2\INTEGR~1\INTEGR~1\ARDUIN~1\Debug\libArduinoCore.a(HardwareSerial0.o)
                0x00800207                Serial
 .bss.timer0_fract
                0x008002a4        0x1 C:\Users\Lam\DOCUME~1\GitHub\NSEC-B~2\hw\2023\CONFBA~1\firmware\INTEGR~2\INTEGR~1\INTEGR~1\ARDUIN~1\Debug\libArduinoCore.a(wiring.o)
 .bss.timer0_millis
                0x008002a5        0x4 C:\Users\Lam\DOCUME~1\GitHub\NSEC-B~2\hw\2023\CONFBA~1\firmware\INTEGR~2\INTEGR~1\INTEGR~1\ARDUIN~1\Debug\libArduinoCore.a(wiring.o)
                0x008002a5                timer0_millis
 .bss.timer0_overflow_count
                0x008002a9        0x4 C:\Users\Lam\DOCUME~1\GitHub\NSEC-B~2\hw\2023\CONFBA~1\firmware\INTEGR~2\INTEGR~1\INTEGR~1\ARDUIN~1\Debug\libArduinoCore.a(wiring.o)
                0x008002a9                timer0_overflow_count
 .bss._ZN8SPIClass13interruptSaveE
                0x008002ad        0x1 C:\Users\Lam\DOCUME~1\GitHub\NSEC-B~2\hw\2023\CONFBA~1\firmware\INTEGR~2\INTEGR~1\INTEGR~1\ARDUIN~1\Debug\libArduinoCore.a(SPI.o)
                0x008002ad                _ZN8SPIClass13interruptSaveE
 .bss._ZN8SPIClass13interruptMaskE
                0x008002ae        0x1 C:\Users\Lam\DOCUME~1\GitHub\NSEC-B~2\hw\2023\CONFBA~1\firmware\INTEGR~2\INTEGR~1\INTEGR~1\ARDUIN~1\Debug\libArduinoCore.a(SPI.o)
                0x008002ae                _ZN8SPIClass13interruptMaskE
 .bss._ZN8SPIClass13interruptModeE
                0x008002af        0x1 C:\Users\Lam\DOCUME~1\GitHub\NSEC-B~2\hw\2023\CONFBA~1\firmware\INTEGR~2\INTEGR~1\INTEGR~1\ARDUIN~1\Debug\libArduinoCore.a(SPI.o)
                0x008002af                _ZN8SPIClass13interruptModeE
 .bss._ZN8SPIClass11initializedE
                0x008002b0        0x1 C:\Users\Lam\DOCUME~1\GitHub\NSEC-B~2\hw\2023\CONFBA~1\firmware\INTEGR~2\INTEGR~1\INTEGR~1\ARDUIN~1\Debug\libArduinoCore.a(SPI.o)
                0x008002b0                _ZN8SPIClass11initializedE
 .bss.Wire      0x008002b1        0xc C:\Users\Lam\DOCUME~1\GitHub\NSEC-B~2\hw\2023\CONFBA~1\firmware\INTEGR~2\INTEGR~1\INTEGR~1\ARDUIN~1\Debug\libArduinoCore.a(Wire.o)
                0x008002b1                Wire
 .bss._ZN7TwoWire14user_onReceiveE
                0x008002bd        0x2 C:\Users\Lam\DOCUME~1\GitHub\NSEC-B~2\hw\2023\CONFBA~1\firmware\INTEGR~2\INTEGR~1\INTEGR~1\ARDUIN~1\Debug\libArduinoCore.a(Wire.o)
                0x008002bd                _ZN7TwoWire14user_onReceiveE
 .bss._ZN7TwoWire14user_onRequestE
                0x008002bf        0x2 C:\Users\Lam\DOCUME~1\GitHub\NSEC-B~2\hw\2023\CONFBA~1\firmware\INTEGR~2\INTEGR~1\INTEGR~1\ARDUIN~1\Debug\libArduinoCore.a(Wire.o)
                0x008002bf                _ZN7TwoWire14user_onRequestE
 .bss._ZN7TwoWire12transmittingE
                0x008002c1        0x1 C:\Users\Lam\DOCUME~1\GitHub\NSEC-B~2\hw\2023\CONFBA~1\firmware\INTEGR~2\INTEGR~1\INTEGR~1\ARDUIN~1\Debug\libArduinoCore.a(Wire.o)
                0x008002c1                _ZN7TwoWire12transmittingE
 .bss._ZN7TwoWire14txBufferLengthE
                0x008002c2        0x1 C:\Users\Lam\DOCUME~1\GitHub\NSEC-B~2\hw\2023\CONFBA~1\firmware\INTEGR~2\INTEGR~1\INTEGR~1\ARDUIN~1\Debug\libArduinoCore.a(Wire.o)
                0x008002c2                _ZN7TwoWire14txBufferLengthE
 .bss._ZN7TwoWire13txBufferIndexE
                0x008002c3        0x1 C:\Users\Lam\DOCUME~1\GitHub\NSEC-B~2\hw\2023\CONFBA~1\firmware\INTEGR~2\INTEGR~1\INTEGR~1\ARDUIN~1\Debug\libArduinoCore.a(Wire.o)
                0x008002c3                _ZN7TwoWire13txBufferIndexE
 .bss._ZN7TwoWire8txBufferE
                0x008002c4       0x20 C:\Users\Lam\DOCUME~1\GitHub\NSEC-B~2\hw\2023\CONFBA~1\firmware\INTEGR~2\INTEGR~1\INTEGR~1\ARDUIN~1\Debug\libArduinoCore.a(Wire.o)
                0x008002c4                _ZN7TwoWire8txBufferE
 .bss._ZN7TwoWire9txAddressE
                0x008002e4        0x1 C:\Users\Lam\DOCUME~1\GitHub\NSEC-B~2\hw\2023\CONFBA~1\firmware\INTEGR~2\INTEGR~1\INTEGR~1\ARDUIN~1\Debug\libArduinoCore.a(Wire.o)
                0x008002e4                _ZN7TwoWire9txAddressE
 .bss._ZN7TwoWire14rxBufferLengthE
                0x008002e5        0x1 C:\Users\Lam\DOCUME~1\GitHub\NSEC-B~2\hw\2023\CONFBA~1\firmware\INTEGR~2\INTEGR~1\INTEGR~1\ARDUIN~1\Debug\libArduinoCore.a(Wire.o)
                0x008002e5                _ZN7TwoWire14rxBufferLengthE
 .bss._ZN7TwoWire13rxBufferIndexE
                0x008002e6        0x1 C:\Users\Lam\DOCUME~1\GitHub\NSEC-B~2\hw\2023\CONFBA~1\firmware\INTEGR~2\INTEGR~1\INTEGR~1\ARDUIN~1\Debug\libArduinoCore.a(Wire.o)
                0x008002e6                _ZN7TwoWire13rxBufferIndexE
 .bss._ZN7TwoWire8rxBufferE
                0x008002e7       0x20 C:\Users\Lam\DOCUME~1\GitHub\NSEC-B~2\hw\2023\CONFBA~1\firmware\INTEGR~2\INTEGR~1\INTEGR~1\ARDUIN~1\Debug\libArduinoCore.a(Wire.o)
                0x008002e7                _ZN7TwoWire8rxBufferE
 .bss.twi_error
                0x00800307        0x1 C:\Users\Lam\DOCUME~1\GitHub\NSEC-B~2\hw\2023\CONFBA~1\firmware\INTEGR~2\INTEGR~1\INTEGR~1\ARDUIN~1\Debug\libArduinoCore.a(twi.o)
 .bss.twi_rxBufferIndex
                0x00800308        0x1 C:\Users\Lam\DOCUME~1\GitHub\NSEC-B~2\hw\2023\CONFBA~1\firmware\INTEGR~2\INTEGR~1\INTEGR~1\ARDUIN~1\Debug\libArduinoCore.a(twi.o)
 .bss.twi_rxBuffer
                0x00800309       0x20 C:\Users\Lam\DOCUME~1\GitHub\NSEC-B~2\hw\2023\CONFBA~1\firmware\INTEGR~2\INTEGR~1\INTEGR~1\ARDUIN~1\Debug\libArduinoCore.a(twi.o)
 .bss.twi_txBufferLength
                0x00800329        0x1 C:\Users\Lam\DOCUME~1\GitHub\NSEC-B~2\hw\2023\CONFBA~1\firmware\INTEGR~2\INTEGR~1\INTEGR~1\ARDUIN~1\Debug\libArduinoCore.a(twi.o)
 .bss.twi_txBufferIndex
                0x0080032a        0x1 C:\Users\Lam\DOCUME~1\GitHub\NSEC-B~2\hw\2023\CONFBA~1\firmware\INTEGR~2\INTEGR~1\INTEGR~1\ARDUIN~1\Debug\libArduinoCore.a(twi.o)
 .bss.twi_txBuffer
                0x0080032b       0x20 C:\Users\Lam\DOCUME~1\GitHub\NSEC-B~2\hw\2023\CONFBA~1\firmware\INTEGR~2\INTEGR~1\INTEGR~1\ARDUIN~1\Debug\libArduinoCore.a(twi.o)
 .bss.twi_masterBufferLength
                0x0080034b        0x1 C:\Users\Lam\DOCUME~1\GitHub\NSEC-B~2\hw\2023\CONFBA~1\firmware\INTEGR~2\INTEGR~1\INTEGR~1\ARDUIN~1\Debug\libArduinoCore.a(twi.o)
 .bss.twi_masterBufferIndex
                0x0080034c        0x1 C:\Users\Lam\DOCUME~1\GitHub\NSEC-B~2\hw\2023\CONFBA~1\firmware\INTEGR~2\INTEGR~1\INTEGR~1\ARDUIN~1\Debug\libArduinoCore.a(twi.o)
 .bss.twi_masterBuffer
                0x0080034d       0x20 C:\Users\Lam\DOCUME~1\GitHub\NSEC-B~2\hw\2023\CONFBA~1\firmware\INTEGR~2\INTEGR~1\INTEGR~1\ARDUIN~1\Debug\libArduinoCore.a(twi.o)
 .bss.twi_onSlaveReceive
                0x0080036d        0x2 C:\Users\Lam\DOCUME~1\GitHub\NSEC-B~2\hw\2023\CONFBA~1\firmware\INTEGR~2\INTEGR~1\INTEGR~1\ARDUIN~1\Debug\libArduinoCore.a(twi.o)
 .bss.twi_onSlaveTransmit
                0x0080036f        0x2 C:\Users\Lam\DOCUME~1\GitHub\NSEC-B~2\hw\2023\CONFBA~1\firmware\INTEGR~2\INTEGR~1\INTEGR~1\ARDUIN~1\Debug\libArduinoCore.a(twi.o)
 .bss.twi_do_reset_on_timeout
                0x00800371        0x1 C:\Users\Lam\DOCUME~1\GitHub\NSEC-B~2\hw\2023\CONFBA~1\firmware\INTEGR~2\INTEGR~1\INTEGR~1\ARDUIN~1\Debug\libArduinoCore.a(twi.o)
 .bss.twi_timed_out_flag
                0x00800372        0x1 C:\Users\Lam\DOCUME~1\GitHub\NSEC-B~2\hw\2023\CONFBA~1\firmware\INTEGR~2\INTEGR~1\INTEGR~1\ARDUIN~1\Debug\libArduinoCore.a(twi.o)
 .bss.twi_timeout_us
                0x00800373        0x4 C:\Users\Lam\DOCUME~1\GitHub\NSEC-B~2\hw\2023\CONFBA~1\firmware\INTEGR~2\INTEGR~1\INTEGR~1\ARDUIN~1\Debug\libArduinoCore.a(twi.o)
 .bss.twi_inRepStart
                0x00800377        0x1 C:\Users\Lam\DOCUME~1\GitHub\NSEC-B~2\hw\2023\CONFBA~1\firmware\INTEGR~2\INTEGR~1\INTEGR~1\ARDUIN~1\Debug\libArduinoCore.a(twi.o)
 .bss.twi_sendStop
                0x00800378        0x1 C:\Users\Lam\DOCUME~1\GitHub\NSEC-B~2\hw\2023\CONFBA~1\firmware\INTEGR~2\INTEGR~1\INTEGR~1\ARDUIN~1\Debug\libArduinoCore.a(twi.o)
 .bss.twi_slarw
                0x00800379        0x1 C:\Users\Lam\DOCUME~1\GitHub\NSEC-B~2\hw\2023\CONFBA~1\firmware\INTEGR~2\INTEGR~1\INTEGR~1\ARDUIN~1\Debug\libArduinoCore.a(twi.o)
 .bss.twi_state
                0x0080037a        0x1 C:\Users\Lam\DOCUME~1\GitHub\NSEC-B~2\hw\2023\CONFBA~1\firmware\INTEGR~2\INTEGR~1\INTEGR~1\ARDUIN~1\Debug\libArduinoCore.a(twi.o)
 *(COMMON)
 COMMON         0x0080037b        0x4 c:/program files (x86)/atmel/studio/7.0/toolchain/avr8/avr8-gnu-toolchain/bin/../lib/gcc/avr/5.4.0/../../../../avr/lib/avr5\libc.a(malloc.o)
                0x0080037b                __brkval
                0x0080037d                __flp
                0x0080037f                PROVIDE (__bss_end, .)
                0x000048d0                __data_load_start = LOADADDR (.data)
                0x00004966                __data_load_end = (__data_load_start + SIZEOF (.data))

.noinit         0x0080037f        0x0
                [!provide]                PROVIDE (__noinit_start, .)
 *(.noinit*)
                [!provide]                PROVIDE (__noinit_end, .)
                0x0080037f                _end = .
                0x0080037f                PROVIDE (__heap_start, .)

.eeprom         0x00810000        0x0
 *(.eeprom*)
                0x00810000                __eeprom_end = .

.fuse
 *(.fuse)
 *(.lfuse)
 *(.hfuse)
 *(.efuse)

.lock
 *(.lock*)

.signature
 *(.signature*)

.user_signatures
 *(.user_signatures*)

.stab
 *(.stab)

.stabstr
 *(.stabstr)

.stab.excl
 *(.stab.excl)

.stab.exclstr
 *(.stab.exclstr)

.stab.index
 *(.stab.index)

.stab.indexstr
 *(.stab.indexstr)

.comment        0x00000000       0x30
 *(.comment)
 .comment       0x00000000       0x30 Sketch.o
                                 0x31 (size before relaxing)
 .comment       0x00000030       0x31 C:\Users\Lam\DOCUME~1\GitHub\NSEC-B~2\hw\2023\CONFBA~1\firmware\INTEGR~2\INTEGR~1\INTEGR~1\ARDUIN~1\Debug\libArduinoCore.a(HardwareSerial.o)
 .comment       0x00000030       0x31 C:\Users\Lam\DOCUME~1\GitHub\NSEC-B~2\hw\2023\CONFBA~1\firmware\INTEGR~2\INTEGR~1\INTEGR~1\ARDUIN~1\Debug\libArduinoCore.a(HardwareSerial0.o)
 .comment       0x00000030       0x31 C:\Users\Lam\DOCUME~1\GitHub\NSEC-B~2\hw\2023\CONFBA~1\firmware\INTEGR~2\INTEGR~1\INTEGR~1\ARDUIN~1\Debug\libArduinoCore.a(main.o)
 .comment       0x00000030       0x31 C:\Users\Lam\DOCUME~1\GitHub\NSEC-B~2\hw\2023\CONFBA~1\firmware\INTEGR~2\INTEGR~1\INTEGR~1\ARDUIN~1\Debug\libArduinoCore.a(Print.o)
 .comment       0x00000030       0x31 C:\Users\Lam\DOCUME~1\GitHub\NSEC-B~2\hw\2023\CONFBA~1\firmware\INTEGR~2\INTEGR~1\INTEGR~1\ARDUIN~1\Debug\libArduinoCore.a(wiring.o)
 .comment       0x00000030       0x31 C:\Users\Lam\DOCUME~1\GitHub\NSEC-B~2\hw\2023\CONFBA~1\firmware\INTEGR~2\INTEGR~1\INTEGR~1\ARDUIN~1\Debug\libArduinoCore.a(wiring_digital.o)
 .comment       0x00000030       0x31 C:\Users\Lam\DOCUME~1\GitHub\NSEC-B~2\hw\2023\CONFBA~1\firmware\INTEGR~2\INTEGR~1\INTEGR~1\ARDUIN~1\Debug\libArduinoCore.a(WMath.o)
 .comment       0x00000030       0x31 C:\Users\Lam\DOCUME~1\GitHub\NSEC-B~2\hw\2023\CONFBA~1\firmware\INTEGR~2\INTEGR~1\INTEGR~1\ARDUIN~1\Debug\libArduinoCore.a(Adafruit_GFX.o)
 .comment       0x00000030       0x31 C:\Users\Lam\DOCUME~1\GitHub\NSEC-B~2\hw\2023\CONFBA~1\firmware\INTEGR~2\INTEGR~1\INTEGR~1\ARDUIN~1\Debug\libArduinoCore.a(Adafruit_NeoPixel.o)
 .comment       0x00000030       0x31 C:\Users\Lam\DOCUME~1\GitHub\NSEC-B~2\hw\2023\CONFBA~1\firmware\INTEGR~2\INTEGR~1\INTEGR~1\ARDUIN~1\Debug\libArduinoCore.a(Adafruit_SSD1306.o)
 .comment       0x00000030       0x31 C:\Users\Lam\DOCUME~1\GitHub\NSEC-B~2\hw\2023\CONFBA~1\firmware\INTEGR~2\INTEGR~1\INTEGR~1\ARDUIN~1\Debug\libArduinoCore.a(SPI.o)
 .comment       0x00000030       0x31 C:\Users\Lam\DOCUME~1\GitHub\NSEC-B~2\hw\2023\CONFBA~1\firmware\INTEGR~2\INTEGR~1\INTEGR~1\ARDUIN~1\Debug\libArduinoCore.a(Wire.o)
 .comment       0x00000030       0x31 C:\Users\Lam\DOCUME~1\GitHub\NSEC-B~2\hw\2023\CONFBA~1\firmware\INTEGR~2\INTEGR~1\INTEGR~1\ARDUIN~1\Debug\libArduinoCore.a(abi.o)
 .comment       0x00000030       0x31 C:\Users\Lam\DOCUME~1\GitHub\NSEC-B~2\hw\2023\CONFBA~1\firmware\INTEGR~2\INTEGR~1\INTEGR~1\ARDUIN~1\Debug\libArduinoCore.a(hooks.o)
 .comment       0x00000030       0x31 C:\Users\Lam\DOCUME~1\GitHub\NSEC-B~2\hw\2023\CONFBA~1\firmware\INTEGR~2\INTEGR~1\INTEGR~1\ARDUIN~1\Debug\libArduinoCore.a(twi.o)
 .comment       0x00000030       0x31 c:/program files (x86)/atmel/studio/7.0/toolchain/avr8/avr8-gnu-toolchain/bin/../lib/gcc/avr/5.4.0/../../../../avr/lib/avr5\libc.a(malloc.o)
 .comment       0x00000030       0x31 c:/program files (x86)/atmel/studio/7.0/toolchain/avr8/avr8-gnu-toolchain/bin/../lib/gcc/avr/5.4.0/../../../../avr/lib/avr5\libc.a(random.o)

.note.gnu.avr.deviceinfo
                0x00000000       0x40
 .note.gnu.avr.deviceinfo
                0x00000000       0x40 C:/Program Files (x86)/Atmel/Studio/7.0/Packs/atmel/ATmega_DFP/1.7.374/gcc/dev/atmega328p/avr5/crtatmega328p.o

.note.gnu.build-id
 *(.note.gnu.build-id)

.debug
 *(.debug)

.line
 *(.line)

.debug_srcinfo
 *(.debug_srcinfo)

.debug_sfnames
 *(.debug_sfnames)

.debug_aranges  0x00000000      0x9c8
 *(.debug_aranges)
 .debug_aranges
                0x00000000       0x60 Sketch.o
 .debug_aranges
                0x00000060       0x68 C:\Users\Lam\DOCUME~1\GitHub\NSEC-B~2\hw\2023\CONFBA~1\firmware\INTEGR~2\INTEGR~1\INTEGR~1\ARDUIN~1\Debug\libArduinoCore.a(HardwareSerial.o)
 .debug_aranges
                0x000000c8       0x48 C:\Users\Lam\DOCUME~1\GitHub\NSEC-B~2\hw\2023\CONFBA~1\firmware\INTEGR~2\INTEGR~1\INTEGR~1\ARDUIN~1\Debug\libArduinoCore.a(HardwareSerial0.o)
 .debug_aranges
                0x00000110       0x30 C:\Users\Lam\DOCUME~1\GitHub\NSEC-B~2\hw\2023\CONFBA~1\firmware\INTEGR~2\INTEGR~1\INTEGR~1\ARDUIN~1\Debug\libArduinoCore.a(main.o)
 .debug_aranges
                0x00000140      0x100 C:\Users\Lam\DOCUME~1\GitHub\NSEC-B~2\hw\2023\CONFBA~1\firmware\INTEGR~2\INTEGR~1\INTEGR~1\ARDUIN~1\Debug\libArduinoCore.a(Print.o)
 .debug_aranges
                0x00000240       0x48 C:\Users\Lam\DOCUME~1\GitHub\NSEC-B~2\hw\2023\CONFBA~1\firmware\INTEGR~2\INTEGR~1\INTEGR~1\ARDUIN~1\Debug\libArduinoCore.a(wiring.o)
 .debug_aranges
                0x00000288       0x38 C:\Users\Lam\DOCUME~1\GitHub\NSEC-B~2\hw\2023\CONFBA~1\firmware\INTEGR~2\INTEGR~1\INTEGR~1\ARDUIN~1\Debug\libArduinoCore.a(wiring_digital.o)
 .debug_aranges
                0x000002c0       0x48 C:\Users\Lam\DOCUME~1\GitHub\NSEC-B~2\hw\2023\CONFBA~1\firmware\INTEGR~2\INTEGR~1\INTEGR~1\ARDUIN~1\Debug\libArduinoCore.a(WMath.o)
 .debug_aranges
                0x00000308      0x2d8 C:\Users\Lam\DOCUME~1\GitHub\NSEC-B~2\hw\2023\CONFBA~1\firmware\INTEGR~2\INTEGR~1\INTEGR~1\ARDUIN~1\Debug\libArduinoCore.a(Adafruit_GFX.o)
 .debug_aranges
                0x000005e0       0xb0 C:\Users\Lam\DOCUME~1\GitHub\NSEC-B~2\hw\2023\CONFBA~1\firmware\INTEGR~2\INTEGR~1\INTEGR~1\ARDUIN~1\Debug\libArduinoCore.a(Adafruit_NeoPixel.o)
 .debug_aranges
                0x00000690      0x118 C:\Users\Lam\DOCUME~1\GitHub\NSEC-B~2\hw\2023\CONFBA~1\firmware\INTEGR~2\INTEGR~1\INTEGR~1\ARDUIN~1\Debug\libArduinoCore.a(Adafruit_SSD1306.o)
 .debug_aranges
                0x000007a8       0x38 C:\Users\Lam\DOCUME~1\GitHub\NSEC-B~2\hw\2023\CONFBA~1\firmware\INTEGR~2\INTEGR~1\INTEGR~1\ARDUIN~1\Debug\libArduinoCore.a(SPI.o)
 .debug_aranges
                0x000007e0      0x110 C:\Users\Lam\DOCUME~1\GitHub\NSEC-B~2\hw\2023\CONFBA~1\firmware\INTEGR~2\INTEGR~1\INTEGR~1\ARDUIN~1\Debug\libArduinoCore.a(Wire.o)
 .debug_aranges
                0x000008f0       0x20 C:\Users\Lam\DOCUME~1\GitHub\NSEC-B~2\hw\2023\CONFBA~1\firmware\INTEGR~2\INTEGR~1\INTEGR~1\ARDUIN~1\Debug\libArduinoCore.a(abi.o)
 .debug_aranges
                0x00000910       0x20 C:\Users\Lam\DOCUME~1\GitHub\NSEC-B~2\hw\2023\CONFBA~1\firmware\INTEGR~2\INTEGR~1\INTEGR~1\ARDUIN~1\Debug\libArduinoCore.a(hooks.o)
 .debug_aranges
                0x00000930       0x98 C:\Users\Lam\DOCUME~1\GitHub\NSEC-B~2\hw\2023\CONFBA~1\firmware\INTEGR~2\INTEGR~1\INTEGR~1\ARDUIN~1\Debug\libArduinoCore.a(twi.o)

.debug_pubnames
 *(.debug_pubnames)

.debug_info     0x00000000    0x192c5
 *(.debug_info .gnu.linkonce.wi.*)
 .debug_info    0x00000000      0x5f4 C:/Program Files (x86)/Atmel/Studio/7.0/Packs/atmel/ATmega_DFP/1.7.374/gcc/dev/atmega328p/avr5/crtatmega328p.o
 .debug_info    0x000005f4     0x1817 Sketch.o
 .debug_info    0x00001e0b     0x1f6d C:\Users\Lam\DOCUME~1\GitHub\NSEC-B~2\hw\2023\CONFBA~1\firmware\INTEGR~2\INTEGR~1\INTEGR~1\ARDUIN~1\Debug\libArduinoCore.a(HardwareSerial.o)
 .debug_info    0x00003d78     0x1b16 C:\Users\Lam\DOCUME~1\GitHub\NSEC-B~2\hw\2023\CONFBA~1\firmware\INTEGR~2\INTEGR~1\INTEGR~1\ARDUIN~1\Debug\libArduinoCore.a(HardwareSerial0.o)
 .debug_info    0x0000588e      0x237 C:\Users\Lam\DOCUME~1\GitHub\NSEC-B~2\hw\2023\CONFBA~1\firmware\INTEGR~2\INTEGR~1\INTEGR~1\ARDUIN~1\Debug\libArduinoCore.a(main.o)
 .debug_info    0x00005ac5     0x28ff C:\Users\Lam\DOCUME~1\GitHub\NSEC-B~2\hw\2023\CONFBA~1\firmware\INTEGR~2\INTEGR~1\INTEGR~1\ARDUIN~1\Debug\libArduinoCore.a(Print.o)
 .debug_info    0x000083c4      0x2cb C:\Users\Lam\DOCUME~1\GitHub\NSEC-B~2\hw\2023\CONFBA~1\firmware\INTEGR~2\INTEGR~1\INTEGR~1\ARDUIN~1\Debug\libArduinoCore.a(wiring.o)
 .debug_info    0x0000868f      0x5fe C:\Users\Lam\DOCUME~1\GitHub\NSEC-B~2\hw\2023\CONFBA~1\firmware\INTEGR~2\INTEGR~1\INTEGR~1\ARDUIN~1\Debug\libArduinoCore.a(wiring_digital.o)
 .debug_info    0x00008c8d      0x230 C:\Users\Lam\DOCUME~1\GitHub\NSEC-B~2\hw\2023\CONFBA~1\firmware\INTEGR~2\INTEGR~1\INTEGR~1\ARDUIN~1\Debug\libArduinoCore.a(WMath.o)
 .debug_info    0x00008ebd     0x89c6 C:\Users\Lam\DOCUME~1\GitHub\NSEC-B~2\hw\2023\CONFBA~1\firmware\INTEGR~2\INTEGR~1\INTEGR~1\ARDUIN~1\Debug\libArduinoCore.a(Adafruit_GFX.o)
 .debug_info    0x00011883     0x141e C:\Users\Lam\DOCUME~1\GitHub\NSEC-B~2\hw\2023\CONFBA~1\firmware\INTEGR~2\INTEGR~1\INTEGR~1\ARDUIN~1\Debug\libArduinoCore.a(Adafruit_NeoPixel.o)
 .debug_info    0x00012ca1     0x2d19 C:\Users\Lam\DOCUME~1\GitHub\NSEC-B~2\hw\2023\CONFBA~1\firmware\INTEGR~2\INTEGR~1\INTEGR~1\ARDUIN~1\Debug\libArduinoCore.a(Adafruit_SSD1306.o)
 .debug_info    0x000159ba      0x66b C:\Users\Lam\DOCUME~1\GitHub\NSEC-B~2\hw\2023\CONFBA~1\firmware\INTEGR~2\INTEGR~1\INTEGR~1\ARDUIN~1\Debug\libArduinoCore.a(SPI.o)
 .debug_info    0x00016025     0x2910 C:\Users\Lam\DOCUME~1\GitHub\NSEC-B~2\hw\2023\CONFBA~1\firmware\INTEGR~2\INTEGR~1\INTEGR~1\ARDUIN~1\Debug\libArduinoCore.a(Wire.o)
 .debug_info    0x00018935       0x76 C:\Users\Lam\DOCUME~1\GitHub\NSEC-B~2\hw\2023\CONFBA~1\firmware\INTEGR~2\INTEGR~1\INTEGR~1\ARDUIN~1\Debug\libArduinoCore.a(abi.o)
 .debug_info    0x000189ab       0x3e C:\Users\Lam\DOCUME~1\GitHub\NSEC-B~2\hw\2023\CONFBA~1\firmware\INTEGR~2\INTEGR~1\INTEGR~1\ARDUIN~1\Debug\libArduinoCore.a(hooks.o)
 .debug_info    0x000189e9      0x8dc C:\Users\Lam\DOCUME~1\GitHub\NSEC-B~2\hw\2023\CONFBA~1\firmware\INTEGR~2\INTEGR~1\INTEGR~1\ARDUIN~1\Debug\libArduinoCore.a(twi.o)

.debug_abbrev   0x00000000     0x3931
 *(.debug_abbrev)
 .debug_abbrev  0x00000000      0x5a2 C:/Program Files (x86)/Atmel/Studio/7.0/Packs/atmel/ATmega_DFP/1.7.374/gcc/dev/atmega328p/avr5/crtatmega328p.o
 .debug_abbrev  0x000005a2      0x4ae Sketch.o
 .debug_abbrev  0x00000a50      0x4c6 C:\Users\Lam\DOCUME~1\GitHub\NSEC-B~2\hw\2023\CONFBA~1\firmware\INTEGR~2\INTEGR~1\INTEGR~1\ARDUIN~1\Debug\libArduinoCore.a(HardwareSerial.o)
 .debug_abbrev  0x00000f16      0x3ce C:\Users\Lam\DOCUME~1\GitHub\NSEC-B~2\hw\2023\CONFBA~1\firmware\INTEGR~2\INTEGR~1\INTEGR~1\ARDUIN~1\Debug\libArduinoCore.a(HardwareSerial0.o)
 .debug_abbrev  0x000012e4      0x12d C:\Users\Lam\DOCUME~1\GitHub\NSEC-B~2\hw\2023\CONFBA~1\firmware\INTEGR~2\INTEGR~1\INTEGR~1\ARDUIN~1\Debug\libArduinoCore.a(main.o)
 .debug_abbrev  0x00001411      0x47a C:\Users\Lam\DOCUME~1\GitHub\NSEC-B~2\hw\2023\CONFBA~1\firmware\INTEGR~2\INTEGR~1\INTEGR~1\ARDUIN~1\Debug\libArduinoCore.a(Print.o)
 .debug_abbrev  0x0000188b      0x146 C:\Users\Lam\DOCUME~1\GitHub\NSEC-B~2\hw\2023\CONFBA~1\firmware\INTEGR~2\INTEGR~1\INTEGR~1\ARDUIN~1\Debug\libArduinoCore.a(wiring.o)
 .debug_abbrev  0x000019d1      0x15b C:\Users\Lam\DOCUME~1\GitHub\NSEC-B~2\hw\2023\CONFBA~1\firmware\INTEGR~2\INTEGR~1\INTEGR~1\ARDUIN~1\Debug\libArduinoCore.a(wiring_digital.o)
 .debug_abbrev  0x00001b2c      0x12b C:\Users\Lam\DOCUME~1\GitHub\NSEC-B~2\hw\2023\CONFBA~1\firmware\INTEGR~2\INTEGR~1\INTEGR~1\ARDUIN~1\Debug\libArduinoCore.a(WMath.o)
 .debug_abbrev  0x00001c57      0x788 C:\Users\Lam\DOCUME~1\GitHub\NSEC-B~2\hw\2023\CONFBA~1\firmware\INTEGR~2\INTEGR~1\INTEGR~1\ARDUIN~1\Debug\libArduinoCore.a(Adafruit_GFX.o)
 .debug_abbrev  0x000023df      0x3ed C:\Users\Lam\DOCUME~1\GitHub\NSEC-B~2\hw\2023\CONFBA~1\firmware\INTEGR~2\INTEGR~1\INTEGR~1\ARDUIN~1\Debug\libArduinoCore.a(Adafruit_NeoPixel.o)
 .debug_abbrev  0x000027cc      0x5f6 C:\Users\Lam\DOCUME~1\GitHub\NSEC-B~2\hw\2023\CONFBA~1\firmware\INTEGR~2\INTEGR~1\INTEGR~1\ARDUIN~1\Debug\libArduinoCore.a(Adafruit_SSD1306.o)
 .debug_abbrev  0x00002dc2      0x283 C:\Users\Lam\DOCUME~1\GitHub\NSEC-B~2\hw\2023\CONFBA~1\firmware\INTEGR~2\INTEGR~1\INTEGR~1\ARDUIN~1\Debug\libArduinoCore.a(SPI.o)
 .debug_abbrev  0x00003045      0x563 C:\Users\Lam\DOCUME~1\GitHub\NSEC-B~2\hw\2023\CONFBA~1\firmware\INTEGR~2\INTEGR~1\INTEGR~1\ARDUIN~1\Debug\libArduinoCore.a(Wire.o)
 .debug_abbrev  0x000035a8       0x6d C:\Users\Lam\DOCUME~1\GitHub\NSEC-B~2\hw\2023\CONFBA~1\firmware\INTEGR~2\INTEGR~1\INTEGR~1\ARDUIN~1\Debug\libArduinoCore.a(abi.o)
 .debug_abbrev  0x00003615       0x2a C:\Users\Lam\DOCUME~1\GitHub\NSEC-B~2\hw\2023\CONFBA~1\firmware\INTEGR~2\INTEGR~1\INTEGR~1\ARDUIN~1\Debug\libArduinoCore.a(hooks.o)
 .debug_abbrev  0x0000363f      0x2f2 C:\Users\Lam\DOCUME~1\GitHub\NSEC-B~2\hw\2023\CONFBA~1\firmware\INTEGR~2\INTEGR~1\INTEGR~1\ARDUIN~1\Debug\libArduinoCore.a(twi.o)

.debug_line     0x00000000     0x6f89
 *(.debug_line .debug_line.* .debug_line_end)
 .debug_line    0x00000000      0x134 C:/Program Files (x86)/Atmel/Studio/7.0/Packs/atmel/ATmega_DFP/1.7.374/gcc/dev/atmega328p/avr5/crtatmega328p.o
 .debug_line    0x00000134      0x607 Sketch.o
 .debug_line    0x0000073b      0x4cb C:\Users\Lam\DOCUME~1\GitHub\NSEC-B~2\hw\2023\CONFBA~1\firmware\INTEGR~2\INTEGR~1\INTEGR~1\ARDUIN~1\Debug\libArduinoCore.a(HardwareSerial.o)
 .debug_line    0x00000c06      0x2a1 C:\Users\Lam\DOCUME~1\GitHub\NSEC-B~2\hw\2023\CONFBA~1\firmware\INTEGR~2\INTEGR~1\INTEGR~1\ARDUIN~1\Debug\libArduinoCore.a(HardwareSerial0.o)
 .debug_line    0x00000ea7      0x17a C:\Users\Lam\DOCUME~1\GitHub\NSEC-B~2\hw\2023\CONFBA~1\firmware\INTEGR~2\INTEGR~1\INTEGR~1\ARDUIN~1\Debug\libArduinoCore.a(main.o)
 .debug_line    0x00001021      0x69a C:\Users\Lam\DOCUME~1\GitHub\NSEC-B~2\hw\2023\CONFBA~1\firmware\INTEGR~2\INTEGR~1\INTEGR~1\ARDUIN~1\Debug\libArduinoCore.a(Print.o)
 .debug_line    0x000016bb      0x2af C:\Users\Lam\DOCUME~1\GitHub\NSEC-B~2\hw\2023\CONFBA~1\firmware\INTEGR~2\INTEGR~1\INTEGR~1\ARDUIN~1\Debug\libArduinoCore.a(wiring.o)
 .debug_line    0x0000196a      0x267 C:\Users\Lam\DOCUME~1\GitHub\NSEC-B~2\hw\2023\CONFBA~1\firmware\INTEGR~2\INTEGR~1\INTEGR~1\ARDUIN~1\Debug\libArduinoCore.a(wiring_digital.o)
 .debug_line    0x00001bd1      0x143 C:\Users\Lam\DOCUME~1\GitHub\NSEC-B~2\hw\2023\CONFBA~1\firmware\INTEGR~2\INTEGR~1\INTEGR~1\ARDUIN~1\Debug\libArduinoCore.a(WMath.o)
 .debug_line    0x00001d14     0x2680 C:\Users\Lam\DOCUME~1\GitHub\NSEC-B~2\hw\2023\CONFBA~1\firmware\INTEGR~2\INTEGR~1\INTEGR~1\ARDUIN~1\Debug\libArduinoCore.a(Adafruit_GFX.o)
 .debug_line    0x00004394      0x83d C:\Users\Lam\DOCUME~1\GitHub\NSEC-B~2\hw\2023\CONFBA~1\firmware\INTEGR~2\INTEGR~1\INTEGR~1\ARDUIN~1\Debug\libArduinoCore.a(Adafruit_NeoPixel.o)
 .debug_line    0x00004bd1     0x12cf C:\Users\Lam\DOCUME~1\GitHub\NSEC-B~2\hw\2023\CONFBA~1\firmware\INTEGR~2\INTEGR~1\INTEGR~1\ARDUIN~1\Debug\libArduinoCore.a(Adafruit_SSD1306.o)
 .debug_line    0x00005ea0      0x2f8 C:\Users\Lam\DOCUME~1\GitHub\NSEC-B~2\hw\2023\CONFBA~1\firmware\INTEGR~2\INTEGR~1\INTEGR~1\ARDUIN~1\Debug\libArduinoCore.a(SPI.o)
 .debug_line    0x00006198      0x637 C:\Users\Lam\DOCUME~1\GitHub\NSEC-B~2\hw\2023\CONFBA~1\firmware\INTEGR~2\INTEGR~1\INTEGR~1\ARDUIN~1\Debug\libArduinoCore.a(Wire.o)
 .debug_line    0x000067cf       0xa9 C:\Users\Lam\DOCUME~1\GitHub\NSEC-B~2\hw\2023\CONFBA~1\firmware\INTEGR~2\INTEGR~1\INTEGR~1\ARDUIN~1\Debug\libArduinoCore.a(abi.o)
 .debug_line    0x00006878       0x41 C:\Users\Lam\DOCUME~1\GitHub\NSEC-B~2\hw\2023\CONFBA~1\firmware\INTEGR~2\INTEGR~1\INTEGR~1\ARDUIN~1\Debug\libArduinoCore.a(hooks.o)
 .debug_line    0x000068b9      0x6d0 C:\Users\Lam\DOCUME~1\GitHub\NSEC-B~2\hw\2023\CONFBA~1\firmware\INTEGR~2\INTEGR~1\INTEGR~1\ARDUIN~1\Debug\libArduinoCore.a(twi.o)

.debug_frame    0x00000000     0x2b34
 *(.debug_frame)
 .debug_frame   0x00000000      0x170 Sketch.o
 .debug_frame   0x00000170      0x110 C:\Users\Lam\DOCUME~1\GitHub\NSEC-B~2\hw\2023\CONFBA~1\firmware\INTEGR~2\INTEGR~1\INTEGR~1\ARDUIN~1\Debug\libArduinoCore.a(HardwareSerial.o)
 .debug_frame   0x00000280       0xe0 C:\Users\Lam\DOCUME~1\GitHub\NSEC-B~2\hw\2023\CONFBA~1\firmware\INTEGR~2\INTEGR~1\INTEGR~1\ARDUIN~1\Debug\libArduinoCore.a(HardwareSerial0.o)
 .debug_frame   0x00000360       0x54 C:\Users\Lam\DOCUME~1\GitHub\NSEC-B~2\hw\2023\CONFBA~1\firmware\INTEGR~2\INTEGR~1\INTEGR~1\ARDUIN~1\Debug\libArduinoCore.a(main.o)
 .debug_frame   0x000003b4      0x3ac C:\Users\Lam\DOCUME~1\GitHub\NSEC-B~2\hw\2023\CONFBA~1\firmware\INTEGR~2\INTEGR~1\INTEGR~1\ARDUIN~1\Debug\libArduinoCore.a(Print.o)
 .debug_frame   0x00000760       0xc4 C:\Users\Lam\DOCUME~1\GitHub\NSEC-B~2\hw\2023\CONFBA~1\firmware\INTEGR~2\INTEGR~1\INTEGR~1\ARDUIN~1\Debug\libArduinoCore.a(wiring.o)
 .debug_frame   0x00000824       0x7c C:\Users\Lam\DOCUME~1\GitHub\NSEC-B~2\hw\2023\CONFBA~1\firmware\INTEGR~2\INTEGR~1\INTEGR~1\ARDUIN~1\Debug\libArduinoCore.a(wiring_digital.o)
 .debug_frame   0x000008a0       0xf4 C:\Users\Lam\DOCUME~1\GitHub\NSEC-B~2\hw\2023\CONFBA~1\firmware\INTEGR~2\INTEGR~1\INTEGR~1\ARDUIN~1\Debug\libArduinoCore.a(WMath.o)
 .debug_frame   0x00000994     0x143c C:\Users\Lam\DOCUME~1\GitHub\NSEC-B~2\hw\2023\CONFBA~1\firmware\INTEGR~2\INTEGR~1\INTEGR~1\ARDUIN~1\Debug\libArduinoCore.a(Adafruit_GFX.o)
 .debug_frame   0x00001dd0      0x360 C:\Users\Lam\DOCUME~1\GitHub\NSEC-B~2\hw\2023\CONFBA~1\firmware\INTEGR~2\INTEGR~1\INTEGR~1\ARDUIN~1\Debug\libArduinoCore.a(Adafruit_NeoPixel.o)
 .debug_frame   0x00002130      0x498 C:\Users\Lam\DOCUME~1\GitHub\NSEC-B~2\hw\2023\CONFBA~1\firmware\INTEGR~2\INTEGR~1\INTEGR~1\ARDUIN~1\Debug\libArduinoCore.a(Adafruit_SSD1306.o)
 .debug_frame   0x000025c8       0x5c C:\Users\Lam\DOCUME~1\GitHub\NSEC-B~2\hw\2023\CONFBA~1\firmware\INTEGR~2\INTEGR~1\INTEGR~1\ARDUIN~1\Debug\libArduinoCore.a(SPI.o)
 .debug_frame   0x00002624      0x2b0 C:\Users\Lam\DOCUME~1\GitHub\NSEC-B~2\hw\2023\CONFBA~1\firmware\INTEGR~2\INTEGR~1\INTEGR~1\ARDUIN~1\Debug\libArduinoCore.a(Wire.o)
 .debug_frame   0x000028d4       0x34 C:\Users\Lam\DOCUME~1\GitHub\NSEC-B~2\hw\2023\CONFBA~1\firmware\INTEGR~2\INTEGR~1\INTEGR~1\ARDUIN~1\Debug\libArduinoCore.a(abi.o)
 .debug_frame   0x00002908       0x24 C:\Users\Lam\DOCUME~1\GitHub\NSEC-B~2\hw\2023\CONFBA~1\firmware\INTEGR~2\INTEGR~1\INTEGR~1\ARDUIN~1\Debug\libArduinoCore.a(hooks.o)
 .debug_frame   0x0000292c      0x208 C:\Users\Lam\DOCUME~1\GitHub\NSEC-B~2\hw\2023\CONFBA~1\firmware\INTEGR~2\INTEGR~1\INTEGR~1\ARDUIN~1\Debug\libArduinoCore.a(twi.o)

.debug_str      0x00000000     0x5302
 *(.debug_str)
 .debug_str     0x00000000      0x208 C:/Program Files (x86)/Atmel/Studio/7.0/Packs/atmel/ATmega_DFP/1.7.374/gcc/dev/atmega328p/avr5/crtatmega328p.o
 .debug_str     0x00000208      0xe62 Sketch.o
                                0xf46 (size before relaxing)
 .debug_str     0x0000106a     0x1346 C:\Users\Lam\DOCUME~1\GitHub\NSEC-B~2\hw\2023\CONFBA~1\firmware\INTEGR~2\INTEGR~1\INTEGR~1\ARDUIN~1\Debug\libArduinoCore.a(HardwareSerial.o)
                               0x1646 (size before relaxing)
 .debug_str     0x000023b0       0x86 C:\Users\Lam\DOCUME~1\GitHub\NSEC-B~2\hw\2023\CONFBA~1\firmware\INTEGR~2\INTEGR~1\INTEGR~1\ARDUIN~1\Debug\libArduinoCore.a(HardwareSerial0.o)
                               0x1439 (size before relaxing)
 .debug_str     0x00002436       0x37 C:\Users\Lam\DOCUME~1\GitHub\NSEC-B~2\hw\2023\CONFBA~1\firmware\INTEGR~2\INTEGR~1\INTEGR~1\ARDUIN~1\Debug\libArduinoCore.a(main.o)
                                0x2e5 (size before relaxing)
 .debug_str     0x0000246d      0x3a5 C:\Users\Lam\DOCUME~1\GitHub\NSEC-B~2\hw\2023\CONFBA~1\firmware\INTEGR~2\INTEGR~1\INTEGR~1\ARDUIN~1\Debug\libArduinoCore.a(Print.o)
                               0x1273 (size before relaxing)
 .debug_str     0x00002812      0x153 C:\Users\Lam\DOCUME~1\GitHub\NSEC-B~2\hw\2023\CONFBA~1\firmware\INTEGR~2\INTEGR~1\INTEGR~1\ARDUIN~1\Debug\libArduinoCore.a(wiring.o)
                                0x27b (size before relaxing)
 .debug_str     0x00002965       0xb6 C:\Users\Lam\DOCUME~1\GitHub\NSEC-B~2\hw\2023\CONFBA~1\firmware\INTEGR~2\INTEGR~1\INTEGR~1\ARDUIN~1\Debug\libArduinoCore.a(wiring_digital.o)
                                0x2e0 (size before relaxing)
 .debug_str     0x00002a1b       0xac C:\Users\Lam\DOCUME~1\GitHub\NSEC-B~2\hw\2023\CONFBA~1\firmware\INTEGR~2\INTEGR~1\INTEGR~1\ARDUIN~1\Debug\libArduinoCore.a(WMath.o)
                                0x27e (size before relaxing)
 .debug_str     0x00002ac7     0x15a9 C:\Users\Lam\DOCUME~1\GitHub\NSEC-B~2\hw\2023\CONFBA~1\firmware\INTEGR~2\INTEGR~1\INTEGR~1\ARDUIN~1\Debug\libArduinoCore.a(Adafruit_GFX.o)
                               0x28f1 (size before relaxing)
 .debug_str     0x00004070      0x101 C:\Users\Lam\DOCUME~1\GitHub\NSEC-B~2\hw\2023\CONFBA~1\firmware\INTEGR~2\INTEGR~1\INTEGR~1\ARDUIN~1\Debug\libArduinoCore.a(Adafruit_NeoPixel.o)
                                0x97e (size before relaxing)
 .debug_str     0x00004171      0x899 C:\Users\Lam\DOCUME~1\GitHub\NSEC-B~2\hw\2023\CONFBA~1\firmware\INTEGR~2\INTEGR~1\INTEGR~1\ARDUIN~1\Debug\libArduinoCore.a(Adafruit_SSD1306.o)
                               0x1134 (size before relaxing)
 .debug_str     0x00004a0a       0x9f C:\Users\Lam\DOCUME~1\GitHub\NSEC-B~2\hw\2023\CONFBA~1\firmware\INTEGR~2\INTEGR~1\INTEGR~1\ARDUIN~1\Debug\libArduinoCore.a(SPI.o)
                                0x6de (size before relaxing)
 .debug_str     0x00004aa9      0x5ee C:\Users\Lam\DOCUME~1\GitHub\NSEC-B~2\hw\2023\CONFBA~1\firmware\INTEGR~2\INTEGR~1\INTEGR~1\ARDUIN~1\Debug\libArduinoCore.a(Wire.o)
                               0x19d6 (size before relaxing)
 .debug_str     0x00005097       0x30 C:\Users\Lam\DOCUME~1\GitHub\NSEC-B~2\hw\2023\CONFBA~1\firmware\INTEGR~2\INTEGR~1\INTEGR~1\ARDUIN~1\Debug\libArduinoCore.a(abi.o)
                                0x1cf (size before relaxing)
 .debug_str     0x000050c7       0x1c C:\Users\Lam\DOCUME~1\GitHub\NSEC-B~2\hw\2023\CONFBA~1\firmware\INTEGR~2\INTEGR~1\INTEGR~1\ARDUIN~1\Debug\libArduinoCore.a(hooks.o)
                                0x170 (size before relaxing)
 .debug_str     0x000050e3      0x21f C:\Users\Lam\DOCUME~1\GitHub\NSEC-B~2\hw\2023\CONFBA~1\firmware\INTEGR~2\INTEGR~1\INTEGR~1\ARDUIN~1\Debug\libArduinoCore.a(twi.o)
                                0x52a (size before relaxing)

.debug_loc      0x00000000    0x156ec
 *(.debug_loc)
 .debug_loc     0x00000000      0x434 Sketch.o
 .debug_loc     0x00000434      0x449 C:\Users\Lam\DOCUME~1\GitHub\NSEC-B~2\hw\2023\CONFBA~1\firmware\INTEGR~2\INTEGR~1\INTEGR~1\ARDUIN~1\Debug\libArduinoCore.a(HardwareSerial.o)
 .debug_loc     0x0000087d      0x1b0 C:\Users\Lam\DOCUME~1\GitHub\NSEC-B~2\hw\2023\CONFBA~1\firmware\INTEGR~2\INTEGR~1\INTEGR~1\ARDUIN~1\Debug\libArduinoCore.a(HardwareSerial0.o)
 .debug_loc     0x00000a2d     0x1c87 C:\Users\Lam\DOCUME~1\GitHub\NSEC-B~2\hw\2023\CONFBA~1\firmware\INTEGR~2\INTEGR~1\INTEGR~1\ARDUIN~1\Debug\libArduinoCore.a(Print.o)
 .debug_loc     0x000026b4      0x28d C:\Users\Lam\DOCUME~1\GitHub\NSEC-B~2\hw\2023\CONFBA~1\firmware\INTEGR~2\INTEGR~1\INTEGR~1\ARDUIN~1\Debug\libArduinoCore.a(wiring.o)
 .debug_loc     0x00002941      0x5fc C:\Users\Lam\DOCUME~1\GitHub\NSEC-B~2\hw\2023\CONFBA~1\firmware\INTEGR~2\INTEGR~1\INTEGR~1\ARDUIN~1\Debug\libArduinoCore.a(wiring_digital.o)
 .debug_loc     0x00002f3d      0x3d6 C:\Users\Lam\DOCUME~1\GitHub\NSEC-B~2\hw\2023\CONFBA~1\firmware\INTEGR~2\INTEGR~1\INTEGR~1\ARDUIN~1\Debug\libArduinoCore.a(WMath.o)
 .debug_loc     0x00003313     0xc203 C:\Users\Lam\DOCUME~1\GitHub\NSEC-B~2\hw\2023\CONFBA~1\firmware\INTEGR~2\INTEGR~1\INTEGR~1\ARDUIN~1\Debug\libArduinoCore.a(Adafruit_GFX.o)
 .debug_loc     0x0000f516     0x1927 C:\Users\Lam\DOCUME~1\GitHub\NSEC-B~2\hw\2023\CONFBA~1\firmware\INTEGR~2\INTEGR~1\INTEGR~1\ARDUIN~1\Debug\libArduinoCore.a(Adafruit_NeoPixel.o)
 .debug_loc     0x00010e3d     0x3191 C:\Users\Lam\DOCUME~1\GitHub\NSEC-B~2\hw\2023\CONFBA~1\firmware\INTEGR~2\INTEGR~1\INTEGR~1\ARDUIN~1\Debug\libArduinoCore.a(Adafruit_SSD1306.o)
 .debug_loc     0x00013fce      0x1e4 C:\Users\Lam\DOCUME~1\GitHub\NSEC-B~2\hw\2023\CONFBA~1\firmware\INTEGR~2\INTEGR~1\INTEGR~1\ARDUIN~1\Debug\libArduinoCore.a(SPI.o)
 .debug_loc     0x000141b2      0xcbb C:\Users\Lam\DOCUME~1\GitHub\NSEC-B~2\hw\2023\CONFBA~1\firmware\INTEGR~2\INTEGR~1\INTEGR~1\ARDUIN~1\Debug\libArduinoCore.a(Wire.o)
 .debug_loc     0x00014e6d      0x87f C:\Users\Lam\DOCUME~1\GitHub\NSEC-B~2\hw\2023\CONFBA~1\firmware\INTEGR~2\INTEGR~1\INTEGR~1\ARDUIN~1\Debug\libArduinoCore.a(twi.o)

.debug_macinfo
 *(.debug_macinfo)

.debug_weaknames
 *(.debug_weaknames)

.debug_funcnames
 *(.debug_funcnames)

.debug_typenames
 *(.debug_typenames)

.debug_varnames
 *(.debug_varnames)

.debug_pubtypes
 *(.debug_pubtypes)

.debug_ranges   0x00000000      0xbb8
 *(.debug_ranges)
 .debug_ranges  0x00000000       0x68 Sketch.o
 .debug_ranges  0x00000068       0x58 C:\Users\Lam\DOCUME~1\GitHub\NSEC-B~2\hw\2023\CONFBA~1\firmware\INTEGR~2\INTEGR~1\INTEGR~1\ARDUIN~1\Debug\libArduinoCore.a(HardwareSerial.o)
 .debug_ranges  0x000000c0       0x38 C:\Users\Lam\DOCUME~1\GitHub\NSEC-B~2\hw\2023\CONFBA~1\firmware\INTEGR~2\INTEGR~1\INTEGR~1\ARDUIN~1\Debug\libArduinoCore.a(HardwareSerial0.o)
 .debug_ranges  0x000000f8       0x20 C:\Users\Lam\DOCUME~1\GitHub\NSEC-B~2\hw\2023\CONFBA~1\firmware\INTEGR~2\INTEGR~1\INTEGR~1\ARDUIN~1\Debug\libArduinoCore.a(main.o)
 .debug_ranges  0x00000118      0x120 C:\Users\Lam\DOCUME~1\GitHub\NSEC-B~2\hw\2023\CONFBA~1\firmware\INTEGR~2\INTEGR~1\INTEGR~1\ARDUIN~1\Debug\libArduinoCore.a(Print.o)
 .debug_ranges  0x00000238       0x38 C:\Users\Lam\DOCUME~1\GitHub\NSEC-B~2\hw\2023\CONFBA~1\firmware\INTEGR~2\INTEGR~1\INTEGR~1\ARDUIN~1\Debug\libArduinoCore.a(wiring.o)
 .debug_ranges  0x00000270       0x28 C:\Users\Lam\DOCUME~1\GitHub\NSEC-B~2\hw\2023\CONFBA~1\firmware\INTEGR~2\INTEGR~1\INTEGR~1\ARDUIN~1\Debug\libArduinoCore.a(wiring_digital.o)
 .debug_ranges  0x00000298       0x38 C:\Users\Lam\DOCUME~1\GitHub\NSEC-B~2\hw\2023\CONFBA~1\firmware\INTEGR~2\INTEGR~1\INTEGR~1\ARDUIN~1\Debug\libArduinoCore.a(WMath.o)
 .debug_ranges  0x000002d0      0x4c0 C:\Users\Lam\DOCUME~1\GitHub\NSEC-B~2\hw\2023\CONFBA~1\firmware\INTEGR~2\INTEGR~1\INTEGR~1\ARDUIN~1\Debug\libArduinoCore.a(Adafruit_GFX.o)
 .debug_ranges  0x00000790       0xa0 C:\Users\Lam\DOCUME~1\GitHub\NSEC-B~2\hw\2023\CONFBA~1\firmware\INTEGR~2\INTEGR~1\INTEGR~1\ARDUIN~1\Debug\libArduinoCore.a(Adafruit_NeoPixel.o)
 .debug_ranges  0x00000830      0x1b8 C:\Users\Lam\DOCUME~1\GitHub\NSEC-B~2\hw\2023\CONFBA~1\firmware\INTEGR~2\INTEGR~1\INTEGR~1\ARDUIN~1\Debug\libArduinoCore.a(Adafruit_SSD1306.o)
 .debug_ranges  0x000009e8       0x28 C:\Users\Lam\DOCUME~1\GitHub\NSEC-B~2\hw\2023\CONFBA~1\firmware\INTEGR~2\INTEGR~1\INTEGR~1\ARDUIN~1\Debug\libArduinoCore.a(SPI.o)
 .debug_ranges  0x00000a10      0x100 C:\Users\Lam\DOCUME~1\GitHub\NSEC-B~2\hw\2023\CONFBA~1\firmware\INTEGR~2\INTEGR~1\INTEGR~1\ARDUIN~1\Debug\libArduinoCore.a(Wire.o)
 .debug_ranges  0x00000b10       0x10 C:\Users\Lam\DOCUME~1\GitHub\NSEC-B~2\hw\2023\CONFBA~1\firmware\INTEGR~2\INTEGR~1\INTEGR~1\ARDUIN~1\Debug\libArduinoCore.a(abi.o)
 .debug_ranges  0x00000b20       0x10 C:\Users\Lam\DOCUME~1\GitHub\NSEC-B~2\hw\2023\CONFBA~1\firmware\INTEGR~2\INTEGR~1\INTEGR~1\ARDUIN~1\Debug\libArduinoCore.a(hooks.o)
 .debug_ranges  0x00000b30       0x88 C:\Users\Lam\DOCUME~1\GitHub\NSEC-B~2\hw\2023\CONFBA~1\firmware\INTEGR~2\INTEGR~1\INTEGR~1\ARDUIN~1\Debug\libArduinoCore.a(twi.o)

.debug_macro
 *(.debug_macro)
OUTPUT(integrationTest.elf elf32-avr)
LOAD linker stubs
