Archive member included to satisfy reference by file (symbol)

C:\Users\lambert\DOCUME~1\GitHub\NSEC-B~1\hw\2023\CONFBA~1\firmware\PINOUT~2\PINTES~1\PINTES~1\ARDUIN~1\Debug\libArduinoCore.a(HardwareSerial.o)
                              Sketch.o (_ZN14HardwareSerial5beginEmh)
C:\Users\lambert\DOCUME~1\GitHub\NSEC-B~1\hw\2023\CONFBA~1\firmware\PINOUT~2\PINTES~1\PINTES~1\ARDUIN~1\Debug\libArduinoCore.a(HardwareSerial0.o)
                              Sketch.o (Serial)
C:\Users\lambert\DOCUME~1\GitHub\NSEC-B~1\hw\2023\CONFBA~1\firmware\PINOUT~2\PINTES~1\PINTES~1\ARDUIN~1\Debug\libArduinoCore.a(main.o)
                              C:/Program Files (x86)/Atmel/Studio/7.0/Packs/atmel/ATmega_DFP/1.7.374/gcc/dev/atmega328p/avr5/crtatmega328p.o (main)
C:\Users\lambert\DOCUME~1\GitHub\NSEC-B~1\hw\2023\CONFBA~1\firmware\PINOUT~2\PINTES~1\PINTES~1\ARDUIN~1\Debug\libArduinoCore.a(Print.o)
                              C:\Users\lambert\DOCUME~1\GitHub\NSEC-B~1\hw\2023\CONFBA~1\firmware\PINOUT~2\PINTES~1\PINTES~1\ARDUIN~1\Debug\libArduinoCore.a(HardwareSerial.o) (_ZN5Print5writeEPKhj)
C:\Users\lambert\DOCUME~1\GitHub\NSEC-B~1\hw\2023\CONFBA~1\firmware\PINOUT~2\PINTES~1\PINTES~1\ARDUIN~1\Debug\libArduinoCore.a(wiring.o)
                              Sketch.o (millis)
C:\Users\lambert\DOCUME~1\GitHub\NSEC-B~1\hw\2023\CONFBA~1\firmware\PINOUT~2\PINTES~1\PINTES~1\ARDUIN~1\Debug\libArduinoCore.a(wiring_digital.o)
                              Sketch.o (pinMode)
C:\Users\lambert\DOCUME~1\GitHub\NSEC-B~1\hw\2023\CONFBA~1\firmware\PINOUT~2\PINTES~1\PINTES~1\ARDUIN~1\Debug\libArduinoCore.a(WMath.o)
                              Sketch.o (_Z6randomll)
C:\Users\lambert\DOCUME~1\GitHub\NSEC-B~1\hw\2023\CONFBA~1\firmware\PINOUT~2\PINTES~1\PINTES~1\ARDUIN~1\Debug\libArduinoCore.a(Adafruit_NeoPixel.o)
                              Sketch.o (_ZN17Adafruit_NeoPixelD1Ev)
C:\Users\lambert\DOCUME~1\GitHub\NSEC-B~1\hw\2023\CONFBA~1\firmware\PINOUT~2\PINTES~1\PINTES~1\ARDUIN~1\Debug\libArduinoCore.a(abi.o)
                              C:\Users\lambert\DOCUME~1\GitHub\NSEC-B~1\hw\2023\CONFBA~1\firmware\PINOUT~2\PINTES~1\PINTES~1\ARDUIN~1\Debug\libArduinoCore.a(Print.o) (__cxa_pure_virtual)
C:\Users\lambert\DOCUME~1\GitHub\NSEC-B~1\hw\2023\CONFBA~1\firmware\PINOUT~2\PINTES~1\PINTES~1\ARDUIN~1\Debug\libArduinoCore.a(hooks.o)
                              C:\Users\lambert\DOCUME~1\GitHub\NSEC-B~1\hw\2023\CONFBA~1\firmware\PINOUT~2\PINTES~1\PINTES~1\ARDUIN~1\Debug\libArduinoCore.a(wiring.o) (yield)
c:/program files (x86)/atmel/studio/7.0/toolchain/avr8/avr8-gnu-toolchain/bin/../lib/gcc/avr/5.4.0/../../../../avr/lib/avr5\libm.a(addsf3.o)
                              C:\Users\lambert\DOCUME~1\GitHub\NSEC-B~1\hw\2023\CONFBA~1\firmware\PINOUT~2\PINTES~1\PINTES~1\ARDUIN~1\Debug\libArduinoCore.a(Print.o) (__subsf3)
c:/program files (x86)/atmel/studio/7.0/toolchain/avr8/avr8-gnu-toolchain/bin/../lib/gcc/avr/5.4.0/../../../../avr/lib/avr5\libm.a(addsf3x.o)
                              c:/program files (x86)/atmel/studio/7.0/toolchain/avr8/avr8-gnu-toolchain/bin/../lib/gcc/avr/5.4.0/../../../../avr/lib/avr5\libm.a(addsf3.o) (__addsf3x)
c:/program files (x86)/atmel/studio/7.0/toolchain/avr8/avr8-gnu-toolchain/bin/../lib/gcc/avr/5.4.0/../../../../avr/lib/avr5\libm.a(cmpsf2.o)
                              C:\Users\lambert\DOCUME~1\GitHub\NSEC-B~1\hw\2023\CONFBA~1\firmware\PINOUT~2\PINTES~1\PINTES~1\ARDUIN~1\Debug\libArduinoCore.a(Print.o) (__ltsf2)
c:/program files (x86)/atmel/studio/7.0/toolchain/avr8/avr8-gnu-toolchain/bin/../lib/gcc/avr/5.4.0/../../../../avr/lib/avr5\libm.a(divsf3.o)
                              C:\Users\lambert\DOCUME~1\GitHub\NSEC-B~1\hw\2023\CONFBA~1\firmware\PINOUT~2\PINTES~1\PINTES~1\ARDUIN~1\Debug\libArduinoCore.a(Print.o) (__divsf3)
c:/program files (x86)/atmel/studio/7.0/toolchain/avr8/avr8-gnu-toolchain/bin/../lib/gcc/avr/5.4.0/../../../../avr/lib/avr5\libm.a(divsf3x.o)
                              c:/program files (x86)/atmel/studio/7.0/toolchain/avr8/avr8-gnu-toolchain/bin/../lib/gcc/avr/5.4.0/../../../../avr/lib/avr5\libm.a(divsf3.o) (__divsf3x)
c:/program files (x86)/atmel/studio/7.0/toolchain/avr8/avr8-gnu-toolchain/bin/../lib/gcc/avr/5.4.0/../../../../avr/lib/avr5\libm.a(fixunssfsi.o)
                              C:\Users\lambert\DOCUME~1\GitHub\NSEC-B~1\hw\2023\CONFBA~1\firmware\PINOUT~2\PINTES~1\PINTES~1\ARDUIN~1\Debug\libArduinoCore.a(Print.o) (__fixunssfsi)
c:/program files (x86)/atmel/studio/7.0/toolchain/avr8/avr8-gnu-toolchain/bin/../lib/gcc/avr/5.4.0/../../../../avr/lib/avr5\libm.a(floatsisf.o)
                              C:\Users\lambert\DOCUME~1\GitHub\NSEC-B~1\hw\2023\CONFBA~1\firmware\PINOUT~2\PINTES~1\PINTES~1\ARDUIN~1\Debug\libArduinoCore.a(Print.o) (__floatunsisf)
c:/program files (x86)/atmel/studio/7.0/toolchain/avr8/avr8-gnu-toolchain/bin/../lib/gcc/avr/5.4.0/../../../../avr/lib/avr5\libm.a(fp_cmp.o)
[...]
Memory Configuration

Name             Origin             Length             Attributes
text             0x00000000         0x00008000         xr
data             0x00800100         0x00000800         rw !x
eeprom           0x00810000         0x00000400         rw !x
fuse             0x00820000         0x00000003         rw !x
lock             0x00830000         0x00000400         rw !x
signature        0x00840000         0x00000400         rw !x
user_signatures  0x00850000         0x00000400         rw !x
*default*        0x00000000         0xffffffff

Linker script and memory map

Address of section .data set to 0x800100
LOAD C:/Program Files (x86)/Atmel/Studio/7.0/Packs/atmel/ATmega_DFP/1.7.374/gcc/dev/atmega328p/avr5/crtatmega328p.o
LOAD Sketch.o
START GROUP
LOAD c:/program files (x86)/atmel/studio/7.0/toolchain/avr8/avr8-gnu-toolchain/bin/../lib/gcc/avr/5.4.0/../../../../avr/lib/avr5\libm.a
LOAD C:\Users\lambert\DOCUME~1\GitHub\NSEC-B~1\hw\2023\CONFBA~1\firmware\PINOUT~2\PINTES~1\PINTES~1\ARDUIN~1\Debug\libArduinoCore.a
END GROUP
LOAD c:/program files (x86)/atmel/studio/7.0/toolchain/avr8/avr8-gnu-toolchain/bin/../lib/gcc/avr/5.4.0/avr5\libgcc.a
LOAD c:/program files (x86)/atmel/studio/7.0/toolchain/avr8/avr8-gnu-toolchain/bin/../lib/gcc/avr/5.4.0/../../../../avr/lib/avr5\libm.a
START GROUP
LOAD c:/program files (x86)/atmel/studio/7.0/toolchain/avr8/avr8-gnu-toolchain/bin/../lib/gcc/avr/5.4.0/avr5\libgcc.a
LOAD c:/program files (x86)/atmel/studio/7.0/toolchain/avr8/avr8-gnu-toolchain/bin/../lib/gcc/avr/5.4.0/../../../../avr/lib/avr5\libm.a
LOAD c:/program files (x86)/atmel/studio/7.0/toolchain/avr8/avr8-gnu-toolchain/bin/../lib/gcc/avr/5.4.0/../../../../avr/lib/avr5\libc.a
LOAD C:/Program Files (x86)/Atmel/Studio/7.0/Packs/atmel/ATmega_DFP/1.7.374/gcc/dev/atmega328p/avr5\libatmega328p.a
END GROUP
                0x00000000                __TEXT_REGION_ORIGIN__ = DEFINED (__TEXT_REGION_ORIGIN__)?__TEXT_REGION_ORIGIN__:0x0
                [0x00800100]                __DATA_REGION_ORIGIN__ = DEFINED (__DATA_REGION_ORIGIN__)?__DATA_REGION_ORIGIN__:0x800060
                [0x00008000]                __TEXT_REGION_LENGTH__ = DEFINED (__TEXT_REGION_LENGTH__)?__TEXT_REGION_LENGTH__:0x20000
                [0x00000800]                __DATA_REGION_LENGTH__ = DEFINED (__DATA_REGION_LENGTH__)?__DATA_REGION_LENGTH__:0xffa0
                [0x00000400]                __EEPROM_REGION_LENGTH__ = DEFINED (__EEPROM_REGION_LENGTH__)?__EEPROM_REGION_LENGTH__:0x10000
                [0x00000003]                __FUSE_REGION_LENGTH__ = DEFINED (__FUSE_REGION_LENGTH__)?__FUSE_REGION_LENGTH__:0x400
                0x00000400                __LOCK_REGION_LENGTH__ = DEFINED (__LOCK_REGION_LENGTH__)?__LOCK_REGION_LENGTH__:0x400
                0x00000400                __SIGNATURE_REGION_LENGTH__ = DEFINED (__SIGNATURE_REGION_LENGTH__)?__SIGNATURE_REGION_LENGTH__:0x400
                0x00000400                __USER_SIGNATURE_REGION_LENGTH__ = DEFINED (__USER_SIGNATURE_REGION_LENGTH__)?__USER_SIGNATURE_REGION_LENGTH__:0x400

.hash
 *(.hash)

.dynsym
 *(.dynsym)

.dynstr
 *(.dynstr)

.gnu.version
 *(.gnu.version)

.gnu.version_d
 *(.gnu.version_d)

.gnu.version_r
 *(.gnu.version_r)

.rel.init
 *(.rel.init)

.rela.init
 *(.rela.init)

.rel.text
 *(.rel.text)
 *(.rel.text.*)
 *(.rel.gnu.linkonce.t*)

.rela.text
 *(.rela.text)
 *(.rela.text.*)
 *(.rela.gnu.linkonce.t*)

.rel.fini
 *(.rel.fini)

.rela.fini
 *(.rela.fini)

.rel.rodata
 *(.rel.rodata)
 *(.rel.rodata.*)
 *(.rel.gnu.linkonce.r*)

.rela.rodata
 *(.rela.rodata)
 *(.rela.rodata.*)
 *(.rela.gnu.linkonce.r*)

.rel.data
 *(.rel.data)
 *(.rel.data.*)
 *(.rel.gnu.linkonce.d*)

.rela.data
 *(.rela.data)
 *(.rela.data.*)
 *(.rela.gnu.linkonce.d*)

.rel.ctors
 *(.rel.ctors)

.rela.ctors
 *(.rela.ctors)

.rel.dtors
 *(.rel.dtors)

.rela.dtors
 *(.rela.dtors)

.rel.got
 *(.rel.got)

.rela.got
 *(.rela.got)

.rel.bss
 *(.rel.bss)

.rela.bss
 *(.rela.bss)

.rel.plt
 *(.rel.plt)

.rela.plt
 *(.rela.plt)

.text           0x00000000     0x17d6
 *(.vectors)
 .vectors       0x00000000       0x68 C:/Program Files (x86)/Atmel/Studio/7.0/Packs/atmel/ATmega_DFP/1.7.374/gcc/dev/atmega328p/avr5/crtatmega328p.o
                0x00000000                __vector_default
                0x00000000                __vectors
 *(.vectors)
 *(.progmem.gcc*)
                0x00000068                . = ALIGN (0x2)
                0x00000068                __trampolines_start = .
 *(.trampolines)
 .trampolines   0x00000068        0x0 linker stubs
 *(.trampolines*)
                0x00000068                __trampolines_end = .
 *libprintf_flt.a:*(.progmem.data)
 *libc.a:*(.progmem.data)
 *(.progmem*)
 .progmem.data.digital_pin_to_timer_PGM
                0x00000068       0x14 C:\Users\lambert\DOCUME~1\GitHub\NSEC-B~1\hw\2023\CONFBA~1\firmware\PINOUT~2\PINTES~1\PINTES~1\ARDUIN~1\Debug\libArduinoCore.a(wiring_digital.o)
                0x00000068                digital_pin_to_timer_PGM
 .progmem.data.digital_pin_to_bit_mask_PGM
                0x0000007c       0x14 C:\Users\lambert\DOCUME~1\GitHub\NSEC-B~1\hw\2023\CONFBA~1\firmware\PINOUT~2\PINTES~1\PINTES~1\ARDUIN~1\Debug\libArduinoCore.a(wiring_digital.o)
                0x0000007c                digital_pin_to_bit_mask_PGM
 .progmem.data.digital_pin_to_port_PGM
                0x00000090       0x14 C:\Users\lambert\DOCUME~1\GitHub\NSEC-B~1\hw\2023\CONFBA~1\firmware\PINOUT~2\PINTES~1\PINTES~1\ARDUIN~1\Debug\libArduinoCore.a(wiring_digital.o)
                0x00000090                digital_pin_to_port_PGM
 .progmem.data.port_to_input_PGM
                0x000000a4        0xa C:\Users\lambert\DOCUME~1\GitHub\NSEC-B~1\hw\2023\CONFBA~1\firmware\PINOUT~2\PINTES~1\PINTES~1\ARDUIN~1\Debug\libArduinoCore.a(wiring_digital.o)
                0x000000a4                port_to_input_PGM
 .progmem.data.port_to_output_PGM
                0x000000ae        0xa C:\Users\lambert\DOCUME~1\GitHub\NSEC-B~1\hw\2023\CONFBA~1\firmware\PINOUT~2\PINTES~1\PINTES~1\ARDUIN~1\Debug\libArduinoCore.a(wiring_digital.o)
                0x000000ae                port_to_output_PGM
 .progmem.data.port_to_mode_PGM
                0x000000b8        0xa C:\Users\lambert\DOCUME~1\GitHub\NSEC-B~1\hw\2023\CONFBA~1\firmware\PINOUT~2\PINTES~1\PINTES~1\ARDUIN~1\Debug\libArduinoCore.a(wiring_digital.o)
                0x000000b8                port_to_mode_PGM
                0x000000c2                . = ALIGN (0x2)
 *(.jumptables)
 *(.jumptables*)
 *(.lowtext)
 *(.lowtext*)
                0x000000c2                __ctors_start = .
 *(.ctors)
 .ctors         0x000000c2        0x2 Sketch.o
 .ctors         0x000000c4        0x2 C:\Users\lambert\DOCUME~1\GitHub\NSEC-B~1\hw\2023\CONFBA~1\firmware\PINOUT~2\PINTES~1\PINTES~1\ARDUIN~1\Debug\libArduinoCore.a(HardwareSerial0.o)
                0x000000c6                __ctors_end = .
                0x000000c6                __dtors_start = .
 *(.dtors)
 .dtors         0x000000c6        0x2 Sketch.o
                0x000000c8                __dtors_end = .
 SORT(*)(.ctors)
 SORT(*)(.dtors)
 *(.init0)
 .init0         0x000000c8        0x0 C:/Program Files (x86)/Atmel/Studio/7.0/Packs/atmel/ATmega_DFP/1.7.374/gcc/dev/atmega328p/avr5/crtatmega328p.o
                0x000000c8                __init
 *(.init0)
 *(.init1)
 *(.init1)
 *(.init2)
 .init2         0x000000c8        0xc C:/Program Files (x86)/Atmel/Studio/7.0/Packs/atmel/ATmega_DFP/1.7.374/gcc/dev/atmega328p/avr5/crtatmega328p.o
 *(.init2)
 *(.init3)
 *(.init3)
 *(.init4)
 .init4         0x000000d4       0x16 c:/program files (x86)/atmel/studio/7.0/toolchain/avr8/avr8-gnu-toolchain/bin/../lib/gcc/avr/5.4.0/avr5\libgcc.a(_copy_data.o)
                0x000000d4                __do_copy_data
 .init4         0x000000ea       0x10 c:/program files (x86)/atmel/studio/7.0/toolchain/avr8/avr8-gnu-toolchain/bin/../lib/gcc/avr/5.4.0/avr5\libgcc.a(_clear_bss.o)
                0x000000ea                __do_clear_bss
 *(.init4)
 *(.init5)
 *(.init5)
 *(.init6)
 .init6         0x000000fa       0x16 c:/program files (x86)/atmel/studio/7.0/toolchain/avr8/avr8-gnu-toolchain/bin/../lib/gcc/avr/5.4.0/avr5\libgcc.a(_ctors.o)
                0x000000fa                __do_global_ctors
 *(.init6)
 *(.init7)
 *(.init7)
 *(.init8)
 *(.init8)
 *(.init9)
 .init9         0x00000110        0x8 C:/Program Files (x86)/Atmel/Studio/7.0/Packs/atmel/ATmega_DFP/1.7.374/gcc/dev/atmega328p/avr5/crtatmega328p.o
 *(.init9)
 *(.text)
 .text          0x00000118        0x4 C:/Program Files (x86)/Atmel/Studio/7.0/Packs/atmel/ATmega_DFP/1.7.374/gcc/dev/atmega328p/avr5/crtatmega328p.o
                0x00000118                __vector_22
                0x00000118                __vector_1
                0x00000118                __vector_24
                0x00000118                __vector_12
                0x00000118                __bad_interrupt
                0x00000118                __vector_6
                0x00000118                __vector_3
                0x00000118                __vector_23
                0x00000118                __vector_25
                0x00000118                __vector_11
                0x00000118                __vector_13
                0x00000118                __vector_17
                0x00000118                __vector_7
                0x00000118                __vector_5
                0x00000118                __vector_4
                0x00000118                __vector_9
                0x00000118                __vector_2
                0x00000118                __vector_21
                0x00000118                __vector_15
                0x00000118                __vector_8
                0x00000118                __vector_14
                0x00000118                __vector_10
                0x00000118                __vector_20
                0x0000011c                . = ALIGN (0x2)
 *(.text.*)
 .text.setup    0x0000011c       0x5c Sketch.o
                0x0000011c                setup
 .text.loop     0x00000178      0x1e8 Sketch.o
                0x00000178                loop
 .text.startup._GLOBAL__sub_I_pixels
                0x00000360       0x14 Sketch.o
 .text.exit._GLOBAL__sub_D_pixels
                0x00000374        0x8 Sketch.o
 .text._ZN14HardwareSerial9availableEv
                0x0000037c       0x18 C:\Users\lambert\DOCUME~1\GitHub\NSEC-B~1\hw\2023\CONFBA~1\firmware\PINOUT~2\PINTES~1\PINTES~1\ARDUIN~1\Debug\libArduinoCore.a(HardwareSerial.o)
                0x0000037c                _ZN14HardwareSerial9availableEv
 .text._ZN14HardwareSerial4peekEv
                0x00000394       0x1c C:\Users\lambert\DOCUME~1\GitHub\NSEC-B~1\hw\2023\CONFBA~1\firmware\PINOUT~2\PINTES~1\PINTES~1\ARDUIN~1\Debug\libArduinoCore.a(HardwareSerial.o)
                0x00000394                _ZN14HardwareSerial4peekEv
 .text._ZN14HardwareSerial4readEv
                0x000003b0       0x28 C:\Users\lambert\DOCUME~1\GitHub\NSEC-B~1\hw\2023\CONFBA~1\firmware\PINOUT~2\PINTES~1\PINTES~1\ARDUIN~1\Debug\libArduinoCore.a(HardwareSerial.o)
                0x000003b0                _ZN14HardwareSerial4readEv
 .text._ZN14HardwareSerial17availableForWriteEv
                0x000003d8       0x1e C:\Users\lambert\DOCUME~1\GitHub\NSEC-B~1\hw\2023\CONFBA~1\firmware\PINOUT~2\PINTES~1\PINTES~1\ARDUIN~1\Debug\libArduinoCore.a(HardwareSerial.o)
                0x000003d8                _ZN14HardwareSerial17availableForWriteEv
 .text._Z14serialEventRunv
                0x000003f6       0x1c C:\Users\lambert\DOCUME~1\GitHub\NSEC-B~1\hw\2023\CONFBA~1\firmware\PINOUT~2\PINTES~1\PINTES~1\ARDUIN~1\Debug\libArduinoCore.a(HardwareSerial.o)
                0x000003f6                _Z14serialEventRunv
 .text._ZN14HardwareSerial17_tx_udr_empty_irqEv
                0x00000412       0x44 C:\Users\lambert\DOCUME~1\GitHub\NSEC-B~1\hw\2023\CONFBA~1\firmware\PINOUT~2\PINTES~1\PINTES~1\ARDUIN~1\Debug\libArduinoCore.a(HardwareSerial.o)
                0x00000412                _ZN14HardwareSerial17_tx_udr_empty_irqEv
 .text._ZN14HardwareSerial5writeEh
                0x00000456       0x9a C:\Users\lambert\DOCUME~1\GitHub\NSEC-B~1\hw\2023\CONFBA~1\firmware\PINOUT~2\PINTES~1\PINTES~1\ARDUIN~1\Debug\libArduinoCore.a(HardwareSerial.o)
                0x00000456                _ZN14HardwareSerial5writeEh
 .text._ZN14HardwareSerial5flushEv
                0x000004f0       0x44 C:\Users\lambert\DOCUME~1\GitHub\NSEC-B~1\hw\2023\CONFBA~1\firmware\PINOUT~2\PINTES~1\PINTES~1\ARDUIN~1\Debug\libArduinoCore.a(HardwareSerial.o)
                0x000004f0                _ZN14HardwareSerial5flushEv
 .text._ZN14HardwareSerial5beginEmh
                0x00000534       0xc0 C:\Users\lambert\DOCUME~1\GitHub\NSEC-B~1\hw\2023\CONFBA~1\firmware\PINOUT~2\PINTES~1\PINTES~1\ARDUIN~1\Debug\libArduinoCore.a(HardwareSerial.o)
                0x00000534                _ZN14HardwareSerial5beginEmh
 .text.__vector_18
                0x000005f4       0x64 C:\Users\lambert\DOCUME~1\GitHub\NSEC-B~1\hw\2023\CONFBA~1\firmware\PINOUT~2\PINTES~1\PINTES~1\ARDUIN~1\Debug\libArduinoCore.a(HardwareSerial0.o)
                0x000005f4                __vector_18
 .text.__vector_19
                0x00000658       0x4c C:\Users\lambert\DOCUME~1\GitHub\NSEC-B~1\hw\2023\CONFBA~1\firmware\PINOUT~2\PINTES~1\PINTES~1\ARDUIN~1\Debug\libArduinoCore.a(HardwareSerial0.o)
                0x00000658                __vector_19
 .text._Z17Serial0_availablev
                0x000006a4       0x14 C:\Users\lambert\DOCUME~1\GitHub\NSEC-B~1\hw\2023\CONFBA~1\firmware\PINOUT~2\PINTES~1\PINTES~1\ARDUIN~1\Debug\libArduinoCore.a(HardwareSerial0.o)
                0x000006a4                _Z17Serial0_availablev
 .text.startup._GLOBAL__sub_I___vector_18
                0x000006b8       0x5a C:\Users\lambert\DOCUME~1\GitHub\NSEC-B~1\hw\2023\CONFBA~1\firmware\PINOUT~2\PINTES~1\PINTES~1\ARDUIN~1\Debug\libArduinoCore.a(HardwareSerial0.o)
 .text.initVariant
                0x00000712        0x2 C:\Users\lambert\DOCUME~1\GitHub\NSEC-B~1\hw\2023\CONFBA~1\firmware\PINOUT~2\PINTES~1\PINTES~1\ARDUIN~1\Debug\libArduinoCore.a(main.o)
                0x00000712                initVariant
 .text.startup.main
                0x00000714       0x1e C:\Users\lambert\DOCUME~1\GitHub\NSEC-B~1\hw\2023\CONFBA~1\firmware\PINOUT~2\PINTES~1\PINTES~1\ARDUIN~1\Debug\libArduinoCore.a(main.o)
                0x00000714                main
 .text._ZN5Print5writeEPKhj
                0x00000732       0x54 C:\Users\lambert\DOCUME~1\GitHub\NSEC-B~1\hw\2023\CONFBA~1\firmware\PINOUT~2\PINTES~1\PINTES~1\ARDUIN~1\Debug\libArduinoCore.a(Print.o)
                0x00000732                _ZN5Print5writeEPKhj
 .text._ZN5Print5writeEPKc
                0x00000786       0x2a C:\Users\lambert\DOCUME~1\GitHub\NSEC-B~1\hw\2023\CONFBA~1\firmware\PINOUT~2\PINTES~1\PINTES~1\ARDUIN~1\Debug\libArduinoCore.a(Print.o)
                0x00000786                _ZN5Print5writeEPKc
 .text._ZN5Print5printEPKc
                0x000007b0        0x4 C:\Users\lambert\DOCUME~1\GitHub\NSEC-B~1\hw\2023\CONFBA~1\firmware\PINOUT~2\PINTES~1\PINTES~1\ARDUIN~1\Debug\libArduinoCore.a(Print.o)
                0x000007b0                _ZN5Print5printEPKc
 .text._ZN5Print5printEc
                0x000007b4        0xe C:\Users\lambert\DOCUME~1\GitHub\NSEC-B~1\hw\2023\CONFBA~1\firmware\PINOUT~2\PINTES~1\PINTES~1\ARDUIN~1\Debug\libArduinoCore.a(Print.o)
                0x000007b4                _ZN5Print5printEc
 .text._ZN5Print7printlnEv
                0x000007c2        0x8 C:\Users\lambert\DOCUME~1\GitHub\NSEC-B~1\hw\2023\CONFBA~1\firmware\PINOUT~2\PINTES~1\PINTES~1\ARDUIN~1\Debug\libArduinoCore.a(Print.o)
                0x000007c2                _ZN5Print7printlnEv
 .text._ZN5Print7printlnEPKc
                0x000007ca       0x24 C:\Users\lambert\DOCUME~1\GitHub\NSEC-B~1\hw\2023\CONFBA~1\firmware\PINOUT~2\PINTES~1\PINTES~1\ARDUIN~1\Debug\libArduinoCore.a(Print.o)
                0x000007ca                _ZN5Print7printlnEPKc
 .text._ZN5Print11printNumberEmh
                0x000007ee       0x92 C:\Users\lambert\DOCUME~1\GitHub\NSEC-B~1\hw\2023\CONFBA~1\firmware\PINOUT~2\PINTES~1\PINTES~1\ARDUIN~1\Debug\libArduinoCore.a(Print.o)
                0x000007ee                _ZN5Print11printNumberEmh
 .text._ZN5Print5printEmi
                0x00000880       0x1a C:\Users\lambert\DOCUME~1\GitHub\NSEC-B~1\hw\2023\CONFBA~1\firmware\PINOUT~2\PINTES~1\PINTES~1\ARDUIN~1\Debug\libArduinoCore.a(Print.o)
                0x00000880                _ZN5Print5printEmi
 .text._ZN5Print5printEli
                0x0000089a       0x90 C:\Users\lambert\DOCUME~1\GitHub\NSEC-B~1\hw\2023\CONFBA~1\firmware\PINOUT~2\PINTES~1\PINTES~1\ARDUIN~1\Debug\libArduinoCore.a(Print.o)
                0x0000089a                _ZN5Print5printEli
 .text._ZN5Print5printEii
                0x0000092a        0xe C:\Users\lambert\DOCUME~1\GitHub\NSEC-B~1\hw\2023\CONFBA~1\firmware\PINOUT~2\PINTES~1\PINTES~1\ARDUIN~1\Debug\libArduinoCore.a(Print.o)
                0x0000092a                _ZN5Print5printEii
 .text.__vector_16
                0x00000938       0x94 C:\Users\lambert\DOCUME~1\GitHub\NSEC-B~1\hw\2023\CONFBA~1\firmware\PINOUT~2\PINTES~1\PINTES~1\ARDUIN~1\Debug\libArduinoCore.a(wiring.o)
                0x00000938                __vector_16
 .text.millis   0x000009cc       0x18 C:\Users\lambert\DOCUME~1\GitHub\NSEC-B~1\hw\2023\CONFBA~1\firmware\PINOUT~2\PINTES~1\PINTES~1\ARDUIN~1\Debug\libArduinoCore.a(wiring.o)
                0x000009cc                millis
 .text.micros   0x000009e4       0x4a C:\Users\lambert\DOCUME~1\GitHub\NSEC-B~1\hw\2023\CONFBA~1\firmware\PINOUT~2\PINTES~1\PINTES~1\ARDUIN~1\Debug\libArduinoCore.a(wiring.o)
                0x000009e4                micros
 .text.delay    0x00000a2e       0x78 C:\Users\lambert\DOCUME~1\GitHub\NSEC-B~1\hw\2023\CONFBA~1\firmware\PINOUT~2\PINTES~1\PINTES~1\ARDUIN~1\Debug\libArduinoCore.a(wiring.o)
                0x00000a2e                delay
 .text.init     0x00000aa6       0x76 C:\Users\lambert\DOCUME~1\GitHub\NSEC-B~1\hw\2023\CONFBA~1\firmware\PINOUT~2\PINTES~1\PINTES~1\ARDUIN~1\Debug\libArduinoCore.a(wiring.o)
                0x00000aa6                init
 .text.turnOffPWM
                0x00000b1c       0x52 C:\Users\lambert\DOCUME~1\GitHub\NSEC-B~1\hw\2023\CONFBA~1\firmware\PINOUT~2\PINTES~1\PINTES~1\ARDUIN~1\Debug\libArduinoCore.a(wiring_digital.o)
 .text.pinMode  0x00000b6e       0x78 C:\Users\lambert\DOCUME~1\GitHub\NSEC-B~1\hw\2023\CONFBA~1\firmware\PINOUT~2\PINTES~1\PINTES~1\ARDUIN~1\Debug\libArduinoCore.a(wiring_digital.o)
                0x00000b6e                pinMode
 .text.digitalWrite
                0x00000be6       0x5e C:\Users\lambert\DOCUME~1\GitHub\NSEC-B~1\hw\2023\CONFBA~1\firmware\PINOUT~2\PINTES~1\PINTES~1\ARDUIN~1\Debug\libArduinoCore.a(wiring_digital.o)
                0x00000be6                digitalWrite
 .text.digitalRead
                0x00000c44       0x52 C:\Users\lambert\DOCUME~1\GitHub\NSEC-B~1\hw\2023\CONFBA~1\firmware\PINOUT~2\PINTES~1\PINTES~1\ARDUIN~1\Debug\libArduinoCore.a(wiring_digital.o)
                0x00000c44                digitalRead
 .text._Z6randoml
                0x00000c96       0x34 C:\Users\lambert\DOCUME~1\GitHub\NSEC-B~1\hw\2023\CONFBA~1\firmware\PINOUT~2\PINTES~1\PINTES~1\ARDUIN~1\Debug\libArduinoCore.a(WMath.o)
                0x00000c96                _Z6randoml
 .text._Z6randomll
                0x00000cca       0x44 C:\Users\lambert\DOCUME~1\GitHub\NSEC-B~1\hw\2023\CONFBA~1\firmware\PINOUT~2\PINTES~1\PINTES~1\ARDUIN~1\Debug\libArduinoCore.a(WMath.o)
                0x00000cca                _Z6randomll
 .text._ZN17Adafruit_NeoPixelD2Ev
                0x00000d0e       0x26 C:\Users\lambert\DOCUME~1\GitHub\NSEC-B~1\hw\2023\CONFBA~1\firmware\PINOUT~2\PINTES~1\PINTES~1\ARDUIN~1\Debug\libArduinoCore.a(Adafruit_NeoPixel.o)
                0x00000d0e                _ZN17Adafruit_NeoPixelD2Ev
                0x00000d0e                _ZN17Adafruit_NeoPixelD1Ev
 .text._ZN17Adafruit_NeoPixel5beginEv
                0x00000d34       0x26 C:\Users\lambert\DOCUME~1\GitHub\NSEC-B~1\hw\2023\CONFBA~1\firmware\PINOUT~2\PINTES~1\PINTES~1\ARDUIN~1\Debug\libArduinoCore.a(Adafruit_NeoPixel.o)
                0x00000d34                _ZN17Adafruit_NeoPixel5beginEv
 .text._ZN17Adafruit_NeoPixel12updateLengthEj
                0x00000d5a       0x70 C:\Users\lambert\DOCUME~1\GitHub\NSEC-B~1\hw\2023\CONFBA~1\firmware\PINOUT~2\PINTES~1\PINTES~1\ARDUIN~1\Debug\libArduinoCore.a(Adafruit_NeoPixel.o)
                0x00000d5a                _ZN17Adafruit_NeoPixel12updateLengthEj
 .text._ZN17Adafruit_NeoPixel10updateTypeEj
                0x00000dca       0x6e C:\Users\lambert\DOCUME~1\GitHub\NSEC-B~1\hw\2023\CONFBA~1\firmware\PINOUT~2\PINTES~1\PINTES~1\ARDUIN~1\Debug\libArduinoCore.a(Adafruit_NeoPixel.o)
                0x00000dca                _ZN17Adafruit_NeoPixel10updateTypeEj
 .text._ZN17Adafruit_NeoPixel4showEv
                0x00000e38      0x36e C:\Users\lambert\DOCUME~1\GitHub\NSEC-B~1\hw\2023\CONFBA~1\firmware\PINOUT~2\PINTES~1\PINTES~1\ARDUIN~1\Debug\libArduinoCore.a(Adafruit_NeoPixel.o)
                0x00000e38                _ZN17Adafruit_NeoPixel4showEv
 .text._ZN17Adafruit_NeoPixel6setPinEi
                0x000011a6       0x6e C:\Users\lambert\DOCUME~1\GitHub\NSEC-B~1\hw\2023\CONFBA~1\firmware\PINOUT~2\PINTES~1\PINTES~1\ARDUIN~1\Debug\libArduinoCore.a(Adafruit_NeoPixel.o)
                0x000011a6                _ZN17Adafruit_NeoPixel6setPinEi
 .text._ZN17Adafruit_NeoPixelC2Ejij
                0x00001214       0x44 C:\Users\lambert\DOCUME~1\GitHub\NSEC-B~1\hw\2023\CONFBA~1\firmware\PINOUT~2\PINTES~1\PINTES~1\ARDUIN~1\Debug\libArduinoCore.a(Adafruit_NeoPixel.o)
                0x00001214                _ZN17Adafruit_NeoPixelC1Ejij
                0x00001214                _ZN17Adafruit_NeoPixelC2Ejij
 .text._ZN17Adafruit_NeoPixel13setPixelColorEjm
                0x00001258       0xea C:\Users\lambert\DOCUME~1\GitHub\NSEC-B~1\hw\2023\CONFBA~1\firmware\PINOUT~2\PINTES~1\PINTES~1\ARDUIN~1\Debug\libArduinoCore.a(Adafruit_NeoPixel.o)
                0x00001258                _ZN17Adafruit_NeoPixel13setPixelColorEjm
 .text._ZN17Adafruit_NeoPixel5clearEv
                0x00001342       0x12 C:\Users\lambert\DOCUME~1\GitHub\NSEC-B~1\hw\2023\CONFBA~1\firmware\PINOUT~2\PINTES~1\PINTES~1\ARDUIN~1\Debug\libArduinoCore.a(Adafruit_NeoPixel.o)
                0x00001342                _ZN17Adafruit_NeoPixel5clearEv
 .text.__empty  0x00001354        0x2 C:\Users\lambert\DOCUME~1\GitHub\NSEC-B~1\hw\2023\CONFBA~1\firmware\PINOUT~2\PINTES~1\PINTES~1\ARDUIN~1\Debug\libArduinoCore.a(hooks.o)
                0x00001354                yield
 .text.libgcc.div
                0x00001356       0x44 c:/program files (x86)/atmel/studio/7.0/toolchain/avr8/avr8-gnu-toolchain/bin/../lib/gcc/avr/5.4.0/avr5\libgcc.a(_udivmodsi4.o)
                0x00001356                __udivmodsi4
 .text.libgcc.div
                0x0000139a       0x2e c:/program files (x86)/atmel/studio/7.0/toolchain/avr8/avr8-gnu-toolchain/bin/../lib/gcc/avr/5.4.0/avr5\libgcc.a(_divmodsi4.o)
                0x0000139a                __divmodsi4
 .text.libgcc.div
                0x000013c8       0x10 c:/program files (x86)/atmel/studio/7.0/toolchain/avr8/avr8-gnu-toolchain/bin/../lib/gcc/avr/5.4.0/avr5\libgcc.a(_negsi2.o)
                0x000013c8                __negsi2
 .text.libgcc.mul
                0x000013d8       0x1e c:/program files (x86)/atmel/studio/7.0/toolchain/avr8/avr8-gnu-toolchain/bin/../lib/gcc/avr/5.4.0/avr5\libgcc.a(_umulhisi3.o)
                0x000013d8                __umulhisi3
 .text.libgcc.mul
                0x000013f6       0x16 c:/program files (x86)/atmel/studio/7.0/toolchain/avr8/avr8-gnu-toolchain/bin/../lib/gcc/avr/5.4.0/avr5\libgcc.a(_muluhisi3.o)
                0x000013f6                __muluhisi3
 .text.libgcc   0x0000140c        0xc c:/program files (x86)/atmel/studio/7.0/toolchain/avr8/avr8-gnu-toolchain/bin/../lib/gcc/avr/5.4.0/avr5\libgcc.a(_tablejump2.o)
                0x0000140c                __tablejump2__
 .text.avr-libc
                0x00001418      0x242 c:/program files (x86)/atmel/studio/7.0/toolchain/avr8/avr8-gnu-toolchain/bin/../lib/gcc/avr/5.4.0/../../../../avr/lib/avr5\libc.a(malloc.o)
                0x00001418                malloc
                0x00001548                free
 .text.avr-libc
                0x0000165a      0x144 c:/program files (x86)/atmel/studio/7.0/toolchain/avr8/avr8-gnu-toolchain/bin/../lib/gcc/avr/5.4.0/../../../../avr/lib/avr5\libc.a(random.o)
                0x0000165a                random_r
                0x000016f0                random
                0x0000178c                srandom
 .text.avr-libc
                0x0000179e        0xe c:/program files (x86)/atmel/studio/7.0/toolchain/avr8/avr8-gnu-toolchain/bin/../lib/gcc/avr/5.4.0/../../../../avr/lib/avr5\libc.a(memset.o)
                0x0000179e                memset
 .text.libgcc.mul
                0x000017ac       0x10 c:/program files (x86)/atmel/studio/7.0/toolchain/avr8/avr8-gnu-toolchain/bin/../lib/gcc/avr/5.4.0/avr5\libgcc.a(_mulshisi3.o)
                0x000017ac                __mulshisi3
                0x000017b2                __mulohisi3
                0x000017bc                . = ALIGN (0x2)
 *(.fini9)
 .fini9         0x000017bc        0x0 c:/program files (x86)/atmel/studio/7.0/toolchain/avr8/avr8-gnu-toolchain/bin/../lib/gcc/avr/5.4.0/avr5\libgcc.a(_exit.o)
                0x000017bc                _exit
                0x000017bc                exit
 *(.fini9)
 *(.fini8)
 *(.fini8)
 *(.fini7)
 *(.fini7)
 *(.fini6)
 .fini6         0x000017bc       0x16 c:/program files (x86)/atmel/studio/7.0/toolchain/avr8/avr8-gnu-toolchain/bin/../lib/gcc/avr/5.4.0/avr5\libgcc.a(_dtors.o)
                0x000017bc                __do_global_dtors
 *(.fini6)
 *(.fini5)
 *(.fini5)
 *(.fini4)
 *(.fini4)
 *(.fini3)
 *(.fini3)
 *(.fini2)
 *(.fini2)
 *(.fini1)
 *(.fini1)
 *(.fini0)
 .fini0         0x000017d2        0x4 c:/program files (x86)/atmel/studio/7.0/toolchain/avr8/avr8-gnu-toolchain/bin/../lib/gcc/avr/5.4.0/avr5\libgcc.a(_exit.o)
 *(.fini0)
                0x000017d6                _etext = .

.data           0x00800100       0x2e load address 0x000017d6
                0x00800100                PROVIDE (__data_start, .)
 *(.data)
 .data          0x00800100        0x6 c:/program files (x86)/atmel/studio/7.0/toolchain/avr8/avr8-gnu-toolchain/bin/../lib/gcc/avr/5.4.0/../../../../avr/lib/avr5\libc.a(malloc.o)
                0x00800100                __malloc_heap_end
                0x00800102                __malloc_heap_start
                0x00800104                __malloc_margin
 .data          0x00800106        0x4 c:/program files (x86)/atmel/studio/7.0/toolchain/avr8/avr8-gnu-toolchain/bin/../lib/gcc/avr/5.4.0/../../../../avr/lib/avr5\libc.a(random.o)
 *(.data*)
 *(.gnu.linkonce.d*)
 *(.rodata)
 *(.rodata*)
 .rodata.str1.1
                0x0080010a        0x2 Sketch.o
 .rodata._ZTV14HardwareSerial
                0x0080010c       0x12 C:\Users\lambert\DOCUME~1\GitHub\NSEC-B~1\hw\2023\CONFBA~1\firmware\PINOUT~2\PINTES~1\PINTES~1\ARDUIN~1\Debug\libArduinoCore.a(HardwareSerial.o)
                0x0080010c                _ZTV14HardwareSerial
 .rodata.str1.1
                0x0080011e        0xf C:\Users\lambert\DOCUME~1\GitHub\NSEC-B~1\hw\2023\CONFBA~1\firmware\PINOUT~2\PINTES~1\PINTES~1\ARDUIN~1\Debug\libArduinoCore.a(Print.o)
 *(.gnu.linkonce.r*)
                0x0080012e                . = ALIGN (0x2)
 *fill*         0x0080012d        0x1 
                0x0080012e                _edata = .
                0x0080012e                PROVIDE (__data_end, .)

.bss            0x0080012e       0xc5
                0x0080012e                PROVIDE (__bss_start, .)
 *(.bss)
 *(.bss*)
 .bss._ZZ4loopE7ts_uart
                0x0080012e        0x4 Sketch.o
 .bss.ledState  0x00800132        0x1 Sketch.o
                0x00800132                ledState
 .bss.pixels    0x00800133       0x16 Sketch.o
                0x00800133                pixels
 .bss.Serial    0x00800149       0x9d C:\Users\lambert\DOCUME~1\GitHub\NSEC-B~1\hw\2023\CONFBA~1\firmware\PINOUT~2\PINTES~1\PINTES~1\ARDUIN~1\Debug\libArduinoCore.a(HardwareSerial0.o)
                0x00800149                Serial
 .bss.timer0_fract
                0x008001e6        0x1 C:\Users\lambert\DOCUME~1\GitHub\NSEC-B~1\hw\2023\CONFBA~1\firmware\PINOUT~2\PINTES~1\PINTES~1\ARDUIN~1\Debug\libArduinoCore.a(wiring.o)
 .bss.timer0_millis
                0x008001e7        0x4 C:\Users\lambert\DOCUME~1\GitHub\NSEC-B~1\hw\2023\CONFBA~1\firmware\PINOUT~2\PINTES~1\PINTES~1\ARDUIN~1\Debug\libArduinoCore.a(wiring.o)
                0x008001e7                timer0_millis
 .bss.timer0_overflow_count
                0x008001eb        0x4 C:\Users\lambert\DOCUME~1\GitHub\NSEC-B~1\hw\2023\CONFBA~1\firmware\PINOUT~2\PINTES~1\PINTES~1\ARDUIN~1\Debug\libArduinoCore.a(wiring.o)
                0x008001eb                timer0_overflow_count
 *(COMMON)
 COMMON         0x008001ef        0x4 c:/program files (x86)/atmel/studio/7.0/toolchain/avr8/avr8-gnu-toolchain/bin/../lib/gcc/avr/5.4.0/../../../../avr/lib/avr5\libc.a(malloc.o)
                0x008001ef                __brkval
                0x008001f1                __flp
                0x008001f3                PROVIDE (__bss_end, .)
                0x000017d6                __data_load_start = LOADADDR (.data)
                0x00001804                __data_load_end = (__data_load_start + SIZEOF (.data))

.noinit         0x008001f3        0x0
                [!provide]                PROVIDE (__noinit_start, .)
 *(.noinit*)
                [!provide]                PROVIDE (__noinit_end, .)
                0x008001f3                _end = .
                0x008001f3                PROVIDE (__heap_start, .)

.eeprom         0x00810000        0x0
 *(.eeprom*)
                0x00810000                __eeprom_end = .

.fuse
 *(.fuse)
 *(.lfuse)
 *(.hfuse)
 *(.efuse)

.lock
 *(.lock*)

.signature
 *(.signature*)

.user_signatures
 *(.user_signatures*)

.stab
 *(.stab)

.stabstr
 *(.stabstr)

.stab.excl
 *(.stab.excl)

.stab.exclstr
 *(.stab.exclstr)

.stab.index
 *(.stab.index)

.stab.indexstr
 *(.stab.indexstr)

.comment        0x00000000       0x30
 *(.comment)
 .comment       0x00000000       0x30 Sketch.o
                                 0x31 (size before relaxing)
 .comment       0x00000030       0x31 C:\Users\lambert\DOCUME~1\GitHub\NSEC-B~1\hw\2023\CONFBA~1\firmware\PINOUT~2\PINTES~1\PINTES~1\ARDUIN~1\Debug\libArduinoCore.a(HardwareSerial.o)
 .comment       0x00000030       0x31 C:\Users\lambert\DOCUME~1\GitHub\NSEC-B~1\hw\2023\CONFBA~1\firmware\PINOUT~2\PINTES~1\PINTES~1\ARDUIN~1\Debug\libArduinoCore.a(HardwareSerial0.o)
 .comment       0x00000030       0x31 C:\Users\lambert\DOCUME~1\GitHub\NSEC-B~1\hw\2023\CONFBA~1\firmware\PINOUT~2\PINTES~1\PINTES~1\ARDUIN~1\Debug\libArduinoCore.a(main.o)
 .comment       0x00000030       0x31 C:\Users\lambert\DOCUME~1\GitHub\NSEC-B~1\hw\2023\CONFBA~1\firmware\PINOUT~2\PINTES~1\PINTES~1\ARDUIN~1\Debug\libArduinoCore.a(Print.o)
 .comment       0x00000030       0x31 C:\Users\lambert\DOCUME~1\GitHub\NSEC-B~1\hw\2023\CONFBA~1\firmware\PINOUT~2\PINTES~1\PINTES~1\ARDUIN~1\Debug\libArduinoCore.a(wiring.o)
 .comment       0x00000030       0x31 C:\Users\lambert\DOCUME~1\GitHub\NSEC-B~1\hw\2023\CONFBA~1\firmware\PINOUT~2\PINTES~1\PINTES~1\ARDUIN~1\Debug\libArduinoCore.a(wiring_digital.o)
 .comment       0x00000030       0x31 C:\Users\lambert\DOCUME~1\GitHub\NSEC-B~1\hw\2023\CONFBA~1\firmware\PINOUT~2\PINTES~1\PINTES~1\ARDUIN~1\Debug\libArduinoCore.a(WMath.o)
 .comment       0x00000030       0x31 C:\Users\lambert\DOCUME~1\GitHub\NSEC-B~1\hw\2023\CONFBA~1\firmware\PINOUT~2\PINTES~1\PINTES~1\ARDUIN~1\Debug\libArduinoCore.a(Adafruit_NeoPixel.o)
 .comment       0x00000030       0x31 C:\Users\lambert\DOCUME~1\GitHub\NSEC-B~1\hw\2023\CONFBA~1\firmware\PINOUT~2\PINTES~1\PINTES~1\ARDUIN~1\Debug\libArduinoCore.a(hooks.o)
 .comment       0x00000030       0x31 c:/program files (x86)/atmel/studio/7.0/toolchain/avr8/avr8-gnu-toolchain/bin/../lib/gcc/avr/5.4.0/../../../../avr/lib/avr5\libc.a(malloc.o)
 .comment       0x00000030       0x31 c:/program files (x86)/atmel/studio/7.0/toolchain/avr8/avr8-gnu-toolchain/bin/../lib/gcc/avr/5.4.0/../../../../avr/lib/avr5\libc.a(random.o)

.note.gnu.avr.deviceinfo
                0x00000000       0x40
 .note.gnu.avr.deviceinfo
                0x00000000       0x40 C:/Program Files (x86)/Atmel/Studio/7.0/Packs/atmel/ATmega_DFP/1.7.374/gcc/dev/atmega328p/avr5/crtatmega328p.o

.note.gnu.build-id
 *(.note.gnu.build-id)

.debug
 *(.debug)

.line
 *(.line)

.debug_srcinfo
 *(.debug_srcinfo)

.debug_sfnames
 *(.debug_sfnames)

.debug_aranges  0x00000000      0x3b0
 *(.debug_aranges)
 .debug_aranges
                0x00000000       0x38 Sketch.o
 .debug_aranges
                0x00000038       0x68 C:\Users\lambert\DOCUME~1\GitHub\NSEC-B~1\hw\2023\CONFBA~1\firmware\PINOUT~2\PINTES~1\PINTES~1\ARDUIN~1\Debug\libArduinoCore.a(HardwareSerial.o)
 .debug_aranges
                0x000000a0       0x48 C:\Users\lambert\DOCUME~1\GitHub\NSEC-B~1\hw\2023\CONFBA~1\firmware\PINOUT~2\PINTES~1\PINTES~1\ARDUIN~1\Debug\libArduinoCore.a(HardwareSerial0.o)
 .debug_aranges
                0x000000e8       0x30 C:\Users\lambert\DOCUME~1\GitHub\NSEC-B~1\hw\2023\CONFBA~1\firmware\PINOUT~2\PINTES~1\PINTES~1\ARDUIN~1\Debug\libArduinoCore.a(main.o)
 .debug_aranges
                0x00000118      0x100 C:\Users\lambert\DOCUME~1\GitHub\NSEC-B~1\hw\2023\CONFBA~1\firmware\PINOUT~2\PINTES~1\PINTES~1\ARDUIN~1\Debug\libArduinoCore.a(Print.o)
 .debug_aranges
                0x00000218       0x48 C:\Users\lambert\DOCUME~1\GitHub\NSEC-B~1\hw\2023\CONFBA~1\firmware\PINOUT~2\PINTES~1\PINTES~1\ARDUIN~1\Debug\libArduinoCore.a(wiring.o)
 .debug_aranges
                0x00000260       0x38 C:\Users\lambert\DOCUME~1\GitHub\NSEC-B~1\hw\2023\CONFBA~1\firmware\PINOUT~2\PINTES~1\PINTES~1\ARDUIN~1\Debug\libArduinoCore.a(wiring_digital.o)
 .debug_aranges
                0x00000298       0x48 C:\Users\lambert\DOCUME~1\GitHub\NSEC-B~1\hw\2023\CONFBA~1\firmware\PINOUT~2\PINTES~1\PINTES~1\ARDUIN~1\Debug\libArduinoCore.a(WMath.o)
 .debug_aranges
                0x000002e0       0xb0 C:\Users\lambert\DOCUME~1\GitHub\NSEC-B~1\hw\2023\CONFBA~1\firmware\PINOUT~2\PINTES~1\PINTES~1\ARDUIN~1\Debug\libArduinoCore.a(Adafruit_NeoPixel.o)
 .debug_aranges
                0x00000390       0x20 C:\Users\lambert\DOCUME~1\GitHub\NSEC-B~1\hw\2023\CONFBA~1\firmware\PINOUT~2\PINTES~1\PINTES~1\ARDUIN~1\Debug\libArduinoCore.a(hooks.o)

.debug_pubnames
 *(.debug_pubnames)

.debug_info     0x00000000     0x9abd
 *(.debug_info .gnu.linkonce.wi.*)
 .debug_info    0x00000000      0x5f4 C:/Program Files (x86)/Atmel/Studio/7.0/Packs/atmel/ATmega_DFP/1.7.374/gcc/dev/atmega328p/avr5/crtatmega328p.o
 .debug_info    0x000005f4      0xfc2 Sketch.o
 .debug_info    0x000015b6     0x1f6d C:\Users\lambert\DOCUME~1\GitHub\NSEC-B~1\hw\2023\CONFBA~1\firmware\PINOUT~2\PINTES~1\PINTES~1\ARDUIN~1\Debug\libArduinoCore.a(HardwareSerial.o)
 .debug_info    0x00003523     0x1b16 C:\Users\lambert\DOCUME~1\GitHub\NSEC-B~1\hw\2023\CONFBA~1\firmware\PINOUT~2\PINTES~1\PINTES~1\ARDUIN~1\Debug\libArduinoCore.a(HardwareSerial0.o)
 .debug_info    0x00005039      0x237 C:\Users\lambert\DOCUME~1\GitHub\NSEC-B~1\hw\2023\CONFBA~1\firmware\PINOUT~2\PINTES~1\PINTES~1\ARDUIN~1\Debug\libArduinoCore.a(main.o)
 .debug_info    0x00005270     0x28ff C:\Users\lambert\DOCUME~1\GitHub\NSEC-B~1\hw\2023\CONFBA~1\firmware\PINOUT~2\PINTES~1\PINTES~1\ARDUIN~1\Debug\libArduinoCore.a(Print.o)
 .debug_info    0x00007b6f      0x2cb C:\Users\lambert\DOCUME~1\GitHub\NSEC-B~1\hw\2023\CONFBA~1\firmware\PINOUT~2\PINTES~1\PINTES~1\ARDUIN~1\Debug\libArduinoCore.a(wiring.o)
 .debug_info    0x00007e3a      0x5fe C:\Users\lambert\DOCUME~1\GitHub\NSEC-B~1\hw\2023\CONFBA~1\firmware\PINOUT~2\PINTES~1\PINTES~1\ARDUIN~1\Debug\libArduinoCore.a(wiring_digital.o)
 .debug_info    0x00008438      0x230 C:\Users\lambert\DOCUME~1\GitHub\NSEC-B~1\hw\2023\CONFBA~1\firmware\PINOUT~2\PINTES~1\PINTES~1\ARDUIN~1\Debug\libArduinoCore.a(WMath.o)
 .debug_info    0x00008668     0x1417 C:\Users\lambert\DOCUME~1\GitHub\NSEC-B~1\hw\2023\CONFBA~1\firmware\PINOUT~2\PINTES~1\PINTES~1\ARDUIN~1\Debug\libArduinoCore.a(Adafruit_NeoPixel.o)
 .debug_info    0x00009a7f       0x3e C:\Users\lambert\DOCUME~1\GitHub\NSEC-B~1\hw\2023\CONFBA~1\firmware\PINOUT~2\PINTES~1\PINTES~1\ARDUIN~1\Debug\libArduinoCore.a(hooks.o)

.debug_abbrev   0x00000000     0x1ead
 *(.debug_abbrev)
 .debug_abbrev  0x00000000      0x5a2 C:/Program Files (x86)/Atmel/Studio/7.0/Packs/atmel/ATmega_DFP/1.7.374/gcc/dev/atmega328p/avr5/crtatmega328p.o
 .debug_abbrev  0x000005a2      0x30b Sketch.o
 .debug_abbrev  0x000008ad      0x4c6 C:\Users\lambert\DOCUME~1\GitHub\NSEC-B~1\hw\2023\CONFBA~1\firmware\PINOUT~2\PINTES~1\PINTES~1\ARDUIN~1\Debug\libArduinoCore.a(HardwareSerial.o)
 .debug_abbrev  0x00000d73      0x3ce C:\Users\lambert\DOCUME~1\GitHub\NSEC-B~1\hw\2023\CONFBA~1\firmware\PINOUT~2\PINTES~1\PINTES~1\ARDUIN~1\Debug\libArduinoCore.a(HardwareSerial0.o)
 .debug_abbrev  0x00001141      0x12d C:\Users\lambert\DOCUME~1\GitHub\NSEC-B~1\hw\2023\CONFBA~1\firmware\PINOUT~2\PINTES~1\PINTES~1\ARDUIN~1\Debug\libArduinoCore.a(main.o)
 .debug_abbrev  0x0000126e      0x47a C:\Users\lambert\DOCUME~1\GitHub\NSEC-B~1\hw\2023\CONFBA~1\firmware\PINOUT~2\PINTES~1\PINTES~1\ARDUIN~1\Debug\libArduinoCore.a(Print.o)
 .debug_abbrev  0x000016e8      0x146 C:\Users\lambert\DOCUME~1\GitHub\NSEC-B~1\hw\2023\CONFBA~1\firmware\PINOUT~2\PINTES~1\PINTES~1\ARDUIN~1\Debug\libArduinoCore.a(wiring.o)
 .debug_abbrev  0x0000182e      0x15b C:\Users\lambert\DOCUME~1\GitHub\NSEC-B~1\hw\2023\CONFBA~1\firmware\PINOUT~2\PINTES~1\PINTES~1\ARDUIN~1\Debug\libArduinoCore.a(wiring_digital.o)
 .debug_abbrev  0x00001989      0x12b C:\Users\lambert\DOCUME~1\GitHub\NSEC-B~1\hw\2023\CONFBA~1\firmware\PINOUT~2\PINTES~1\PINTES~1\ARDUIN~1\Debug\libArduinoCore.a(WMath.o)
 .debug_abbrev  0x00001ab4      0x3cf C:\Users\lambert\DOCUME~1\GitHub\NSEC-B~1\hw\2023\CONFBA~1\firmware\PINOUT~2\PINTES~1\PINTES~1\ARDUIN~1\Debug\libArduinoCore.a(Adafruit_NeoPixel.o)
 .debug_abbrev  0x00001e83       0x2a C:\Users\lambert\DOCUME~1\GitHub\NSEC-B~1\hw\2023\CONFBA~1\firmware\PINOUT~2\PINTES~1\PINTES~1\ARDUIN~1\Debug\libArduinoCore.a(hooks.o)

.debug_line     0x00000000     0x228c
 *(.debug_line .debug_line.* .debug_line_end)
 .debug_line    0x00000000      0x134 C:/Program Files (x86)/Atmel/Studio/7.0/Packs/atmel/ATmega_DFP/1.7.374/gcc/dev/atmega328p/avr5/crtatmega328p.o
 .debug_line    0x00000134      0x301 Sketch.o
 .debug_line    0x00000435      0x4cb C:\Users\lambert\DOCUME~1\GitHub\NSEC-B~1\hw\2023\CONFBA~1\firmware\PINOUT~2\PINTES~1\PINTES~1\ARDUIN~1\Debug\libArduinoCore.a(HardwareSerial.o)
 .debug_line    0x00000900      0x2a1 C:\Users\lambert\DOCUME~1\GitHub\NSEC-B~1\hw\2023\CONFBA~1\firmware\PINOUT~2\PINTES~1\PINTES~1\ARDUIN~1\Debug\libArduinoCore.a(HardwareSerial0.o)
 .debug_line    0x00000ba1      0x17a C:\Users\lambert\DOCUME~1\GitHub\NSEC-B~1\hw\2023\CONFBA~1\firmware\PINOUT~2\PINTES~1\PINTES~1\ARDUIN~1\Debug\libArduinoCore.a(main.o)
 .debug_line    0x00000d1b      0x69a C:\Users\lambert\DOCUME~1\GitHub\NSEC-B~1\hw\2023\CONFBA~1\firmware\PINOUT~2\PINTES~1\PINTES~1\ARDUIN~1\Debug\libArduinoCore.a(Print.o)
 .debug_line    0x000013b5      0x2af C:\Users\lambert\DOCUME~1\GitHub\NSEC-B~1\hw\2023\CONFBA~1\firmware\PINOUT~2\PINTES~1\PINTES~1\ARDUIN~1\Debug\libArduinoCore.a(wiring.o)
 .debug_line    0x00001664      0x267 C:\Users\lambert\DOCUME~1\GitHub\NSEC-B~1\hw\2023\CONFBA~1\firmware\PINOUT~2\PINTES~1\PINTES~1\ARDUIN~1\Debug\libArduinoCore.a(wiring_digital.o)
 .debug_line    0x000018cb      0x143 C:\Users\lambert\DOCUME~1\GitHub\NSEC-B~1\hw\2023\CONFBA~1\firmware\PINOUT~2\PINTES~1\PINTES~1\ARDUIN~1\Debug\libArduinoCore.a(WMath.o)
 .debug_line    0x00001a0e      0x83d C:\Users\lambert\DOCUME~1\GitHub\NSEC-B~1\hw\2023\CONFBA~1\firmware\PINOUT~2\PINTES~1\PINTES~1\ARDUIN~1\Debug\libArduinoCore.a(Adafruit_NeoPixel.o)
 .debug_line    0x0000224b       0x41 C:\Users\lambert\DOCUME~1\GitHub\NSEC-B~1\hw\2023\CONFBA~1\firmware\PINOUT~2\PINTES~1\PINTES~1\ARDUIN~1\Debug\libArduinoCore.a(hooks.o)

.debug_frame    0x00000000      0xc20
 *(.debug_frame)
 .debug_frame   0x00000000       0x78 Sketch.o
 .debug_frame   0x00000078      0x110 C:\Users\lambert\DOCUME~1\GitHub\NSEC-B~1\hw\2023\CONFBA~1\firmware\PINOUT~2\PINTES~1\PINTES~1\ARDUIN~1\Debug\libArduinoCore.a(HardwareSerial.o)
 .debug_frame   0x00000188       0xe0 C:\Users\lambert\DOCUME~1\GitHub\NSEC-B~1\hw\2023\CONFBA~1\firmware\PINOUT~2\PINTES~1\PINTES~1\ARDUIN~1\Debug\libArduinoCore.a(HardwareSerial0.o)
 .debug_frame   0x00000268       0x54 C:\Users\lambert\DOCUME~1\GitHub\NSEC-B~1\hw\2023\CONFBA~1\firmware\PINOUT~2\PINTES~1\PINTES~1\ARDUIN~1\Debug\libArduinoCore.a(main.o)
 .debug_frame   0x000002bc      0x3ac C:\Users\lambert\DOCUME~1\GitHub\NSEC-B~1\hw\2023\CONFBA~1\firmware\PINOUT~2\PINTES~1\PINTES~1\ARDUIN~1\Debug\libArduinoCore.a(Print.o)
 .debug_frame   0x00000668       0xc4 C:\Users\lambert\DOCUME~1\GitHub\NSEC-B~1\hw\2023\CONFBA~1\firmware\PINOUT~2\PINTES~1\PINTES~1\ARDUIN~1\Debug\libArduinoCore.a(wiring.o)
 .debug_frame   0x0000072c       0x7c C:\Users\lambert\DOCUME~1\GitHub\NSEC-B~1\hw\2023\CONFBA~1\firmware\PINOUT~2\PINTES~1\PINTES~1\ARDUIN~1\Debug\libArduinoCore.a(wiring_digital.o)
 .debug_frame   0x000007a8       0xf4 C:\Users\lambert\DOCUME~1\GitHub\NSEC-B~1\hw\2023\CONFBA~1\firmware\PINOUT~2\PINTES~1\PINTES~1\ARDUIN~1\Debug\libArduinoCore.a(WMath.o)
 .debug_frame   0x0000089c      0x360 C:\Users\lambert\DOCUME~1\GitHub\NSEC-B~1\hw\2023\CONFBA~1\firmware\PINOUT~2\PINTES~1\PINTES~1\ARDUIN~1\Debug\libArduinoCore.a(Adafruit_NeoPixel.o)
 .debug_frame   0x00000bfc       0x24 C:\Users\lambert\DOCUME~1\GitHub\NSEC-B~1\hw\2023\CONFBA~1\firmware\PINOUT~2\PINTES~1\PINTES~1\ARDUIN~1\Debug\libArduinoCore.a(hooks.o)

.debug_str      0x00000000     0x269c
 *(.debug_str)
 .debug_str     0x00000000      0x208 C:/Program Files (x86)/Atmel/Studio/7.0/Packs/atmel/ATmega_DFP/1.7.374/gcc/dev/atmega328p/avr5/crtatmega328p.o
 .debug_str     0x00000208      0x8f4 Sketch.o
                                0x982 (size before relaxing)
 .debug_str     0x00000afc     0x1355 C:\Users\lambert\DOCUME~1\GitHub\NSEC-B~1\hw\2023\CONFBA~1\firmware\PINOUT~2\PINTES~1\PINTES~1\ARDUIN~1\Debug\libArduinoCore.a(HardwareSerial.o)
                               0x1641 (size before relaxing)
 .debug_str     0x00001e51       0x86 C:\Users\lambert\DOCUME~1\GitHub\NSEC-B~1\hw\2023\CONFBA~1\firmware\PINOUT~2\PINTES~1\PINTES~1\ARDUIN~1\Debug\libArduinoCore.a(HardwareSerial0.o)
                               0x1434 (size before relaxing)
 .debug_str     0x00001ed7       0x37 C:\Users\lambert\DOCUME~1\GitHub\NSEC-B~1\hw\2023\CONFBA~1\firmware\PINOUT~2\PINTES~1\PINTES~1\ARDUIN~1\Debug\libArduinoCore.a(main.o)
                                0x2e0 (size before relaxing)
 .debug_str     0x00001f0e      0x393 C:\Users\lambert\DOCUME~1\GitHub\NSEC-B~1\hw\2023\CONFBA~1\firmware\PINOUT~2\PINTES~1\PINTES~1\ARDUIN~1\Debug\libArduinoCore.a(Print.o)
                               0x126e (size before relaxing)
 .debug_str     0x000022a1      0x153 C:\Users\lambert\DOCUME~1\GitHub\NSEC-B~1\hw\2023\CONFBA~1\firmware\PINOUT~2\PINTES~1\PINTES~1\ARDUIN~1\Debug\libArduinoCore.a(wiring.o)
                                0x276 (size before relaxing)
 .debug_str     0x000023f4       0xb6 C:\Users\lambert\DOCUME~1\GitHub\NSEC-B~1\hw\2023\CONFBA~1\firmware\PINOUT~2\PINTES~1\PINTES~1\ARDUIN~1\Debug\libArduinoCore.a(wiring_digital.o)
                                0x2db (size before relaxing)
 .debug_str     0x000024aa       0xac C:\Users\lambert\DOCUME~1\GitHub\NSEC-B~1\hw\2023\CONFBA~1\firmware\PINOUT~2\PINTES~1\PINTES~1\ARDUIN~1\Debug\libArduinoCore.a(WMath.o)
                                0x279 (size before relaxing)
 .debug_str     0x00002556      0x12a C:\Users\lambert\DOCUME~1\GitHub\NSEC-B~1\hw\2023\CONFBA~1\firmware\PINOUT~2\PINTES~1\PINTES~1\ARDUIN~1\Debug\libArduinoCore.a(Adafruit_NeoPixel.o)
                                0x971 (size before relaxing)
 .debug_str     0x00002680       0x1c C:\Users\lambert\DOCUME~1\GitHub\NSEC-B~1\hw\2023\CONFBA~1\firmware\PINOUT~2\PINTES~1\PINTES~1\ARDUIN~1\Debug\libArduinoCore.a(hooks.o)
                                0x16b (size before relaxing)

.debug_loc      0x00000000     0x48b0
 *(.debug_loc)
 .debug_loc     0x00000000       0xaa Sketch.o
 .debug_loc     0x000000aa      0x449 C:\Users\lambert\DOCUME~1\GitHub\NSEC-B~1\hw\2023\CONFBA~1\firmware\PINOUT~2\PINTES~1\PINTES~1\ARDUIN~1\Debug\libArduinoCore.a(HardwareSerial.o)
 .debug_loc     0x000004f3      0x1b0 C:\Users\lambert\DOCUME~1\GitHub\NSEC-B~1\hw\2023\CONFBA~1\firmware\PINOUT~2\PINTES~1\PINTES~1\ARDUIN~1\Debug\libArduinoCore.a(HardwareSerial0.o)
 .debug_loc     0x000006a3     0x1c87 C:\Users\lambert\DOCUME~1\GitHub\NSEC-B~1\hw\2023\CONFBA~1\firmware\PINOUT~2\PINTES~1\PINTES~1\ARDUIN~1\Debug\libArduinoCore.a(Print.o)
 .debug_loc     0x0000232a      0x28d C:\Users\lambert\DOCUME~1\GitHub\NSEC-B~1\hw\2023\CONFBA~1\firmware\PINOUT~2\PINTES~1\PINTES~1\ARDUIN~1\Debug\libArduinoCore.a(wiring.o)
 .debug_loc     0x000025b7      0x5fc C:\Users\lambert\DOCUME~1\GitHub\NSEC-B~1\hw\2023\CONFBA~1\firmware\PINOUT~2\PINTES~1\PINTES~1\ARDUIN~1\Debug\libArduinoCore.a(wiring_digital.o)
 .debug_loc     0x00002bb3      0x3d6 C:\Users\lambert\DOCUME~1\GitHub\NSEC-B~1\hw\2023\CONFBA~1\firmware\PINOUT~2\PINTES~1\PINTES~1\ARDUIN~1\Debug\libArduinoCore.a(WMath.o)
 .debug_loc     0x00002f89     0x1927 C:\Users\lambert\DOCUME~1\GitHub\NSEC-B~1\hw\2023\CONFBA~1\firmware\PINOUT~2\PINTES~1\PINTES~1\ARDUIN~1\Debug\libArduinoCore.a(Adafruit_NeoPixel.o)

.debug_macinfo
 *(.debug_macinfo)

.debug_weaknames
 *(.debug_weaknames)

.debug_funcnames
 *(.debug_funcnames)

.debug_typenames
 *(.debug_typenames)

.debug_varnames
 *(.debug_varnames)

.debug_pubtypes
 *(.debug_pubtypes)

.debug_ranges   0x00000000      0x340
 *(.debug_ranges)
 .debug_ranges  0x00000000       0x28 Sketch.o
 .debug_ranges  0x00000028       0x58 C:\Users\lambert\DOCUME~1\GitHub\NSEC-B~1\hw\2023\CONFBA~1\firmware\PINOUT~2\PINTES~1\PINTES~1\ARDUIN~1\Debug\libArduinoCore.a(HardwareSerial.o)
 .debug_ranges  0x00000080       0x38 C:\Users\lambert\DOCUME~1\GitHub\NSEC-B~1\hw\2023\CONFBA~1\firmware\PINOUT~2\PINTES~1\PINTES~1\ARDUIN~1\Debug\libArduinoCore.a(HardwareSerial0.o)
 .debug_ranges  0x000000b8       0x20 C:\Users\lambert\DOCUME~1\GitHub\NSEC-B~1\hw\2023\CONFBA~1\firmware\PINOUT~2\PINTES~1\PINTES~1\ARDUIN~1\Debug\libArduinoCore.a(main.o)
 .debug_ranges  0x000000d8      0x120 C:\Users\lambert\DOCUME~1\GitHub\NSEC-B~1\hw\2023\CONFBA~1\firmware\PINOUT~2\PINTES~1\PINTES~1\ARDUIN~1\Debug\libArduinoCore.a(Print.o)
 .debug_ranges  0x000001f8       0x38 C:\Users\lambert\DOCUME~1\GitHub\NSEC-B~1\hw\2023\CONFBA~1\firmware\PINOUT~2\PINTES~1\PINTES~1\ARDUIN~1\Debug\libArduinoCore.a(wiring.o)
 .debug_ranges  0x00000230       0x28 C:\Users\lambert\DOCUME~1\GitHub\NSEC-B~1\hw\2023\CONFBA~1\firmware\PINOUT~2\PINTES~1\PINTES~1\ARDUIN~1\Debug\libArduinoCore.a(wiring_digital.o)
 .debug_ranges  0x00000258       0x38 C:\Users\lambert\DOCUME~1\GitHub\NSEC-B~1\hw\2023\CONFBA~1\firmware\PINOUT~2\PINTES~1\PINTES~1\ARDUIN~1\Debug\libArduinoCore.a(WMath.o)
 .debug_ranges  0x00000290       0xa0 C:\Users\lambert\DOCUME~1\GitHub\NSEC-B~1\hw\2023\CONFBA~1\firmware\PINOUT~2\PINTES~1\PINTES~1\ARDUIN~1\Debug\libArduinoCore.a(Adafruit_NeoPixel.o)
 .debug_ranges  0x00000330       0x10 C:\Users\lambert\DOCUME~1\GitHub\NSEC-B~1\hw\2023\CONFBA~1\firmware\PINOUT~2\PINTES~1\PINTES~1\ARDUIN~1\Debug\libArduinoCore.a(hooks.o)

.debug_macro
 *(.debug_macro)
OUTPUT(pinoutTest.elf elf32-avr)
LOAD linker stubs
