Archive member included to satisfy reference by file (symbol)

c:/program files (x86)/atmel/studio/7.0/toolchain/avr8/avr8-gnu-toolchain/bin/../lib/gcc/avr/5.4.0/../../../../avr/lib/avr5\libm.a(divsf3.o)
                              Sketch.o (__divsf3)
c:/program files (x86)/atmel/studio/7.0/toolchain/avr8/avr8-gnu-toolchain/bin/../lib/gcc/avr/5.4.0/../../../../avr/lib/avr5\libm.a(divsf3x.o)
                              c:/program files (x86)/atmel/studio/7.0/toolchain/avr8/avr8-gnu-toolchain/bin/../lib/gcc/avr/5.4.0/../../../../avr/lib/avr5\libm.a(divsf3.o) (__divsf3x)
c:/program files (x86)/atmel/studio/7.0/toolchain/avr8/avr8-gnu-toolchain/bin/../lib/gcc/avr/5.4.0/../../../../avr/lib/avr5\libm.a(floatsisf.o)
                              Sketch.o (__floatunsisf)
c:/program files (x86)/atmel/studio/7.0/toolchain/avr8/avr8-gnu-toolchain/bin/../lib/gcc/avr/5.4.0/../../../../avr/lib/avr5\libm.a(fp_inf.o)
                              c:/program files (x86)/atmel/studio/7.0/toolchain/avr8/avr8-gnu-toolchain/bin/../lib/gcc/avr/5.4.0/../../../../avr/lib/avr5\libm.a(divsf3x.o) (__fp_inf)
c:/program files (x86)/atmel/studio/7.0/toolchain/avr8/avr8-gnu-toolchain/bin/../lib/gcc/avr/5.4.0/../../../../avr/lib/avr5\libm.a(fp_nan.o)
                              c:/program files (x86)/atmel/studio/7.0/toolchain/avr8/avr8-gnu-toolchain/bin/../lib/gcc/avr/5.4.0/../../../../avr/lib/avr5\libm.a(divsf3x.o) (__fp_nan)
c:/program files (x86)/atmel/studio/7.0/toolchain/avr8/avr8-gnu-toolchain/bin/../lib/gcc/avr/5.4.0/../../../../avr/lib/avr5\libm.a(fp_pscA.o)
                              c:/program files (x86)/atmel/studio/7.0/toolchain/avr8/avr8-gnu-toolchain/bin/../lib/gcc/avr/5.4.0/../../../../avr/lib/avr5\libm.a(divsf3x.o) (__fp_pscA)
c:/program files (x86)/atmel/studio/7.0/toolchain/avr8/avr8-gnu-toolchain/bin/../lib/gcc/avr/5.4.0/../../../../avr/lib/avr5\libm.a(fp_pscB.o)
                              c:/program files (x86)/atmel/studio/7.0/toolchain/avr8/avr8-gnu-toolchain/bin/../lib/gcc/avr/5.4.0/../../../../avr/lib/avr5\libm.a(divsf3x.o) (__fp_pscB)
c:/program files (x86)/atmel/studio/7.0/toolchain/avr8/avr8-gnu-toolchain/bin/../lib/gcc/avr/5.4.0/../../../../avr/lib/avr5\libm.a(fp_round.o)
                              c:/program files (x86)/atmel/studio/7.0/toolchain/avr8/avr8-gnu-toolchain/bin/../lib/gcc/avr/5.4.0/../../../../avr/lib/avr5\libm.a(divsf3.o) (__fp_round)
c:/program files (x86)/atmel/studio/7.0/toolchain/avr8/avr8-gnu-toolchain/bin/../lib/gcc/avr/5.4.0/../../../../avr/lib/avr5\libm.a(fp_split3.o)
                              c:/program files (x86)/atmel/studio/7.0/toolchain/avr8/avr8-gnu-toolchain/bin/../lib/gcc/avr/5.4.0/../../../../avr/lib/avr5\libm.a(divsf3x.o) (__fp_split3)
c:/program files (x86)/atmel/studio/7.0/toolchain/avr8/avr8-gnu-toolchain/bin/../lib/gcc/avr/5.4.0/../../../../avr/lib/avr5\libm.a(fp_zero.o)
                              c:/program files (x86)/atmel/studio/7.0/toolchain/avr8/avr8-gnu-toolchain/bin/../lib/gcc/avr/5.4.0/../../../../avr/lib/avr5\libm.a(divsf3x.o) (__fp_szero)
C:\Users\lambert\DOCUME~1\GitHub\NSEC-B~1\hw\2023\CONFBA~1\firmware\CONFER~1\INTEGR~1\ARDUIN~1\Debug\libArduinoCore.a(HardwareSerial.o)
                              Sketch.o (_ZN14HardwareSerial5beginEmh)
C:\Users\lambert\DOCUME~1\GitHub\NSEC-B~1\hw\2023\CONFBA~1\firmware\CONFER~1\INTEGR~1\ARDUIN~1\Debug\libArduinoCore.a(HardwareSerial0.o)
                              oledControl.o (Serial)
C:\Users\lambert\DOCUME~1\GitHub\NSEC-B~1\hw\2023\CONFBA~1\firmware\CONFER~1\INTEGR~1\ARDUIN~1\Debug\libArduinoCore.a(main.o)
                              C:/Program Files (x86)/Atmel/Studio/7.0/Packs/atmel/ATmega_DFP/1.7.374/gcc/dev/atmega328pb/avr5/crtatmega328pb.o (main)
C:\Users\lambert\DOCUME~1\GitHub\NSEC-B~1\hw\2023\CONFBA~1\firmware\CONFER~1\INTEGR~1\ARDUIN~1\Debug\libArduinoCore.a(Print.o)
                              C:\Users\lambert\DOCUME~1\GitHub\NSEC-B~1\hw\2023\CONFBA~1\firmware\CONFER~1\INTEGR~1\ARDUIN~1\Debug\libArduinoCore.a(HardwareSerial.o) (_ZN5Print5writeEPKhj)
C:\Users\lambert\DOCUME~1\GitHub\NSEC-B~1\hw\2023\CONFBA~1\firmware\CONFER~1\INTEGR~1\ARDUIN~1\Debug\libArduinoCore.a(wiring.o)
                              neopix.o (millis)
C:\Users\lambert\DOCUME~1\GitHub\NSEC-B~1\hw\2023\CONFBA~1\firmware\CONFER~1\INTEGR~1\ARDUIN~1\Debug\libArduinoCore.a(wiring_analog.o)
                              Sketch.o (analogRead)
C:\Users\lambert\DOCUME~1\GitHub\NSEC-B~1\hw\2023\CONFBA~1\firmware\CONFER~1\INTEGR~1\ARDUIN~1\Debug\libArduinoCore.a(wiring_digital.o)
                              Sketch.o (pinMode)
C:\Users\lambert\DOCUME~1\GitHub\NSEC-B~1\hw\2023\CONFBA~1\firmware\CONFER~1\INTEGR~1\ARDUIN~1\Debug\libArduinoCore.a(WMath.o)
                              neopix.o (_Z6randomll)
C:\Users\lambert\DOCUME~1\GitHub\NSEC-B~1\hw\2023\CONFBA~1\firmware\CONFER~1\INTEGR~1\ARDUIN~1\Debug\libArduinoCore.a(Adafruit_GFX.o)
                              oledControl.o (_ZN12Adafruit_GFX11setTextSizeEh)
[...]
Memory Configuration

Name             Origin             Length             Attributes
text             0x00000000         0x00008000         xr
data             0x00800100         0x00000800         rw !x
eeprom           0x00810000         0x00000400         rw !x
fuse             0x00820000         0x00000003         rw !x
lock             0x00830000         0x00000400         rw !x
signature        0x00840000         0x00000400         rw !x
user_signatures  0x00850000         0x00000400         rw !x
*default*        0x00000000         0xffffffff

Linker script and memory map

Address of section .data set to 0x800100
LOAD C:/Program Files (x86)/Atmel/Studio/7.0/Packs/atmel/ATmega_DFP/1.7.374/gcc/dev/atmega328pb/avr5/crtatmega328pb.o
LOAD levelControl.o
LOAD modeControl.o
LOAD neopix.o
LOAD oledControl.o
LOAD Sketch.o
LOAD softserialControl.o
LOAD uidFetcher.o
START GROUP
LOAD c:/program files (x86)/atmel/studio/7.0/toolchain/avr8/avr8-gnu-toolchain/bin/../lib/gcc/avr/5.4.0/../../../../avr/lib/avr5\libm.a
LOAD C:\Users\lambert\DOCUME~1\GitHub\NSEC-B~1\hw\2023\CONFBA~1\firmware\CONFER~1\INTEGR~1\ARDUIN~1\Debug\libArduinoCore.a
END GROUP
LOAD c:/program files (x86)/atmel/studio/7.0/toolchain/avr8/avr8-gnu-toolchain/bin/../lib/gcc/avr/5.4.0/avr5\libgcc.a
LOAD c:/program files (x86)/atmel/studio/7.0/toolchain/avr8/avr8-gnu-toolchain/bin/../lib/gcc/avr/5.4.0/../../../../avr/lib/avr5\libm.a
START GROUP
LOAD c:/program files (x86)/atmel/studio/7.0/toolchain/avr8/avr8-gnu-toolchain/bin/../lib/gcc/avr/5.4.0/avr5\libgcc.a
LOAD c:/program files (x86)/atmel/studio/7.0/toolchain/avr8/avr8-gnu-toolchain/bin/../lib/gcc/avr/5.4.0/../../../../avr/lib/avr5\libm.a
LOAD c:/program files (x86)/atmel/studio/7.0/toolchain/avr8/avr8-gnu-toolchain/bin/../lib/gcc/avr/5.4.0/../../../../avr/lib/avr5\libc.a
LOAD C:/Program Files (x86)/Atmel/Studio/7.0/Packs/atmel/ATmega_DFP/1.7.374/gcc/dev/atmega328pb/avr5\libatmega328pb.a
END GROUP
                [0x00000000]                __TEXT_REGION_ORIGIN__ = DEFINED (__TEXT_REGION_ORIGIN__)?__TEXT_REGION_ORIGIN__:0x0
                [0x00800100]                __DATA_REGION_ORIGIN__ = DEFINED (__DATA_REGION_ORIGIN__)?__DATA_REGION_ORIGIN__:0x800060
                [0x00008000]                __TEXT_REGION_LENGTH__ = DEFINED (__TEXT_REGION_LENGTH__)?__TEXT_REGION_LENGTH__:0x20000
                [0x00000800]                __DATA_REGION_LENGTH__ = DEFINED (__DATA_REGION_LENGTH__)?__DATA_REGION_LENGTH__:0xffa0
                [0x00000400]                __EEPROM_REGION_LENGTH__ = DEFINED (__EEPROM_REGION_LENGTH__)?__EEPROM_REGION_LENGTH__:0x10000
                [0x00000003]                __FUSE_REGION_LENGTH__ = DEFINED (__FUSE_REGION_LENGTH__)?__FUSE_REGION_LENGTH__:0x400
                0x00000400                __LOCK_REGION_LENGTH__ = DEFINED (__LOCK_REGION_LENGTH__)?__LOCK_REGION_LENGTH__:0x400
                0x00000400                __SIGNATURE_REGION_LENGTH__ = DEFINED (__SIGNATURE_REGION_LENGTH__)?__SIGNATURE_REGION_LENGTH__:0x400
                0x00000400                __USER_SIGNATURE_REGION_LENGTH__ = DEFINED (__USER_SIGNATURE_REGION_LENGTH__)?__USER_SIGNATURE_REGION_LENGTH__:0x400

.hash
 *(.hash)

.dynsym
 *(.dynsym)

.dynstr
 *(.dynstr)

.gnu.version
 *(.gnu.version)

.gnu.version_d
 *(.gnu.version_d)

.gnu.version_r
 *(.gnu.version_r)

.rel.init
 *(.rel.init)

.rela.init
 *(.rela.init)

.rel.text
 *(.rel.text)
 *(.rel.text.*)
 *(.rel.gnu.linkonce.t*)

.rela.text
 *(.rela.text)
 *(.rela.text.*)
 *(.rela.gnu.linkonce.t*)

.rel.fini
 *(.rel.fini)

.rela.fini
 *(.rela.fini)

.rel.rodata
 *(.rel.rodata)
 *(.rel.rodata.*)
 *(.rel.gnu.linkonce.r*)

.rela.rodata
 *(.rela.rodata)
 *(.rela.rodata.*)
 *(.rela.gnu.linkonce.r*)

.rel.data
 *(.rel.data)
 *(.rel.data.*)
 *(.rel.gnu.linkonce.d*)

.rela.data
 *(.rela.data)
 *(.rela.data.*)
 *(.rela.gnu.linkonce.d*)

.rel.ctors
 *(.rel.ctors)

.rela.ctors
 *(.rela.ctors)

.rel.dtors
 *(.rel.dtors)

.rela.dtors
 *(.rela.dtors)

.rel.got
 *(.rel.got)

.rela.got
 *(.rela.got)

.rel.bss
 *(.rel.bss)

.rela.bss
 *(.rela.bss)

.rel.plt
 *(.rel.plt)

.rela.plt
 *(.rela.plt)

.text           0x00000000     0x5ce8
 *(.vectors)
 .vectors       0x00000000       0xb4 C:/Program Files (x86)/Atmel/Studio/7.0/Packs/atmel/ATmega_DFP/1.7.374/gcc/dev/atmega328pb/avr5/crtatmega328pb.o
                0x00000000                __vector_default
                0x00000000                __vectors
 *(.vectors)
 *(.progmem.gcc*)
                0x000000b4                . = ALIGN (0x2)
                0x000000b4                __trampolines_start = .
 *(.trampolines)
 .trampolines   0x000000b4        0x0 linker stubs
 *(.trampolines*)
                0x000000b4                __trampolines_end = .
 *libprintf_flt.a:*(.progmem.data)
 *libc.a:*(.progmem.data)
 *(.progmem*)
 .progmem.data._ZZ9oled_initvE3__c
                0x000000b4       0x1a oledControl.o
 .progmem.data.digital_pin_to_timer_PGM
                0x000000ce       0x14 C:\Users\lambert\DOCUME~1\GitHub\NSEC-B~1\hw\2023\CONFBA~1\firmware\CONFER~1\INTEGR~1\ARDUIN~1\Debug\libArduinoCore.a(wiring_digital.o)
                0x000000ce                digital_pin_to_timer_PGM
 .progmem.data.digital_pin_to_bit_mask_PGM
                0x000000e2       0x14 C:\Users\lambert\DOCUME~1\GitHub\NSEC-B~1\hw\2023\CONFBA~1\firmware\CONFER~1\INTEGR~1\ARDUIN~1\Debug\libArduinoCore.a(wiring_digital.o)
                0x000000e2                digital_pin_to_bit_mask_PGM
 .progmem.data.digital_pin_to_port_PGM
                0x000000f6       0x14 C:\Users\lambert\DOCUME~1\GitHub\NSEC-B~1\hw\2023\CONFBA~1\firmware\CONFER~1\INTEGR~1\ARDUIN~1\Debug\libArduinoCore.a(wiring_digital.o)
                0x000000f6                digital_pin_to_port_PGM
 .progmem.data.port_to_input_PGM
                0x0000010a        0xa C:\Users\lambert\DOCUME~1\GitHub\NSEC-B~1\hw\2023\CONFBA~1\firmware\CONFER~1\INTEGR~1\ARDUIN~1\Debug\libArduinoCore.a(wiring_digital.o)
                0x0000010a                port_to_input_PGM
 .progmem.data.port_to_output_PGM
                0x00000114        0xa C:\Users\lambert\DOCUME~1\GitHub\NSEC-B~1\hw\2023\CONFBA~1\firmware\CONFER~1\INTEGR~1\ARDUIN~1\Debug\libArduinoCore.a(wiring_digital.o)
                0x00000114                port_to_output_PGM
 .progmem.data.port_to_mode_PGM
                0x0000011e        0xa C:\Users\lambert\DOCUME~1\GitHub\NSEC-B~1\hw\2023\CONFBA~1\firmware\CONFER~1\INTEGR~1\ARDUIN~1\Debug\libArduinoCore.a(wiring_digital.o)
                0x0000011e                port_to_mode_PGM
 .progmem.data._ZL4font
                0x00000128      0x500 C:\Users\lambert\DOCUME~1\GitHub\NSEC-B~1\hw\2023\CONFBA~1\firmware\CONFER~1\INTEGR~1\ARDUIN~1\Debug\libArduinoCore.a(Adafruit_GFX.o)
 .progmem.data._ZZN16Adafruit_SSD13067displayEvE6dlist1
                0x00000628        0x5 C:\Users\lambert\DOCUME~1\GitHub\NSEC-B~1\hw\2023\CONFBA~1\firmware\CONFER~1\INTEGR~1\ARDUIN~1\Debug\libArduinoCore.a(Adafruit_SSD1306.o)
 .progmem.data._ZZN16Adafruit_SSD130621drawFastVLineInternalEiiijE8postmask
                0x0000062d        0x8 C:\Users\lambert\DOCUME~1\GitHub\NSEC-B~1\hw\2023\CONFBA~1\firmware\CONFER~1\INTEGR~1\ARDUIN~1\Debug\libArduinoCore.a(Adafruit_SSD1306.o)
 .progmem.data._ZZN16Adafruit_SSD130621drawFastVLineInternalEiiijE7premask
                0x00000635        0x8 C:\Users\lambert\DOCUME~1\GitHub\NSEC-B~1\hw\2023\CONFBA~1\firmware\CONFER~1\INTEGR~1\ARDUIN~1\Debug\libArduinoCore.a(Adafruit_SSD1306.o)
 .progmem.data._ZZN16Adafruit_SSD13065beginEhhbbE5init5
                0x0000063d        0x6 C:\Users\lambert\DOCUME~1\GitHub\NSEC-B~1\hw\2023\CONFBA~1\firmware\CONFER~1\INTEGR~1\ARDUIN~1\Debug\libArduinoCore.a(Adafruit_SSD1306.o)
 .progmem.data._ZZN16Adafruit_SSD13065beginEhhbbE5init3
                0x00000643        0x4 C:\Users\lambert\DOCUME~1\GitHub\NSEC-B~1\hw\2023\CONFBA~1\firmware\CONFER~1\INTEGR~1\ARDUIN~1\Debug\libArduinoCore.a(Adafruit_SSD1306.o)
 .progmem.data._ZZN16Adafruit_SSD13065beginEhhbbE5init2
                0x00000647        0x4 C:\Users\lambert\DOCUME~1\GitHub\NSEC-B~1\hw\2023\CONFBA~1\firmware\CONFER~1\INTEGR~1\ARDUIN~1\Debug\libArduinoCore.a(Adafruit_SSD1306.o)
 .progmem.data._ZZN16Adafruit_SSD13065beginEhhbbE5init1
                0x0000064b        0x4 C:\Users\lambert\DOCUME~1\GitHub\NSEC-B~1\hw\2023\CONFBA~1\firmware\CONFER~1\INTEGR~1\ARDUIN~1\Debug\libArduinoCore.a(Adafruit_SSD1306.o)
 .progmem.data._ZL12splash2_data
                0x0000064f      0x1e0 C:\Users\lambert\DOCUME~1\GitHub\NSEC-B~1\hw\2023\CONFBA~1\firmware\CONFER~1\INTEGR~1\ARDUIN~1\Debug\libArduinoCore.a(Adafruit_SSD1306.o)
 .progmem.data._ZL12splash1_data
                0x0000082f      0x2c0 C:\Users\lambert\DOCUME~1\GitHub\NSEC-B~1\hw\2023\CONFBA~1\firmware\CONFER~1\INTEGR~1\ARDUIN~1\Debug\libArduinoCore.a(Adafruit_SSD1306.o)
                0x00000af0                . = ALIGN (0x2)
 *fill*         0x00000aef        0x1 
 *(.jumptables)
 *(.jumptables*)
 *(.lowtext)
 *(.lowtext*)
                0x00000af0                __ctors_start = .
 *(.ctors)
 .ctors         0x00000af0        0x2 neopix.o
 .ctors         0x00000af2        0x2 oledControl.o
 .ctors         0x00000af4        0x2 softserialControl.o
 .ctors         0x00000af6        0x2 uidFetcher.o
 .ctors         0x00000af8        0x2 C:\Users\lambert\DOCUME~1\GitHub\NSEC-B~1\hw\2023\CONFBA~1\firmware\CONFER~1\INTEGR~1\ARDUIN~1\Debug\libArduinoCore.a(HardwareSerial0.o)
 .ctors         0x00000afa        0x2 C:\Users\lambert\DOCUME~1\GitHub\NSEC-B~1\hw\2023\CONFBA~1\firmware\CONFER~1\INTEGR~1\ARDUIN~1\Debug\libArduinoCore.a(Wire.o)
                0x00000afc                __ctors_end = .
                0x00000afc                __dtors_start = .
 *(.dtors)
 .dtors         0x00000afc        0x2 neopix.o
 .dtors         0x00000afe        0x2 oledControl.o
 .dtors         0x00000b00        0x2 softserialControl.o
                0x00000b02                __dtors_end = .
 SORT(*)(.ctors)
 SORT(*)(.dtors)
 *(.init0)
 .init0         0x00000b02        0x0 C:/Program Files (x86)/Atmel/Studio/7.0/Packs/atmel/ATmega_DFP/1.7.374/gcc/dev/atmega328pb/avr5/crtatmega328pb.o
                0x00000b02                __init
 *(.init0)
 *(.init1)
 *(.init1)
 *(.init2)
 .init2         0x00000b02        0xc C:/Program Files (x86)/Atmel/Studio/7.0/Packs/atmel/ATmega_DFP/1.7.374/gcc/dev/atmega328pb/avr5/crtatmega328pb.o
 *(.init2)
 *(.init3)
 *(.init3)
 *(.init4)
 .init4         0x00000b0e       0x16 c:/program files (x86)/atmel/studio/7.0/toolchain/avr8/avr8-gnu-toolchain/bin/../lib/gcc/avr/5.4.0/avr5\libgcc.a(_copy_data.o)
                0x00000b0e                __do_copy_data
 .init4         0x00000b24       0x10 c:/program files (x86)/atmel/studio/7.0/toolchain/avr8/avr8-gnu-toolchain/bin/../lib/gcc/avr/5.4.0/avr5\libgcc.a(_clear_bss.o)
                0x00000b24                __do_clear_bss
 *(.init4)
 *(.init5)
 *(.init5)
 *(.init6)
 .init6         0x00000b34       0x16 c:/program files (x86)/atmel/studio/7.0/toolchain/avr8/avr8-gnu-toolchain/bin/../lib/gcc/avr/5.4.0/avr5\libgcc.a(_ctors.o)
                0x00000b34                __do_global_ctors
 *(.init6)
 *(.init7)
 *(.init7)
 *(.init8)
 *(.init8)
 *(.init9)
 .init9         0x00000b4a        0x8 C:/Program Files (x86)/Atmel/Studio/7.0/Packs/atmel/ATmega_DFP/1.7.374/gcc/dev/atmega328pb/avr5/crtatmega328pb.o
 *(.init9)
 *(.text)
 .text          0x00000b52        0x4 C:/Program Files (x86)/Atmel/Studio/7.0/Packs/atmel/ATmega_DFP/1.7.374/gcc/dev/atmega328pb/avr5/crtatmega328pb.o
                0x00000b52                __vector_38
                0x00000b52                __vector_22
                0x00000b52                __vector_28
                0x00000b52                __vector_1
                0x00000b52                __vector_32
                0x00000b52                __vector_34
                0x00000b52                __vector_12
                0x00000b52                __bad_interrupt
                0x00000b52                __vector_6
                0x00000b52                __vector_31
                0x00000b52                __vector_35
                0x00000b52                __vector_39
                0x00000b52                __vector_23
                0x00000b52                __vector_30
                0x00000b52                __vector_25
                0x00000b52                __vector_11
                0x00000b52                __vector_13
                0x00000b52                __vector_17
                0x00000b52                __vector_7
                0x00000b52                __vector_41
                0x00000b52                __vector_43
                0x00000b52                __vector_27
                0x00000b52                __vector_33
                0x00000b52                __vector_37
                0x00000b52                __vector_44
                0x00000b52                __vector_9
                0x00000b52                __vector_2
                0x00000b52                __vector_21
                0x00000b52                __vector_15
                0x00000b52                __vector_36
                0x00000b52                __vector_29
                0x00000b52                __vector_40
                0x00000b52                __vector_8
                0x00000b52                __vector_26
                0x00000b52                __vector_14
                0x00000b52                __vector_10
                0x00000b52                __vector_20
                0x00000b52                __vector_42
                0x00000b56                . = ALIGN (0x2)
 *(.text.*)
 .text._Z16level_getCurrLvlv
                0x00000b56        0x6 levelControl.o
                0x00000b56                _Z16level_getCurrLvlv
 .text._Z15level_decrementv
                0x00000b5c        0xc levelControl.o
                0x00000b5c                _Z15level_decrementv
 .text._Z15level_incrementv
                0x00000b68        0xc levelControl.o
                0x00000b68                _Z15level_incrementv
 .text._Z26mode_currentLoading_assertv
                0x00000b74        0x8 modeControl.o
                0x00000b74                _Z26mode_currentLoading_assertv
 .text._Z28mode_currentLoading_deassertv
                0x00000b7c        0x6 modeControl.o
                0x00000b7c                _Z28mode_currentLoading_deassertv
 .text._Z24mode_getCurrentlyLoadingv
                0x00000b82        0x6 modeControl.o
                0x00000b82                _Z24mode_getCurrentlyLoadingv
 .text._Z31mode_waitForDisconnect_deassertv
                0x00000b88        0x6 modeControl.o
                0x00000b88                _Z31mode_waitForDisconnect_deassertv
 .text._Z29mode_waitForDisconnect_assertv
                0x00000b8e        0x8 modeControl.o
                0x00000b8e                _Z29mode_waitForDisconnect_assertv
 .text._Z25mode_getWaitForDisconnectv
                0x00000b96        0x6 modeControl.o
                0x00000b96                _Z25mode_getWaitForDisconnectv
 .text._Z11neopix_initv
                0x00000b9c        0x8 neopix.o
                0x00000b9c                _Z11neopix_initv
 .text._Z11neopix_idlev
                0x00000ba4      0x320 neopix.o
                0x00000ba4                _Z11neopix_idlev
 .text._Z14neopix_successv
                0x00000ec4       0xf8 neopix.o
                0x00000ec4                _Z14neopix_successv
 .text._Z19neopix_connectRightv
                0x00000fbc       0xa2 neopix.o
                0x00000fbc                _Z19neopix_connectRightv
 .text._Z18neopix_connectLeftv
                0x0000105e       0xaa neopix.o
                0x0000105e                _Z18neopix_connectLeftv
 .text._Z19incrementLoadingBarv
                0x00001108      0x122 neopix.o
                0x00001108                _Z19incrementLoadingBarv
 .text._Z22neopix_resetLoadingBarv
                0x0000122a        0x6 neopix.o
                0x0000122a                _Z22neopix_resetLoadingBarv
 .text.startup._GLOBAL__sub_I_pixels
                0x00001230       0x14 neopix.o
 .text.exit._GLOBAL__sub_D_pixels
                0x00001244        0x8 neopix.o
 .text._Z9oled_initv
                0x0000124c       0xbc oledControl.o
                0x0000124c                _Z9oled_initv
 .text.startup._GLOBAL__sub_I_display
                0x00001308       0x54 oledControl.o
 .text.exit._GLOBAL__sub_D_display
                0x0000135c        0x8 oledControl.o
 .text.setup    0x00001364       0x86 Sketch.o
                0x00001364                setup
 .text.loop     0x000013ea      0x248 Sketch.o
                0x000013ea                loop
 .text._Z15softSerial_initv
                0x00001632       0x20 softserialControl.o
                0x00001632                _Z15softSerial_initv
 .text.startup._GLOBAL__sub_I_rightSerial
                0x00001652       0x1c softserialControl.o
 .text.exit._GLOBAL__sub_D_rightSerial
                0x0000166e       0x10 softserialControl.o
 .text._Z18softSerial_routinev
                0x0000167e      0x1be softserialControl.o
                0x0000167e                _Z18softSerial_routinev
 .text._ZN15ArduinoUniqueIDC2Ev
                0x0000183c       0x1c uidFetcher.o
                0x0000183c                _ZN15ArduinoUniqueIDC1Ev
                0x0000183c                _ZN15ArduinoUniqueIDC2Ev
 .text.startup._GLOBAL__sub_I__ZN15ArduinoUniqueIDC2Ev
                0x00001858        0x8 uidFetcher.o
 .text.avr-libc.fplib
                0x00001860        0x8 c:/program files (x86)/atmel/studio/7.0/toolchain/avr8/avr8-gnu-toolchain/bin/../lib/gcc/avr/5.4.0/../../../../avr/lib/avr5\libm.a(divsf3.o)
                0x00001860                __divsf3
 .text.avr-libc.fplib
                0x00001868       0xdc c:/program files (x86)/atmel/studio/7.0/toolchain/avr8/avr8-gnu-toolchain/bin/../lib/gcc/avr/5.4.0/../../../../avr/lib/avr5\libm.a(divsf3x.o)
                0x00001888                __divsf3x
                0x0000188e                __divsf3_pse
 .text.avr-libc.fplib
                0x00001944       0x7a c:/program files (x86)/atmel/studio/7.0/toolchain/avr8/avr8-gnu-toolchain/bin/../lib/gcc/avr/5.4.0/../../../../avr/lib/avr5\libm.a(floatsisf.o)
                0x00001944                __floatunsisf
                0x00001948                __floatsisf
 .text.avr-libc.fplib
                0x000019be        0xc c:/program files (x86)/atmel/studio/7.0/toolchain/avr8/avr8-gnu-toolchain/bin/../lib/gcc/avr/5.4.0/../../../../avr/lib/avr5\libm.a(fp_inf.o)
                0x000019be                __fp_inf
 .text.avr-libc.fplib
                0x000019ca        0x6 c:/program files (x86)/atmel/studio/7.0/toolchain/avr8/avr8-gnu-toolchain/bin/../lib/gcc/avr/5.4.0/../../../../avr/lib/avr5\libm.a(fp_nan.o)
                0x000019ca                __fp_nan
 .text.avr-libc.fplib
                0x000019d0        0xe c:/program files (x86)/atmel/studio/7.0/toolchain/avr8/avr8-gnu-toolchain/bin/../lib/gcc/avr/5.4.0/../../../../avr/lib/avr5\libm.a(fp_pscA.o)
                0x000019d0                __fp_pscA
 .text.avr-libc.fplib
                0x000019de        0xe c:/program files (x86)/atmel/studio/7.0/toolchain/avr8/avr8-gnu-toolchain/bin/../lib/gcc/avr/5.4.0/../../../../avr/lib/avr5\libm.a(fp_pscB.o)
                0x000019de                __fp_pscB
 .text.avr-libc.fplib
                0x000019ec       0x22 c:/program files (x86)/atmel/studio/7.0/toolchain/avr8/avr8-gnu-toolchain/bin/../lib/gcc/avr/5.4.0/../../../../avr/lib/avr5\libm.a(fp_round.o)
                0x000019ec                __fp_round
 .text.avr-libc.fplib
                0x00001a0e       0x44 c:/program files (x86)/atmel/studio/7.0/toolchain/avr8/avr8-gnu-toolchain/bin/../lib/gcc/avr/5.4.0/../../../../avr/lib/avr5\libm.a(fp_split3.o)
                0x00001a0e                __fp_split3
                0x00001a1e                __fp_splitA
 .text.avr-libc.fplib
                0x00001a52        0xe c:/program files (x86)/atmel/studio/7.0/toolchain/avr8/avr8-gnu-toolchain/bin/../lib/gcc/avr/5.4.0/../../../../avr/lib/avr5\libm.a(fp_zero.o)
                0x00001a52                __fp_zero
                0x00001a54                __fp_szero
 .text._ZN14HardwareSerial9availableEv
                0x00001a60       0x18 C:\Users\lambert\DOCUME~1\GitHub\NSEC-B~1\hw\2023\CONFBA~1\firmware\CONFER~1\INTEGR~1\ARDUIN~1\Debug\libArduinoCore.a(HardwareSerial.o)
                0x00001a60                _ZN14HardwareSerial9availableEv
 .text._ZN14HardwareSerial4peekEv
                0x00001a78       0x1c C:\Users\lambert\DOCUME~1\GitHub\NSEC-B~1\hw\2023\CONFBA~1\firmware\CONFER~1\INTEGR~1\ARDUIN~1\Debug\libArduinoCore.a(HardwareSerial.o)
                0x00001a78                _ZN14HardwareSerial4peekEv
 .text._ZN14HardwareSerial4readEv
                0x00001a94       0x28 C:\Users\lambert\DOCUME~1\GitHub\NSEC-B~1\hw\2023\CONFBA~1\firmware\CONFER~1\INTEGR~1\ARDUIN~1\Debug\libArduinoCore.a(HardwareSerial.o)
                0x00001a94                _ZN14HardwareSerial4readEv
 .text._ZN14HardwareSerial17availableForWriteEv
                0x00001abc       0x1e C:\Users\lambert\DOCUME~1\GitHub\NSEC-B~1\hw\2023\CONFBA~1\firmware\CONFER~1\INTEGR~1\ARDUIN~1\Debug\libArduinoCore.a(HardwareSerial.o)
                0x00001abc                _ZN14HardwareSerial17availableForWriteEv
 .text._Z14serialEventRunv
                0x00001ada       0x1c C:\Users\lambert\DOCUME~1\GitHub\NSEC-B~1\hw\2023\CONFBA~1\firmware\CONFER~1\INTEGR~1\ARDUIN~1\Debug\libArduinoCore.a(HardwareSerial.o)
                0x00001ada                _Z14serialEventRunv
 .text._ZN14HardwareSerial17_tx_udr_empty_irqEv
                0x00001af6       0x44 C:\Users\lambert\DOCUME~1\GitHub\NSEC-B~1\hw\2023\CONFBA~1\firmware\CONFER~1\INTEGR~1\ARDUIN~1\Debug\libArduinoCore.a(HardwareSerial.o)
                0x00001af6                _ZN14HardwareSerial17_tx_udr_empty_irqEv
 .text._ZN14HardwareSerial5writeEh
                0x00001b3a       0x9a C:\Users\lambert\DOCUME~1\GitHub\NSEC-B~1\hw\2023\CONFBA~1\firmware\CONFER~1\INTEGR~1\ARDUIN~1\Debug\libArduinoCore.a(HardwareSerial.o)
                0x00001b3a                _ZN14HardwareSerial5writeEh
 .text._ZN14HardwareSerial5flushEv
                0x00001bd4       0x44 C:\Users\lambert\DOCUME~1\GitHub\NSEC-B~1\hw\2023\CONFBA~1\firmware\CONFER~1\INTEGR~1\ARDUIN~1\Debug\libArduinoCore.a(HardwareSerial.o)
                0x00001bd4                _ZN14HardwareSerial5flushEv
 .text._ZN14HardwareSerial5beginEmh
                0x00001c18       0xc0 C:\Users\lambert\DOCUME~1\GitHub\NSEC-B~1\hw\2023\CONFBA~1\firmware\CONFER~1\INTEGR~1\ARDUIN~1\Debug\libArduinoCore.a(HardwareSerial.o)
                0x00001c18                _ZN14HardwareSerial5beginEmh
 .text._ZN5Print17availableForWriteEv
                0x00001cd8        0x6 C:\Users\lambert\DOCUME~1\GitHub\NSEC-B~1\hw\2023\CONFBA~1\firmware\CONFER~1\INTEGR~1\ARDUIN~1\Debug\libArduinoCore.a(HardwareSerial0.o)
                0x00001cd8                _ZN5Print17availableForWriteEv
 .text._ZN5Print5flushEv
                0x00001cde        0x2 C:\Users\lambert\DOCUME~1\GitHub\NSEC-B~1\hw\2023\CONFBA~1\firmware\CONFER~1\INTEGR~1\ARDUIN~1\Debug\libArduinoCore.a(HardwareSerial0.o)
                0x00001cde                _ZN5Print5flushEv
 .text.__vector_18
                0x00001ce0       0x64 C:\Users\lambert\DOCUME~1\GitHub\NSEC-B~1\hw\2023\CONFBA~1\firmware\CONFER~1\INTEGR~1\ARDUIN~1\Debug\libArduinoCore.a(HardwareSerial0.o)
                0x00001ce0                __vector_18
 .text.__vector_19
                0x00001d44       0x4c C:\Users\lambert\DOCUME~1\GitHub\NSEC-B~1\hw\2023\CONFBA~1\firmware\CONFER~1\INTEGR~1\ARDUIN~1\Debug\libArduinoCore.a(HardwareSerial0.o)
                0x00001d44                __vector_19
 .text._Z17Serial0_availablev
                0x00001d90       0x14 C:\Users\lambert\DOCUME~1\GitHub\NSEC-B~1\hw\2023\CONFBA~1\firmware\CONFER~1\INTEGR~1\ARDUIN~1\Debug\libArduinoCore.a(HardwareSerial0.o)
                0x00001d90                _Z17Serial0_availablev
 .text.startup._GLOBAL__sub_I___vector_18
                0x00001da4       0x5a C:\Users\lambert\DOCUME~1\GitHub\NSEC-B~1\hw\2023\CONFBA~1\firmware\CONFER~1\INTEGR~1\ARDUIN~1\Debug\libArduinoCore.a(HardwareSerial0.o)
 .text.initVariant
                0x00001dfe        0x2 C:\Users\lambert\DOCUME~1\GitHub\NSEC-B~1\hw\2023\CONFBA~1\firmware\CONFER~1\INTEGR~1\ARDUIN~1\Debug\libArduinoCore.a(main.o)
                0x00001dfe                initVariant
 .text.startup.main
                0x00001e00       0x1e C:\Users\lambert\DOCUME~1\GitHub\NSEC-B~1\hw\2023\CONFBA~1\firmware\CONFER~1\INTEGR~1\ARDUIN~1\Debug\libArduinoCore.a(main.o)
                0x00001e00                main
 .text._ZN5Print5writeEPKhj
                0x00001e1e       0x54 C:\Users\lambert\DOCUME~1\GitHub\NSEC-B~1\hw\2023\CONFBA~1\firmware\CONFER~1\INTEGR~1\ARDUIN~1\Debug\libArduinoCore.a(Print.o)
                0x00001e1e                _ZN5Print5writeEPKhj
 .text._ZN5Print5writeEPKc
                0x00001e72       0x2a C:\Users\lambert\DOCUME~1\GitHub\NSEC-B~1\hw\2023\CONFBA~1\firmware\CONFER~1\INTEGR~1\ARDUIN~1\Debug\libArduinoCore.a(Print.o)
                0x00001e72                _ZN5Print5writeEPKc
 .text._ZN5Print5printEPK19__FlashStringHelper
                0x00001e9c       0x48 C:\Users\lambert\DOCUME~1\GitHub\NSEC-B~1\hw\2023\CONFBA~1\firmware\CONFER~1\INTEGR~1\ARDUIN~1\Debug\libArduinoCore.a(Print.o)
                0x00001e9c                _ZN5Print5printEPK19__FlashStringHelper
 .text._ZN5Print5printEPKc
                0x00001ee4        0x4 C:\Users\lambert\DOCUME~1\GitHub\NSEC-B~1\hw\2023\CONFBA~1\firmware\CONFER~1\INTEGR~1\ARDUIN~1\Debug\libArduinoCore.a(Print.o)
                0x00001ee4                _ZN5Print5printEPKc
 .text._ZN5Print5printEc
                0x00001ee8        0xe C:\Users\lambert\DOCUME~1\GitHub\NSEC-B~1\hw\2023\CONFBA~1\firmware\CONFER~1\INTEGR~1\ARDUIN~1\Debug\libArduinoCore.a(Print.o)
                0x00001ee8                _ZN5Print5printEc
 .text._ZN5Print7printlnEv
                0x00001ef6        0x8 C:\Users\lambert\DOCUME~1\GitHub\NSEC-B~1\hw\2023\CONFBA~1\firmware\CONFER~1\INTEGR~1\ARDUIN~1\Debug\libArduinoCore.a(Print.o)
                0x00001ef6                _ZN5Print7printlnEv
 .text._ZN5Print7printlnEPK19__FlashStringHelper
                0x00001efe       0x24 C:\Users\lambert\DOCUME~1\GitHub\NSEC-B~1\hw\2023\CONFBA~1\firmware\CONFER~1\INTEGR~1\ARDUIN~1\Debug\libArduinoCore.a(Print.o)
                0x00001efe                _ZN5Print7printlnEPK19__FlashStringHelper
 .text._ZN5Print7printlnEPKc
                0x00001f22       0x24 C:\Users\lambert\DOCUME~1\GitHub\NSEC-B~1\hw\2023\CONFBA~1\firmware\CONFER~1\INTEGR~1\ARDUIN~1\Debug\libArduinoCore.a(Print.o)
                0x00001f22                _ZN5Print7printlnEPKc
 .text._ZN5Print11printNumberEmh
                0x00001f46       0x92 C:\Users\lambert\DOCUME~1\GitHub\NSEC-B~1\hw\2023\CONFBA~1\firmware\CONFER~1\INTEGR~1\ARDUIN~1\Debug\libArduinoCore.a(Print.o)
                0x00001f46                _ZN5Print11printNumberEmh
 .text._ZN5Print5printEmi
                0x00001fd8       0x1a C:\Users\lambert\DOCUME~1\GitHub\NSEC-B~1\hw\2023\CONFBA~1\firmware\CONFER~1\INTEGR~1\ARDUIN~1\Debug\libArduinoCore.a(Print.o)
                0x00001fd8                _ZN5Print5printEmi
 .text._ZN5Print5printEhi
                0x00001ff2        0xe C:\Users\lambert\DOCUME~1\GitHub\NSEC-B~1\hw\2023\CONFBA~1\firmware\CONFER~1\INTEGR~1\ARDUIN~1\Debug\libArduinoCore.a(Print.o)
                0x00001ff2                _ZN5Print5printEhi
 .text._ZN5Print5printEji
                0x00002000        0xc C:\Users\lambert\DOCUME~1\GitHub\NSEC-B~1\hw\2023\CONFBA~1\firmware\CONFER~1\INTEGR~1\ARDUIN~1\Debug\libArduinoCore.a(Print.o)
                0x00002000                _ZN5Print5printEji
 .text._ZN5Print7printlnEmi
                0x0000200c       0x24 C:\Users\lambert\DOCUME~1\GitHub\NSEC-B~1\hw\2023\CONFBA~1\firmware\CONFER~1\INTEGR~1\ARDUIN~1\Debug\libArduinoCore.a(Print.o)
                0x0000200c                _ZN5Print7printlnEmi
 .text._ZN5Print5printEli
                0x00002030       0x90 C:\Users\lambert\DOCUME~1\GitHub\NSEC-B~1\hw\2023\CONFBA~1\firmware\CONFER~1\INTEGR~1\ARDUIN~1\Debug\libArduinoCore.a(Print.o)
                0x00002030                _ZN5Print5printEli
 .text._ZN5Print5printEii
                0x000020c0        0xe C:\Users\lambert\DOCUME~1\GitHub\NSEC-B~1\hw\2023\CONFBA~1\firmware\CONFER~1\INTEGR~1\ARDUIN~1\Debug\libArduinoCore.a(Print.o)
                0x000020c0                _ZN5Print5printEii
 .text._ZN5Print10printFloatEdh
                0x000020ce      0x1b6 C:\Users\lambert\DOCUME~1\GitHub\NSEC-B~1\hw\2023\CONFBA~1\firmware\CONFER~1\INTEGR~1\ARDUIN~1\Debug\libArduinoCore.a(Print.o)
                0x000020ce                _ZN5Print10printFloatEdh
 .text._ZN5Print5printEdi
                0x00002284        0x4 C:\Users\lambert\DOCUME~1\GitHub\NSEC-B~1\hw\2023\CONFBA~1\firmware\CONFER~1\INTEGR~1\ARDUIN~1\Debug\libArduinoCore.a(Print.o)
                0x00002284                _ZN5Print5printEdi
 .text.__vector_16
                0x00002288       0x94 C:\Users\lambert\DOCUME~1\GitHub\NSEC-B~1\hw\2023\CONFBA~1\firmware\CONFER~1\INTEGR~1\ARDUIN~1\Debug\libArduinoCore.a(wiring.o)
                0x00002288                __vector_16
 .text.millis   0x0000231c       0x18 C:\Users\lambert\DOCUME~1\GitHub\NSEC-B~1\hw\2023\CONFBA~1\firmware\CONFER~1\INTEGR~1\ARDUIN~1\Debug\libArduinoCore.a(wiring.o)
                0x0000231c                millis
 .text.micros   0x00002334       0x4a C:\Users\lambert\DOCUME~1\GitHub\NSEC-B~1\hw\2023\CONFBA~1\firmware\CONFER~1\INTEGR~1\ARDUIN~1\Debug\libArduinoCore.a(wiring.o)
                0x00002334                micros
 .text.delay    0x0000237e       0x78 C:\Users\lambert\DOCUME~1\GitHub\NSEC-B~1\hw\2023\CONFBA~1\firmware\CONFER~1\INTEGR~1\ARDUIN~1\Debug\libArduinoCore.a(wiring.o)
                0x0000237e                delay
 .text.init     0x000023f6       0x76 C:\Users\lambert\DOCUME~1\GitHub\NSEC-B~1\hw\2023\CONFBA~1\firmware\CONFER~1\INTEGR~1\ARDUIN~1\Debug\libArduinoCore.a(wiring.o)
                0x000023f6                init
 .text.analogRead
                0x0000246c       0x3a C:\Users\lambert\DOCUME~1\GitHub\NSEC-B~1\hw\2023\CONFBA~1\firmware\CONFER~1\INTEGR~1\ARDUIN~1\Debug\libArduinoCore.a(wiring_analog.o)
                0x0000246c                analogRead
 .text.turnOffPWM
                0x000024a6       0x52 C:\Users\lambert\DOCUME~1\GitHub\NSEC-B~1\hw\2023\CONFBA~1\firmware\CONFER~1\INTEGR~1\ARDUIN~1\Debug\libArduinoCore.a(wiring_digital.o)
 .text.pinMode  0x000024f8       0x78 C:\Users\lambert\DOCUME~1\GitHub\NSEC-B~1\hw\2023\CONFBA~1\firmware\CONFER~1\INTEGR~1\ARDUIN~1\Debug\libArduinoCore.a(wiring_digital.o)
                0x000024f8                pinMode
 .text.digitalWrite
                0x00002570       0x5e C:\Users\lambert\DOCUME~1\GitHub\NSEC-B~1\hw\2023\CONFBA~1\firmware\CONFER~1\INTEGR~1\ARDUIN~1\Debug\libArduinoCore.a(wiring_digital.o)
                0x00002570                digitalWrite
 .text.digitalRead
                0x000025ce       0x52 C:\Users\lambert\DOCUME~1\GitHub\NSEC-B~1\hw\2023\CONFBA~1\firmware\CONFER~1\INTEGR~1\ARDUIN~1\Debug\libArduinoCore.a(wiring_digital.o)
                0x000025ce                digitalRead
 .text._Z6randoml
                0x00002620       0x34 C:\Users\lambert\DOCUME~1\GitHub\NSEC-B~1\hw\2023\CONFBA~1\firmware\CONFER~1\INTEGR~1\ARDUIN~1\Debug\libArduinoCore.a(WMath.o)
                0x00002620                _Z6randoml
 .text._Z6randomll
                0x00002654       0x44 C:\Users\lambert\DOCUME~1\GitHub\NSEC-B~1\hw\2023\CONFBA~1\firmware\CONFER~1\INTEGR~1\ARDUIN~1\Debug\libArduinoCore.a(WMath.o)
                0x00002654                _Z6randomll
 .text._ZN12Adafruit_GFX9writeLineEiiiij
                0x00002698      0x164 C:\Users\lambert\DOCUME~1\GitHub\NSEC-B~1\hw\2023\CONFBA~1\firmware\CONFER~1\INTEGR~1\ARDUIN~1\Debug\libArduinoCore.a(Adafruit_GFX.o)
                0x00002698                _ZN12Adafruit_GFX9writeLineEiiiij
 .text._ZN12Adafruit_GFX10writePixelEiij
                0x000027fc        0xe C:\Users\lambert\DOCUME~1\GitHub\NSEC-B~1\hw\2023\CONFBA~1\firmware\CONFER~1\INTEGR~1\ARDUIN~1\Debug\libArduinoCore.a(Adafruit_GFX.o)
                0x000027fc                _ZN12Adafruit_GFX10writePixelEiij
 .text._ZN12Adafruit_GFX14writeFastVLineEiiij
                0x0000280a       0x18 C:\Users\lambert\DOCUME~1\GitHub\NSEC-B~1\hw\2023\CONFBA~1\firmware\CONFER~1\INTEGR~1\ARDUIN~1\Debug\libArduinoCore.a(Adafruit_GFX.o)
                0x0000280a                _ZN12Adafruit_GFX14writeFastVLineEiiij
 .text._ZN12Adafruit_GFX14writeFastHLineEiiij
                0x00002822       0x18 C:\Users\lambert\DOCUME~1\GitHub\NSEC-B~1\hw\2023\CONFBA~1\firmware\CONFER~1\INTEGR~1\ARDUIN~1\Debug\libArduinoCore.a(Adafruit_GFX.o)
                0x00002822                _ZN12Adafruit_GFX14writeFastHLineEiiij
 .text._ZN12Adafruit_GFX13writeFillRectEiiiij
                0x0000283a       0x20 C:\Users\lambert\DOCUME~1\GitHub\NSEC-B~1\hw\2023\CONFBA~1\firmware\CONFER~1\INTEGR~1\ARDUIN~1\Debug\libArduinoCore.a(Adafruit_GFX.o)
                0x0000283a                _ZN12Adafruit_GFX13writeFillRectEiiiij
 .text._ZN12Adafruit_GFX8endWriteEv
                0x0000285a        0x2 C:\Users\lambert\DOCUME~1\GitHub\NSEC-B~1\hw\2023\CONFBA~1\firmware\CONFER~1\INTEGR~1\ARDUIN~1\Debug\libArduinoCore.a(Adafruit_GFX.o)
                0x0000285a                _ZN12Adafruit_GFX10startWriteEv
                0x0000285a                _ZN12Adafruit_GFX8endWriteEv
 .text._ZN12Adafruit_GFX13drawFastVLineEiiij
                0x0000285c       0x72 C:\Users\lambert\DOCUME~1\GitHub\NSEC-B~1\hw\2023\CONFBA~1\firmware\CONFER~1\INTEGR~1\ARDUIN~1\Debug\libArduinoCore.a(Adafruit_GFX.o)
                0x0000285c                _ZN12Adafruit_GFX13drawFastVLineEiiij
 .text._ZN12Adafruit_GFX13drawFastHLineEiiij
                0x000028ce       0x72 C:\Users\lambert\DOCUME~1\GitHub\NSEC-B~1\hw\2023\CONFBA~1\firmware\CONFER~1\INTEGR~1\ARDUIN~1\Debug\libArduinoCore.a(Adafruit_GFX.o)
                0x000028ce                _ZN12Adafruit_GFX13drawFastHLineEiiij
 .text._ZN12Adafruit_GFX8fillRectEiiiij
                0x00002940       0x8a C:\Users\lambert\DOCUME~1\GitHub\NSEC-B~1\hw\2023\CONFBA~1\firmware\CONFER~1\INTEGR~1\ARDUIN~1\Debug\libArduinoCore.a(Adafruit_GFX.o)
                0x00002940                _ZN12Adafruit_GFX8fillRectEiiiij
 .text._ZN12Adafruit_GFX10fillScreenEj
                0x000029ca       0x3a C:\Users\lambert\DOCUME~1\GitHub\NSEC-B~1\hw\2023\CONFBA~1\firmware\CONFER~1\INTEGR~1\ARDUIN~1\Debug\libArduinoCore.a(Adafruit_GFX.o)
                0x000029ca                _ZN12Adafruit_GFX10fillScreenEj
 .text._ZN12Adafruit_GFX8drawLineEiiiij
                0x00002a04       0xda C:\Users\lambert\DOCUME~1\GitHub\NSEC-B~1\hw\2023\CONFBA~1\firmware\CONFER~1\INTEGR~1\ARDUIN~1\Debug\libArduinoCore.a(Adafruit_GFX.o)
                0x00002a04                _ZN12Adafruit_GFX8drawLineEiiiij
 .text._ZN12Adafruit_GFX8drawRectEiiiij
                0x00002ade       0xbe C:\Users\lambert\DOCUME~1\GitHub\NSEC-B~1\hw\2023\CONFBA~1\firmware\CONFER~1\INTEGR~1\ARDUIN~1\Debug\libArduinoCore.a(Adafruit_GFX.o)
                0x00002ade                _ZN12Adafruit_GFX8drawRectEiiiij
 .text._ZN12Adafruit_GFX13invertDisplayEb
                0x00002b9c        0x2 C:\Users\lambert\DOCUME~1\GitHub\NSEC-B~1\hw\2023\CONFBA~1\firmware\CONFER~1\INTEGR~1\ARDUIN~1\Debug\libArduinoCore.a(Adafruit_GFX.o)
                0x00002b9c                _ZN12Adafruit_GFX13invertDisplayEb
 .text._ZN12Adafruit_GFX11setRotationEh
                0x00002b9e       0x2a C:\Users\lambert\DOCUME~1\GitHub\NSEC-B~1\hw\2023\CONFBA~1\firmware\CONFER~1\INTEGR~1\ARDUIN~1\Debug\libArduinoCore.a(Adafruit_GFX.o)
                0x00002b9e                _ZN12Adafruit_GFX11setRotationEh
 .text._ZN12Adafruit_GFXC2Eii
                0x00002bc8       0x44 C:\Users\lambert\DOCUME~1\GitHub\NSEC-B~1\hw\2023\CONFBA~1\firmware\CONFER~1\INTEGR~1\ARDUIN~1\Debug\libArduinoCore.a(Adafruit_GFX.o)
                0x00002bc8                _ZN12Adafruit_GFXC2Eii
                0x00002bc8                _ZN12Adafruit_GFXC1Eii
 .text._ZN12Adafruit_GFX10drawBitmapEiiPKhiij
                0x00002c0c      0x13c C:\Users\lambert\DOCUME~1\GitHub\NSEC-B~1\hw\2023\CONFBA~1\firmware\CONFER~1\INTEGR~1\ARDUIN~1\Debug\libArduinoCore.a(Adafruit_GFX.o)
                0x00002c0c                _ZN12Adafruit_GFX10drawBitmapEiiPKhiij
 .text._ZN12Adafruit_GFX8drawCharEiihjjhh
                0x00002d48      0x46a C:\Users\lambert\DOCUME~1\GitHub\NSEC-B~1\hw\2023\CONFBA~1\firmware\CONFER~1\INTEGR~1\ARDUIN~1\Debug\libArduinoCore.a(Adafruit_GFX.o)
                0x00002d48                _ZN12Adafruit_GFX8drawCharEiihjjhh
 .text._ZN12Adafruit_GFX5writeEh
                0x000031b2      0x1b0 C:\Users\lambert\DOCUME~1\GitHub\NSEC-B~1\hw\2023\CONFBA~1\firmware\CONFER~1\INTEGR~1\ARDUIN~1\Debug\libArduinoCore.a(Adafruit_GFX.o)
                0x000031b2                _ZN12Adafruit_GFX5writeEh
 .text._ZN12Adafruit_GFX11setTextSizeEhh
                0x00003362       0x16 C:\Users\lambert\DOCUME~1\GitHub\NSEC-B~1\hw\2023\CONFBA~1\firmware\CONFER~1\INTEGR~1\ARDUIN~1\Debug\libArduinoCore.a(Adafruit_GFX.o)
                0x00003362                _ZN12Adafruit_GFX11setTextSizeEhh
 .text._ZN12Adafruit_GFX11setTextSizeEh
                0x00003378        0x6 C:\Users\lambert\DOCUME~1\GitHub\NSEC-B~1\hw\2023\CONFBA~1\firmware\CONFER~1\INTEGR~1\ARDUIN~1\Debug\libArduinoCore.a(Adafruit_GFX.o)
                0x00003378                _ZN12Adafruit_GFX11setTextSizeEh
 .text._ZN17Adafruit_NeoPixelD2Ev
                0x0000337e       0x26 C:\Users\lambert\DOCUME~1\GitHub\NSEC-B~1\hw\2023\CONFBA~1\firmware\CONFER~1\INTEGR~1\ARDUIN~1\Debug\libArduinoCore.a(Adafruit_NeoPixel.o)
                0x0000337e                _ZN17Adafruit_NeoPixelD2Ev
                0x0000337e                _ZN17Adafruit_NeoPixelD1Ev
 .text._ZN17Adafruit_NeoPixel5beginEv
                0x000033a4       0x26 C:\Users\lambert\DOCUME~1\GitHub\NSEC-B~1\hw\2023\CONFBA~1\firmware\CONFER~1\INTEGR~1\ARDUIN~1\Debug\libArduinoCore.a(Adafruit_NeoPixel.o)
                0x000033a4                _ZN17Adafruit_NeoPixel5beginEv
 .text._ZN17Adafruit_NeoPixel12updateLengthEj
                0x000033ca       0x70 C:\Users\lambert\DOCUME~1\GitHub\NSEC-B~1\hw\2023\CONFBA~1\firmware\CONFER~1\INTEGR~1\ARDUIN~1\Debug\libArduinoCore.a(Adafruit_NeoPixel.o)
                0x000033ca                _ZN17Adafruit_NeoPixel12updateLengthEj
 .text._ZN17Adafruit_NeoPixel10updateTypeEj
                0x0000343a       0x6e C:\Users\lambert\DOCUME~1\GitHub\NSEC-B~1\hw\2023\CONFBA~1\firmware\CONFER~1\INTEGR~1\ARDUIN~1\Debug\libArduinoCore.a(Adafruit_NeoPixel.o)
                0x0000343a                _ZN17Adafruit_NeoPixel10updateTypeEj
 .text._ZN17Adafruit_NeoPixel4showEv
                0x000034a8      0x36e C:\Users\lambert\DOCUME~1\GitHub\NSEC-B~1\hw\2023\CONFBA~1\firmware\CONFER~1\INTEGR~1\ARDUIN~1\Debug\libArduinoCore.a(Adafruit_NeoPixel.o)
                0x000034a8                _ZN17Adafruit_NeoPixel4showEv
 .text._ZN17Adafruit_NeoPixel6setPinEi
                0x00003816       0x6e C:\Users\lambert\DOCUME~1\GitHub\NSEC-B~1\hw\2023\CONFBA~1\firmware\CONFER~1\INTEGR~1\ARDUIN~1\Debug\libArduinoCore.a(Adafruit_NeoPixel.o)
                0x00003816                _ZN17Adafruit_NeoPixel6setPinEi
 .text._ZN17Adafruit_NeoPixelC2Ejij
                0x00003884       0x44 C:\Users\lambert\DOCUME~1\GitHub\NSEC-B~1\hw\2023\CONFBA~1\firmware\CONFER~1\INTEGR~1\ARDUIN~1\Debug\libArduinoCore.a(Adafruit_NeoPixel.o)
                0x00003884                _ZN17Adafruit_NeoPixelC1Ejij
                0x00003884                _ZN17Adafruit_NeoPixelC2Ejij
 .text._ZN17Adafruit_NeoPixel13setPixelColorEjm
                0x000038c8       0xea C:\Users\lambert\DOCUME~1\GitHub\NSEC-B~1\hw\2023\CONFBA~1\firmware\CONFER~1\INTEGR~1\ARDUIN~1\Debug\libArduinoCore.a(Adafruit_NeoPixel.o)
                0x000038c8                _ZN17Adafruit_NeoPixel13setPixelColorEjm
 .text._ZN17Adafruit_NeoPixel4fillEmjj
                0x000039b2       0x6e C:\Users\lambert\DOCUME~1\GitHub\NSEC-B~1\hw\2023\CONFBA~1\firmware\CONFER~1\INTEGR~1\ARDUIN~1\Debug\libArduinoCore.a(Adafruit_NeoPixel.o)
                0x000039b2                _ZN17Adafruit_NeoPixel4fillEmjj
 .text._ZN17Adafruit_NeoPixel5clearEv
                0x00003a20       0x12 C:\Users\lambert\DOCUME~1\GitHub\NSEC-B~1\hw\2023\CONFBA~1\firmware\CONFER~1\INTEGR~1\ARDUIN~1\Debug\libArduinoCore.a(Adafruit_NeoPixel.o)
                0x00003a20                _ZN17Adafruit_NeoPixel5clearEv
 .text._ZN16Adafruit_SSD13069drawPixelEiij
                0x00003a32      0x17a C:\Users\lambert\DOCUME~1\GitHub\NSEC-B~1\hw\2023\CONFBA~1\firmware\CONFER~1\INTEGR~1\ARDUIN~1\Debug\libArduinoCore.a(Adafruit_SSD1306.o)
                0x00003a32                _ZN16Adafruit_SSD13069drawPixelEiij
 .text._ZN8SPIClass16beginTransactionE11SPISettings
                0x00003bac       0x34 C:\Users\lambert\DOCUME~1\GitHub\NSEC-B~1\hw\2023\CONFBA~1\firmware\CONFER~1\INTEGR~1\ARDUIN~1\Debug\libArduinoCore.a(Adafruit_SSD1306.o)
                0x00003bac                _ZN8SPIClass16beginTransactionE11SPISettings
 .text._ZN8SPIClass8transferEh
                0x00003be0        0xe C:\Users\lambert\DOCUME~1\GitHub\NSEC-B~1\hw\2023\CONFBA~1\firmware\CONFER~1\INTEGR~1\ARDUIN~1\Debug\libArduinoCore.a(Adafruit_SSD1306.o)
                0x00003be0                _ZN8SPIClass8transferEh
 .text._ZN8SPIClass14endTransactionEv
                0x00003bee       0x22 C:\Users\lambert\DOCUME~1\GitHub\NSEC-B~1\hw\2023\CONFBA~1\firmware\CONFER~1\INTEGR~1\ARDUIN~1\Debug\libArduinoCore.a(Adafruit_SSD1306.o)
                0x00003bee                _ZN8SPIClass14endTransactionEv
 .text._ZN16Adafruit_SSD1306C2EhhP7TwoWireamm
                0x00003c10       0x98 C:\Users\lambert\DOCUME~1\GitHub\NSEC-B~1\hw\2023\CONFBA~1\firmware\CONFER~1\INTEGR~1\ARDUIN~1\Debug\libArduinoCore.a(Adafruit_SSD1306.o)
                0x00003c10                _ZN16Adafruit_SSD1306C2EhhP7TwoWireamm
                0x00003c10                _ZN16Adafruit_SSD1306C1EhhP7TwoWireamm
 .text._ZN16Adafruit_SSD1306D2Ev
                0x00003ca8       0x18 C:\Users\lambert\DOCUME~1\GitHub\NSEC-B~1\hw\2023\CONFBA~1\firmware\CONFER~1\INTEGR~1\ARDUIN~1\Debug\libArduinoCore.a(Adafruit_SSD1306.o)
                0x00003ca8                _ZN16Adafruit_SSD1306D1Ev
                0x00003ca8                _ZN16Adafruit_SSD1306D2Ev
 .text._ZN16Adafruit_SSD130616ssd1306_command1Eh
                0x00003cc0       0xc2 C:\Users\lambert\DOCUME~1\GitHub\NSEC-B~1\hw\2023\CONFBA~1\firmware\CONFER~1\INTEGR~1\ARDUIN~1\Debug\libArduinoCore.a(Adafruit_SSD1306.o)
                0x00003cc0                _ZN16Adafruit_SSD130616ssd1306_command1Eh
 .text._ZN16Adafruit_SSD130613invertDisplayEb
                0x00003d82       0x8e C:\Users\lambert\DOCUME~1\GitHub\NSEC-B~1\hw\2023\CONFBA~1\firmware\CONFER~1\INTEGR~1\ARDUIN~1\Debug\libArduinoCore.a(Adafruit_SSD1306.o)
                0x00003d82                _ZN16Adafruit_SSD130613invertDisplayEb
 .text._ZN16Adafruit_SSD130619ssd1306_commandListEPKhh
                0x00003e10      0x150 C:\Users\lambert\DOCUME~1\GitHub\NSEC-B~1\hw\2023\CONFBA~1\firmware\CONFER~1\INTEGR~1\ARDUIN~1\Debug\libArduinoCore.a(Adafruit_SSD1306.o)
                0x00003e10                _ZN16Adafruit_SSD130619ssd1306_commandListEPKhh
 .text._ZN16Adafruit_SSD130612clearDisplayEv
                0x00003f60       0x3c C:\Users\lambert\DOCUME~1\GitHub\NSEC-B~1\hw\2023\CONFBA~1\firmware\CONFER~1\INTEGR~1\ARDUIN~1\Debug\libArduinoCore.a(Adafruit_SSD1306.o)
                0x00003f60                _ZN16Adafruit_SSD130612clearDisplayEv
 .text._ZN16Adafruit_SSD13065beginEhhbb
                0x00003f9c      0x3a2 C:\Users\lambert\DOCUME~1\GitHub\NSEC-B~1\hw\2023\CONFBA~1\firmware\CONFER~1\INTEGR~1\ARDUIN~1\Debug\libArduinoCore.a(Adafruit_SSD1306.o)
                0x00003f9c                _ZN16Adafruit_SSD13065beginEhhbb
 .text._ZN16Adafruit_SSD130621drawFastHLineInternalEiiij
                0x0000433e       0xe0 C:\Users\lambert\DOCUME~1\GitHub\NSEC-B~1\hw\2023\CONFBA~1\firmware\CONFER~1\INTEGR~1\ARDUIN~1\Debug\libArduinoCore.a(Adafruit_SSD1306.o)
                0x0000433e                _ZN16Adafruit_SSD130621drawFastHLineInternalEiiij
 .text._ZN16Adafruit_SSD130621drawFastVLineInternalEiiij
                0x0000441e      0x16a C:\Users\lambert\DOCUME~1\GitHub\NSEC-B~1\hw\2023\CONFBA~1\firmware\CONFER~1\INTEGR~1\ARDUIN~1\Debug\libArduinoCore.a(Adafruit_SSD1306.o)
                0x0000441e                _ZN16Adafruit_SSD130621drawFastVLineInternalEiiij
 .text._ZN16Adafruit_SSD130613drawFastHLineEiiij
                0x00004588       0x82 C:\Users\lambert\DOCUME~1\GitHub\NSEC-B~1\hw\2023\CONFBA~1\firmware\CONFER~1\INTEGR~1\ARDUIN~1\Debug\libArduinoCore.a(Adafruit_SSD1306.o)
                0x00004588                _ZN16Adafruit_SSD130613drawFastHLineEiiij
 .text._ZN16Adafruit_SSD130613drawFastVLineEiiij
                0x0000460a       0x84 C:\Users\lambert\DOCUME~1\GitHub\NSEC-B~1\hw\2023\CONFBA~1\firmware\CONFER~1\INTEGR~1\ARDUIN~1\Debug\libArduinoCore.a(Adafruit_SSD1306.o)
                0x0000460a                _ZN16Adafruit_SSD130613drawFastVLineEiiij
 .text._ZN16Adafruit_SSD13067displayEv
                0x0000468e      0x1e4 C:\Users\lambert\DOCUME~1\GitHub\NSEC-B~1\hw\2023\CONFBA~1\firmware\CONFER~1\INTEGR~1\ARDUIN~1\Debug\libArduinoCore.a(Adafruit_SSD1306.o)
                0x0000468e                _ZN16Adafruit_SSD13067displayEv
 .text._ZN14SoftwareSerial4readEv
                0x00004872       0x42 C:\Users\lambert\DOCUME~1\GitHub\NSEC-B~1\hw\2023\CONFBA~1\firmware\CONFER~1\INTEGR~1\ARDUIN~1\Debug\libArduinoCore.a(SoftwareSerial.o)
                0x00004872                _ZN14SoftwareSerial4readEv
 .text._ZN14SoftwareSerial5writeEh
                0x000048b4       0xa0 C:\Users\lambert\DOCUME~1\GitHub\NSEC-B~1\hw\2023\CONFBA~1\firmware\CONFER~1\INTEGR~1\ARDUIN~1\Debug\libArduinoCore.a(SoftwareSerial.o)
                0x000048b4                _ZN14SoftwareSerial5writeEh
 .text._ZN14SoftwareSerial5flushEv
                0x00004954        0x2 C:\Users\lambert\DOCUME~1\GitHub\NSEC-B~1\hw\2023\CONFBA~1\firmware\CONFER~1\INTEGR~1\ARDUIN~1\Debug\libArduinoCore.a(SoftwareSerial.o)
                0x00004954                _ZN14SoftwareSerial5flushEv
 .text._ZN14SoftwareSerial4peekEv
                0x00004956       0x30 C:\Users\lambert\DOCUME~1\GitHub\NSEC-B~1\hw\2023\CONFBA~1\firmware\CONFER~1\INTEGR~1\ARDUIN~1\Debug\libArduinoCore.a(SoftwareSerial.o)
                0x00004956                _ZN14SoftwareSerial4peekEv
 .text._ZN14SoftwareSerial9availableEv
                0x00004986       0x30 C:\Users\lambert\DOCUME~1\GitHub\NSEC-B~1\hw\2023\CONFBA~1\firmware\CONFER~1\INTEGR~1\ARDUIN~1\Debug\libArduinoCore.a(SoftwareSerial.o)
                0x00004986                _ZN14SoftwareSerial9availableEv
 .text._ZN14SoftwareSerial13stopListeningEv
                0x000049b6       0x2c C:\Users\lambert\DOCUME~1\GitHub\NSEC-B~1\hw\2023\CONFBA~1\firmware\CONFER~1\INTEGR~1\ARDUIN~1\Debug\libArduinoCore.a(SoftwareSerial.o)
                0x000049b6                _ZN14SoftwareSerial13stopListeningEv
 .text._ZN14SoftwareSerial6listenEv
                0x000049e2       0x52 C:\Users\lambert\DOCUME~1\GitHub\NSEC-B~1\hw\2023\CONFBA~1\firmware\CONFER~1\INTEGR~1\ARDUIN~1\Debug\libArduinoCore.a(SoftwareSerial.o)
                0x000049e2                _ZN14SoftwareSerial6listenEv
 .text.__vector_3
                0x00004a34       0xf4 C:\Users\lambert\DOCUME~1\GitHub\NSEC-B~1\hw\2023\CONFBA~1\firmware\CONFER~1\INTEGR~1\ARDUIN~1\Debug\libArduinoCore.a(SoftwareSerial.o)
                0x00004a34                __vector_5
                0x00004a34                __vector_4
                0x00004a34                __vector_3
 .text._ZN14SoftwareSerialD2Ev
                0x00004b28        0xe C:\Users\lambert\DOCUME~1\GitHub\NSEC-B~1\hw\2023\CONFBA~1\firmware\CONFER~1\INTEGR~1\ARDUIN~1\Debug\libArduinoCore.a(SoftwareSerial.o)
                0x00004b28                _ZN14SoftwareSerialD1Ev
                0x00004b28                _ZN14SoftwareSerialD2Ev
 .text._ZN14SoftwareSerial5setTXEh
                0x00004b36       0x52 C:\Users\lambert\DOCUME~1\GitHub\NSEC-B~1\hw\2023\CONFBA~1\firmware\CONFER~1\INTEGR~1\ARDUIN~1\Debug\libArduinoCore.a(SoftwareSerial.o)
                0x00004b36                _ZN14SoftwareSerial5setTXEh
 .text._ZN14SoftwareSerial5setRXEh
                0x00004b88       0x52 C:\Users\lambert\DOCUME~1\GitHub\NSEC-B~1\hw\2023\CONFBA~1\firmware\CONFER~1\INTEGR~1\ARDUIN~1\Debug\libArduinoCore.a(SoftwareSerial.o)
                0x00004b88                _ZN14SoftwareSerial5setRXEh
 .text._ZN14SoftwareSerialC2Ehhb
                0x00004bda       0x56 C:\Users\lambert\DOCUME~1\GitHub\NSEC-B~1\hw\2023\CONFBA~1\firmware\CONFER~1\INTEGR~1\ARDUIN~1\Debug\libArduinoCore.a(SoftwareSerial.o)
                0x00004bda                _ZN14SoftwareSerialC1Ehhb
                0x00004bda                _ZN14SoftwareSerialC2Ehhb
 .text._ZN14SoftwareSerial5beginEl
                0x00004c30      0x11c C:\Users\lambert\DOCUME~1\GitHub\NSEC-B~1\hw\2023\CONFBA~1\firmware\CONFER~1\INTEGR~1\ARDUIN~1\Debug\libArduinoCore.a(SoftwareSerial.o)
                0x00004c30                _ZN14SoftwareSerial5beginEl
 .text._ZN8SPIClass5beginEv
                0x00004d4c       0x6c C:\Users\lambert\DOCUME~1\GitHub\NSEC-B~1\hw\2023\CONFBA~1\firmware\CONFER~1\INTEGR~1\ARDUIN~1\Debug\libArduinoCore.a(SPI.o)
                0x00004d4c                _ZN8SPIClass5beginEv
 .text._ZN7TwoWire9availableEv
                0x00004db8       0x10 C:\Users\lambert\DOCUME~1\GitHub\NSEC-B~1\hw\2023\CONFBA~1\firmware\CONFER~1\INTEGR~1\ARDUIN~1\Debug\libArduinoCore.a(Wire.o)
                0x00004db8                _ZN7TwoWire9availableEv
 .text._ZN7TwoWire4readEv
                0x00004dc8       0x28 C:\Users\lambert\DOCUME~1\GitHub\NSEC-B~1\hw\2023\CONFBA~1\firmware\CONFER~1\INTEGR~1\ARDUIN~1\Debug\libArduinoCore.a(Wire.o)
                0x00004dc8                _ZN7TwoWire4readEv
 .text._ZN7TwoWire4peekEv
                0x00004df0       0x1e C:\Users\lambert\DOCUME~1\GitHub\NSEC-B~1\hw\2023\CONFBA~1\firmware\CONFER~1\INTEGR~1\ARDUIN~1\Debug\libArduinoCore.a(Wire.o)
                0x00004df0                _ZN7TwoWire4peekEv
 .text._ZN7TwoWire5flushEv
                0x00004e0e        0x2 C:\Users\lambert\DOCUME~1\GitHub\NSEC-B~1\hw\2023\CONFBA~1\firmware\CONFER~1\INTEGR~1\ARDUIN~1\Debug\libArduinoCore.a(Wire.o)
                0x00004e0e                _ZN7TwoWire5flushEv
 .text._ZN7TwoWire16onReceiveServiceEPhi
                0x00004e10       0x54 C:\Users\lambert\DOCUME~1\GitHub\NSEC-B~1\hw\2023\CONFBA~1\firmware\CONFER~1\INTEGR~1\ARDUIN~1\Debug\libArduinoCore.a(Wire.o)
                0x00004e10                _ZN7TwoWire16onReceiveServiceEPhi
 .text._ZN7TwoWire16onRequestServiceEv
                0x00004e64       0x18 C:\Users\lambert\DOCUME~1\GitHub\NSEC-B~1\hw\2023\CONFBA~1\firmware\CONFER~1\INTEGR~1\ARDUIN~1\Debug\libArduinoCore.a(Wire.o)
                0x00004e64                _ZN7TwoWire16onRequestServiceEv
 .text._ZN7TwoWire5writeEPKhj
                0x00004e7c       0x5a C:\Users\lambert\DOCUME~1\GitHub\NSEC-B~1\hw\2023\CONFBA~1\firmware\CONFER~1\INTEGR~1\ARDUIN~1\Debug\libArduinoCore.a(Wire.o)
                0x00004e7c                _ZN7TwoWire5writeEPKhj
 .text._ZN7TwoWire5writeEh
                0x00004ed6       0x5e C:\Users\lambert\DOCUME~1\GitHub\NSEC-B~1\hw\2023\CONFBA~1\firmware\CONFER~1\INTEGR~1\ARDUIN~1\Debug\libArduinoCore.a(Wire.o)
                0x00004ed6                _ZN7TwoWire5writeEh
 .text._ZN7TwoWireC2Ev
                0x00004f34       0x20 C:\Users\lambert\DOCUME~1\GitHub\NSEC-B~1\hw\2023\CONFBA~1\firmware\CONFER~1\INTEGR~1\ARDUIN~1\Debug\libArduinoCore.a(Wire.o)
                0x00004f34                _ZN7TwoWireC1Ev
                0x00004f34                _ZN7TwoWireC2Ev
 .text._ZN7TwoWire5beginEv
                0x00004f54       0x24 C:\Users\lambert\DOCUME~1\GitHub\NSEC-B~1\hw\2023\CONFBA~1\firmware\CONFER~1\INTEGR~1\ARDUIN~1\Debug\libArduinoCore.a(Wire.o)
                0x00004f54                _ZN7TwoWire5beginEv
 .text._ZN7TwoWire8setClockEm
                0x00004f78        0x8 C:\Users\lambert\DOCUME~1\GitHub\NSEC-B~1\hw\2023\CONFBA~1\firmware\CONFER~1\INTEGR~1\ARDUIN~1\Debug\libArduinoCore.a(Wire.o)
                0x00004f78                _ZN7TwoWire8setClockEm
 .text._ZN7TwoWire17beginTransmissionEh
                0x00004f80       0x14 C:\Users\lambert\DOCUME~1\GitHub\NSEC-B~1\hw\2023\CONFBA~1\firmware\CONFER~1\INTEGR~1\ARDUIN~1\Debug\libArduinoCore.a(Wire.o)
                0x00004f80                _ZN7TwoWire17beginTransmissionEh
 .text._ZN7TwoWire17beginTransmissionEi
                0x00004f94        0x4 C:\Users\lambert\DOCUME~1\GitHub\NSEC-B~1\hw\2023\CONFBA~1\firmware\CONFER~1\INTEGR~1\ARDUIN~1\Debug\libArduinoCore.a(Wire.o)
                0x00004f94                _ZN7TwoWire17beginTransmissionEi
 .text._ZN7TwoWire15endTransmissionEh
                0x00004f98       0x26 C:\Users\lambert\DOCUME~1\GitHub\NSEC-B~1\hw\2023\CONFBA~1\firmware\CONFER~1\INTEGR~1\ARDUIN~1\Debug\libArduinoCore.a(Wire.o)
                0x00004f98                _ZN7TwoWire15endTransmissionEh
 .text._ZN7TwoWire15endTransmissionEv
                0x00004fbe        0x6 C:\Users\lambert\DOCUME~1\GitHub\NSEC-B~1\hw\2023\CONFBA~1\firmware\CONFER~1\INTEGR~1\ARDUIN~1\Debug\libArduinoCore.a(Wire.o)
                0x00004fbe                _ZN7TwoWire15endTransmissionEv
 .text.startup._GLOBAL__sub_I__ZN7TwoWire8rxBufferE
                0x00004fc4        0x8 C:\Users\lambert\DOCUME~1\GitHub\NSEC-B~1\hw\2023\CONFBA~1\firmware\CONFER~1\INTEGR~1\ARDUIN~1\Debug\libArduinoCore.a(Wire.o)
 .text.__cxa_pure_virtual
                0x00004fcc        0x4 C:\Users\lambert\DOCUME~1\GitHub\NSEC-B~1\hw\2023\CONFBA~1\firmware\CONFER~1\INTEGR~1\ARDUIN~1\Debug\libArduinoCore.a(abi.o)
                0x00004fcc                __cxa_pure_virtual
 .text.__empty  0x00004fd0        0x2 C:\Users\lambert\DOCUME~1\GitHub\NSEC-B~1\hw\2023\CONFBA~1\firmware\CONFER~1\INTEGR~1\ARDUIN~1\Debug\libArduinoCore.a(hooks.o)
                0x00004fd0                yield
 .text.twi_init
                0x00004fd2       0x3c C:\Users\lambert\DOCUME~1\GitHub\NSEC-B~1\hw\2023\CONFBA~1\firmware\CONFER~1\INTEGR~1\ARDUIN~1\Debug\libArduinoCore.a(twi.o)
                0x00004fd2                twi_init
 .text.twi_disable
                0x0000500e       0x1a C:\Users\lambert\DOCUME~1\GitHub\NSEC-B~1\hw\2023\CONFBA~1\firmware\CONFER~1\INTEGR~1\ARDUIN~1\Debug\libArduinoCore.a(twi.o)
                0x0000500e                twi_disable
 .text.twi_setFrequency
                0x00005028       0x28 C:\Users\lambert\DOCUME~1\GitHub\NSEC-B~1\hw\2023\CONFBA~1\firmware\CONFER~1\INTEGR~1\ARDUIN~1\Debug\libArduinoCore.a(twi.o)
                0x00005028                twi_setFrequency
 .text.twi_transmit
                0x00005050       0x50 C:\Users\lambert\DOCUME~1\GitHub\NSEC-B~1\hw\2023\CONFBA~1\firmware\CONFER~1\INTEGR~1\ARDUIN~1\Debug\libArduinoCore.a(twi.o)
                0x00005050                twi_transmit
 .text.twi_attachSlaveRxEvent
                0x000050a0        0xa C:\Users\lambert\DOCUME~1\GitHub\NSEC-B~1\hw\2023\CONFBA~1\firmware\CONFER~1\INTEGR~1\ARDUIN~1\Debug\libArduinoCore.a(twi.o)
                0x000050a0                twi_attachSlaveRxEvent
 .text.twi_attachSlaveTxEvent
                0x000050aa        0xa C:\Users\lambert\DOCUME~1\GitHub\NSEC-B~1\hw\2023\CONFBA~1\firmware\CONFER~1\INTEGR~1\ARDUIN~1\Debug\libArduinoCore.a(twi.o)
                0x000050aa                twi_attachSlaveTxEvent
 .text.twi_releaseBus
                0x000050b4        0xc C:\Users\lambert\DOCUME~1\GitHub\NSEC-B~1\hw\2023\CONFBA~1\firmware\CONFER~1\INTEGR~1\ARDUIN~1\Debug\libArduinoCore.a(twi.o)
                0x000050b4                twi_releaseBus
 .text.twi_handleTimeout
                0x000050c0       0x2c C:\Users\lambert\DOCUME~1\GitHub\NSEC-B~1\hw\2023\CONFBA~1\firmware\CONFER~1\INTEGR~1\ARDUIN~1\Debug\libArduinoCore.a(twi.o)
                0x000050c0                twi_handleTimeout
 .text.twi_writeTo
                0x000050ec      0x1e0 C:\Users\lambert\DOCUME~1\GitHub\NSEC-B~1\hw\2023\CONFBA~1\firmware\CONFER~1\INTEGR~1\ARDUIN~1\Debug\libArduinoCore.a(twi.o)
                0x000050ec                twi_writeTo
 .text.twi_stop
                0x000052cc       0x70 C:\Users\lambert\DOCUME~1\GitHub\NSEC-B~1\hw\2023\CONFBA~1\firmware\CONFER~1\INTEGR~1\ARDUIN~1\Debug\libArduinoCore.a(twi.o)
                0x000052cc                twi_stop
 .text.__vector_24
                0x0000533c      0x25a C:\Users\lambert\DOCUME~1\GitHub\NSEC-B~1\hw\2023\CONFBA~1\firmware\CONFER~1\INTEGR~1\ARDUIN~1\Debug\libArduinoCore.a(twi.o)
                0x0000533c                __vector_24
 .text.avr-libc.fplib
                0x00005596        0xe c:/program files (x86)/atmel/studio/7.0/toolchain/avr8/avr8-gnu-toolchain/bin/../lib/gcc/avr/5.4.0/../../../../avr/lib/avr5\libm.a(addsf3.o)
                0x00005596                __subsf3
                0x00005598                __addsf3
 .text.avr-libc.fplib
                0x000055a4       0xcc c:/program files (x86)/atmel/studio/7.0/toolchain/avr8/avr8-gnu-toolchain/bin/../lib/gcc/avr/5.4.0/../../../../avr/lib/avr5\libm.a(addsf3x.o)
                0x000055c6                __addsf3x
 .text.avr-libc.fplib
                0x00005670        0xa c:/program files (x86)/atmel/studio/7.0/toolchain/avr8/avr8-gnu-toolchain/bin/../lib/gcc/avr/5.4.0/../../../../avr/lib/avr5\libm.a(cmpsf2.o)
                0x00005670                __nesf2
                0x00005670                __eqsf2
                0x00005670                __cmpsf2
                0x00005670                __ltsf2
                0x00005670                __lesf2
 .text.avr-libc.fplib
                0x0000567a       0x5e c:/program files (x86)/atmel/studio/7.0/toolchain/avr8/avr8-gnu-toolchain/bin/../lib/gcc/avr/5.4.0/../../../../avr/lib/avr5\libm.a(fixunssfsi.o)
                0x0000567a                __fixunssfsi
 .text.avr-libc.fplib
                0x000056d8       0x48 c:/program files (x86)/atmel/studio/7.0/toolchain/avr8/avr8-gnu-toolchain/bin/../lib/gcc/avr/5.4.0/../../../../avr/lib/avr5\libm.a(fp_cmp.o)
                0x000056d8                __fp_cmp
 .text.avr-libc.fplib
                0x00005720        0xa c:/program files (x86)/atmel/studio/7.0/toolchain/avr8/avr8-gnu-toolchain/bin/../lib/gcc/avr/5.4.0/../../../../avr/lib/avr5\libm.a(gesf2.o)
                0x00005720                __gesf2
                0x00005720                __gtsf2
 .text.avr-libc.fplib
                0x0000572a        0x8 c:/program files (x86)/atmel/studio/7.0/toolchain/avr8/avr8-gnu-toolchain/bin/../lib/gcc/avr/5.4.0/../../../../avr/lib/avr5\libm.a(mulsf3.o)
                0x0000572a                __mulsf3
 .text.avr-libc.fplib
                0x00005732       0xd2 c:/program files (x86)/atmel/studio/7.0/toolchain/avr8/avr8-gnu-toolchain/bin/../lib/gcc/avr/5.4.0/../../../../avr/lib/avr5\libm.a(mulsf3x.o)
                0x00005750                __mulsf3x
                0x00005756                __mulsf3_pse
 .text.avr-libc.fplib
                0x00005804        0xa c:/program files (x86)/atmel/studio/7.0/toolchain/avr8/avr8-gnu-toolchain/bin/../lib/gcc/avr/5.4.0/../../../../avr/lib/avr5\libm.a(unordsf2.o)
                0x00005804                __unordsf2
 .text.libgcc.div
                0x0000580e       0x28 c:/program files (x86)/atmel/studio/7.0/toolchain/avr8/avr8-gnu-toolchain/bin/../lib/gcc/avr/5.4.0/avr5\libgcc.a(_udivmodhi4.o)
                0x0000580e                __udivmodhi4
 .text.libgcc.div
                0x00005836       0x28 c:/program files (x86)/atmel/studio/7.0/toolchain/avr8/avr8-gnu-toolchain/bin/../lib/gcc/avr/5.4.0/avr5\libgcc.a(_divmodhi4.o)
                0x00005836                _div
                0x00005836                __divmodhi4
 .text.libgcc.div
                0x0000585e       0x44 c:/program files (x86)/atmel/studio/7.0/toolchain/avr8/avr8-gnu-toolchain/bin/../lib/gcc/avr/5.4.0/avr5\libgcc.a(_udivmodsi4.o)
                0x0000585e                __udivmodsi4
 .text.libgcc.div
                0x000058a2       0x2e c:/program files (x86)/atmel/studio/7.0/toolchain/avr8/avr8-gnu-toolchain/bin/../lib/gcc/avr/5.4.0/avr5\libgcc.a(_divmodsi4.o)
                0x000058a2                __divmodsi4
 .text.libgcc.div
                0x000058d0       0x10 c:/program files (x86)/atmel/studio/7.0/toolchain/avr8/avr8-gnu-toolchain/bin/../lib/gcc/avr/5.4.0/avr5\libgcc.a(_negsi2.o)
                0x000058d0                __negsi2
 .text.libgcc.mul
                0x000058e0       0x1e c:/program files (x86)/atmel/studio/7.0/toolchain/avr8/avr8-gnu-toolchain/bin/../lib/gcc/avr/5.4.0/avr5\libgcc.a(_umulhisi3.o)
                0x000058e0                __umulhisi3
 .text.libgcc.mul
                0x000058fe       0x16 c:/program files (x86)/atmel/studio/7.0/toolchain/avr8/avr8-gnu-toolchain/bin/../lib/gcc/avr/5.4.0/avr5\libgcc.a(_muluhisi3.o)
                0x000058fe                __muluhisi3
 .text.libgcc   0x00005914        0xc c:/program files (x86)/atmel/studio/7.0/toolchain/avr8/avr8-gnu-toolchain/bin/../lib/gcc/avr/5.4.0/avr5\libgcc.a(_tablejump2.o)
                0x00005914                __tablejump2__
 .text.avr-libc
                0x00005920      0x242 c:/program files (x86)/atmel/studio/7.0/toolchain/avr8/avr8-gnu-toolchain/bin/../lib/gcc/avr/5.4.0/../../../../avr/lib/avr5\libc.a(malloc.o)
                0x00005920                malloc
                0x00005a50                free
 .text.avr-libc
                0x00005b62      0x144 c:/program files (x86)/atmel/studio/7.0/toolchain/avr8/avr8-gnu-toolchain/bin/../lib/gcc/avr/5.4.0/../../../../avr/lib/avr5\libc.a(random.o)
                0x00005b62                random_r
                0x00005bf8                random
                0x00005c94                srandom
 .text.avr-libc
                0x00005ca6        0xa c:/program files (x86)/atmel/studio/7.0/toolchain/avr8/avr8-gnu-toolchain/bin/../lib/gcc/avr/5.4.0/../../../../avr/lib/avr5\libc.a(abort.o)
                0x00005ca6                abort
 .text.avr-libc
                0x00005cb0        0xe c:/program files (x86)/atmel/studio/7.0/toolchain/avr8/avr8-gnu-toolchain/bin/../lib/gcc/avr/5.4.0/../../../../avr/lib/avr5\libc.a(memset.o)
                0x00005cb0                memset
 .text.libgcc.mul
                0x00005cbe       0x10 c:/program files (x86)/atmel/studio/7.0/toolchain/avr8/avr8-gnu-toolchain/bin/../lib/gcc/avr/5.4.0/avr5\libgcc.a(_mulshisi3.o)
                0x00005cbe                __mulshisi3
                0x00005cc4                __mulohisi3
                0x00005cce                . = ALIGN (0x2)
 *(.fini9)
 .fini9         0x00005cce        0x0 c:/program files (x86)/atmel/studio/7.0/toolchain/avr8/avr8-gnu-toolchain/bin/../lib/gcc/avr/5.4.0/avr5\libgcc.a(_exit.o)
                0x00005cce                _exit
                0x00005cce                exit
 *(.fini9)
 *(.fini8)
 *(.fini8)
 *(.fini7)
 *(.fini7)
 *(.fini6)
 .fini6         0x00005cce       0x16 c:/program files (x86)/atmel/studio/7.0/toolchain/avr8/avr8-gnu-toolchain/bin/../lib/gcc/avr/5.4.0/avr5\libgcc.a(_dtors.o)
                0x00005cce                __do_global_dtors
 *(.fini6)
 *(.fini5)
 *(.fini5)
 *(.fini4)
 *(.fini4)
 *(.fini3)
 *(.fini3)
 *(.fini2)
 *(.fini2)
 *(.fini1)
 *(.fini1)
 *(.fini0)
 .fini0         0x00005ce4        0x4 c:/program files (x86)/atmel/studio/7.0/toolchain/avr8/avr8-gnu-toolchain/bin/../lib/gcc/avr/5.4.0/avr5\libgcc.a(_exit.o)
 *(.fini0)
                0x00005ce8                _etext = .

.data           0x00800100       0xea load address 0x00005ce8
                0x00800100                PROVIDE (__data_start, .)
 *(.data)
 .data          0x00800100        0x6 c:/program files (x86)/atmel/studio/7.0/toolchain/avr8/avr8-gnu-toolchain/bin/../lib/gcc/avr/5.4.0/../../../../avr/lib/avr5\libc.a(malloc.o)
                0x00800100                __malloc_heap_end
                0x00800102                __malloc_heap_start
                0x00800104                __malloc_margin
 .data          0x00800106        0x4 c:/program files (x86)/atmel/studio/7.0/toolchain/avr8/avr8-gnu-toolchain/bin/../lib/gcc/avr/5.4.0/../../../../avr/lib/avr5\libc.a(random.o)
 *(.data*)
 .data.currentLevel
                0x0080010a        0x1 levelControl.o
                0x0080010a                currentLevel
 .data.idle_refreshInterval
                0x0080010b        0x4 neopix.o
                0x0080010b                idle_refreshInterval
 .data.analog_reference
                0x0080010f        0x1 C:\Users\lambert\DOCUME~1\GitHub\NSEC-B~1\hw\2023\CONFBA~1\firmware\CONFER~1\INTEGR~1\ARDUIN~1\Debug\libArduinoCore.a(wiring_analog.o)
                0x0080010f                analog_reference
 *(.gnu.linkonce.d*)
 *(.rodata)
 *(.rodata*)
 .rodata.str1.1
                0x00800110       0x33 oledControl.o
                                 0x34 (size before relaxing)
 .rodata.str1.1
                0x00800143        0x9 Sketch.o
 .rodata._ZTV14HardwareSerial
                0x0080014c       0x12 C:\Users\lambert\DOCUME~1\GitHub\NSEC-B~1\hw\2023\CONFBA~1\firmware\CONFER~1\INTEGR~1\ARDUIN~1\Debug\libArduinoCore.a(HardwareSerial.o)
                0x0080014c                _ZTV14HardwareSerial
 .rodata.str1.1
                0x0080015e        0xf C:\Users\lambert\DOCUME~1\GitHub\NSEC-B~1\hw\2023\CONFBA~1\firmware\CONFER~1\INTEGR~1\ARDUIN~1\Debug\libArduinoCore.a(Print.o)
 .rodata._ZTV12Adafruit_GFX
                0x0080016d       0x2c C:\Users\lambert\DOCUME~1\GitHub\NSEC-B~1\hw\2023\CONFBA~1\firmware\CONFER~1\INTEGR~1\ARDUIN~1\Debug\libArduinoCore.a(Adafruit_GFX.o)
                0x0080016d                _ZTV12Adafruit_GFX
 .rodata._ZTV16Adafruit_SSD1306
                0x00800199       0x2c C:\Users\lambert\DOCUME~1\GitHub\NSEC-B~1\hw\2023\CONFBA~1\firmware\CONFER~1\INTEGR~1\ARDUIN~1\Debug\libArduinoCore.a(Adafruit_SSD1306.o)
                0x00800199                _ZTV16Adafruit_SSD1306
 .rodata._ZTV14SoftwareSerial
                0x008001c5       0x12 C:\Users\lambert\DOCUME~1\GitHub\NSEC-B~1\hw\2023\CONFBA~1\firmware\CONFER~1\INTEGR~1\ARDUIN~1\Debug\libArduinoCore.a(SoftwareSerial.o)
                0x008001c5                _ZTV14SoftwareSerial
 .rodata._ZTV7TwoWire
                0x008001d7       0x12 C:\Users\lambert\DOCUME~1\GitHub\NSEC-B~1\hw\2023\CONFBA~1\firmware\CONFER~1\INTEGR~1\ARDUIN~1\Debug\libArduinoCore.a(Wire.o)
                0x008001d7                _ZTV7TwoWire
 *(.gnu.linkonce.r*)
                0x008001ea                . = ALIGN (0x2)
 *fill*         0x008001e9        0x1 
                0x008001ea                _edata = .
                0x008001ea                PROVIDE (__data_end, .)

.bss            0x008001ea      0x2ab
                0x008001ea                PROVIDE (__bss_start, .)
 *(.bss)
 *(.bss*)
 .bss.waitingForDisconnect
                0x008001ea        0x1 modeControl.o
                0x008001ea                waitingForDisconnect
 .bss.currentlyLoading
                0x008001eb        0x1 modeControl.o
                0x008001eb                currentlyLoading
 .bss._ZZ18neopix_connectLeftvE1i
                0x008001ec        0x2 neopix.o
 .bss._ZZ18neopix_connectLeftvE14ts_lastRefresh
                0x008001ee        0x4 neopix.o
 .bss._ZZ19neopix_connectRightvE1i
                0x008001f2        0x2 neopix.o
 .bss._ZZ19neopix_connectRightvE14ts_lastRefresh
                0x008001f4        0x4 neopix.o
 .bss._ZZ14neopix_successvE14ts_lastRefresh
                0x008001f8        0x4 neopix.o
 .bss._ZZ11neopix_idlevE13startPosition
                0x008001fc        0x1 neopix.o
 .bss._ZZ11neopix_idlevE11ts_slowIdle
                0x008001fd        0x4 neopix.o
 .bss.ts_loadingNextIncrement
                0x00800201        0x4 neopix.o
                0x00800201                ts_loadingNextIncrement
 .bss.ts_loadingStartTime
                0x00800205        0x4 neopix.o
                0x00800205                ts_loadingStartTime
 .bss.loadingBarPos
                0x00800209        0x1 neopix.o
                0x00800209                loadingBarPos
 .bss.pixels    0x0080020a       0x16 neopix.o
                0x0080020a                pixels
 .bss.display   0x00800220       0x40 oledControl.o
                0x00800220                display
 .bss._ZZ4loopE7ts_oled
                0x00800260        0x4 Sketch.o
 .bss._ZZ4loopE9ts_neopix
                0x00800264        0x4 Sketch.o
 .bss._ZZ4loopE7ts_uart
                0x00800268        0x4 Sketch.o
 .bss._ZZ18softSerial_routinevE9msgRxLeft
                0x0080026c        0x8 softserialControl.o
 .bss._ZZ18softSerial_routinevE13msgRxLeft_pos
                0x00800274        0x2 softserialControl.o
 .bss._ZZ18softSerial_routinevE10msgRxRight
                0x00800276        0x8 softserialControl.o
 .bss._ZZ18softSerial_routinevE14msgRxRight_pos
                0x0080027e        0x2 softserialControl.o
 .bss._ZZ18softSerial_routinevE10ts_display
                0x00800280        0x4 softserialControl.o
 .bss._ZZ18softSerial_routinevE16pingpongSelector
                0x00800284        0x1 softserialControl.o
 .bss._ZZ18softSerial_routinevE11ts_pingpong
                0x00800285        0x4 softserialControl.o
 .bss._ZZ18softSerial_routinevE7sending
                0x00800289        0x4 softserialControl.o
 .bss._ZZ18softSerial_routinevE7ts_loop
                0x0080028d        0x4 softserialControl.o
 .bss.leftSerial
                0x00800291       0x1f softserialControl.o
                0x00800291                leftSerial
 .bss.rightSerial
                0x008002b0       0x1f softserialControl.o
                0x008002b0                rightSerial
 .bss._UniqueID
                0x008002cf        0xa uidFetcher.o
                0x008002cf                _UniqueID
 .bss.Serial    0x008002d9       0x9d C:\Users\lambert\DOCUME~1\GitHub\NSEC-B~1\hw\2023\CONFBA~1\firmware\CONFER~1\INTEGR~1\ARDUIN~1\Debug\libArduinoCore.a(HardwareSerial0.o)
                0x008002d9                Serial
 .bss.timer0_fract
                0x00800376        0x1 C:\Users\lambert\DOCUME~1\GitHub\NSEC-B~1\hw\2023\CONFBA~1\firmware\CONFER~1\INTEGR~1\ARDUIN~1\Debug\libArduinoCore.a(wiring.o)
 .bss.timer0_millis
                0x00800377        0x4 C:\Users\lambert\DOCUME~1\GitHub\NSEC-B~1\hw\2023\CONFBA~1\firmware\CONFER~1\INTEGR~1\ARDUIN~1\Debug\libArduinoCore.a(wiring.o)
                0x00800377                timer0_millis
 .bss.timer0_overflow_count
                0x0080037b        0x4 C:\Users\lambert\DOCUME~1\GitHub\NSEC-B~1\hw\2023\CONFBA~1\firmware\CONFER~1\INTEGR~1\ARDUIN~1\Debug\libArduinoCore.a(wiring.o)
                0x0080037b                timer0_overflow_count
 .bss._ZN14SoftwareSerial20_receive_buffer_headE
                0x0080037f        0x1 C:\Users\lambert\DOCUME~1\GitHub\NSEC-B~1\hw\2023\CONFBA~1\firmware\CONFER~1\INTEGR~1\ARDUIN~1\Debug\libArduinoCore.a(SoftwareSerial.o)
                0x0080037f                _ZN14SoftwareSerial20_receive_buffer_headE
 .bss._ZN14SoftwareSerial20_receive_buffer_tailE
                0x00800380        0x1 C:\Users\lambert\DOCUME~1\GitHub\NSEC-B~1\hw\2023\CONFBA~1\firmware\CONFER~1\INTEGR~1\ARDUIN~1\Debug\libArduinoCore.a(SoftwareSerial.o)
                0x00800380                _ZN14SoftwareSerial20_receive_buffer_tailE
 .bss._ZN14SoftwareSerial15_receive_bufferE
                0x00800381       0x40 C:\Users\lambert\DOCUME~1\GitHub\NSEC-B~1\hw\2023\CONFBA~1\firmware\CONFER~1\INTEGR~1\ARDUIN~1\Debug\libArduinoCore.a(SoftwareSerial.o)
                0x00800381                _ZN14SoftwareSerial15_receive_bufferE
 .bss._ZN14SoftwareSerial13active_objectE
                0x008003c1        0x2 C:\Users\lambert\DOCUME~1\GitHub\NSEC-B~1\hw\2023\CONFBA~1\firmware\CONFER~1\INTEGR~1\ARDUIN~1\Debug\libArduinoCore.a(SoftwareSerial.o)
                0x008003c1                _ZN14SoftwareSerial13active_objectE
 .bss._ZN8SPIClass13interruptSaveE
                0x008003c3        0x1 C:\Users\lambert\DOCUME~1\GitHub\NSEC-B~1\hw\2023\CONFBA~1\firmware\CONFER~1\INTEGR~1\ARDUIN~1\Debug\libArduinoCore.a(SPI.o)
                0x008003c3                _ZN8SPIClass13interruptSaveE
 .bss._ZN8SPIClass13interruptMaskE
                0x008003c4        0x1 C:\Users\lambert\DOCUME~1\GitHub\NSEC-B~1\hw\2023\CONFBA~1\firmware\CONFER~1\INTEGR~1\ARDUIN~1\Debug\libArduinoCore.a(SPI.o)
                0x008003c4                _ZN8SPIClass13interruptMaskE
 .bss._ZN8SPIClass13interruptModeE
                0x008003c5        0x1 C:\Users\lambert\DOCUME~1\GitHub\NSEC-B~1\hw\2023\CONFBA~1\firmware\CONFER~1\INTEGR~1\ARDUIN~1\Debug\libArduinoCore.a(SPI.o)
                0x008003c5                _ZN8SPIClass13interruptModeE
 .bss._ZN8SPIClass11initializedE
                0x008003c6        0x1 C:\Users\lambert\DOCUME~1\GitHub\NSEC-B~1\hw\2023\CONFBA~1\firmware\CONFER~1\INTEGR~1\ARDUIN~1\Debug\libArduinoCore.a(SPI.o)
                0x008003c6                _ZN8SPIClass11initializedE
 .bss.Wire      0x008003c7        0xc C:\Users\lambert\DOCUME~1\GitHub\NSEC-B~1\hw\2023\CONFBA~1\firmware\CONFER~1\INTEGR~1\ARDUIN~1\Debug\libArduinoCore.a(Wire.o)
                0x008003c7                Wire
 .bss._ZN7TwoWire14user_onReceiveE
                0x008003d3        0x2 C:\Users\lambert\DOCUME~1\GitHub\NSEC-B~1\hw\2023\CONFBA~1\firmware\CONFER~1\INTEGR~1\ARDUIN~1\Debug\libArduinoCore.a(Wire.o)
                0x008003d3                _ZN7TwoWire14user_onReceiveE
 .bss._ZN7TwoWire14user_onRequestE
                0x008003d5        0x2 C:\Users\lambert\DOCUME~1\GitHub\NSEC-B~1\hw\2023\CONFBA~1\firmware\CONFER~1\INTEGR~1\ARDUIN~1\Debug\libArduinoCore.a(Wire.o)
                0x008003d5                _ZN7TwoWire14user_onRequestE
 .bss._ZN7TwoWire12transmittingE
                0x008003d7        0x1 C:\Users\lambert\DOCUME~1\GitHub\NSEC-B~1\hw\2023\CONFBA~1\firmware\CONFER~1\INTEGR~1\ARDUIN~1\Debug\libArduinoCore.a(Wire.o)
                0x008003d7                _ZN7TwoWire12transmittingE
 .bss._ZN7TwoWire14txBufferLengthE
                0x008003d8        0x1 C:\Users\lambert\DOCUME~1\GitHub\NSEC-B~1\hw\2023\CONFBA~1\firmware\CONFER~1\INTEGR~1\ARDUIN~1\Debug\libArduinoCore.a(Wire.o)
                0x008003d8                _ZN7TwoWire14txBufferLengthE
 .bss._ZN7TwoWire13txBufferIndexE
                0x008003d9        0x1 C:\Users\lambert\DOCUME~1\GitHub\NSEC-B~1\hw\2023\CONFBA~1\firmware\CONFER~1\INTEGR~1\ARDUIN~1\Debug\libArduinoCore.a(Wire.o)
                0x008003d9                _ZN7TwoWire13txBufferIndexE
 .bss._ZN7TwoWire8txBufferE
                0x008003da       0x20 C:\Users\lambert\DOCUME~1\GitHub\NSEC-B~1\hw\2023\CONFBA~1\firmware\CONFER~1\INTEGR~1\ARDUIN~1\Debug\libArduinoCore.a(Wire.o)
                0x008003da                _ZN7TwoWire8txBufferE
 .bss._ZN7TwoWire9txAddressE
                0x008003fa        0x1 C:\Users\lambert\DOCUME~1\GitHub\NSEC-B~1\hw\2023\CONFBA~1\firmware\CONFER~1\INTEGR~1\ARDUIN~1\Debug\libArduinoCore.a(Wire.o)
                0x008003fa                _ZN7TwoWire9txAddressE
 .bss._ZN7TwoWire14rxBufferLengthE
                0x008003fb        0x1 C:\Users\lambert\DOCUME~1\GitHub\NSEC-B~1\hw\2023\CONFBA~1\firmware\CONFER~1\INTEGR~1\ARDUIN~1\Debug\libArduinoCore.a(Wire.o)
                0x008003fb                _ZN7TwoWire14rxBufferLengthE
 .bss._ZN7TwoWire13rxBufferIndexE
                0x008003fc        0x1 C:\Users\lambert\DOCUME~1\GitHub\NSEC-B~1\hw\2023\CONFBA~1\firmware\CONFER~1\INTEGR~1\ARDUIN~1\Debug\libArduinoCore.a(Wire.o)
                0x008003fc                _ZN7TwoWire13rxBufferIndexE
 .bss._ZN7TwoWire8rxBufferE
                0x008003fd       0x20 C:\Users\lambert\DOCUME~1\GitHub\NSEC-B~1\hw\2023\CONFBA~1\firmware\CONFER~1\INTEGR~1\ARDUIN~1\Debug\libArduinoCore.a(Wire.o)
                0x008003fd                _ZN7TwoWire8rxBufferE
 .bss.twi_error
                0x0080041d        0x1 C:\Users\lambert\DOCUME~1\GitHub\NSEC-B~1\hw\2023\CONFBA~1\firmware\CONFER~1\INTEGR~1\ARDUIN~1\Debug\libArduinoCore.a(twi.o)
 .bss.twi_rxBufferIndex
                0x0080041e        0x1 C:\Users\lambert\DOCUME~1\GitHub\NSEC-B~1\hw\2023\CONFBA~1\firmware\CONFER~1\INTEGR~1\ARDUIN~1\Debug\libArduinoCore.a(twi.o)
 .bss.twi_rxBuffer
                0x0080041f       0x20 C:\Users\lambert\DOCUME~1\GitHub\NSEC-B~1\hw\2023\CONFBA~1\firmware\CONFER~1\INTEGR~1\ARDUIN~1\Debug\libArduinoCore.a(twi.o)
 .bss.twi_txBufferLength
                0x0080043f        0x1 C:\Users\lambert\DOCUME~1\GitHub\NSEC-B~1\hw\2023\CONFBA~1\firmware\CONFER~1\INTEGR~1\ARDUIN~1\Debug\libArduinoCore.a(twi.o)
 .bss.twi_txBufferIndex
                0x00800440        0x1 C:\Users\lambert\DOCUME~1\GitHub\NSEC-B~1\hw\2023\CONFBA~1\firmware\CONFER~1\INTEGR~1\ARDUIN~1\Debug\libArduinoCore.a(twi.o)
 .bss.twi_txBuffer
                0x00800441       0x20 C:\Users\lambert\DOCUME~1\GitHub\NSEC-B~1\hw\2023\CONFBA~1\firmware\CONFER~1\INTEGR~1\ARDUIN~1\Debug\libArduinoCore.a(twi.o)
 .bss.twi_masterBufferLength
                0x00800461        0x1 C:\Users\lambert\DOCUME~1\GitHub\NSEC-B~1\hw\2023\CONFBA~1\firmware\CONFER~1\INTEGR~1\ARDUIN~1\Debug\libArduinoCore.a(twi.o)
 .bss.twi_masterBufferIndex
                0x00800462        0x1 C:\Users\lambert\DOCUME~1\GitHub\NSEC-B~1\hw\2023\CONFBA~1\firmware\CONFER~1\INTEGR~1\ARDUIN~1\Debug\libArduinoCore.a(twi.o)
 .bss.twi_masterBuffer
                0x00800463       0x20 C:\Users\lambert\DOCUME~1\GitHub\NSEC-B~1\hw\2023\CONFBA~1\firmware\CONFER~1\INTEGR~1\ARDUIN~1\Debug\libArduinoCore.a(twi.o)
 .bss.twi_onSlaveReceive
                0x00800483        0x2 C:\Users\lambert\DOCUME~1\GitHub\NSEC-B~1\hw\2023\CONFBA~1\firmware\CONFER~1\INTEGR~1\ARDUIN~1\Debug\libArduinoCore.a(twi.o)
 .bss.twi_onSlaveTransmit
                0x00800485        0x2 C:\Users\lambert\DOCUME~1\GitHub\NSEC-B~1\hw\2023\CONFBA~1\firmware\CONFER~1\INTEGR~1\ARDUIN~1\Debug\libArduinoCore.a(twi.o)
 .bss.twi_do_reset_on_timeout
                0x00800487        0x1 C:\Users\lambert\DOCUME~1\GitHub\NSEC-B~1\hw\2023\CONFBA~1\firmware\CONFER~1\INTEGR~1\ARDUIN~1\Debug\libArduinoCore.a(twi.o)
 .bss.twi_timed_out_flag
                0x00800488        0x1 C:\Users\lambert\DOCUME~1\GitHub\NSEC-B~1\hw\2023\CONFBA~1\firmware\CONFER~1\INTEGR~1\ARDUIN~1\Debug\libArduinoCore.a(twi.o)
 .bss.twi_timeout_us
                0x00800489        0x4 C:\Users\lambert\DOCUME~1\GitHub\NSEC-B~1\hw\2023\CONFBA~1\firmware\CONFER~1\INTEGR~1\ARDUIN~1\Debug\libArduinoCore.a(twi.o)
 .bss.twi_inRepStart
                0x0080048d        0x1 C:\Users\lambert\DOCUME~1\GitHub\NSEC-B~1\hw\2023\CONFBA~1\firmware\CONFER~1\INTEGR~1\ARDUIN~1\Debug\libArduinoCore.a(twi.o)
 .bss.twi_sendStop
                0x0080048e        0x1 C:\Users\lambert\DOCUME~1\GitHub\NSEC-B~1\hw\2023\CONFBA~1\firmware\CONFER~1\INTEGR~1\ARDUIN~1\Debug\libArduinoCore.a(twi.o)
 .bss.twi_slarw
                0x0080048f        0x1 C:\Users\lambert\DOCUME~1\GitHub\NSEC-B~1\hw\2023\CONFBA~1\firmware\CONFER~1\INTEGR~1\ARDUIN~1\Debug\libArduinoCore.a(twi.o)
 .bss.twi_state
                0x00800490        0x1 C:\Users\lambert\DOCUME~1\GitHub\NSEC-B~1\hw\2023\CONFBA~1\firmware\CONFER~1\INTEGR~1\ARDUIN~1\Debug\libArduinoCore.a(twi.o)
 *(COMMON)
 COMMON         0x00800491        0x4 c:/program files (x86)/atmel/studio/7.0/toolchain/avr8/avr8-gnu-toolchain/bin/../lib/gcc/avr/5.4.0/../../../../avr/lib/avr5\libc.a(malloc.o)
                0x00800491                __brkval
                0x00800493                __flp
                0x00800495                PROVIDE (__bss_end, .)
                0x00005ce8                __data_load_start = LOADADDR (.data)
                0x00005dd2                __data_load_end = (__data_load_start + SIZEOF (.data))

.noinit         0x00800495        0x0
                [!provide]                PROVIDE (__noinit_start, .)
 *(.noinit*)
                [!provide]                PROVIDE (__noinit_end, .)
                0x00800495                _end = .
                0x00800495                PROVIDE (__heap_start, .)

.eeprom         0x00810000        0x0
 *(.eeprom*)
                0x00810000                __eeprom_end = .

.fuse
 *(.fuse)
 *(.lfuse)
 *(.hfuse)
 *(.efuse)

.lock
 *(.lock*)

.signature
 *(.signature*)

.user_signatures
 *(.user_signatures*)

.stab
 *(.stab)

.stabstr
 *(.stabstr)

.stab.excl
 *(.stab.excl)

.stab.exclstr
 *(.stab.exclstr)

.stab.index
 *(.stab.index)

.stab.indexstr
 *(.stab.indexstr)

.comment        0x00000000       0x30
 *(.comment)
 .comment       0x00000000       0x30 levelControl.o
                                 0x31 (size before relaxing)
 .comment       0x00000030       0x31 modeControl.o
 .comment       0x00000030       0x31 neopix.o
 .comment       0x00000030       0x31 oledControl.o
 .comment       0x00000030       0x31 Sketch.o
 .comment       0x00000030       0x31 softserialControl.o
 .comment       0x00000030       0x31 uidFetcher.o
 .comment       0x00000030       0x31 C:\Users\lambert\DOCUME~1\GitHub\NSEC-B~1\hw\2023\CONFBA~1\firmware\CONFER~1\INTEGR~1\ARDUIN~1\Debug\libArduinoCore.a(HardwareSerial.o)
 .comment       0x00000030       0x31 C:\Users\lambert\DOCUME~1\GitHub\NSEC-B~1\hw\2023\CONFBA~1\firmware\CONFER~1\INTEGR~1\ARDUIN~1\Debug\libArduinoCore.a(HardwareSerial0.o)
 .comment       0x00000030       0x31 C:\Users\lambert\DOCUME~1\GitHub\NSEC-B~1\hw\2023\CONFBA~1\firmware\CONFER~1\INTEGR~1\ARDUIN~1\Debug\libArduinoCore.a(main.o)
 .comment       0x00000030       0x31 C:\Users\lambert\DOCUME~1\GitHub\NSEC-B~1\hw\2023\CONFBA~1\firmware\CONFER~1\INTEGR~1\ARDUIN~1\Debug\libArduinoCore.a(Print.o)
 .comment       0x00000030       0x31 C:\Users\lambert\DOCUME~1\GitHub\NSEC-B~1\hw\2023\CONFBA~1\firmware\CONFER~1\INTEGR~1\ARDUIN~1\Debug\libArduinoCore.a(wiring.o)
 .comment       0x00000030       0x31 C:\Users\lambert\DOCUME~1\GitHub\NSEC-B~1\hw\2023\CONFBA~1\firmware\CONFER~1\INTEGR~1\ARDUIN~1\Debug\libArduinoCore.a(wiring_analog.o)
 .comment       0x00000030       0x31 C:\Users\lambert\DOCUME~1\GitHub\NSEC-B~1\hw\2023\CONFBA~1\firmware\CONFER~1\INTEGR~1\ARDUIN~1\Debug\libArduinoCore.a(wiring_digital.o)
 .comment       0x00000030       0x31 C:\Users\lambert\DOCUME~1\GitHub\NSEC-B~1\hw\2023\CONFBA~1\firmware\CONFER~1\INTEGR~1\ARDUIN~1\Debug\libArduinoCore.a(WMath.o)
 .comment       0x00000030       0x31 C:\Users\lambert\DOCUME~1\GitHub\NSEC-B~1\hw\2023\CONFBA~1\firmware\CONFER~1\INTEGR~1\ARDUIN~1\Debug\libArduinoCore.a(Adafruit_GFX.o)
 .comment       0x00000030       0x31 C:\Users\lambert\DOCUME~1\GitHub\NSEC-B~1\hw\2023\CONFBA~1\firmware\CONFER~1\INTEGR~1\ARDUIN~1\Debug\libArduinoCore.a(Adafruit_NeoPixel.o)
 .comment       0x00000030       0x31 C:\Users\lambert\DOCUME~1\GitHub\NSEC-B~1\hw\2023\CONFBA~1\firmware\CONFER~1\INTEGR~1\ARDUIN~1\Debug\libArduinoCore.a(Adafruit_SSD1306.o)
 .comment       0x00000030       0x31 C:\Users\lambert\DOCUME~1\GitHub\NSEC-B~1\hw\2023\CONFBA~1\firmware\CONFER~1\INTEGR~1\ARDUIN~1\Debug\libArduinoCore.a(SoftwareSerial.o)
 .comment       0x00000030       0x31 C:\Users\lambert\DOCUME~1\GitHub\NSEC-B~1\hw\2023\CONFBA~1\firmware\CONFER~1\INTEGR~1\ARDUIN~1\Debug\libArduinoCore.a(SPI.o)
 .comment       0x00000030       0x31 C:\Users\lambert\DOCUME~1\GitHub\NSEC-B~1\hw\2023\CONFBA~1\firmware\CONFER~1\INTEGR~1\ARDUIN~1\Debug\libArduinoCore.a(Wire.o)
 .comment       0x00000030       0x31 C:\Users\lambert\DOCUME~1\GitHub\NSEC-B~1\hw\2023\CONFBA~1\firmware\CONFER~1\INTEGR~1\ARDUIN~1\Debug\libArduinoCore.a(abi.o)
 .comment       0x00000030       0x31 C:\Users\lambert\DOCUME~1\GitHub\NSEC-B~1\hw\2023\CONFBA~1\firmware\CONFER~1\INTEGR~1\ARDUIN~1\Debug\libArduinoCore.a(hooks.o)
 .comment       0x00000030       0x31 C:\Users\lambert\DOCUME~1\GitHub\NSEC-B~1\hw\2023\CONFBA~1\firmware\CONFER~1\INTEGR~1\ARDUIN~1\Debug\libArduinoCore.a(twi.o)
 .comment       0x00000030       0x31 c:/program files (x86)/atmel/studio/7.0/toolchain/avr8/avr8-gnu-toolchain/bin/../lib/gcc/avr/5.4.0/../../../../avr/lib/avr5\libc.a(malloc.o)
 .comment       0x00000030       0x31 c:/program files (x86)/atmel/studio/7.0/toolchain/avr8/avr8-gnu-toolchain/bin/../lib/gcc/avr/5.4.0/../../../../avr/lib/avr5\libc.a(random.o)

.note.gnu.avr.deviceinfo
                0x00000000       0x40
 .note.gnu.avr.deviceinfo
                0x00000000       0x40 C:/Program Files (x86)/Atmel/Studio/7.0/Packs/atmel/ATmega_DFP/1.7.374/gcc/dev/atmega328pb/avr5/crtatmega328pb.o

.note.gnu.build-id
 *(.note.gnu.build-id)

.debug
 *(.debug)

.line
 *(.line)

.debug_srcinfo
 *(.debug_srcinfo)

.debug_sfnames
 *(.debug_sfnames)

.debug_aranges  0x00000000      0xbe8
 *(.debug_aranges)
 .debug_aranges
                0x00000000       0x30 levelControl.o
 .debug_aranges
                0x00000030       0x48 modeControl.o
 .debug_aranges
                0x00000078       0x60 neopix.o
 .debug_aranges
                0x000000d8       0x48 oledControl.o
 .debug_aranges
                0x00000120       0x28 Sketch.o
 .debug_aranges
                0x00000148       0x38 softserialControl.o
 .debug_aranges
                0x00000180       0x28 uidFetcher.o
 .debug_aranges
                0x000001a8       0x68 C:\Users\lambert\DOCUME~1\GitHub\NSEC-B~1\hw\2023\CONFBA~1\firmware\CONFER~1\INTEGR~1\ARDUIN~1\Debug\libArduinoCore.a(HardwareSerial.o)
 .debug_aranges
                0x00000210       0x48 C:\Users\lambert\DOCUME~1\GitHub\NSEC-B~1\hw\2023\CONFBA~1\firmware\CONFER~1\INTEGR~1\ARDUIN~1\Debug\libArduinoCore.a(HardwareSerial0.o)
 .debug_aranges
                0x00000258       0x30 C:\Users\lambert\DOCUME~1\GitHub\NSEC-B~1\hw\2023\CONFBA~1\firmware\CONFER~1\INTEGR~1\ARDUIN~1\Debug\libArduinoCore.a(main.o)
 .debug_aranges
                0x00000288      0x100 C:\Users\lambert\DOCUME~1\GitHub\NSEC-B~1\hw\2023\CONFBA~1\firmware\CONFER~1\INTEGR~1\ARDUIN~1\Debug\libArduinoCore.a(Print.o)
 .debug_aranges
                0x00000388       0x48 C:\Users\lambert\DOCUME~1\GitHub\NSEC-B~1\hw\2023\CONFBA~1\firmware\CONFER~1\INTEGR~1\ARDUIN~1\Debug\libArduinoCore.a(wiring.o)
 .debug_aranges
                0x000003d0       0x30 C:\Users\lambert\DOCUME~1\GitHub\NSEC-B~1\hw\2023\CONFBA~1\firmware\CONFER~1\INTEGR~1\ARDUIN~1\Debug\libArduinoCore.a(wiring_analog.o)
 .debug_aranges
                0x00000400       0x38 C:\Users\lambert\DOCUME~1\GitHub\NSEC-B~1\hw\2023\CONFBA~1\firmware\CONFER~1\INTEGR~1\ARDUIN~1\Debug\libArduinoCore.a(wiring_digital.o)
 .debug_aranges
                0x00000438       0x48 C:\Users\lambert\DOCUME~1\GitHub\NSEC-B~1\hw\2023\CONFBA~1\firmware\CONFER~1\INTEGR~1\ARDUIN~1\Debug\libArduinoCore.a(WMath.o)
 .debug_aranges
                0x00000480      0x2d8 C:\Users\lambert\DOCUME~1\GitHub\NSEC-B~1\hw\2023\CONFBA~1\firmware\CONFER~1\INTEGR~1\ARDUIN~1\Debug\libArduinoCore.a(Adafruit_GFX.o)
 .debug_aranges
                0x00000758       0xb0 C:\Users\lambert\DOCUME~1\GitHub\NSEC-B~1\hw\2023\CONFBA~1\firmware\CONFER~1\INTEGR~1\ARDUIN~1\Debug\libArduinoCore.a(Adafruit_NeoPixel.o)
 .debug_aranges
                0x00000808      0x118 C:\Users\lambert\DOCUME~1\GitHub\NSEC-B~1\hw\2023\CONFBA~1\firmware\CONFER~1\INTEGR~1\ARDUIN~1\Debug\libArduinoCore.a(Adafruit_SSD1306.o)
 .debug_aranges
                0x00000920       0xa8 C:\Users\lambert\DOCUME~1\GitHub\NSEC-B~1\hw\2023\CONFBA~1\firmware\CONFER~1\INTEGR~1\ARDUIN~1\Debug\libArduinoCore.a(SoftwareSerial.o)
 .debug_aranges
                0x000009c8       0x38 C:\Users\lambert\DOCUME~1\GitHub\NSEC-B~1\hw\2023\CONFBA~1\firmware\CONFER~1\INTEGR~1\ARDUIN~1\Debug\libArduinoCore.a(SPI.o)
 .debug_aranges
                0x00000a00      0x110 C:\Users\lambert\DOCUME~1\GitHub\NSEC-B~1\hw\2023\CONFBA~1\firmware\CONFER~1\INTEGR~1\ARDUIN~1\Debug\libArduinoCore.a(Wire.o)
 .debug_aranges
                0x00000b10       0x20 C:\Users\lambert\DOCUME~1\GitHub\NSEC-B~1\hw\2023\CONFBA~1\firmware\CONFER~1\INTEGR~1\ARDUIN~1\Debug\libArduinoCore.a(abi.o)
 .debug_aranges
                0x00000b30       0x20 C:\Users\lambert\DOCUME~1\GitHub\NSEC-B~1\hw\2023\CONFBA~1\firmware\CONFER~1\INTEGR~1\ARDUIN~1\Debug\libArduinoCore.a(hooks.o)
 .debug_aranges
                0x00000b50       0x98 C:\Users\lambert\DOCUME~1\GitHub\NSEC-B~1\hw\2023\CONFBA~1\firmware\CONFER~1\INTEGR~1\ARDUIN~1\Debug\libArduinoCore.a(twi.o)

.debug_pubnames
 *(.debug_pubnames)

.debug_info     0x00000000    0x1dade
 *(.debug_info .gnu.linkonce.wi.*)
 .debug_info    0x00000000      0x8ea C:/Program Files (x86)/Atmel/Studio/7.0/Packs/atmel/ATmega_DFP/1.7.374/gcc/dev/atmega328pb/avr5/crtatmega328pb.o
 .debug_info    0x000008ea      0x1c4 levelControl.o
 .debug_info    0x00000aae       0xf3 modeControl.o
 .debug_info    0x00000ba1     0x1224 neopix.o
 .debug_info    0x00001dc5      0xb33 oledControl.o
 .debug_info    0x000028f8      0x8b9 Sketch.o
 .debug_info    0x000031b1      0x64b softserialControl.o
 .debug_info    0x000037fc      0x2be uidFetcher.o
 .debug_info    0x00003aba     0x1f6d C:\Users\lambert\DOCUME~1\GitHub\NSEC-B~1\hw\2023\CONFBA~1\firmware\CONFER~1\INTEGR~1\ARDUIN~1\Debug\libArduinoCore.a(HardwareSerial.o)
 .debug_info    0x00005a27     0x1b16 C:\Users\lambert\DOCUME~1\GitHub\NSEC-B~1\hw\2023\CONFBA~1\firmware\CONFER~1\INTEGR~1\ARDUIN~1\Debug\libArduinoCore.a(HardwareSerial0.o)
 .debug_info    0x0000753d      0x237 C:\Users\lambert\DOCUME~1\GitHub\NSEC-B~1\hw\2023\CONFBA~1\firmware\CONFER~1\INTEGR~1\ARDUIN~1\Debug\libArduinoCore.a(main.o)
 .debug_info    0x00007774     0x28ff C:\Users\lambert\DOCUME~1\GitHub\NSEC-B~1\hw\2023\CONFBA~1\firmware\CONFER~1\INTEGR~1\ARDUIN~1\Debug\libArduinoCore.a(Print.o)
 .debug_info    0x0000a073      0x2cb C:\Users\lambert\DOCUME~1\GitHub\NSEC-B~1\hw\2023\CONFBA~1\firmware\CONFER~1\INTEGR~1\ARDUIN~1\Debug\libArduinoCore.a(wiring.o)
 .debug_info    0x0000a33e      0x26d C:\Users\lambert\DOCUME~1\GitHub\NSEC-B~1\hw\2023\CONFBA~1\firmware\CONFER~1\INTEGR~1\ARDUIN~1\Debug\libArduinoCore.a(wiring_analog.o)
 .debug_info    0x0000a5ab      0x5fe C:\Users\lambert\DOCUME~1\GitHub\NSEC-B~1\hw\2023\CONFBA~1\firmware\CONFER~1\INTEGR~1\ARDUIN~1\Debug\libArduinoCore.a(wiring_digital.o)
 .debug_info    0x0000aba9      0x230 C:\Users\lambert\DOCUME~1\GitHub\NSEC-B~1\hw\2023\CONFBA~1\firmware\CONFER~1\INTEGR~1\ARDUIN~1\Debug\libArduinoCore.a(WMath.o)
 .debug_info    0x0000add9     0x89c6 C:\Users\lambert\DOCUME~1\GitHub\NSEC-B~1\hw\2023\CONFBA~1\firmware\CONFER~1\INTEGR~1\ARDUIN~1\Debug\libArduinoCore.a(Adafruit_GFX.o)
 .debug_info    0x0001379f     0x141e C:\Users\lambert\DOCUME~1\GitHub\NSEC-B~1\hw\2023\CONFBA~1\firmware\CONFER~1\INTEGR~1\ARDUIN~1\Debug\libArduinoCore.a(Adafruit_NeoPixel.o)
 .debug_info    0x00014bbd     0x2d19 C:\Users\lambert\DOCUME~1\GitHub\NSEC-B~1\hw\2023\CONFBA~1\firmware\CONFER~1\INTEGR~1\ARDUIN~1\Debug\libArduinoCore.a(Adafruit_SSD1306.o)
 .debug_info    0x000178d6     0x28fd C:\Users\lambert\DOCUME~1\GitHub\NSEC-B~1\hw\2023\CONFBA~1\firmware\CONFER~1\INTEGR~1\ARDUIN~1\Debug\libArduinoCore.a(SoftwareSerial.o)
 .debug_info    0x0001a1d3      0x66b C:\Users\lambert\DOCUME~1\GitHub\NSEC-B~1\hw\2023\CONFBA~1\firmware\CONFER~1\INTEGR~1\ARDUIN~1\Debug\libArduinoCore.a(SPI.o)
 .debug_info    0x0001a83e     0x2910 C:\Users\lambert\DOCUME~1\GitHub\NSEC-B~1\hw\2023\CONFBA~1\firmware\CONFER~1\INTEGR~1\ARDUIN~1\Debug\libArduinoCore.a(Wire.o)
 .debug_info    0x0001d14e       0x76 C:\Users\lambert\DOCUME~1\GitHub\NSEC-B~1\hw\2023\CONFBA~1\firmware\CONFER~1\INTEGR~1\ARDUIN~1\Debug\libArduinoCore.a(abi.o)
 .debug_info    0x0001d1c4       0x3e C:\Users\lambert\DOCUME~1\GitHub\NSEC-B~1\hw\2023\CONFBA~1\firmware\CONFER~1\INTEGR~1\ARDUIN~1\Debug\libArduinoCore.a(hooks.o)
 .debug_info    0x0001d202      0x8dc C:\Users\lambert\DOCUME~1\GitHub\NSEC-B~1\hw\2023\CONFBA~1\firmware\CONFER~1\INTEGR~1\ARDUIN~1\Debug\libArduinoCore.a(twi.o)

.debug_abbrev   0x00000000     0x4c81
 *(.debug_abbrev)
 .debug_abbrev  0x00000000      0x86e C:/Program Files (x86)/Atmel/Studio/7.0/Packs/atmel/ATmega_DFP/1.7.374/gcc/dev/atmega328pb/avr5/crtatmega328pb.o
 .debug_abbrev  0x0000086e       0xc4 levelControl.o
 .debug_abbrev  0x00000932       0x66 modeControl.o
 .debug_abbrev  0x00000998      0x30f neopix.o
 .debug_abbrev  0x00000ca7      0x3a0 oledControl.o
 .debug_abbrev  0x00001047      0x1e5 Sketch.o
 .debug_abbrev  0x0000122c      0x23b softserialControl.o
 .debug_abbrev  0x00001467      0x1c3 uidFetcher.o
 .debug_abbrev  0x0000162a      0x4c6 C:\Users\lambert\DOCUME~1\GitHub\NSEC-B~1\hw\2023\CONFBA~1\firmware\CONFER~1\INTEGR~1\ARDUIN~1\Debug\libArduinoCore.a(HardwareSerial.o)
 .debug_abbrev  0x00001af0      0x3ce C:\Users\lambert\DOCUME~1\GitHub\NSEC-B~1\hw\2023\CONFBA~1\firmware\CONFER~1\INTEGR~1\ARDUIN~1\Debug\libArduinoCore.a(HardwareSerial0.o)
 .debug_abbrev  0x00001ebe      0x12d C:\Users\lambert\DOCUME~1\GitHub\NSEC-B~1\hw\2023\CONFBA~1\firmware\CONFER~1\INTEGR~1\ARDUIN~1\Debug\libArduinoCore.a(main.o)
 .debug_abbrev  0x00001feb      0x47a C:\Users\lambert\DOCUME~1\GitHub\NSEC-B~1\hw\2023\CONFBA~1\firmware\CONFER~1\INTEGR~1\ARDUIN~1\Debug\libArduinoCore.a(Print.o)
 .debug_abbrev  0x00002465      0x146 C:\Users\lambert\DOCUME~1\GitHub\NSEC-B~1\hw\2023\CONFBA~1\firmware\CONFER~1\INTEGR~1\ARDUIN~1\Debug\libArduinoCore.a(wiring.o)
 .debug_abbrev  0x000025ab      0x16b C:\Users\lambert\DOCUME~1\GitHub\NSEC-B~1\hw\2023\CONFBA~1\firmware\CONFER~1\INTEGR~1\ARDUIN~1\Debug\libArduinoCore.a(wiring_analog.o)
 .debug_abbrev  0x00002716      0x15b C:\Users\lambert\DOCUME~1\GitHub\NSEC-B~1\hw\2023\CONFBA~1\firmware\CONFER~1\INTEGR~1\ARDUIN~1\Debug\libArduinoCore.a(wiring_digital.o)
 .debug_abbrev  0x00002871      0x12b C:\Users\lambert\DOCUME~1\GitHub\NSEC-B~1\hw\2023\CONFBA~1\firmware\CONFER~1\INTEGR~1\ARDUIN~1\Debug\libArduinoCore.a(WMath.o)
 .debug_abbrev  0x0000299c      0x788 C:\Users\lambert\DOCUME~1\GitHub\NSEC-B~1\hw\2023\CONFBA~1\firmware\CONFER~1\INTEGR~1\ARDUIN~1\Debug\libArduinoCore.a(Adafruit_GFX.o)
 .debug_abbrev  0x00003124      0x3ed C:\Users\lambert\DOCUME~1\GitHub\NSEC-B~1\hw\2023\CONFBA~1\firmware\CONFER~1\INTEGR~1\ARDUIN~1\Debug\libArduinoCore.a(Adafruit_NeoPixel.o)