Archive member included to satisfy reference by file (symbol)

c:/program files (x86)/atmel/studio/7.0/toolchain/avr8/avr8-gnu-toolchain/bin/../lib/gcc/avr/5.4.0/../../../../avr/lib/avr5\libm.a(addsf3.o)
                              cypherControl.o (__subsf3)
c:/program files (x86)/atmel/studio/7.0/toolchain/avr8/avr8-gnu-toolchain/bin/../lib/gcc/avr/5.4.0/../../../../avr/lib/avr5\libm.a(addsf3x.o)
                              c:/program files (x86)/atmel/studio/7.0/toolchain/avr8/avr8-gnu-toolchain/bin/../lib/gcc/avr/5.4.0/../../../../avr/lib/avr5\libm.a(addsf3.o) (__addsf3x)
c:/program files (x86)/atmel/studio/7.0/toolchain/avr8/avr8-gnu-toolchain/bin/../lib/gcc/avr/5.4.0/../../../../avr/lib/avr5\libm.a(divsf3.o)
                              Sketch.o (__divsf3)
c:/program files (x86)/atmel/studio/7.0/toolchain/avr8/avr8-gnu-toolchain/bin/../lib/gcc/avr/5.4.0/../../../../avr/lib/avr5\libm.a(divsf3x.o)
                              c:/program files (x86)/atmel/studio/7.0/toolchain/avr8/avr8-gnu-toolchain/bin/../lib/gcc/avr/5.4.0/../../../../avr/lib/avr5\libm.a(divsf3.o) (__divsf3x)
c:/program files (x86)/atmel/studio/7.0/toolchain/avr8/avr8-gnu-toolchain/bin/../lib/gcc/avr/5.4.0/../../../../avr/lib/avr5\libm.a(fixunssfsi.o)
                              cypherControl.o (__fixunssfsi)
c:/program files (x86)/atmel/studio/7.0/toolchain/avr8/avr8-gnu-toolchain/bin/../lib/gcc/avr/5.4.0/../../../../avr/lib/avr5\libm.a(floatsisf.o)
                              cypherControl.o (__floatunsisf)
c:/program files (x86)/atmel/studio/7.0/toolchain/avr8/avr8-gnu-toolchain/bin/../lib/gcc/avr/5.4.0/../../../../avr/lib/avr5\libm.a(fp_inf.o)
                              c:/program files (x86)/atmel/studio/7.0/toolchain/avr8/avr8-gnu-toolchain/bin/../lib/gcc/avr/5.4.0/../../../../avr/lib/avr5\libm.a(addsf3x.o) (__fp_inf)
c:/program files (x86)/atmel/studio/7.0/toolchain/avr8/avr8-gnu-toolchain/bin/../lib/gcc/avr/5.4.0/../../../../avr/lib/avr5\libm.a(fp_nan.o)
                              c:/program files (x86)/atmel/studio/7.0/toolchain/avr8/avr8-gnu-toolchain/bin/../lib/gcc/avr/5.4.0/../../../../avr/lib/avr5\libm.a(addsf3x.o) (__fp_nan)
c:/program files (x86)/atmel/studio/7.0/toolchain/avr8/avr8-gnu-toolchain/bin/../lib/gcc/avr/5.4.0/../../../../avr/lib/avr5\libm.a(fp_pscA.o)
                              c:/program files (x86)/atmel/studio/7.0/toolchain/avr8/avr8-gnu-toolchain/bin/../lib/gcc/avr/5.4.0/../../../../avr/lib/avr5\libm.a(addsf3x.o) (__fp_pscA)
c:/program files (x86)/atmel/studio/7.0/toolchain/avr8/avr8-gnu-toolchain/bin/../lib/gcc/avr/5.4.0/../../../../avr/lib/avr5\libm.a(fp_pscB.o)
                              c:/program files (x86)/atmel/studio/7.0/toolchain/avr8/avr8-gnu-toolchain/bin/../lib/gcc/avr/5.4.0/../../../../avr/lib/avr5\libm.a(addsf3x.o) (__fp_pscB)
c:/program files (x86)/atmel/studio/7.0/toolchain/avr8/avr8-gnu-toolchain/bin/../lib/gcc/avr/5.4.0/../../../../avr/lib/avr5\libm.a(fp_round.o)
                              c:/program files (x86)/atmel/studio/7.0/toolchain/avr8/avr8-gnu-toolchain/bin/../lib/gcc/avr/5.4.0/../../../../avr/lib/avr5\libm.a(addsf3.o) (__fp_round)
c:/program files (x86)/atmel/studio/7.0/toolchain/avr8/avr8-gnu-toolchain/bin/../lib/gcc/avr/5.4.0/../../../../avr/lib/avr5\libm.a(fp_split3.o)
                              c:/program files (x86)/atmel/studio/7.0/toolchain/avr8/avr8-gnu-toolchain/bin/../lib/gcc/avr/5.4.0/../../../../avr/lib/avr5\libm.a(addsf3x.o) (__fp_split3)
c:/program files (x86)/atmel/studio/7.0/toolchain/avr8/avr8-gnu-toolchain/bin/../lib/gcc/avr/5.4.0/../../../../avr/lib/avr5\libm.a(fp_zero.o)
                              c:/program files (x86)/atmel/studio/7.0/toolchain/avr8/avr8-gnu-toolchain/bin/../lib/gcc/avr/5.4.0/../../../../avr/lib/avr5\libm.a(addsf3x.o) (__fp_zero)
c:/program files (x86)/atmel/studio/7.0/toolchain/avr8/avr8-gnu-toolchain/bin/../lib/gcc/avr/5.4.0/../../../../avr/lib/avr5\libm.a(mulsf3.o)
                              cypherControl.o (__mulsf3)
c:/program files (x86)/atmel/studio/7.0/toolchain/avr8/avr8-gnu-toolchain/bin/../lib/gcc/avr/5.4.0/../../../../avr/lib/avr5\libm.a(mulsf3x.o)
                              c:/program files (x86)/atmel/studio/7.0/toolchain/avr8/avr8-gnu-toolchain/bin/../lib/gcc/avr/5.4.0/../../../../avr/lib/avr5\libm.a(mulsf3.o) (__mulsf3x)
c:/program files (x86)/atmel/studio/7.0/toolchain/avr8/avr8-gnu-toolchain/bin/../lib/gcc/avr/5.4.0/../../../../avr/lib/avr5\libm.a(pow.o)
                              cypherControl.o (pow)
c:/program files (x86)/atmel/studio/7.0/toolchain/avr8/avr8-gnu-toolchain/bin/../lib/gcc/avr/5.4.0/../../../../avr/lib/avr5\libm.a(exp.o)
                              c:/program files (x86)/atmel/studio/7.0/toolchain/avr8/avr8-gnu-toolchain/bin/../lib/gcc/avr/5.4.0/../../../../avr/lib/avr5\libm.a(pow.o) (exp)
c:/program files (x86)/atmel/studio/7.0/toolchain/avr8/avr8-gnu-toolchain/bin/../lib/gcc/avr/5.4.0/../../../../avr/lib/avr5\libm.a(fp_powser.o)
[...]
Memory Configuration

Name             Origin             Length             Attributes
text             0x00000000         0x00008000         xr
data             0x00800100         0x00000800         rw !x
eeprom           0x00810000         0x00000400         rw !x
fuse             0x00820000         0x00000003         rw !x
lock             0x00830000         0x00000400         rw !x
signature        0x00840000         0x00000400         rw !x
user_signatures  0x00850000         0x00000400         rw !x
*default*        0x00000000         0xffffffff

Linker script and memory map

Address of section .data set to 0x800100
LOAD C:/Program Files (x86)/Atmel/Studio/7.0/Packs/atmel/ATmega_DFP/1.7.374/gcc/dev/atmega328p/avr5/crtatmega328p.o
LOAD cypherControl.o
LOAD levelControl.o
LOAD modeControl.o
LOAD neopix.o
LOAD oledControl.o
LOAD Sketch.o
LOAD softserialControl.o
LOAD uidFetcher.o
START GROUP
LOAD c:/program files (x86)/atmel/studio/7.0/toolchain/avr8/avr8-gnu-toolchain/bin/../lib/gcc/avr/5.4.0/../../../../avr/lib/avr5\libm.a
LOAD C:\Users\lambert\DOCUME~1\GitHub\NSEC-B~1\hw\2023\CONFBA~1\firmware\CONFER~1\INTEGR~1\ARDUIN~1\Debug\libArduinoCore.a
END GROUP
LOAD c:/program files (x86)/atmel/studio/7.0/toolchain/avr8/avr8-gnu-toolchain/bin/../lib/gcc/avr/5.4.0/avr5\libgcc.a
LOAD c:/program files (x86)/atmel/studio/7.0/toolchain/avr8/avr8-gnu-toolchain/bin/../lib/gcc/avr/5.4.0/../../../../avr/lib/avr5\libm.a
START GROUP
LOAD c:/program files (x86)/atmel/studio/7.0/toolchain/avr8/avr8-gnu-toolchain/bin/../lib/gcc/avr/5.4.0/avr5\libgcc.a
LOAD c:/program files (x86)/atmel/studio/7.0/toolchain/avr8/avr8-gnu-toolchain/bin/../lib/gcc/avr/5.4.0/../../../../avr/lib/avr5\libm.a
LOAD c:/program files (x86)/atmel/studio/7.0/toolchain/avr8/avr8-gnu-toolchain/bin/../lib/gcc/avr/5.4.0/../../../../avr/lib/avr5\libc.a
LOAD C:/Program Files (x86)/Atmel/Studio/7.0/Packs/atmel/ATmega_DFP/1.7.374/gcc/dev/atmega328p/avr5\libatmega328p.a
END GROUP
                0x00000000                __TEXT_REGION_ORIGIN__ = DEFINED (__TEXT_REGION_ORIGIN__)?__TEXT_REGION_ORIGIN__:0x0
                [0x00800100]                __DATA_REGION_ORIGIN__ = DEFINED (__DATA_REGION_ORIGIN__)?__DATA_REGION_ORIGIN__:0x800060
                [0x00008000]                __TEXT_REGION_LENGTH__ = DEFINED (__TEXT_REGION_LENGTH__)?__TEXT_REGION_LENGTH__:0x20000
                [0x00000800]                __DATA_REGION_LENGTH__ = DEFINED (__DATA_REGION_LENGTH__)?__DATA_REGION_LENGTH__:0xffa0
                [0x00000400]                __EEPROM_REGION_LENGTH__ = DEFINED (__EEPROM_REGION_LENGTH__)?__EEPROM_REGION_LENGTH__:0x10000
                [0x00000003]                __FUSE_REGION_LENGTH__ = DEFINED (__FUSE_REGION_LENGTH__)?__FUSE_REGION_LENGTH__:0x400
                0x00000400                __LOCK_REGION_LENGTH__ = DEFINED (__LOCK_REGION_LENGTH__)?__LOCK_REGION_LENGTH__:0x400
                0x00000400                __SIGNATURE_REGION_LENGTH__ = DEFINED (__SIGNATURE_REGION_LENGTH__)?__SIGNATURE_REGION_LENGTH__:0x400
                0x00000400                __USER_SIGNATURE_REGION_LENGTH__ = DEFINED (__USER_SIGNATURE_REGION_LENGTH__)?__USER_SIGNATURE_REGION_LENGTH__:0x400

.hash
 *(.hash)

.dynsym
 *(.dynsym)

.dynstr
 *(.dynstr)

.gnu.version
 *(.gnu.version)

.gnu.version_d
 *(.gnu.version_d)

.gnu.version_r
 *(.gnu.version_r)

.rel.init
 *(.rel.init)

.rela.init
 *(.rela.init)

.rel.text
 *(.rel.text)
 *(.rel.text.*)
 *(.rel.gnu.linkonce.t*)

.rela.text
 *(.rela.text)
 *(.rela.text.*)
 *(.rela.gnu.linkonce.t*)

.rel.fini
 *(.rel.fini)

.rela.fini
 *(.rela.fini)

.rel.rodata
 *(.rel.rodata)
 *(.rel.rodata.*)
 *(.rel.gnu.linkonce.r*)

.rela.rodata
 *(.rela.rodata)
 *(.rela.rodata.*)
 *(.rela.gnu.linkonce.r*)

.rel.data
 *(.rel.data)
 *(.rel.data.*)
 *(.rel.gnu.linkonce.d*)

.rela.data
 *(.rela.data)
 *(.rela.data.*)
 *(.rela.gnu.linkonce.d*)

.rel.ctors
 *(.rel.ctors)

.rela.ctors
 *(.rela.ctors)

.rel.dtors
 *(.rel.dtors)

.rela.dtors
 *(.rela.dtors)

.rel.got
 *(.rel.got)

.rela.got
 *(.rela.got)

.rel.bss
 *(.rel.bss)

.rela.bss
 *(.rela.bss)

.rel.plt
 *(.rel.plt)

.rela.plt
 *(.rela.plt)

.text           0x00000000     0x63fc
 *(.vectors)
 .vectors       0x00000000       0x68 C:/Program Files (x86)/Atmel/Studio/7.0/Packs/atmel/ATmega_DFP/1.7.374/gcc/dev/atmega328p/avr5/crtatmega328p.o
                0x00000000                __vector_default
                0x00000000                __vectors
 *(.vectors)
 *(.progmem.gcc*)
 .progmem.gcc_fplib
                0x00000068       0x28 c:/program files (x86)/atmel/studio/7.0/toolchain/avr8/avr8-gnu-toolchain/bin/../lib/gcc/avr/5.4.0/../../../../avr/lib/avr5\libm.a(exp.o)
 .progmem.gcc_fplib
                0x00000090       0x5a c:/program files (x86)/atmel/studio/7.0/toolchain/avr8/avr8-gnu-toolchain/bin/../lib/gcc/avr/5.4.0/../../../../avr/lib/avr5\libm.a(log.o)
                0x000000ea                . = ALIGN (0x2)
                0x000000ea                __trampolines_start = .
 *(.trampolines)
 .trampolines   0x000000ea        0x0 linker stubs
 *(.trampolines*)
                0x000000ea                __trampolines_end = .
 *libprintf_flt.a:*(.progmem.data)
 *libc.a:*(.progmem.data)
 *(.progmem*)
 .progmem.data._ZZ9oled_initvE3__c
                0x000000ea       0x1a oledControl.o
 .progmem.data.digital_pin_to_timer_PGM
                0x00000104       0x14 C:\Users\lambert\DOCUME~1\GitHub\NSEC-B~1\hw\2023\CONFBA~1\firmware\CONFER~1\INTEGR~1\ARDUIN~1\Debug\libArduinoCore.a(wiring_digital.o)
                0x00000104                digital_pin_to_timer_PGM
 .progmem.data.digital_pin_to_bit_mask_PGM
                0x00000118       0x14 C:\Users\lambert\DOCUME~1\GitHub\NSEC-B~1\hw\2023\CONFBA~1\firmware\CONFER~1\INTEGR~1\ARDUIN~1\Debug\libArduinoCore.a(wiring_digital.o)
                0x00000118                digital_pin_to_bit_mask_PGM
 .progmem.data.digital_pin_to_port_PGM
                0x0000012c       0x14 C:\Users\lambert\DOCUME~1\GitHub\NSEC-B~1\hw\2023\CONFBA~1\firmware\CONFER~1\INTEGR~1\ARDUIN~1\Debug\libArduinoCore.a(wiring_digital.o)
                0x0000012c                digital_pin_to_port_PGM
 .progmem.data.port_to_input_PGM
                0x00000140        0xa C:\Users\lambert\DOCUME~1\GitHub\NSEC-B~1\hw\2023\CONFBA~1\firmware\CONFER~1\INTEGR~1\ARDUIN~1\Debug\libArduinoCore.a(wiring_digital.o)
                0x00000140                port_to_input_PGM
 .progmem.data.port_to_output_PGM
                0x0000014a        0xa C:\Users\lambert\DOCUME~1\GitHub\NSEC-B~1\hw\2023\CONFBA~1\firmware\CONFER~1\INTEGR~1\ARDUIN~1\Debug\libArduinoCore.a(wiring_digital.o)
                0x0000014a                port_to_output_PGM
 .progmem.data.port_to_mode_PGM
                0x00000154        0xa C:\Users\lambert\DOCUME~1\GitHub\NSEC-B~1\hw\2023\CONFBA~1\firmware\CONFER~1\INTEGR~1\ARDUIN~1\Debug\libArduinoCore.a(wiring_digital.o)
                0x00000154                port_to_mode_PGM
 .progmem.data._ZL4font
                0x0000015e      0x500 C:\Users\lambert\DOCUME~1\GitHub\NSEC-B~1\hw\2023\CONFBA~1\firmware\CONFER~1\INTEGR~1\ARDUIN~1\Debug\libArduinoCore.a(Adafruit_GFX.o)
 .progmem.data._ZZN16Adafruit_SSD13067displayEvE6dlist1
                0x0000065e        0x5 C:\Users\lambert\DOCUME~1\GitHub\NSEC-B~1\hw\2023\CONFBA~1\firmware\CONFER~1\INTEGR~1\ARDUIN~1\Debug\libArduinoCore.a(Adafruit_SSD1306.o)
 .progmem.data._ZZN16Adafruit_SSD130621drawFastVLineInternalEiiijE8postmask
                0x00000663        0x8 C:\Users\lambert\DOCUME~1\GitHub\NSEC-B~1\hw\2023\CONFBA~1\firmware\CONFER~1\INTEGR~1\ARDUIN~1\Debug\libArduinoCore.a(Adafruit_SSD1306.o)
 .progmem.data._ZZN16Adafruit_SSD130621drawFastVLineInternalEiiijE7premask
                0x0000066b        0x8 C:\Users\lambert\DOCUME~1\GitHub\NSEC-B~1\hw\2023\CONFBA~1\firmware\CONFER~1\INTEGR~1\ARDUIN~1\Debug\libArduinoCore.a(Adafruit_SSD1306.o)
 .progmem.data._ZZN16Adafruit_SSD13065beginEhhbbE5init5
                0x00000673        0x6 C:\Users\lambert\DOCUME~1\GitHub\NSEC-B~1\hw\2023\CONFBA~1\firmware\CONFER~1\INTEGR~1\ARDUIN~1\Debug\libArduinoCore.a(Adafruit_SSD1306.o)
 .progmem.data._ZZN16Adafruit_SSD13065beginEhhbbE5init3
                0x00000679        0x4 C:\Users\lambert\DOCUME~1\GitHub\NSEC-B~1\hw\2023\CONFBA~1\firmware\CONFER~1\INTEGR~1\ARDUIN~1\Debug\libArduinoCore.a(Adafruit_SSD1306.o)
 .progmem.data._ZZN16Adafruit_SSD13065beginEhhbbE5init2
                0x0000067d        0x4 C:\Users\lambert\DOCUME~1\GitHub\NSEC-B~1\hw\2023\CONFBA~1\firmware\CONFER~1\INTEGR~1\ARDUIN~1\Debug\libArduinoCore.a(Adafruit_SSD1306.o)
 .progmem.data._ZZN16Adafruit_SSD13065beginEhhbbE5init1
                0x00000681        0x4 C:\Users\lambert\DOCUME~1\GitHub\NSEC-B~1\hw\2023\CONFBA~1\firmware\CONFER~1\INTEGR~1\ARDUIN~1\Debug\libArduinoCore.a(Adafruit_SSD1306.o)
 .progmem.data._ZL12splash2_data
                0x00000685      0x1e0 C:\Users\lambert\DOCUME~1\GitHub\NSEC-B~1\hw\2023\CONFBA~1\firmware\CONFER~1\INTEGR~1\ARDUIN~1\Debug\libArduinoCore.a(Adafruit_SSD1306.o)
 .progmem.data._ZL12splash1_data
                0x00000865      0x2c0 C:\Users\lambert\DOCUME~1\GitHub\NSEC-B~1\hw\2023\CONFBA~1\firmware\CONFER~1\INTEGR~1\ARDUIN~1\Debug\libArduinoCore.a(Adafruit_SSD1306.o)
                0x00000b26                . = ALIGN (0x2)
 *fill*         0x00000b25        0x1 
 *(.jumptables)
 *(.jumptables*)
 *(.lowtext)
 *(.lowtext*)
                0x00000b26                __ctors_start = .
 *(.ctors)
 .ctors         0x00000b26        0x2 neopix.o
 .ctors         0x00000b28        0x2 oledControl.o
 .ctors         0x00000b2a        0x2 softserialControl.o
 .ctors         0x00000b2c        0x2 uidFetcher.o
 .ctors         0x00000b2e        0x2 C:\Users\lambert\DOCUME~1\GitHub\NSEC-B~1\hw\2023\CONFBA~1\firmware\CONFER~1\INTEGR~1\ARDUIN~1\Debug\libArduinoCore.a(HardwareSerial0.o)
 .ctors         0x00000b30        0x2 C:\Users\lambert\DOCUME~1\GitHub\NSEC-B~1\hw\2023\CONFBA~1\firmware\CONFER~1\INTEGR~1\ARDUIN~1\Debug\libArduinoCore.a(Wire.o)
                0x00000b32                __ctors_end = .
                0x00000b32                __dtors_start = .
 *(.dtors)
 .dtors         0x00000b32        0x2 neopix.o
 .dtors         0x00000b34        0x2 oledControl.o
 .dtors         0x00000b36        0x2 softserialControl.o
                0x00000b38                __dtors_end = .
 SORT(*)(.ctors)
 SORT(*)(.dtors)
 *(.init0)
 .init0         0x00000b38        0x0 C:/Program Files (x86)/Atmel/Studio/7.0/Packs/atmel/ATmega_DFP/1.7.374/gcc/dev/atmega328p/avr5/crtatmega328p.o
                0x00000b38                __init
 *(.init0)
 *(.init1)
 *(.init1)
 *(.init2)
 .init2         0x00000b38        0xc C:/Program Files (x86)/Atmel/Studio/7.0/Packs/atmel/ATmega_DFP/1.7.374/gcc/dev/atmega328p/avr5/crtatmega328p.o
 *(.init2)
 *(.init3)
 *(.init3)
 *(.init4)
 .init4         0x00000b44       0x16 c:/program files (x86)/atmel/studio/7.0/toolchain/avr8/avr8-gnu-toolchain/bin/../lib/gcc/avr/5.4.0/avr5\libgcc.a(_copy_data.o)
                0x00000b44                __do_copy_data
 .init4         0x00000b5a       0x10 c:/program files (x86)/atmel/studio/7.0/toolchain/avr8/avr8-gnu-toolchain/bin/../lib/gcc/avr/5.4.0/avr5\libgcc.a(_clear_bss.o)
                0x00000b5a                __do_clear_bss
 *(.init4)
 *(.init5)
 *(.init5)
 *(.init6)
 .init6         0x00000b6a       0x16 c:/program files (x86)/atmel/studio/7.0/toolchain/avr8/avr8-gnu-toolchain/bin/../lib/gcc/avr/5.4.0/avr5\libgcc.a(_ctors.o)
                0x00000b6a                __do_global_ctors
 *(.init6)
 *(.init7)
 *(.init7)
 *(.init8)
 *(.init8)
 *(.init9)
 .init9         0x00000b80        0x8 C:/Program Files (x86)/Atmel/Studio/7.0/Packs/atmel/ATmega_DFP/1.7.374/gcc/dev/atmega328p/avr5/crtatmega328p.o
 *(.init9)
 *(.text)
 .text          0x00000b88        0x4 C:/Program Files (x86)/Atmel/Studio/7.0/Packs/atmel/ATmega_DFP/1.7.374/gcc/dev/atmega328p/avr5/crtatmega328p.o
                0x00000b88                __vector_22
                0x00000b88                __vector_1
                0x00000b88                __vector_12
                0x00000b88                __bad_interrupt
                0x00000b88                __vector_6
                0x00000b88                __vector_23
                0x00000b88                __vector_25
                0x00000b88                __vector_11
                0x00000b88                __vector_13
                0x00000b88                __vector_17
                0x00000b88                __vector_7
                0x00000b88                __vector_9
                0x00000b88                __vector_2
                0x00000b88                __vector_21
                0x00000b88                __vector_15
                0x00000b88                __vector_8
                0x00000b88                __vector_14
                0x00000b88                __vector_10
                0x00000b88                __vector_20
                0x00000b8c                . = ALIGN (0x2)
 *(.text.*)
 .text._Z13cypher_getKeyv
                0x00000b8c      0x19a cypherControl.o
                0x00000b8c                _Z13cypher_getKeyv
 .text._Z30cypher_getGeneratedMultipliersPh
                0x00000d26       0x1c cypherControl.o
                0x00000d26                _Z30cypher_getGeneratedMultipliersPh
 .text._Z22cypher_checkIfValidKeym
                0x00000d42      0x212 cypherControl.o
                0x00000d42                _Z22cypher_checkIfValidKeym
 .text._Z30cypher_getValidatedMultipliersPh
                0x00000f54       0x1c cypherControl.o
                0x00000f54                _Z30cypher_getValidatedMultipliersPh
 .text._Z16level_getCurrLvlv
                0x00000f70        0x6 levelControl.o
                0x00000f70                _Z16level_getCurrLvlv
 .text._Z15level_decrementv
                0x00000f76        0xc levelControl.o
                0x00000f76                _Z15level_decrementv
 .text._Z15level_incrementv
                0x00000f82        0xc levelControl.o
                0x00000f82                _Z15level_incrementv
 .text._Z26mode_currentLoading_assertv
                0x00000f8e        0x8 modeControl.o
                0x00000f8e                _Z26mode_currentLoading_assertv
 .text._Z28mode_currentLoading_deassertv
                0x00000f96        0x6 modeControl.o
                0x00000f96                _Z28mode_currentLoading_deassertv
 .text._Z24mode_getCurrentlyLoadingv
                0x00000f9c        0x6 modeControl.o
                0x00000f9c                _Z24mode_getCurrentlyLoadingv
 .text._Z31mode_waitForDisconnect_deassertv
                0x00000fa2        0x6 modeControl.o
                0x00000fa2                _Z31mode_waitForDisconnect_deassertv
 .text._Z29mode_waitForDisconnect_assertv
                0x00000fa8        0x8 modeControl.o
                0x00000fa8                _Z29mode_waitForDisconnect_assertv
 .text._Z25mode_getWaitForDisconnectv
                0x00000fb0        0x6 modeControl.o
                0x00000fb0                _Z25mode_getWaitForDisconnectv
 .text._Z11neopix_initv
                0x00000fb6        0x8 neopix.o
                0x00000fb6                _Z11neopix_initv
 .text._Z11neopix_idlev
                0x00000fbe      0x320 neopix.o
                0x00000fbe                _Z11neopix_idlev
 .text._Z14neopix_successv
                0x000012de       0xf8 neopix.o
                0x000012de                _Z14neopix_successv
 .text._Z19neopix_connectRightv
                0x000013d6       0xa2 neopix.o
                0x000013d6                _Z19neopix_connectRightv
 .text._Z18neopix_connectLeftv
                0x00001478       0xaa neopix.o
                0x00001478                _Z18neopix_connectLeftv
 .text._Z19incrementLoadingBarv
                0x00001522      0x122 neopix.o
                0x00001522                _Z19incrementLoadingBarv
 .text._Z22neopix_resetLoadingBarv
                0x00001644        0x6 neopix.o
                0x00001644                _Z22neopix_resetLoadingBarv
 .text.startup._GLOBAL__sub_I_pixels
                0x0000164a       0x14 neopix.o
 .text.exit._GLOBAL__sub_D_pixels
                0x0000165e        0x8 neopix.o
 .text._Z9oled_initv
                0x00001666       0x52 oledControl.o
                0x00001666                _Z9oled_initv
 .text._Z15oled_testCypherv
                0x000016b8      0x114 oledControl.o
                0x000016b8                _Z15oled_testCypherv
 .text.startup._GLOBAL__sub_I_display
                0x000017cc       0x54 oledControl.o
 .text.exit._GLOBAL__sub_D_display
                0x00001820        0x8 oledControl.o
 .text.setup    0x00001828       0x76 Sketch.o
                0x00001828                setup
 .text.loop     0x0000189e      0x1be Sketch.o
                0x0000189e                loop
 .text._Z15softSerial_initv
                0x00001a5c       0x20 softserialControl.o
                0x00001a5c                _Z15softSerial_initv
 .text.startup._GLOBAL__sub_I_rightSerial
                0x00001a7c       0x1c softserialControl.o
 .text.exit._GLOBAL__sub_D_rightSerial
                0x00001a98       0x10 softserialControl.o
 .text._Z18softSerial_routinev
                0x00001aa8      0x1be softserialControl.o
                0x00001aa8                _Z18softSerial_routinev
 .text._ZN15ArduinoUniqueIDC2Ev
                0x00001c66       0x36 uidFetcher.o
                0x00001c66                _ZN15ArduinoUniqueIDC1Ev
                0x00001c66                _ZN15ArduinoUniqueIDC2Ev
 .text.startup._GLOBAL__sub_I__ZN15ArduinoUniqueIDC2Ev
                0x00001c9c        0x8 uidFetcher.o
 .text.avr-libc.fplib
                0x00001ca4        0xe c:/program files (x86)/atmel/studio/7.0/toolchain/avr8/avr8-gnu-toolchain/bin/../lib/gcc/avr/5.4.0/../../../../avr/lib/avr5\libm.a(addsf3.o)
                0x00001ca4                __subsf3
                0x00001ca6                __addsf3
 .text.avr-libc.fplib
                0x00001cb2       0xcc c:/program files (x86)/atmel/studio/7.0/toolchain/avr8/avr8-gnu-toolchain/bin/../lib/gcc/avr/5.4.0/../../../../avr/lib/avr5\libm.a(addsf3x.o)
                0x00001cd4                __addsf3x
 .text.avr-libc.fplib
                0x00001d7e        0x8 c:/program files (x86)/atmel/studio/7.0/toolchain/avr8/avr8-gnu-toolchain/bin/../lib/gcc/avr/5.4.0/../../../../avr/lib/avr5\libm.a(divsf3.o)
                0x00001d7e                __divsf3
 .text.avr-libc.fplib
                0x00001d86       0xdc c:/program files (x86)/atmel/studio/7.0/toolchain/avr8/avr8-gnu-toolchain/bin/../lib/gcc/avr/5.4.0/../../../../avr/lib/avr5\libm.a(divsf3x.o)
                0x00001da6                __divsf3x
                0x00001dac                __divsf3_pse
 .text.avr-libc.fplib
                0x00001e62       0x5e c:/program files (x86)/atmel/studio/7.0/toolchain/avr8/avr8-gnu-toolchain/bin/../lib/gcc/avr/5.4.0/../../../../avr/lib/avr5\libm.a(fixunssfsi.o)
                0x00001e62                __fixunssfsi
 .text.avr-libc.fplib
                0x00001ec0       0x7a c:/program files (x86)/atmel/studio/7.0/toolchain/avr8/avr8-gnu-toolchain/bin/../lib/gcc/avr/5.4.0/../../../../avr/lib/avr5\libm.a(floatsisf.o)
                0x00001ec0                __floatunsisf
                0x00001ec4                __floatsisf
 .text.avr-libc.fplib
                0x00001f3a        0xc c:/program files (x86)/atmel/studio/7.0/toolchain/avr8/avr8-gnu-toolchain/bin/../lib/gcc/avr/5.4.0/../../../../avr/lib/avr5\libm.a(fp_inf.o)
                0x00001f3a                __fp_inf
 .text.avr-libc.fplib
                0x00001f46        0x6 c:/program files (x86)/atmel/studio/7.0/toolchain/avr8/avr8-gnu-toolchain/bin/../lib/gcc/avr/5.4.0/../../../../avr/lib/avr5\libm.a(fp_nan.o)
                0x00001f46                __fp_nan
 .text.avr-libc.fplib
                0x00001f4c        0xe c:/program files (x86)/atmel/studio/7.0/toolchain/avr8/avr8-gnu-toolchain/bin/../lib/gcc/avr/5.4.0/../../../../avr/lib/avr5\libm.a(fp_pscA.o)
                0x00001f4c                __fp_pscA
 .text.avr-libc.fplib
                0x00001f5a        0xe c:/program files (x86)/atmel/studio/7.0/toolchain/avr8/avr8-gnu-toolchain/bin/../lib/gcc/avr/5.4.0/../../../../avr/lib/avr5\libm.a(fp_pscB.o)
                0x00001f5a                __fp_pscB
 .text.avr-libc.fplib
                0x00001f68       0x22 c:/program files (x86)/atmel/studio/7.0/toolchain/avr8/avr8-gnu-toolchain/bin/../lib/gcc/avr/5.4.0/../../../../avr/lib/avr5\libm.a(fp_round.o)
                0x00001f68                __fp_round
 .text.avr-libc.fplib
                0x00001f8a       0x44 c:/program files (x86)/atmel/studio/7.0/toolchain/avr8/avr8-gnu-toolchain/bin/../lib/gcc/avr/5.4.0/../../../../avr/lib/avr5\libm.a(fp_split3.o)
                0x00001f8a                __fp_split3
                0x00001f9a                __fp_splitA
 .text.avr-libc.fplib
                0x00001fce        0xe c:/program files (x86)/atmel/studio/7.0/toolchain/avr8/avr8-gnu-toolchain/bin/../lib/gcc/avr/5.4.0/../../../../avr/lib/avr5\libm.a(fp_zero.o)
                0x00001fce                __fp_zero
                0x00001fd0                __fp_szero
 .text.avr-libc.fplib
                0x00001fdc        0x8 c:/program files (x86)/atmel/studio/7.0/toolchain/avr8/avr8-gnu-toolchain/bin/../lib/gcc/avr/5.4.0/../../../../avr/lib/avr5\libm.a(mulsf3.o)
                0x00001fdc                __mulsf3
 .text.avr-libc.fplib
                0x00001fe4       0xd2 c:/program files (x86)/atmel/studio/7.0/toolchain/avr8/avr8-gnu-toolchain/bin/../lib/gcc/avr/5.4.0/../../../../avr/lib/avr5\libm.a(mulsf3x.o)
                0x00002002                __mulsf3x
                0x00002008                __mulsf3_pse
 .text.avr-libc.fplib
                0x000020b6       0xa0 c:/program files (x86)/atmel/studio/7.0/toolchain/avr8/avr8-gnu-toolchain/bin/../lib/gcc/avr/5.4.0/../../../../avr/lib/avr5\libm.a(pow.o)
                0x000020b6                pow
 .text.avr-libc.fplib
                0x00002156       0x74 c:/program files (x86)/atmel/studio/7.0/toolchain/avr8/avr8-gnu-toolchain/bin/../lib/gcc/avr/5.4.0/../../../../avr/lib/avr5\libm.a(exp.o)
                0x00002166                exp
 .text.avr-libc.fplib
                0x000021ca       0x4e c:/program files (x86)/atmel/studio/7.0/toolchain/avr8/avr8-gnu-toolchain/bin/../lib/gcc/avr/5.4.0/../../../../avr/lib/avr5\libm.a(fp_powser.o)
                0x000021ca                __fp_powser
 .text.avr-libc.fplib
                0x00002218       0x10 c:/program files (x86)/atmel/studio/7.0/toolchain/avr8/avr8-gnu-toolchain/bin/../lib/gcc/avr/5.4.0/../../../../avr/lib/avr5\libm.a(inverse.o)
                0x00002218                inverse
 .text.avr-libc.fplib
                0x00002228       0x74 c:/program files (x86)/atmel/studio/7.0/toolchain/avr8/avr8-gnu-toolchain/bin/../lib/gcc/avr/5.4.0/../../../../avr/lib/avr5\libm.a(ldexp.o)
                0x00002230                ldexp
 .text.avr-libc.fplib
                0x0000229c       0xa0 c:/program files (x86)/atmel/studio/7.0/toolchain/avr8/avr8-gnu-toolchain/bin/../lib/gcc/avr/5.4.0/../../../../avr/lib/avr5\libm.a(log.o)
                0x000022ac                log
 .text.avr-libc.fplib
                0x0000233c       0x68 c:/program files (x86)/atmel/studio/7.0/toolchain/avr8/avr8-gnu-toolchain/bin/../lib/gcc/avr/5.4.0/../../../../avr/lib/avr5\libm.a(modf.o)
                0x0000233c                modf
                0x0000233c                modff
 .text.avr-libc.fplib
                0x000023a4       0x1c c:/program files (x86)/atmel/studio/7.0/toolchain/avr8/avr8-gnu-toolchain/bin/../lib/gcc/avr/5.4.0/../../../../avr/lib/avr5\libm.a(fp_mpack.o)
                0x000023a4                __fp_mpack
                0x000023a8                __fp_mpack_finite
 .text._ZN14HardwareSerial9availableEv
                0x000023c0       0x18 C:\Users\lambert\DOCUME~1\GitHub\NSEC-B~1\hw\2023\CONFBA~1\firmware\CONFER~1\INTEGR~1\ARDUIN~1\Debug\libArduinoCore.a(HardwareSerial.o)
                0x000023c0                _ZN14HardwareSerial9availableEv
 .text._ZN14HardwareSerial4peekEv
                0x000023d8       0x1c C:\Users\lambert\DOCUME~1\GitHub\NSEC-B~1\hw\2023\CONFBA~1\firmware\CONFER~1\INTEGR~1\ARDUIN~1\Debug\libArduinoCore.a(HardwareSerial.o)
                0x000023d8                _ZN14HardwareSerial4peekEv
 .text._ZN14HardwareSerial4readEv
                0x000023f4       0x28 C:\Users\lambert\DOCUME~1\GitHub\NSEC-B~1\hw\2023\CONFBA~1\firmware\CONFER~1\INTEGR~1\ARDUIN~1\Debug\libArduinoCore.a(HardwareSerial.o)
                0x000023f4                _ZN14HardwareSerial4readEv
 .text._ZN14HardwareSerial17availableForWriteEv
                0x0000241c       0x1e C:\Users\lambert\DOCUME~1\GitHub\NSEC-B~1\hw\2023\CONFBA~1\firmware\CONFER~1\INTEGR~1\ARDUIN~1\Debug\libArduinoCore.a(HardwareSerial.o)
                0x0000241c                _ZN14HardwareSerial17availableForWriteEv
 .text._Z14serialEventRunv
                0x0000243a       0x1c C:\Users\lambert\DOCUME~1\GitHub\NSEC-B~1\hw\2023\CONFBA~1\firmware\CONFER~1\INTEGR~1\ARDUIN~1\Debug\libArduinoCore.a(HardwareSerial.o)
                0x0000243a                _Z14serialEventRunv
 .text._ZN14HardwareSerial17_tx_udr_empty_irqEv
                0x00002456       0x44 C:\Users\lambert\DOCUME~1\GitHub\NSEC-B~1\hw\2023\CONFBA~1\firmware\CONFER~1\INTEGR~1\ARDUIN~1\Debug\libArduinoCore.a(HardwareSerial.o)
                0x00002456                _ZN14HardwareSerial17_tx_udr_empty_irqEv
 .text._ZN14HardwareSerial5writeEh
                0x0000249a       0x9a C:\Users\lambert\DOCUME~1\GitHub\NSEC-B~1\hw\2023\CONFBA~1\firmware\CONFER~1\INTEGR~1\ARDUIN~1\Debug\libArduinoCore.a(HardwareSerial.o)
                0x0000249a                _ZN14HardwareSerial5writeEh
 .text._ZN14HardwareSerial5flushEv
                0x00002534       0x44 C:\Users\lambert\DOCUME~1\GitHub\NSEC-B~1\hw\2023\CONFBA~1\firmware\CONFER~1\INTEGR~1\ARDUIN~1\Debug\libArduinoCore.a(HardwareSerial.o)
                0x00002534                _ZN14HardwareSerial5flushEv
 .text._ZN14HardwareSerial5beginEmh
                0x00002578       0xc0 C:\Users\lambert\DOCUME~1\GitHub\NSEC-B~1\hw\2023\CONFBA~1\firmware\CONFER~1\INTEGR~1\ARDUIN~1\Debug\libArduinoCore.a(HardwareSerial.o)
                0x00002578                _ZN14HardwareSerial5beginEmh
 .text._ZN5Print17availableForWriteEv
                0x00002638        0x6 C:\Users\lambert\DOCUME~1\GitHub\NSEC-B~1\hw\2023\CONFBA~1\firmware\CONFER~1\INTEGR~1\ARDUIN~1\Debug\libArduinoCore.a(HardwareSerial0.o)
                0x00002638                _ZN5Print17availableForWriteEv
 .text._ZN5Print5flushEv
                0x0000263e        0x2 C:\Users\lambert\DOCUME~1\GitHub\NSEC-B~1\hw\2023\CONFBA~1\firmware\CONFER~1\INTEGR~1\ARDUIN~1\Debug\libArduinoCore.a(HardwareSerial0.o)
                0x0000263e                _ZN5Print5flushEv
 .text.__vector_18
                0x00002640       0x64 C:\Users\lambert\DOCUME~1\GitHub\NSEC-B~1\hw\2023\CONFBA~1\firmware\CONFER~1\INTEGR~1\ARDUIN~1\Debug\libArduinoCore.a(HardwareSerial0.o)
                0x00002640                __vector_18
 .text.__vector_19
                0x000026a4       0x4c C:\Users\lambert\DOCUME~1\GitHub\NSEC-B~1\hw\2023\CONFBA~1\firmware\CONFER~1\INTEGR~1\ARDUIN~1\Debug\libArduinoCore.a(HardwareSerial0.o)
                0x000026a4                __vector_19
 .text._Z17Serial0_availablev
                0x000026f0       0x14 C:\Users\lambert\DOCUME~1\GitHub\NSEC-B~1\hw\2023\CONFBA~1\firmware\CONFER~1\INTEGR~1\ARDUIN~1\Debug\libArduinoCore.a(HardwareSerial0.o)
                0x000026f0                _Z17Serial0_availablev
 .text.startup._GLOBAL__sub_I___vector_18
                0x00002704       0x5a C:\Users\lambert\DOCUME~1\GitHub\NSEC-B~1\hw\2023\CONFBA~1\firmware\CONFER~1\INTEGR~1\ARDUIN~1\Debug\libArduinoCore.a(HardwareSerial0.o)
 .text.initVariant
                0x0000275e        0x2 C:\Users\lambert\DOCUME~1\GitHub\NSEC-B~1\hw\2023\CONFBA~1\firmware\CONFER~1\INTEGR~1\ARDUIN~1\Debug\libArduinoCore.a(main.o)
                0x0000275e                initVariant
 .text.startup.main
                0x00002760       0x1e C:\Users\lambert\DOCUME~1\GitHub\NSEC-B~1\hw\2023\CONFBA~1\firmware\CONFER~1\INTEGR~1\ARDUIN~1\Debug\libArduinoCore.a(main.o)
                0x00002760                main
 .text._ZN5Print5writeEPKhj
                0x0000277e       0x54 C:\Users\lambert\DOCUME~1\GitHub\NSEC-B~1\hw\2023\CONFBA~1\firmware\CONFER~1\INTEGR~1\ARDUIN~1\Debug\libArduinoCore.a(Print.o)
                0x0000277e                _ZN5Print5writeEPKhj
 .text._ZN5Print5writeEPKc
                0x000027d2       0x2a C:\Users\lambert\DOCUME~1\GitHub\NSEC-B~1\hw\2023\CONFBA~1\firmware\CONFER~1\INTEGR~1\ARDUIN~1\Debug\libArduinoCore.a(Print.o)
                0x000027d2                _ZN5Print5writeEPKc
 .text._ZN5Print5printEPK19__FlashStringHelper
                0x000027fc       0x48 C:\Users\lambert\DOCUME~1\GitHub\NSEC-B~1\hw\2023\CONFBA~1\firmware\CONFER~1\INTEGR~1\ARDUIN~1\Debug\libArduinoCore.a(Print.o)
                0x000027fc                _ZN5Print5printEPK19__FlashStringHelper
 .text._ZN5Print5printEPKc
                0x00002844        0x4 C:\Users\lambert\DOCUME~1\GitHub\NSEC-B~1\hw\2023\CONFBA~1\firmware\CONFER~1\INTEGR~1\ARDUIN~1\Debug\libArduinoCore.a(Print.o)
                0x00002844                _ZN5Print5printEPKc
 .text._ZN5Print5printEc
                0x00002848        0xe C:\Users\lambert\DOCUME~1\GitHub\NSEC-B~1\hw\2023\CONFBA~1\firmware\CONFER~1\INTEGR~1\ARDUIN~1\Debug\libArduinoCore.a(Print.o)
                0x00002848                _ZN5Print5printEc
 .text._ZN5Print7printlnEv
                0x00002856        0x8 C:\Users\lambert\DOCUME~1\GitHub\NSEC-B~1\hw\2023\CONFBA~1\firmware\CONFER~1\INTEGR~1\ARDUIN~1\Debug\libArduinoCore.a(Print.o)
                0x00002856                _ZN5Print7printlnEv
 .text._ZN5Print7printlnEPK19__FlashStringHelper
                0x0000285e       0x24 C:\Users\lambert\DOCUME~1\GitHub\NSEC-B~1\hw\2023\CONFBA~1\firmware\CONFER~1\INTEGR~1\ARDUIN~1\Debug\libArduinoCore.a(Print.o)
                0x0000285e                _ZN5Print7printlnEPK19__FlashStringHelper
 .text._ZN5Print11printNumberEmh
                0x00002882       0x92 C:\Users\lambert\DOCUME~1\GitHub\NSEC-B~1\hw\2023\CONFBA~1\firmware\CONFER~1\INTEGR~1\ARDUIN~1\Debug\libArduinoCore.a(Print.o)
                0x00002882                _ZN5Print11printNumberEmh
 .text._ZN5Print5printEmi
                0x00002914       0x1a C:\Users\lambert\DOCUME~1\GitHub\NSEC-B~1\hw\2023\CONFBA~1\firmware\CONFER~1\INTEGR~1\ARDUIN~1\Debug\libArduinoCore.a(Print.o)
                0x00002914                _ZN5Print5printEmi
 .text._ZN5Print5printEhi
                0x0000292e        0xe C:\Users\lambert\DOCUME~1\GitHub\NSEC-B~1\hw\2023\CONFBA~1\firmware\CONFER~1\INTEGR~1\ARDUIN~1\Debug\libArduinoCore.a(Print.o)
                0x0000292e                _ZN5Print5printEhi
 .text._ZN5Print5printEji
                0x0000293c        0xc C:\Users\lambert\DOCUME~1\GitHub\NSEC-B~1\hw\2023\CONFBA~1\firmware\CONFER~1\INTEGR~1\ARDUIN~1\Debug\libArduinoCore.a(Print.o)
                0x0000293c                _ZN5Print5printEji
 .text._ZN5Print7printlnEmi
                0x00002948       0x24 C:\Users\lambert\DOCUME~1\GitHub\NSEC-B~1\hw\2023\CONFBA~1\firmware\CONFER~1\INTEGR~1\ARDUIN~1\Debug\libArduinoCore.a(Print.o)
                0x00002948                _ZN5Print7printlnEmi
 .text._ZN5Print5printEli
                0x0000296c       0x90 C:\Users\lambert\DOCUME~1\GitHub\NSEC-B~1\hw\2023\CONFBA~1\firmware\CONFER~1\INTEGR~1\ARDUIN~1\Debug\libArduinoCore.a(Print.o)
                0x0000296c                _ZN5Print5printEli
 .text._ZN5Print5printEii
                0x000029fc        0xe C:\Users\lambert\DOCUME~1\GitHub\NSEC-B~1\hw\2023\CONFBA~1\firmware\CONFER~1\INTEGR~1\ARDUIN~1\Debug\libArduinoCore.a(Print.o)
                0x000029fc                _ZN5Print5printEii
 .text._ZN5Print7printlnEii
                0x00002a0a       0x24 C:\Users\lambert\DOCUME~1\GitHub\NSEC-B~1\hw\2023\CONFBA~1\firmware\CONFER~1\INTEGR~1\ARDUIN~1\Debug\libArduinoCore.a(Print.o)
                0x00002a0a                _ZN5Print7printlnEii
 .text._ZN5Print10printFloatEdh
                0x00002a2e      0x1b6 C:\Users\lambert\DOCUME~1\GitHub\NSEC-B~1\hw\2023\CONFBA~1\firmware\CONFER~1\INTEGR~1\ARDUIN~1\Debug\libArduinoCore.a(Print.o)
                0x00002a2e                _ZN5Print10printFloatEdh
 .text._ZN5Print5printEdi
                0x00002be4        0x4 C:\Users\lambert\DOCUME~1\GitHub\NSEC-B~1\hw\2023\CONFBA~1\firmware\CONFER~1\INTEGR~1\ARDUIN~1\Debug\libArduinoCore.a(Print.o)
                0x00002be4                _ZN5Print5printEdi
 .text.__vector_16
                0x00002be8       0x94 C:\Users\lambert\DOCUME~1\GitHub\NSEC-B~1\hw\2023\CONFBA~1\firmware\CONFER~1\INTEGR~1\ARDUIN~1\Debug\libArduinoCore.a(wiring.o)
                0x00002be8                __vector_16
 .text.millis   0x00002c7c       0x18 C:\Users\lambert\DOCUME~1\GitHub\NSEC-B~1\hw\2023\CONFBA~1\firmware\CONFER~1\INTEGR~1\ARDUIN~1\Debug\libArduinoCore.a(wiring.o)
                0x00002c7c                millis
 .text.micros   0x00002c94       0x4a C:\Users\lambert\DOCUME~1\GitHub\NSEC-B~1\hw\2023\CONFBA~1\firmware\CONFER~1\INTEGR~1\ARDUIN~1\Debug\libArduinoCore.a(wiring.o)
                0x00002c94                micros
 .text.delay    0x00002cde       0x78 C:\Users\lambert\DOCUME~1\GitHub\NSEC-B~1\hw\2023\CONFBA~1\firmware\CONFER~1\INTEGR~1\ARDUIN~1\Debug\libArduinoCore.a(wiring.o)
                0x00002cde                delay
 .text.init     0x00002d56       0x76 C:\Users\lambert\DOCUME~1\GitHub\NSEC-B~1\hw\2023\CONFBA~1\firmware\CONFER~1\INTEGR~1\ARDUIN~1\Debug\libArduinoCore.a(wiring.o)
                0x00002d56                init
 .text.turnOffPWM
                0x00002dcc       0x52 C:\Users\lambert\DOCUME~1\GitHub\NSEC-B~1\hw\2023\CONFBA~1\firmware\CONFER~1\INTEGR~1\ARDUIN~1\Debug\libArduinoCore.a(wiring_digital.o)
 .text.pinMode  0x00002e1e       0x78 C:\Users\lambert\DOCUME~1\GitHub\NSEC-B~1\hw\2023\CONFBA~1\firmware\CONFER~1\INTEGR~1\ARDUIN~1\Debug\libArduinoCore.a(wiring_digital.o)
                0x00002e1e                pinMode
 .text.digitalWrite
                0x00002e96       0x5e C:\Users\lambert\DOCUME~1\GitHub\NSEC-B~1\hw\2023\CONFBA~1\firmware\CONFER~1\INTEGR~1\ARDUIN~1\Debug\libArduinoCore.a(wiring_digital.o)
                0x00002e96                digitalWrite
 .text.digitalRead
                0x00002ef4       0x52 C:\Users\lambert\DOCUME~1\GitHub\NSEC-B~1\hw\2023\CONFBA~1\firmware\CONFER~1\INTEGR~1\ARDUIN~1\Debug\libArduinoCore.a(wiring_digital.o)
                0x00002ef4                digitalRead
 .text._Z6randoml
                0x00002f46       0x34 C:\Users\lambert\DOCUME~1\GitHub\NSEC-B~1\hw\2023\CONFBA~1\firmware\CONFER~1\INTEGR~1\ARDUIN~1\Debug\libArduinoCore.a(WMath.o)
                0x00002f46                _Z6randoml
 .text._Z6randomll
                0x00002f7a       0x44 C:\Users\lambert\DOCUME~1\GitHub\NSEC-B~1\hw\2023\CONFBA~1\firmware\CONFER~1\INTEGR~1\ARDUIN~1\Debug\libArduinoCore.a(WMath.o)
                0x00002f7a                _Z6randomll
 .text._ZN12Adafruit_GFX9writeLineEiiiij
                0x00002fbe      0x164 C:\Users\lambert\DOCUME~1\GitHub\NSEC-B~1\hw\2023\CONFBA~1\firmware\CONFER~1\INTEGR~1\ARDUIN~1\Debug\libArduinoCore.a(Adafruit_GFX.o)
                0x00002fbe                _ZN12Adafruit_GFX9writeLineEiiiij
 .text._ZN12Adafruit_GFX10writePixelEiij
                0x00003122        0xe C:\Users\lambert\DOCUME~1\GitHub\NSEC-B~1\hw\2023\CONFBA~1\firmware\CONFER~1\INTEGR~1\ARDUIN~1\Debug\libArduinoCore.a(Adafruit_GFX.o)
                0x00003122                _ZN12Adafruit_GFX10writePixelEiij
 .text._ZN12Adafruit_GFX14writeFastVLineEiiij
                0x00003130       0x18 C:\Users\lambert\DOCUME~1\GitHub\NSEC-B~1\hw\2023\CONFBA~1\firmware\CONFER~1\INTEGR~1\ARDUIN~1\Debug\libArduinoCore.a(Adafruit_GFX.o)
                0x00003130                _ZN12Adafruit_GFX14writeFastVLineEiiij
 .text._ZN12Adafruit_GFX14writeFastHLineEiiij
                0x00003148       0x18 C:\Users\lambert\DOCUME~1\GitHub\NSEC-B~1\hw\2023\CONFBA~1\firmware\CONFER~1\INTEGR~1\ARDUIN~1\Debug\libArduinoCore.a(Adafruit_GFX.o)
                0x00003148                _ZN12Adafruit_GFX14writeFastHLineEiiij
 .text._ZN12Adafruit_GFX13writeFillRectEiiiij
                0x00003160       0x20 C:\Users\lambert\DOCUME~1\GitHub\NSEC-B~1\hw\2023\CONFBA~1\firmware\CONFER~1\INTEGR~1\ARDUIN~1\Debug\libArduinoCore.a(Adafruit_GFX.o)
                0x00003160                _ZN12Adafruit_GFX13writeFillRectEiiiij
 .text._ZN12Adafruit_GFX8endWriteEv
                0x00003180        0x2 C:\Users\lambert\DOCUME~1\GitHub\NSEC-B~1\hw\2023\CONFBA~1\firmware\CONFER~1\INTEGR~1\ARDUIN~1\Debug\libArduinoCore.a(Adafruit_GFX.o)
                0x00003180                _ZN12Adafruit_GFX10startWriteEv
                0x00003180                _ZN12Adafruit_GFX8endWriteEv
 .text._ZN12Adafruit_GFX13drawFastVLineEiiij
                0x00003182       0x72 C:\Users\lambert\DOCUME~1\GitHub\NSEC-B~1\hw\2023\CONFBA~1\firmware\CONFER~1\INTEGR~1\ARDUIN~1\Debug\libArduinoCore.a(Adafruit_GFX.o)
                0x00003182                _ZN12Adafruit_GFX13drawFastVLineEiiij
 .text._ZN12Adafruit_GFX13drawFastHLineEiiij
                0x000031f4       0x72 C:\Users\lambert\DOCUME~1\GitHub\NSEC-B~1\hw\2023\CONFBA~1\firmware\CONFER~1\INTEGR~1\ARDUIN~1\Debug\libArduinoCore.a(Adafruit_GFX.o)
                0x000031f4                _ZN12Adafruit_GFX13drawFastHLineEiiij
 .text._ZN12Adafruit_GFX8fillRectEiiiij
                0x00003266       0x8a C:\Users\lambert\DOCUME~1\GitHub\NSEC-B~1\hw\2023\CONFBA~1\firmware\CONFER~1\INTEGR~1\ARDUIN~1\Debug\libArduinoCore.a(Adafruit_GFX.o)
                0x00003266                _ZN12Adafruit_GFX8fillRectEiiiij
 .text._ZN12Adafruit_GFX10fillScreenEj
                0x000032f0       0x3a C:\Users\lambert\DOCUME~1\GitHub\NSEC-B~1\hw\2023\CONFBA~1\firmware\CONFER~1\INTEGR~1\ARDUIN~1\Debug\libArduinoCore.a(Adafruit_GFX.o)
                0x000032f0                _ZN12Adafruit_GFX10fillScreenEj
 .text._ZN12Adafruit_GFX8drawLineEiiiij
                0x0000332a       0xda C:\Users\lambert\DOCUME~1\GitHub\NSEC-B~1\hw\2023\CONFBA~1\firmware\CONFER~1\INTEGR~1\ARDUIN~1\Debug\libArduinoCore.a(Adafruit_GFX.o)
                0x0000332a                _ZN12Adafruit_GFX8drawLineEiiiij
 .text._ZN12Adafruit_GFX8drawRectEiiiij
                0x00003404       0xbe C:\Users\lambert\DOCUME~1\GitHub\NSEC-B~1\hw\2023\CONFBA~1\firmware\CONFER~1\INTEGR~1\ARDUIN~1\Debug\libArduinoCore.a(Adafruit_GFX.o)
                0x00003404                _ZN12Adafruit_GFX8drawRectEiiiij
 .text._ZN12Adafruit_GFX13invertDisplayEb
                0x000034c2        0x2 C:\Users\lambert\DOCUME~1\GitHub\NSEC-B~1\hw\2023\CONFBA~1\firmware\CONFER~1\INTEGR~1\ARDUIN~1\Debug\libArduinoCore.a(Adafruit_GFX.o)
                0x000034c2                _ZN12Adafruit_GFX13invertDisplayEb
 .text._ZN12Adafruit_GFX11setRotationEh
                0x000034c4       0x2a C:\Users\lambert\DOCUME~1\GitHub\NSEC-B~1\hw\2023\CONFBA~1\firmware\CONFER~1\INTEGR~1\ARDUIN~1\Debug\libArduinoCore.a(Adafruit_GFX.o)
                0x000034c4                _ZN12Adafruit_GFX11setRotationEh
 .text._ZN12Adafruit_GFXC2Eii
                0x000034ee       0x44 C:\Users\lambert\DOCUME~1\GitHub\NSEC-B~1\hw\2023\CONFBA~1\firmware\CONFER~1\INTEGR~1\ARDUIN~1\Debug\libArduinoCore.a(Adafruit_GFX.o)
                0x000034ee                _ZN12Adafruit_GFXC2Eii
                0x000034ee                _ZN12Adafruit_GFXC1Eii
 .text._ZN12Adafruit_GFX10drawBitmapEiiPKhiij
                0x00003532      0x13c C:\Users\lambert\DOCUME~1\GitHub\NSEC-B~1\hw\2023\CONFBA~1\firmware\CONFER~1\INTEGR~1\ARDUIN~1\Debug\libArduinoCore.a(Adafruit_GFX.o)
                0x00003532                _ZN12Adafruit_GFX10drawBitmapEiiPKhiij
 .text._ZN12Adafruit_GFX8drawCharEiihjjhh
                0x0000366e      0x46a C:\Users\lambert\DOCUME~1\GitHub\NSEC-B~1\hw\2023\CONFBA~1\firmware\CONFER~1\INTEGR~1\ARDUIN~1\Debug\libArduinoCore.a(Adafruit_GFX.o)
                0x0000366e                _ZN12Adafruit_GFX8drawCharEiihjjhh
 .text._ZN12Adafruit_GFX5writeEh
                0x00003ad8      0x1b0 C:\Users\lambert\DOCUME~1\GitHub\NSEC-B~1\hw\2023\CONFBA~1\firmware\CONFER~1\INTEGR~1\ARDUIN~1\Debug\libArduinoCore.a(Adafruit_GFX.o)
                0x00003ad8                _ZN12Adafruit_GFX5writeEh
 .text._ZN12Adafruit_GFX11setTextSizeEhh
                0x00003c88       0x16 C:\Users\lambert\DOCUME~1\GitHub\NSEC-B~1\hw\2023\CONFBA~1\firmware\CONFER~1\INTEGR~1\ARDUIN~1\Debug\libArduinoCore.a(Adafruit_GFX.o)
                0x00003c88                _ZN12Adafruit_GFX11setTextSizeEhh
 .text._ZN12Adafruit_GFX11setTextSizeEh
                0x00003c9e        0x6 C:\Users\lambert\DOCUME~1\GitHub\NSEC-B~1\hw\2023\CONFBA~1\firmware\CONFER~1\INTEGR~1\ARDUIN~1\Debug\libArduinoCore.a(Adafruit_GFX.o)
                0x00003c9e                _ZN12Adafruit_GFX11setTextSizeEh
 .text._ZN17Adafruit_NeoPixelD2Ev
                0x00003ca4       0x26 C:\Users\lambert\DOCUME~1\GitHub\NSEC-B~1\hw\2023\CONFBA~1\firmware\CONFER~1\INTEGR~1\ARDUIN~1\Debug\libArduinoCore.a(Adafruit_NeoPixel.o)
                0x00003ca4                _ZN17Adafruit_NeoPixelD2Ev
                0x00003ca4                _ZN17Adafruit_NeoPixelD1Ev
 .text._ZN17Adafruit_NeoPixel5beginEv
                0x00003cca       0x26 C:\Users\lambert\DOCUME~1\GitHub\NSEC-B~1\hw\2023\CONFBA~1\firmware\CONFER~1\INTEGR~1\ARDUIN~1\Debug\libArduinoCore.a(Adafruit_NeoPixel.o)
                0x00003cca                _ZN17Adafruit_NeoPixel5beginEv
 .text._ZN17Adafruit_NeoPixel12updateLengthEj
                0x00003cf0       0x70 C:\Users\lambert\DOCUME~1\GitHub\NSEC-B~1\hw\2023\CONFBA~1\firmware\CONFER~1\INTEGR~1\ARDUIN~1\Debug\libArduinoCore.a(Adafruit_NeoPixel.o)
                0x00003cf0                _ZN17Adafruit_NeoPixel12updateLengthEj
 .text._ZN17Adafruit_NeoPixel10updateTypeEj
                0x00003d60       0x6e C:\Users\lambert\DOCUME~1\GitHub\NSEC-B~1\hw\2023\CONFBA~1\firmware\CONFER~1\INTEGR~1\ARDUIN~1\Debug\libArduinoCore.a(Adafruit_NeoPixel.o)
                0x00003d60                _ZN17Adafruit_NeoPixel10updateTypeEj
 .text._ZN17Adafruit_NeoPixel4showEv
                0x00003dce      0x36e C:\Users\lambert\DOCUME~1\GitHub\NSEC-B~1\hw\2023\CONFBA~1\firmware\CONFER~1\INTEGR~1\ARDUIN~1\Debug\libArduinoCore.a(Adafruit_NeoPixel.o)
                0x00003dce                _ZN17Adafruit_NeoPixel4showEv
 .text._ZN17Adafruit_NeoPixel6setPinEi
                0x0000413c       0x6e C:\Users\lambert\DOCUME~1\GitHub\NSEC-B~1\hw\2023\CONFBA~1\firmware\CONFER~1\INTEGR~1\ARDUIN~1\Debug\libArduinoCore.a(Adafruit_NeoPixel.o)
                0x0000413c                _ZN17Adafruit_NeoPixel6setPinEi
 .text._ZN17Adafruit_NeoPixelC2Ejij
                0x000041aa       0x44 C:\Users\lambert\DOCUME~1\GitHub\NSEC-B~1\hw\2023\CONFBA~1\firmware\CONFER~1\INTEGR~1\ARDUIN~1\Debug\libArduinoCore.a(Adafruit_NeoPixel.o)
                0x000041aa                _ZN17Adafruit_NeoPixelC1Ejij
                0x000041aa                _ZN17Adafruit_NeoPixelC2Ejij
 .text._ZN17Adafruit_NeoPixel13setPixelColorEjm
                0x000041ee       0xea C:\Users\lambert\DOCUME~1\GitHub\NSEC-B~1\hw\2023\CONFBA~1\firmware\CONFER~1\INTEGR~1\ARDUIN~1\Debug\libArduinoCore.a(Adafruit_NeoPixel.o)
                0x000041ee                _ZN17Adafruit_NeoPixel13setPixelColorEjm
 .text._ZN17Adafruit_NeoPixel4fillEmjj
                0x000042d8       0x6e C:\Users\lambert\DOCUME~1\GitHub\NSEC-B~1\hw\2023\CONFBA~1\firmware\CONFER~1\INTEGR~1\ARDUIN~1\Debug\libArduinoCore.a(Adafruit_NeoPixel.o)
                0x000042d8                _ZN17Adafruit_NeoPixel4fillEmjj
 .text._ZN17Adafruit_NeoPixel5clearEv
                0x00004346       0x12 C:\Users\lambert\DOCUME~1\GitHub\NSEC-B~1\hw\2023\CONFBA~1\firmware\CONFER~1\INTEGR~1\ARDUIN~1\Debug\libArduinoCore.a(Adafruit_NeoPixel.o)
                0x00004346                _ZN17Adafruit_NeoPixel5clearEv
 .text._ZN16Adafruit_SSD13069drawPixelEiij
                0x00004358      0x17a C:\Users\lambert\DOCUME~1\GitHub\NSEC-B~1\hw\2023\CONFBA~1\firmware\CONFER~1\INTEGR~1\ARDUIN~1\Debug\libArduinoCore.a(Adafruit_SSD1306.o)
                0x00004358                _ZN16Adafruit_SSD13069drawPixelEiij
 .text._ZN8SPIClass16beginTransactionE11SPISettings
                0x000044d2       0x34 C:\Users\lambert\DOCUME~1\GitHub\NSEC-B~1\hw\2023\CONFBA~1\firmware\CONFER~1\INTEGR~1\ARDUIN~1\Debug\libArduinoCore.a(Adafruit_SSD1306.o)
                0x000044d2                _ZN8SPIClass16beginTransactionE11SPISettings
 .text._ZN8SPIClass8transferEh
                0x00004506        0xe C:\Users\lambert\DOCUME~1\GitHub\NSEC-B~1\hw\2023\CONFBA~1\firmware\CONFER~1\INTEGR~1\ARDUIN~1\Debug\libArduinoCore.a(Adafruit_SSD1306.o)
                0x00004506                _ZN8SPIClass8transferEh
 .text._ZN8SPIClass14endTransactionEv
                0x00004514       0x22 C:\Users\lambert\DOCUME~1\GitHub\NSEC-B~1\hw\2023\CONFBA~1\firmware\CONFER~1\INTEGR~1\ARDUIN~1\Debug\libArduinoCore.a(Adafruit_SSD1306.o)
                0x00004514                _ZN8SPIClass14endTransactionEv
 .text._ZN16Adafruit_SSD1306C2EhhP7TwoWireamm
                0x00004536       0x98 C:\Users\lambert\DOCUME~1\GitHub\NSEC-B~1\hw\2023\CONFBA~1\firmware\CONFER~1\INTEGR~1\ARDUIN~1\Debug\libArduinoCore.a(Adafruit_SSD1306.o)
                0x00004536                _ZN16Adafruit_SSD1306C2EhhP7TwoWireamm
                0x00004536                _ZN16Adafruit_SSD1306C1EhhP7TwoWireamm
 .text._ZN16Adafruit_SSD1306D2Ev
                0x000045ce       0x18 C:\Users\lambert\DOCUME~1\GitHub\NSEC-B~1\hw\2023\CONFBA~1\firmware\CONFER~1\INTEGR~1\ARDUIN~1\Debug\libArduinoCore.a(Adafruit_SSD1306.o)
                0x000045ce                _ZN16Adafruit_SSD1306D1Ev
                0x000045ce                _ZN16Adafruit_SSD1306D2Ev
 .text._ZN16Adafruit_SSD130616ssd1306_command1Eh
                0x000045e6       0xc2 C:\Users\lambert\DOCUME~1\GitHub\NSEC-B~1\hw\2023\CONFBA~1\firmware\CONFER~1\INTEGR~1\ARDUIN~1\Debug\libArduinoCore.a(Adafruit_SSD1306.o)
                0x000045e6                _ZN16Adafruit_SSD130616ssd1306_command1Eh
 .text._ZN16Adafruit_SSD130613invertDisplayEb
                0x000046a8       0x8e C:\Users\lambert\DOCUME~1\GitHub\NSEC-B~1\hw\2023\CONFBA~1\firmware\CONFER~1\INTEGR~1\ARDUIN~1\Debug\libArduinoCore.a(Adafruit_SSD1306.o)
                0x000046a8                _ZN16Adafruit_SSD130613invertDisplayEb
 .text._ZN16Adafruit_SSD130619ssd1306_commandListEPKhh
                0x00004736      0x150 C:\Users\lambert\DOCUME~1\GitHub\NSEC-B~1\hw\2023\CONFBA~1\firmware\CONFER~1\INTEGR~1\ARDUIN~1\Debug\libArduinoCore.a(Adafruit_SSD1306.o)
                0x00004736                _ZN16Adafruit_SSD130619ssd1306_commandListEPKhh
 .text._ZN16Adafruit_SSD130612clearDisplayEv
                0x00004886       0x3c C:\Users\lambert\DOCUME~1\GitHub\NSEC-B~1\hw\2023\CONFBA~1\firmware\CONFER~1\INTEGR~1\ARDUIN~1\Debug\libArduinoCore.a(Adafruit_SSD1306.o)
                0x00004886                _ZN16Adafruit_SSD130612clearDisplayEv
 .text._ZN16Adafruit_SSD13065beginEhhbb
                0x000048c2      0x3a2 C:\Users\lambert\DOCUME~1\GitHub\NSEC-B~1\hw\2023\CONFBA~1\firmware\CONFER~1\INTEGR~1\ARDUIN~1\Debug\libArduinoCore.a(Adafruit_SSD1306.o)
                0x000048c2                _ZN16Adafruit_SSD13065beginEhhbb
 .text._ZN16Adafruit_SSD130621drawFastHLineInternalEiiij
                0x00004c64       0xe0 C:\Users\lambert\DOCUME~1\GitHub\NSEC-B~1\hw\2023\CONFBA~1\firmware\CONFER~1\INTEGR~1\ARDUIN~1\Debug\libArduinoCore.a(Adafruit_SSD1306.o)
                0x00004c64                _ZN16Adafruit_SSD130621drawFastHLineInternalEiiij
 .text._ZN16Adafruit_SSD130621drawFastVLineInternalEiiij
                0x00004d44      0x16a C:\Users\lambert\DOCUME~1\GitHub\NSEC-B~1\hw\2023\CONFBA~1\firmware\CONFER~1\INTEGR~1\ARDUIN~1\Debug\libArduinoCore.a(Adafruit_SSD1306.o)
                0x00004d44                _ZN16Adafruit_SSD130621drawFastVLineInternalEiiij
 .text._ZN16Adafruit_SSD130613drawFastHLineEiiij
                0x00004eae       0x82 C:\Users\lambert\DOCUME~1\GitHub\NSEC-B~1\hw\2023\CONFBA~1\firmware\CONFER~1\INTEGR~1\ARDUIN~1\Debug\libArduinoCore.a(Adafruit_SSD1306.o)
                0x00004eae                _ZN16Adafruit_SSD130613drawFastHLineEiiij
 .text._ZN16Adafruit_SSD130613drawFastVLineEiiij
                0x00004f30       0x84 C:\Users\lambert\DOCUME~1\GitHub\NSEC-B~1\hw\2023\CONFBA~1\firmware\CONFER~1\INTEGR~1\ARDUIN~1\Debug\libArduinoCore.a(Adafruit_SSD1306.o)
                0x00004f30                _ZN16Adafruit_SSD130613drawFastVLineEiiij
 .text._ZN16Adafruit_SSD13067displayEv
                0x00004fb4      0x1e4 C:\Users\lambert\DOCUME~1\GitHub\NSEC-B~1\hw\2023\CONFBA~1\firmware\CONFER~1\INTEGR~1\ARDUIN~1\Debug\libArduinoCore.a(Adafruit_SSD1306.o)
                0x00004fb4                _ZN16Adafruit_SSD13067displayEv
 .text._ZN14SoftwareSerial4readEv
                0x00005198       0x42 C:\Users\lambert\DOCUME~1\GitHub\NSEC-B~1\hw\2023\CONFBA~1\firmware\CONFER~1\INTEGR~1\ARDUIN~1\Debug\libArduinoCore.a(SoftwareSerial.o)
                0x00005198                _ZN14SoftwareSerial4readEv
 .text._ZN14SoftwareSerial5writeEh
                0x000051da       0xa0 C:\Users\lambert\DOCUME~1\GitHub\NSEC-B~1\hw\2023\CONFBA~1\firmware\CONFER~1\INTEGR~1\ARDUIN~1\Debug\libArduinoCore.a(SoftwareSerial.o)
                0x000051da                _ZN14SoftwareSerial5writeEh
 .text._ZN14SoftwareSerial5flushEv
                0x0000527a        0x2 C:\Users\lambert\DOCUME~1\GitHub\NSEC-B~1\hw\2023\CONFBA~1\firmware\CONFER~1\INTEGR~1\ARDUIN~1\Debug\libArduinoCore.a(SoftwareSerial.o)
                0x0000527a                _ZN14SoftwareSerial5flushEv
 .text._ZN14SoftwareSerial4peekEv
                0x0000527c       0x30 C:\Users\lambert\DOCUME~1\GitHub\NSEC-B~1\hw\2023\CONFBA~1\firmware\CONFER~1\INTEGR~1\ARDUIN~1\Debug\libArduinoCore.a(SoftwareSerial.o)
                0x0000527c                _ZN14SoftwareSerial4peekEv
 .text._ZN14SoftwareSerial9availableEv
                0x000052ac       0x30 C:\Users\lambert\DOCUME~1\GitHub\NSEC-B~1\hw\2023\CONFBA~1\firmware\CONFER~1\INTEGR~1\ARDUIN~1\Debug\libArduinoCore.a(SoftwareSerial.o)
                0x000052ac                _ZN14SoftwareSerial9availableEv
 .text._ZN14SoftwareSerial13stopListeningEv
                0x000052dc       0x2c C:\Users\lambert\DOCUME~1\GitHub\NSEC-B~1\hw\2023\CONFBA~1\firmware\CONFER~1\INTEGR~1\ARDUIN~1\Debug\libArduinoCore.a(SoftwareSerial.o)
                0x000052dc                _ZN14SoftwareSerial13stopListeningEv
 .text._ZN14SoftwareSerial6listenEv
                0x00005308       0x52 C:\Users\lambert\DOCUME~1\GitHub\NSEC-B~1\hw\2023\CONFBA~1\firmware\CONFER~1\INTEGR~1\ARDUIN~1\Debug\libArduinoCore.a(SoftwareSerial.o)
                0x00005308                _ZN14SoftwareSerial6listenEv
 .text.__vector_3
                0x0000535a       0xf4 C:\Users\lambert\DOCUME~1\GitHub\NSEC-B~1\hw\2023\CONFBA~1\firmware\CONFER~1\INTEGR~1\ARDUIN~1\Debug\libArduinoCore.a(SoftwareSerial.o)
                0x0000535a                __vector_5
                0x0000535a                __vector_4
                0x0000535a                __vector_3
 .text._ZN14SoftwareSerialD2Ev
                0x0000544e        0xe C:\Users\lambert\DOCUME~1\GitHub\NSEC-B~1\hw\2023\CONFBA~1\firmware\CONFER~1\INTEGR~1\ARDUIN~1\Debug\libArduinoCore.a(SoftwareSerial.o)
                0x0000544e                _ZN14SoftwareSerialD1Ev
                0x0000544e                _ZN14SoftwareSerialD2Ev
 .text._ZN14SoftwareSerial5setTXEh
                0x0000545c       0x52 C:\Users\lambert\DOCUME~1\GitHub\NSEC-B~1\hw\2023\CONFBA~1\firmware\CONFER~1\INTEGR~1\ARDUIN~1\Debug\libArduinoCore.a(SoftwareSerial.o)
                0x0000545c                _ZN14SoftwareSerial5setTXEh
 .text._ZN14SoftwareSerial5setRXEh
                0x000054ae       0x52 C:\Users\lambert\DOCUME~1\GitHub\NSEC-B~1\hw\2023\CONFBA~1\firmware\CONFER~1\INTEGR~1\ARDUIN~1\Debug\libArduinoCore.a(SoftwareSerial.o)
                0x000054ae                _ZN14SoftwareSerial5setRXEh
 .text._ZN14SoftwareSerialC2Ehhb
                0x00005500       0x56 C:\Users\lambert\DOCUME~1\GitHub\NSEC-B~1\hw\2023\CONFBA~1\firmware\CONFER~1\INTEGR~1\ARDUIN~1\Debug\libArduinoCore.a(SoftwareSerial.o)
                0x00005500                _ZN14SoftwareSerialC1Ehhb
                0x00005500                _ZN14SoftwareSerialC2Ehhb
 .text._ZN14SoftwareSerial5beginEl
                0x00005556      0x11c C:\Users\lambert\DOCUME~1\GitHub\NSEC-B~1\hw\2023\CONFBA~1\firmware\CONFER~1\INTEGR~1\ARDUIN~1\Debug\libArduinoCore.a(SoftwareSerial.o)
                0x00005556                _ZN14SoftwareSerial5beginEl
 .text._ZN8SPIClass5beginEv
                0x00005672       0x6c C:\Users\lambert\DOCUME~1\GitHub\NSEC-B~1\hw\2023\CONFBA~1\firmware\CONFER~1\INTEGR~1\ARDUIN~1\Debug\libArduinoCore.a(SPI.o)
                0x00005672                _ZN8SPIClass5beginEv
 .text._ZN7TwoWire9availableEv
                0x000056de       0x10 C:\Users\lambert\DOCUME~1\GitHub\NSEC-B~1\hw\2023\CONFBA~1\firmware\CONFER~1\INTEGR~1\ARDUIN~1\Debug\libArduinoCore.a(Wire.o)
                0x000056de                _ZN7TwoWire9availableEv
 .text._ZN7TwoWire4readEv
                0x000056ee       0x28 C:\Users\lambert\DOCUME~1\GitHub\NSEC-B~1\hw\2023\CONFBA~1\firmware\CONFER~1\INTEGR~1\ARDUIN~1\Debug\libArduinoCore.a(Wire.o)
                0x000056ee                _ZN7TwoWire4readEv
 .text._ZN7TwoWire4peekEv
                0x00005716       0x1e C:\Users\lambert\DOCUME~1\GitHub\NSEC-B~1\hw\2023\CONFBA~1\firmware\CONFER~1\INTEGR~1\ARDUIN~1\Debug\libArduinoCore.a(Wire.o)
                0x00005716                _ZN7TwoWire4peekEv
 .text._ZN7TwoWire5flushEv
                0x00005734        0x2 C:\Users\lambert\DOCUME~1\GitHub\NSEC-B~1\hw\2023\CONFBA~1\firmware\CONFER~1\INTEGR~1\ARDUIN~1\Debug\libArduinoCore.a(Wire.o)
                0x00005734                _ZN7TwoWire5flushEv
 .text._ZN7TwoWire16onReceiveServiceEPhi
                0x00005736       0x54 C:\Users\lambert\DOCUME~1\GitHub\NSEC-B~1\hw\2023\CONFBA~1\firmware\CONFER~1\INTEGR~1\ARDUIN~1\Debug\libArduinoCore.a(Wire.o)
                0x00005736                _ZN7TwoWire16onReceiveServiceEPhi
 .text._ZN7TwoWire16onRequestServiceEv
                0x0000578a       0x18 C:\Users\lambert\DOCUME~1\GitHub\NSEC-B~1\hw\2023\CONFBA~1\firmware\CONFER~1\INTEGR~1\ARDUIN~1\Debug\libArduinoCore.a(Wire.o)
                0x0000578a                _ZN7TwoWire16onRequestServiceEv
 .text._ZN7TwoWire5writeEPKhj
                0x000057a2       0x5a C:\Users\lambert\DOCUME~1\GitHub\NSEC-B~1\hw\2023\CONFBA~1\firmware\CONFER~1\INTEGR~1\ARDUIN~1\Debug\libArduinoCore.a(Wire.o)
                0x000057a2                _ZN7TwoWire5writeEPKhj
 .text._ZN7TwoWire5writeEh
                0x000057fc       0x5e C:\Users\lambert\DOCUME~1\GitHub\NSEC-B~1\hw\2023\CONFBA~1\firmware\CONFER~1\INTEGR~1\ARDUIN~1\Debug\libArduinoCore.a(Wire.o)
                0x000057fc                _ZN7TwoWire5writeEh
 .text._ZN7TwoWireC2Ev
                0x0000585a       0x20 C:\Users\lambert\DOCUME~1\GitHub\NSEC-B~1\hw\2023\CONFBA~1\firmware\CONFER~1\INTEGR~1\ARDUIN~1\Debug\libArduinoCore.a(Wire.o)
                0x0000585a                _ZN7TwoWireC1Ev
                0x0000585a                _ZN7TwoWireC2Ev
 .text._ZN7TwoWire5beginEv
                0x0000587a       0x24 C:\Users\lambert\DOCUME~1\GitHub\NSEC-B~1\hw\2023\CONFBA~1\firmware\CONFER~1\INTEGR~1\ARDUIN~1\Debug\libArduinoCore.a(Wire.o)
                0x0000587a                _ZN7TwoWire5beginEv
 .text._ZN7TwoWire8setClockEm
                0x0000589e        0x8 C:\Users\lambert\DOCUME~1\GitHub\NSEC-B~1\hw\2023\CONFBA~1\firmware\CONFER~1\INTEGR~1\ARDUIN~1\Debug\libArduinoCore.a(Wire.o)
                0x0000589e                _ZN7TwoWire8setClockEm
 .text._ZN7TwoWire17beginTransmissionEh
                0x000058a6       0x14 C:\Users\lambert\DOCUME~1\GitHub\NSEC-B~1\hw\2023\CONFBA~1\firmware\CONFER~1\INTEGR~1\ARDUIN~1\Debug\libArduinoCore.a(Wire.o)
                0x000058a6                _ZN7TwoWire17beginTransmissionEh
 .text._ZN7TwoWire17beginTransmissionEi
                0x000058ba        0x4 C:\Users\lambert\DOCUME~1\GitHub\NSEC-B~1\hw\2023\CONFBA~1\firmware\CONFER~1\INTEGR~1\ARDUIN~1\Debug\libArduinoCore.a(Wire.o)
                0x000058ba                _ZN7TwoWire17beginTransmissionEi
 .text._ZN7TwoWire15endTransmissionEh
                0x000058be       0x26 C:\Users\lambert\DOCUME~1\GitHub\NSEC-B~1\hw\2023\CONFBA~1\firmware\CONFER~1\INTEGR~1\ARDUIN~1\Debug\libArduinoCore.a(Wire.o)
                0x000058be                _ZN7TwoWire15endTransmissionEh
 .text._ZN7TwoWire15endTransmissionEv
                0x000058e4        0x6 C:\Users\lambert\DOCUME~1\GitHub\NSEC-B~1\hw\2023\CONFBA~1\firmware\CONFER~1\INTEGR~1\ARDUIN~1\Debug\libArduinoCore.a(Wire.o)
                0x000058e4                _ZN7TwoWire15endTransmissionEv
 .text.startup._GLOBAL__sub_I__ZN7TwoWire8rxBufferE
                0x000058ea        0x8 C:\Users\lambert\DOCUME~1\GitHub\NSEC-B~1\hw\2023\CONFBA~1\firmware\CONFER~1\INTEGR~1\ARDUIN~1\Debug\libArduinoCore.a(Wire.o)
 .text.__cxa_pure_virtual
                0x000058f2        0x4 C:\Users\lambert\DOCUME~1\GitHub\NSEC-B~1\hw\2023\CONFBA~1\firmware\CONFER~1\INTEGR~1\ARDUIN~1\Debug\libArduinoCore.a(abi.o)
                0x000058f2                __cxa_pure_virtual
 .text.__empty  0x000058f6        0x2 C:\Users\lambert\DOCUME~1\GitHub\NSEC-B~1\hw\2023\CONFBA~1\firmware\CONFER~1\INTEGR~1\ARDUIN~1\Debug\libArduinoCore.a(hooks.o)
                0x000058f6                yield
 .text.twi_init
                0x000058f8       0x3c C:\Users\lambert\DOCUME~1\GitHub\NSEC-B~1\hw\2023\CONFBA~1\firmware\CONFER~1\INTEGR~1\ARDUIN~1\Debug\libArduinoCore.a(twi.o)
                0x000058f8                twi_init
 .text.twi_disable
                0x00005934       0x1a C:\Users\lambert\DOCUME~1\GitHub\NSEC-B~1\hw\2023\CONFBA~1\firmware\CONFER~1\INTEGR~1\ARDUIN~1\Debug\libArduinoCore.a(twi.o)
                0x00005934                twi_disable
 .text.twi_setFrequency
                0x0000594e       0x28 C:\Users\lambert\DOCUME~1\GitHub\NSEC-B~1\hw\2023\CONFBA~1\firmware\CONFER~1\INTEGR~1\ARDUIN~1\Debug\libArduinoCore.a(twi.o)
                0x0000594e                twi_setFrequency
 .text.twi_transmit
                0x00005976       0x50 C:\Users\lambert\DOCUME~1\GitHub\NSEC-B~1\hw\2023\CONFBA~1\firmware\CONFER~1\INTEGR~1\ARDUIN~1\Debug\libArduinoCore.a(twi.o)
                0x00005976                twi_transmit
 .text.twi_attachSlaveRxEvent
                0x000059c6        0xa C:\Users\lambert\DOCUME~1\GitHub\NSEC-B~1\hw\2023\CONFBA~1\firmware\CONFER~1\INTEGR~1\ARDUIN~1\Debug\libArduinoCore.a(twi.o)
                0x000059c6                twi_attachSlaveRxEvent
 .text.twi_attachSlaveTxEvent
                0x000059d0        0xa C:\Users\lambert\DOCUME~1\GitHub\NSEC-B~1\hw\2023\CONFBA~1\firmware\CONFER~1\INTEGR~1\ARDUIN~1\Debug\libArduinoCore.a(twi.o)
                0x000059d0                twi_attachSlaveTxEvent
 .text.twi_releaseBus
                0x000059da        0xc C:\Users\lambert\DOCUME~1\GitHub\NSEC-B~1\hw\2023\CONFBA~1\firmware\CONFER~1\INTEGR~1\ARDUIN~1\Debug\libArduinoCore.a(twi.o)
                0x000059da                twi_releaseBus
 .text.twi_handleTimeout
                0x000059e6       0x2c C:\Users\lambert\DOCUME~1\GitHub\NSEC-B~1\hw\2023\CONFBA~1\firmware\CONFER~1\INTEGR~1\ARDUIN~1\Debug\libArduinoCore.a(twi.o)
                0x000059e6                twi_handleTimeout
 .text.twi_writeTo
                0x00005a12      0x1e0 C:\Users\lambert\DOCUME~1\GitHub\NSEC-B~1\hw\2023\CONFBA~1\firmware\CONFER~1\INTEGR~1\ARDUIN~1\Debug\libArduinoCore.a(twi.o)
                0x00005a12                twi_writeTo
 .text.twi_stop
                0x00005bf2       0x70 C:\Users\lambert\DOCUME~1\GitHub\NSEC-B~1\hw\2023\CONFBA~1\firmware\CONFER~1\INTEGR~1\ARDUIN~1\Debug\libArduinoCore.a(twi.o)
                0x00005bf2                twi_stop
 .text.__vector_24
                0x00005c62      0x25a C:\Users\lambert\DOCUME~1\GitHub\NSEC-B~1\hw\2023\CONFBA~1\firmware\CONFER~1\INTEGR~1\ARDUIN~1\Debug\libArduinoCore.a(twi.o)
                0x00005c62                __vector_24
 .text.avr-libc.fplib
                0x00005ebc        0xa c:/program files (x86)/atmel/studio/7.0/toolchain/avr8/avr8-gnu-toolchain/bin/../lib/gcc/avr/5.4.0/../../../../avr/lib/avr5\libm.a(cmpsf2.o)
                0x00005ebc                __nesf2
                0x00005ebc                __eqsf2
                0x00005ebc                __cmpsf2
                0x00005ebc                __ltsf2
                0x00005ebc                __lesf2
 .text.avr-libc.fplib
                0x00005ec6       0x48 c:/program files (x86)/atmel/studio/7.0/toolchain/avr8/avr8-gnu-toolchain/bin/../lib/gcc/avr/5.4.0/../../../../avr/lib/avr5\libm.a(fp_cmp.o)
                0x00005ec6                __fp_cmp
 .text.avr-libc.fplib
                0x00005f0e        0xa c:/program files (x86)/atmel/studio/7.0/toolchain/avr8/avr8-gnu-toolchain/bin/../lib/gcc/avr/5.4.0/../../../../avr/lib/avr5\libm.a(gesf2.o)
                0x00005f0e                __gesf2
                0x00005f0e                __gtsf2
 .text.avr-libc.fplib
                0x00005f18        0xa c:/program files (x86)/atmel/studio/7.0/toolchain/avr8/avr8-gnu-toolchain/bin/../lib/gcc/avr/5.4.0/../../../../avr/lib/avr5\libm.a(unordsf2.o)
                0x00005f18                __unordsf2
 .text.libgcc.div
                0x00005f22       0x28 c:/program files (x86)/atmel/studio/7.0/toolchain/avr8/avr8-gnu-toolchain/bin/../lib/gcc/avr/5.4.0/avr5\libgcc.a(_udivmodhi4.o)
                0x00005f22                __udivmodhi4
 .text.libgcc.div
                0x00005f4a       0x28 c:/program files (x86)/atmel/studio/7.0/toolchain/avr8/avr8-gnu-toolchain/bin/../lib/gcc/avr/5.4.0/avr5\libgcc.a(_divmodhi4.o)
                0x00005f4a                _div
                0x00005f4a                __divmodhi4
 .text.libgcc.div
                0x00005f72       0x44 c:/program files (x86)/atmel/studio/7.0/toolchain/avr8/avr8-gnu-toolchain/bin/../lib/gcc/avr/5.4.0/avr5\libgcc.a(_udivmodsi4.o)
                0x00005f72                __udivmodsi4
 .text.libgcc.div
                0x00005fb6       0x2e c:/program files (x86)/atmel/studio/7.0/toolchain/avr8/avr8-gnu-toolchain/bin/../lib/gcc/avr/5.4.0/avr5\libgcc.a(_divmodsi4.o)
                0x00005fb6                __divmodsi4
 .text.libgcc.div
                0x00005fe4       0x10 c:/program files (x86)/atmel/studio/7.0/toolchain/avr8/avr8-gnu-toolchain/bin/../lib/gcc/avr/5.4.0/avr5\libgcc.a(_negsi2.o)
                0x00005fe4                __negsi2
 .text.libgcc.mul
                0x00005ff4       0x1e c:/program files (x86)/atmel/studio/7.0/toolchain/avr8/avr8-gnu-toolchain/bin/../lib/gcc/avr/5.4.0/avr5\libgcc.a(_umulhisi3.o)
                0x00005ff4                __umulhisi3
 .text.libgcc.mul
                0x00006012       0x16 c:/program files (x86)/atmel/studio/7.0/toolchain/avr8/avr8-gnu-toolchain/bin/../lib/gcc/avr/5.4.0/avr5\libgcc.a(_muluhisi3.o)
                0x00006012                __muluhisi3
 .text.libgcc   0x00006028        0xc c:/program files (x86)/atmel/studio/7.0/toolchain/avr8/avr8-gnu-toolchain/bin/../lib/gcc/avr/5.4.0/avr5\libgcc.a(_tablejump2.o)
                0x00006028                __tablejump2__
 .text.avr-libc
                0x00006034      0x242 c:/program files (x86)/atmel/studio/7.0/toolchain/avr8/avr8-gnu-toolchain/bin/../lib/gcc/avr/5.4.0/../../../../avr/lib/avr5\libc.a(malloc.o)
                0x00006034                malloc
                0x00006164                free
 .text.avr-libc
                0x00006276      0x144 c:/program files (x86)/atmel/studio/7.0/toolchain/avr8/avr8-gnu-toolchain/bin/../lib/gcc/avr/5.4.0/../../../../avr/lib/avr5\libc.a(random.o)
                0x00006276                random_r
                0x0000630c                random
                0x000063a8                srandom
 .text.avr-libc
                0x000063ba        0xa c:/program files (x86)/atmel/studio/7.0/toolchain/avr8/avr8-gnu-toolchain/bin/../lib/gcc/avr/5.4.0/../../../../avr/lib/avr5\libc.a(abort.o)
                0x000063ba                abort
 .text.avr-libc
                0x000063c4        0xe c:/program files (x86)/atmel/studio/7.0/toolchain/avr8/avr8-gnu-toolchain/bin/../lib/gcc/avr/5.4.0/../../../../avr/lib/avr5\libc.a(memset.o)
                0x000063c4                memset
 .text.libgcc.mul
                0x000063d2       0x10 c:/program files (x86)/atmel/studio/7.0/toolchain/avr8/avr8-gnu-toolchain/bin/../lib/gcc/avr/5.4.0/avr5\libgcc.a(_mulshisi3.o)
                0x000063d2                __mulshisi3
                0x000063d8                __mulohisi3
                0x000063e2                . = ALIGN (0x2)
 *(.fini9)
 .fini9         0x000063e2        0x0 c:/program files (x86)/atmel/studio/7.0/toolchain/avr8/avr8-gnu-toolchain/bin/../lib/gcc/avr/5.4.0/avr5\libgcc.a(_exit.o)
                0x000063e2                _exit
                0x000063e2                exit
 *(.fini9)
 *(.fini8)
 *(.fini8)
 *(.fini7)
 *(.fini7)
 *(.fini6)
 .fini6         0x000063e2       0x16 c:/program files (x86)/atmel/studio/7.0/toolchain/avr8/avr8-gnu-toolchain/bin/../lib/gcc/avr/5.4.0/avr5\libgcc.a(_dtors.o)
                0x000063e2                __do_global_dtors
 *(.fini6)
 *(.fini5)
 *(.fini5)
 *(.fini4)
 *(.fini4)
 *(.fini3)
 *(.fini3)
 *(.fini2)
 *(.fini2)
 *(.fini1)
 *(.fini1)
 *(.fini0)
 .fini0         0x000063f8        0x4 c:/program files (x86)/atmel/studio/7.0/toolchain/avr8/avr8-gnu-toolchain/bin/../lib/gcc/avr/5.4.0/avr5\libgcc.a(_exit.o)
 *(.fini0)
                0x000063fc                _etext = .

.data           0x00800100       0xe6 load address 0x000063fc
                0x00800100                PROVIDE (__data_start, .)
 *(.data)
 .data          0x00800100        0x6 c:/program files (x86)/atmel/studio/7.0/toolchain/avr8/avr8-gnu-toolchain/bin/../lib/gcc/avr/5.4.0/../../../../avr/lib/avr5\libc.a(malloc.o)
                0x00800100                __malloc_heap_end
                0x00800102                __malloc_heap_start
                0x00800104                __malloc_margin
 .data          0x00800106        0x4 c:/program files (x86)/atmel/studio/7.0/toolchain/avr8/avr8-gnu-toolchain/bin/../lib/gcc/avr/5.4.0/../../../../avr/lib/avr5\libc.a(random.o)
 *(.data*)
 .data.prime4   0x0080010a        0x4 cypherControl.o
                0x0080010a                prime4
 .data.prime3   0x0080010e        0x4 cypherControl.o
                0x0080010e                prime3
 .data.prime2   0x00800112        0x4 cypherControl.o
                0x00800112                prime2
 .data.prime1   0x00800116        0x4 cypherControl.o
                0x00800116                prime1
 .data.idle_refreshInterval
                0x0080011a        0x4 neopix.o
                0x0080011a                idle_refreshInterval
 *(.gnu.linkonce.d*)
 *(.rodata)
 *(.rodata*)
 .rodata.str1.1
                0x0080011e       0x23 oledControl.o
                                 0x24 (size before relaxing)
 .rodata.str1.1
                0x00800141        0x7 Sketch.o
 .rodata._ZTV14HardwareSerial
                0x00800148       0x12 C:\Users\lambert\DOCUME~1\GitHub\NSEC-B~1\hw\2023\CONFBA~1\firmware\CONFER~1\INTEGR~1\ARDUIN~1\Debug\libArduinoCore.a(HardwareSerial.o)
                0x00800148                _ZTV14HardwareSerial
 .rodata.str1.1
                0x0080015a        0xf C:\Users\lambert\DOCUME~1\GitHub\NSEC-B~1\hw\2023\CONFBA~1\firmware\CONFER~1\INTEGR~1\ARDUIN~1\Debug\libArduinoCore.a(Print.o)
 .rodata._ZTV12Adafruit_GFX
                0x00800169       0x2c C:\Users\lambert\DOCUME~1\GitHub\NSEC-B~1\hw\2023\CONFBA~1\firmware\CONFER~1\INTEGR~1\ARDUIN~1\Debug\libArduinoCore.a(Adafruit_GFX.o)
                0x00800169                _ZTV12Adafruit_GFX
 .rodata._ZTV16Adafruit_SSD1306
                0x00800195       0x2c C:\Users\lambert\DOCUME~1\GitHub\NSEC-B~1\hw\2023\CONFBA~1\firmware\CONFER~1\INTEGR~1\ARDUIN~1\Debug\libArduinoCore.a(Adafruit_SSD1306.o)
                0x00800195                _ZTV16Adafruit_SSD1306
 .rodata._ZTV14SoftwareSerial
                0x008001c1       0x12 C:\Users\lambert\DOCUME~1\GitHub\NSEC-B~1\hw\2023\CONFBA~1\firmware\CONFER~1\INTEGR~1\ARDUIN~1\Debug\libArduinoCore.a(SoftwareSerial.o)
                0x008001c1                _ZTV14SoftwareSerial
 .rodata._ZTV7TwoWire
                0x008001d3       0x12 C:\Users\lambert\DOCUME~1\GitHub\NSEC-B~1\hw\2023\CONFBA~1\firmware\CONFER~1\INTEGR~1\ARDUIN~1\Debug\libArduinoCore.a(Wire.o)
                0x008001d3                _ZTV7TwoWire
 *(.gnu.linkonce.r*)
                0x008001e6                . = ALIGN (0x2)
 *fill*         0x008001e5        0x1 
                0x008001e6                _edata = .
                0x008001e6                PROVIDE (__data_end, .)

.bss            0x008001e6      0x2b3
                0x008001e6                PROVIDE (__bss_start, .)
 *(.bss)
 *(.bss*)
 .bss.cyp_l     0x008001e6        0x1 cypherControl.o
                0x008001e6                cyp_l
 .bss.cyp_k     0x008001e7        0x1 cypherControl.o
                0x008001e7                cyp_k
 .bss.cyp_j     0x008001e8        0x1 cypherControl.o
                0x008001e8                cyp_j
 .bss.cyp_i     0x008001e9        0x1 cypherControl.o
                0x008001e9                cyp_i
 .bss.key_l     0x008001ea        0x1 cypherControl.o
                0x008001ea                key_l
 .bss.key_k     0x008001eb        0x1 cypherControl.o
                0x008001eb                key_k
 .bss.key_j     0x008001ec        0x1 cypherControl.o
                0x008001ec                key_j
 .bss.key_i     0x008001ed        0x1 cypherControl.o
                0x008001ed                key_i
 .bss.currentLevel
                0x008001ee        0x1 levelControl.o
                0x008001ee                currentLevel
 .bss.waitingForDisconnect
                0x008001ef        0x1 modeControl.o
                0x008001ef                waitingForDisconnect
 .bss.currentlyLoading
                0x008001f0        0x1 modeControl.o
                0x008001f0                currentlyLoading
 .bss._ZZ18neopix_connectLeftvE1i
                0x008001f1        0x2 neopix.o
 .bss._ZZ18neopix_connectLeftvE14ts_lastRefresh
                0x008001f3        0x4 neopix.o
 .bss._ZZ19neopix_connectRightvE1i
                0x008001f7        0x2 neopix.o
 .bss._ZZ19neopix_connectRightvE14ts_lastRefresh
                0x008001f9        0x4 neopix.o
 .bss._ZZ14neopix_successvE14ts_lastRefresh
                0x008001fd        0x4 neopix.o
 .bss._ZZ11neopix_idlevE13startPosition
                0x00800201        0x1 neopix.o
 .bss._ZZ11neopix_idlevE11ts_slowIdle
                0x00800202        0x4 neopix.o
 .bss.ts_loadingNextIncrement
                0x00800206        0x4 neopix.o
                0x00800206                ts_loadingNextIncrement
 .bss.ts_loadingStartTime
                0x0080020a        0x4 neopix.o
                0x0080020a                ts_loadingStartTime
 .bss.loadingBarPos
                0x0080020e        0x1 neopix.o
                0x0080020e                loadingBarPos
 .bss.pixels    0x0080020f       0x16 neopix.o
                0x0080020f                pixels
 .bss.display   0x00800225       0x40 oledControl.o
                0x00800225                display
 .bss._ZZ4loopE7ts_oled
                0x00800265        0x4 Sketch.o
 .bss._ZZ4loopE9ts_neopix
                0x00800269        0x4 Sketch.o
 .bss._ZZ4loopE7ts_uart
                0x0080026d        0x4 Sketch.o
 .bss._ZZ18softSerial_routinevE9msgRxLeft
                0x00800271        0x8 softserialControl.o
 .bss._ZZ18softSerial_routinevE13msgRxLeft_pos
                0x00800279        0x2 softserialControl.o
 .bss._ZZ18softSerial_routinevE10msgRxRight
                0x0080027b        0x8 softserialControl.o
 .bss._ZZ18softSerial_routinevE14msgRxRight_pos
                0x00800283        0x2 softserialControl.o
 .bss._ZZ18softSerial_routinevE10ts_display
                0x00800285        0x4 softserialControl.o
 .bss._ZZ18softSerial_routinevE16pingpongSelector
                0x00800289        0x1 softserialControl.o
 .bss._ZZ18softSerial_routinevE11ts_pingpong
                0x0080028a        0x4 softserialControl.o
 .bss._ZZ18softSerial_routinevE7sending
                0x0080028e        0x4 softserialControl.o
 .bss._ZZ18softSerial_routinevE7ts_loop
                0x00800292        0x4 softserialControl.o
 .bss.leftSerial
                0x00800296       0x1f softserialControl.o
                0x00800296                leftSerial
 .bss.rightSerial
                0x008002b5       0x1f softserialControl.o
                0x008002b5                rightSerial
 .bss._UniqueID
                0x008002d4        0x9 uidFetcher.o
                0x008002d4                _UniqueID
 .bss.Serial    0x008002dd       0x9d C:\Users\lambert\DOCUME~1\GitHub\NSEC-B~1\hw\2023\CONFBA~1\firmware\CONFER~1\INTEGR~1\ARDUIN~1\Debug\libArduinoCore.a(HardwareSerial0.o)
                0x008002dd                Serial
 .bss.timer0_fract
                0x0080037a        0x1 C:\Users\lambert\DOCUME~1\GitHub\NSEC-B~1\hw\2023\CONFBA~1\firmware\CONFER~1\INTEGR~1\ARDUIN~1\Debug\libArduinoCore.a(wiring.o)
 .bss.timer0_millis
                0x0080037b        0x4 C:\Users\lambert\DOCUME~1\GitHub\NSEC-B~1\hw\2023\CONFBA~1\firmware\CONFER~1\INTEGR~1\ARDUIN~1\Debug\libArduinoCore.a(wiring.o)
                0x0080037b                timer0_millis
 .bss.timer0_overflow_count
                0x0080037f        0x4 C:\Users\lambert\DOCUME~1\GitHub\NSEC-B~1\hw\2023\CONFBA~1\firmware\CONFER~1\INTEGR~1\ARDUIN~1\Debug\libArduinoCore.a(wiring.o)
                0x0080037f                timer0_overflow_count
 .bss._ZN14SoftwareSerial20_receive_buffer_headE
                0x00800383        0x1 C:\Users\lambert\DOCUME~1\GitHub\NSEC-B~1\hw\2023\CONFBA~1\firmware\CONFER~1\INTEGR~1\ARDUIN~1\Debug\libArduinoCore.a(SoftwareSerial.o)
                0x00800383                _ZN14SoftwareSerial20_receive_buffer_headE
 .bss._ZN14SoftwareSerial20_receive_buffer_tailE
                0x00800384        0x1 C:\Users\lambert\DOCUME~1\GitHub\NSEC-B~1\hw\2023\CONFBA~1\firmware\CONFER~1\INTEGR~1\ARDUIN~1\Debug\libArduinoCore.a(SoftwareSerial.o)
                0x00800384                _ZN14SoftwareSerial20_receive_buffer_tailE
 .bss._ZN14SoftwareSerial15_receive_bufferE
                0x00800385       0x40 C:\Users\lambert\DOCUME~1\GitHub\NSEC-B~1\hw\2023\CONFBA~1\firmware\CONFER~1\INTEGR~1\ARDUIN~1\Debug\libArduinoCore.a(SoftwareSerial.o)
                0x00800385                _ZN14SoftwareSerial15_receive_bufferE
 .bss._ZN14SoftwareSerial13active_objectE
                0x008003c5        0x2 C:\Users\lambert\DOCUME~1\GitHub\NSEC-B~1\hw\2023\CONFBA~1\firmware\CONFER~1\INTEGR~1\ARDUIN~1\Debug\libArduinoCore.a(SoftwareSerial.o)
                0x008003c5                _ZN14SoftwareSerial13active_objectE
 .bss._ZN8SPIClass13interruptSaveE
                0x008003c7        0x1 C:\Users\lambert\DOCUME~1\GitHub\NSEC-B~1\hw\2023\CONFBA~1\firmware\CONFER~1\INTEGR~1\ARDUIN~1\Debug\libArduinoCore.a(SPI.o)
                0x008003c7                _ZN8SPIClass13interruptSaveE
 .bss._ZN8SPIClass13interruptMaskE
                0x008003c8        0x1 C:\Users\lambert\DOCUME~1\GitHub\NSEC-B~1\hw\2023\CONFBA~1\firmware\CONFER~1\INTEGR~1\ARDUIN~1\Debug\libArduinoCore.a(SPI.o)
                0x008003c8                _ZN8SPIClass13interruptMaskE
 .bss._ZN8SPIClass13interruptModeE
                0x008003c9        0x1 C:\Users\lambert\DOCUME~1\GitHub\NSEC-B~1\hw\2023\CONFBA~1\firmware\CONFER~1\INTEGR~1\ARDUIN~1\Debug\libArduinoCore.a(SPI.o)
                0x008003c9                _ZN8SPIClass13interruptModeE
 .bss._ZN8SPIClass11initializedE
                0x008003ca        0x1 C:\Users\lambert\DOCUME~1\GitHub\NSEC-B~1\hw\2023\CONFBA~1\firmware\CONFER~1\INTEGR~1\ARDUIN~1\Debug\libArduinoCore.a(SPI.o)
                0x008003ca                _ZN8SPIClass11initializedE
 .bss.Wire      0x008003cb        0xc C:\Users\lambert\DOCUME~1\GitHub\NSEC-B~1\hw\2023\CONFBA~1\firmware\CONFER~1\INTEGR~1\ARDUIN~1\Debug\libArduinoCore.a(Wire.o)
                0x008003cb                Wire
 .bss._ZN7TwoWire14user_onReceiveE
                0x008003d7        0x2 C:\Users\lambert\DOCUME~1\GitHub\NSEC-B~1\hw\2023\CONFBA~1\firmware\CONFER~1\INTEGR~1\ARDUIN~1\Debug\libArduinoCore.a(Wire.o)
                0x008003d7                _ZN7TwoWire14user_onReceiveE
 .bss._ZN7TwoWire14user_onRequestE
                0x008003d9        0x2 C:\Users\lambert\DOCUME~1\GitHub\NSEC-B~1\hw\2023\CONFBA~1\firmware\CONFER~1\INTEGR~1\ARDUIN~1\Debug\libArduinoCore.a(Wire.o)
                0x008003d9                _ZN7TwoWire14user_onRequestE
 .bss._ZN7TwoWire12transmittingE
                0x008003db        0x1 C:\Users\lambert\DOCUME~1\GitHub\NSEC-B~1\hw\2023\CONFBA~1\firmware\CONFER~1\INTEGR~1\ARDUIN~1\Debug\libArduinoCore.a(Wire.o)
                0x008003db                _ZN7TwoWire12transmittingE
 .bss._ZN7TwoWire14txBufferLengthE
                0x008003dc        0x1 C:\Users\lambert\DOCUME~1\GitHub\NSEC-B~1\hw\2023\CONFBA~1\firmware\CONFER~1\INTEGR~1\ARDUIN~1\Debug\libArduinoCore.a(Wire.o)
                0x008003dc                _ZN7TwoWire14txBufferLengthE
 .bss._ZN7TwoWire13txBufferIndexE
                0x008003dd        0x1 C:\Users\lambert\DOCUME~1\GitHub\NSEC-B~1\hw\2023\CONFBA~1\firmware\CONFER~1\INTEGR~1\ARDUIN~1\Debug\libArduinoCore.a(Wire.o)
                0x008003dd                _ZN7TwoWire13txBufferIndexE
 .bss._ZN7TwoWire8txBufferE
                0x008003de       0x20 C:\Users\lambert\DOCUME~1\GitHub\NSEC-B~1\hw\2023\CONFBA~1\firmware\CONFER~1\INTEGR~1\ARDUIN~1\Debug\libArduinoCore.a(Wire.o)
                0x008003de                _ZN7TwoWire8txBufferE
 .bss._ZN7TwoWire9txAddressE
                0x008003fe        0x1 C:\Users\lambert\DOCUME~1\GitHub\NSEC-B~1\hw\2023\CONFBA~1\firmware\CONFER~1\INTEGR~1\ARDUIN~1\Debug\libArduinoCore.a(Wire.o)
                0x008003fe                _ZN7TwoWire9txAddressE
 .bss._ZN7TwoWire14rxBufferLengthE
                0x008003ff        0x1 C:\Users\lambert\DOCUME~1\GitHub\NSEC-B~1\hw\2023\CONFBA~1\firmware\CONFER~1\INTEGR~1\ARDUIN~1\Debug\libArduinoCore.a(Wire.o)
                0x008003ff                _ZN7TwoWire14rxBufferLengthE
 .bss._ZN7TwoWire13rxBufferIndexE
                0x00800400        0x1 C:\Users\lambert\DOCUME~1\GitHub\NSEC-B~1\hw\2023\CONFBA~1\firmware\CONFER~1\INTEGR~1\ARDUIN~1\Debug\libArduinoCore.a(Wire.o)
                0x00800400                _ZN7TwoWire13rxBufferIndexE
 .bss._ZN7TwoWire8rxBufferE
                0x00800401       0x20 C:\Users\lambert\DOCUME~1\GitHub\NSEC-B~1\hw\2023\CONFBA~1\firmware\CONFER~1\INTEGR~1\ARDUIN~1\Debug\libArduinoCore.a(Wire.o)
                0x00800401                _ZN7TwoWire8rxBufferE
 .bss.twi_error
                0x00800421        0x1 C:\Users\lambert\DOCUME~1\GitHub\NSEC-B~1\hw\2023\CONFBA~1\firmware\CONFER~1\INTEGR~1\ARDUIN~1\Debug\libArduinoCore.a(twi.o)
 .bss.twi_rxBufferIndex
                0x00800422        0x1 C:\Users\lambert\DOCUME~1\GitHub\NSEC-B~1\hw\2023\CONFBA~1\firmware\CONFER~1\INTEGR~1\ARDUIN~1\Debug\libArduinoCore.a(twi.o)
 .bss.twi_rxBuffer
                0x00800423       0x20 C:\Users\lambert\DOCUME~1\GitHub\NSEC-B~1\hw\2023\CONFBA~1\firmware\CONFER~1\INTEGR~1\ARDUIN~1\Debug\libArduinoCore.a(twi.o)
 .bss.twi_txBufferLength
                0x00800443        0x1 C:\Users\lambert\DOCUME~1\GitHub\NSEC-B~1\hw\2023\CONFBA~1\firmware\CONFER~1\INTEGR~1\ARDUIN~1\Debug\libArduinoCore.a(twi.o)
 .bss.twi_txBufferIndex
                0x00800444        0x1 C:\Users\lambert\DOCUME~1\GitHub\NSEC-B~1\hw\2023\CONFBA~1\firmware\CONFER~1\INTEGR~1\ARDUIN~1\Debug\libArduinoCore.a(twi.o)
 .bss.twi_txBuffer
                0x00800445       0x20 C:\Users\lambert\DOCUME~1\GitHub\NSEC-B~1\hw\2023\CONFBA~1\firmware\CONFER~1\INTEGR~1\ARDUIN~1\Debug\libArduinoCore.a(twi.o)
 .bss.twi_masterBufferLength
                0x00800465        0x1 C:\Users\lambert\DOCUME~1\GitHub\NSEC-B~1\hw\2023\CONFBA~1\firmware\CONFER~1\INTEGR~1\ARDUIN~1\Debug\libArduinoCore.a(twi.o)
 .bss.twi_masterBufferIndex
                0x00800466        0x1 C:\Users\lambert\DOCUME~1\GitHub\NSEC-B~1\hw\2023\CONFBA~1\firmware\CONFER~1\INTEGR~1\ARDUIN~1\Debug\libArduinoCore.a(twi.o)
 .bss.twi_masterBuffer
                0x00800467       0x20 C:\Users\lambert\DOCUME~1\GitHub\NSEC-B~1\hw\2023\CONFBA~1\firmware\CONFER~1\INTEGR~1\ARDUIN~1\Debug\libArduinoCore.a(twi.o)
 .bss.twi_onSlaveReceive
                0x00800487        0x2 C:\Users\lambert\DOCUME~1\GitHub\NSEC-B~1\hw\2023\CONFBA~1\firmware\CONFER~1\INTEGR~1\ARDUIN~1\Debug\libArduinoCore.a(twi.o)
 .bss.twi_onSlaveTransmit
                0x00800489        0x2 C:\Users\lambert\DOCUME~1\GitHub\NSEC-B~1\hw\2023\CONFBA~1\firmware\CONFER~1\INTEGR~1\ARDUIN~1\Debug\libArduinoCore.a(twi.o)
 .bss.twi_do_reset_on_timeout
                0x0080048b        0x1 C:\Users\lambert\DOCUME~1\GitHub\NSEC-B~1\hw\2023\CONFBA~1\firmware\CONFER~1\INTEGR~1\ARDUIN~1\Debug\libArduinoCore.a(twi.o)
 .bss.twi_timed_out_flag
                0x0080048c        0x1 C:\Users\lambert\DOCUME~1\GitHub\NSEC-B~1\hw\2023\CONFBA~1\firmware\CONFER~1\INTEGR~1\ARDUIN~1\Debug\libArduinoCore.a(twi.o)
 .bss.twi_timeout_us
                0x0080048d        0x4 C:\Users\lambert\DOCUME~1\GitHub\NSEC-B~1\hw\2023\CONFBA~1\firmware\CONFER~1\INTEGR~1\ARDUIN~1\Debug\libArduinoCore.a(twi.o)
 .bss.twi_inRepStart
                0x00800491        0x1 C:\Users\lambert\DOCUME~1\GitHub\NSEC-B~1\hw\2023\CONFBA~1\firmware\CONFER~1\INTEGR~1\ARDUIN~1\Debug\libArduinoCore.a(twi.o)
 .bss.twi_sendStop
                0x00800492        0x1 C:\Users\lambert\DOCUME~1\GitHub\NSEC-B~1\hw\2023\CONFBA~1\firmware\CONFER~1\INTEGR~1\ARDUIN~1\Debug\libArduinoCore.a(twi.o)
 .bss.twi_slarw
                0x00800493        0x1 C:\Users\lambert\DOCUME~1\GitHub\NSEC-B~1\hw\2023\CONFBA~1\firmware\CONFER~1\INTEGR~1\ARDUIN~1\Debug\libArduinoCore.a(twi.o)
 .bss.twi_state
                0x00800494        0x1 C:\Users\lambert\DOCUME~1\GitHub\NSEC-B~1\hw\2023\CONFBA~1\firmware\CONFER~1\INTEGR~1\ARDUIN~1\Debug\libArduinoCore.a(twi.o)
 *(COMMON)
 COMMON         0x00800495        0x4 c:/program files (x86)/atmel/studio/7.0/toolchain/avr8/avr8-gnu-toolchain/bin/../lib/gcc/avr/5.4.0/../../../../avr/lib/avr5\libc.a(malloc.o)
                0x00800495                __brkval
                0x00800497                __flp
                0x00800499                PROVIDE (__bss_end, .)
                0x000063fc                __data_load_start = LOADADDR (.data)
                0x000064e2                __data_load_end = (__data_load_start + SIZEOF (.data))

.noinit         0x00800499        0x0
                [!provide]                PROVIDE (__noinit_start, .)
 *(.noinit*)
                [!provide]                PROVIDE (__noinit_end, .)
                0x00800499                _end = .
                0x00800499                PROVIDE (__heap_start, .)

.eeprom         0x00810000        0x0
 *(.eeprom*)
                0x00810000                __eeprom_end = .

.fuse
 *(.fuse)
 *(.lfuse)
 *(.hfuse)
 *(.efuse)

.lock
 *(.lock*)

.signature
 *(.signature*)

.user_signatures
 *(.user_signatures*)

.stab
 *(.stab)

.stabstr
 *(.stabstr)

.stab.excl
 *(.stab.excl)

.stab.exclstr
 *(.stab.exclstr)

.stab.index
 *(.stab.index)

.stab.indexstr
 *(.stab.indexstr)

.comment        0x00000000       0x30
 *(.comment)
 .comment       0x00000000       0x30 cypherControl.o
                                 0x31 (size before relaxing)
 .comment       0x00000030       0x31 levelControl.o
 .comment       0x00000030       0x31 modeControl.o
 .comment       0x00000030       0x31 neopix.o
 .comment       0x00000030       0x31 oledControl.o
 .comment       0x00000030       0x31 Sketch.o
 .comment       0x00000030       0x31 softserialControl.o
 .comment       0x00000030       0x31 uidFetcher.o
 .comment       0x00000030       0x31 C:\Users\lambert\DOCUME~1\GitHub\NSEC-B~1\hw\2023\CONFBA~1\firmware\CONFER~1\INTEGR~1\ARDUIN~1\Debug\libArduinoCore.a(HardwareSerial.o)
 .comment       0x00000030       0x31 C:\Users\lambert\DOCUME~1\GitHub\NSEC-B~1\hw\2023\CONFBA~1\firmware\CONFER~1\INTEGR~1\ARDUIN~1\Debug\libArduinoCore.a(HardwareSerial0.o)
 .comment       0x00000030       0x31 C:\Users\lambert\DOCUME~1\GitHub\NSEC-B~1\hw\2023\CONFBA~1\firmware\CONFER~1\INTEGR~1\ARDUIN~1\Debug\libArduinoCore.a(main.o)
 .comment       0x00000030       0x31 C:\Users\lambert\DOCUME~1\GitHub\NSEC-B~1\hw\2023\CONFBA~1\firmware\CONFER~1\INTEGR~1\ARDUIN~1\Debug\libArduinoCore.a(Print.o)
 .comment       0x00000030       0x31 C:\Users\lambert\DOCUME~1\GitHub\NSEC-B~1\hw\2023\CONFBA~1\firmware\CONFER~1\INTEGR~1\ARDUIN~1\Debug\libArduinoCore.a(wiring.o)
 .comment       0x00000030       0x31 C:\Users\lambert\DOCUME~1\GitHub\NSEC-B~1\hw\2023\CONFBA~1\firmware\CONFER~1\INTEGR~1\ARDUIN~1\Debug\libArduinoCore.a(wiring_digital.o)
 .comment       0x00000030       0x31 C:\Users\lambert\DOCUME~1\GitHub\NSEC-B~1\hw\2023\CONFBA~1\firmware\CONFER~1\INTEGR~1\ARDUIN~1\Debug\libArduinoCore.a(WMath.o)
 .comment       0x00000030       0x31 C:\Users\lambert\DOCUME~1\GitHub\NSEC-B~1\hw\2023\CONFBA~1\firmware\CONFER~1\INTEGR~1\ARDUIN~1\Debug\libArduinoCore.a(Adafruit_GFX.o)
 .comment       0x00000030       0x31 C:\Users\lambert\DOCUME~1\GitHub\NSEC-B~1\hw\2023\CONFBA~1\firmware\CONFER~1\INTEGR~1\ARDUIN~1\Debug\libArduinoCore.a(Adafruit_NeoPixel.o)
 .comment       0x00000030       0x31 C:\Users\lambert\DOCUME~1\GitHub\NSEC-B~1\hw\2023\CONFBA~1\firmware\CONFER~1\INTEGR~1\ARDUIN~1\Debug\libArduinoCore.a(Adafruit_SSD1306.o)
 .comment       0x00000030       0x31 C:\Users\lambert\DOCUME~1\GitHub\NSEC-B~1\hw\2023\CONFBA~1\firmware\CONFER~1\INTEGR~1\ARDUIN~1\Debug\libArduinoCore.a(SoftwareSerial.o)
 .comment       0x00000030       0x31 C:\Users\lambert\DOCUME~1\GitHub\NSEC-B~1\hw\2023\CONFBA~1\firmware\CONFER~1\INTEGR~1\ARDUIN~1\Debug\libArduinoCore.a(SPI.o)
 .comment       0x00000030       0x31 C:\Users\lambert\DOCUME~1\GitHub\NSEC-B~1\hw\2023\CONFBA~1\firmware\CONFER~1\INTEGR~1\ARDUIN~1\Debug\libArduinoCore.a(Wire.o)
 .comment       0x00000030       0x31 C:\Users\lambert\DOCUME~1\GitHub\NSEC-B~1\hw\2023\CONFBA~1\firmware\CONFER~1\INTEGR~1\ARDUIN~1\Debug\libArduinoCore.a(abi.o)
 .comment       0x00000030       0x31 C:\Users\lambert\DOCUME~1\GitHub\NSEC-B~1\hw\2023\CONFBA~1\firmware\CONFER~1\INTEGR~1\ARDUIN~1\Debug\libArduinoCore.a(hooks.o)
 .comment       0x00000030       0x31 C:\Users\lambert\DOCUME~1\GitHub\NSEC-B~1\hw\2023\CONFBA~1\firmware\CONFER~1\INTEGR~1\ARDUIN~1\Debug\libArduinoCore.a(twi.o)
 .comment       0x00000030       0x31 c:/program files (x86)/atmel/studio/7.0/toolchain/avr8/avr8-gnu-toolchain/bin/../lib/gcc/avr/5.4.0/../../../../avr/lib/avr5\libc.a(malloc.o)
 .comment       0x00000030       0x31 c:/program files (x86)/atmel/studio/7.0/toolchain/avr8/avr8-gnu-toolchain/bin/../lib/gcc/avr/5.4.0/../../../../avr/lib/avr5\libc.a(random.o)

.note.gnu.avr.deviceinfo
                0x00000000       0x40
 .note.gnu.avr.deviceinfo
                0x00000000       0x40 C:/Program Files (x86)/Atmel/Studio/7.0/Packs/atmel/ATmega_DFP/1.7.374/gcc/dev/atmega328p/avr5/crtatmega328p.o

.note.gnu.build-id
 *(.note.gnu.build-id)

.debug
 *(.debug)

.line
 *(.line)

.debug_srcinfo
 *(.debug_srcinfo)

.debug_sfnames
 *(.debug_sfnames)

.debug_aranges  0x00000000      0xbf8
 *(.debug_aranges)
 .debug_aranges
                0x00000000       0x38 cypherControl.o
 .debug_aranges
                0x00000038       0x30 levelControl.o
 .debug_aranges
                0x00000068       0x48 modeControl.o
 .debug_aranges
                0x000000b0       0x60 neopix.o
 .debug_aranges
                0x00000110       0x50 oledControl.o
 .debug_aranges
                0x00000160       0x28 Sketch.o
 .debug_aranges
                0x00000188       0x38 softserialControl.o
 .debug_aranges
                0x000001c0       0x28 uidFetcher.o
 .debug_aranges
                0x000001e8       0x68 C:\Users\lambert\DOCUME~1\GitHub\NSEC-B~1\hw\2023\CONFBA~1\firmware\CONFER~1\INTEGR~1\ARDUIN~1\Debug\libArduinoCore.a(HardwareSerial.o)
 .debug_aranges
                0x00000250       0x48 C:\Users\lambert\DOCUME~1\GitHub\NSEC-B~1\hw\2023\CONFBA~1\firmware\CONFER~1\INTEGR~1\ARDUIN~1\Debug\libArduinoCore.a(HardwareSerial0.o)
 .debug_aranges
                0x00000298       0x30 C:\Users\lambert\DOCUME~1\GitHub\NSEC-B~1\hw\2023\CONFBA~1\firmware\CONFER~1\INTEGR~1\ARDUIN~1\Debug\libArduinoCore.a(main.o)
 .debug_aranges
                0x000002c8      0x100 C:\Users\lambert\DOCUME~1\GitHub\NSEC-B~1\hw\2023\CONFBA~1\firmware\CONFER~1\INTEGR~1\ARDUIN~1\Debug\libArduinoCore.a(Print.o)
 .debug_aranges
                0x000003c8       0x48 C:\Users\lambert\DOCUME~1\GitHub\NSEC-B~1\hw\2023\CONFBA~1\firmware\CONFER~1\INTEGR~1\ARDUIN~1\Debug\libArduinoCore.a(wiring.o)
 .debug_aranges
                0x00000410       0x38 C:\Users\lambert\DOCUME~1\GitHub\NSEC-B~1\hw\2023\CONFBA~1\firmware\CONFER~1\INTEGR~1\ARDUIN~1\Debug\libArduinoCore.a(wiring_digital.o)
 .debug_aranges
                0x00000448       0x48 C:\Users\lambert\DOCUME~1\GitHub\NSEC-B~1\hw\2023\CONFBA~1\firmware\CONFER~1\INTEGR~1\ARDUIN~1\Debug\libArduinoCore.a(WMath.o)
 .debug_aranges
                0x00000490      0x2d8 C:\Users\lambert\DOCUME~1\GitHub\NSEC-B~1\hw\2023\CONFBA~1\firmware\CONFER~1\INTEGR~1\ARDUIN~1\Debug\libArduinoCore.a(Adafruit_GFX.o)
 .debug_aranges
                0x00000768       0xb0 C:\Users\lambert\DOCUME~1\GitHub\NSEC-B~1\hw\2023\CONFBA~1\firmware\CONFER~1\INTEGR~1\ARDUIN~1\Debug\libArduinoCore.a(Adafruit_NeoPixel.o)
 .debug_aranges
                0x00000818      0x118 C:\Users\lambert\DOCUME~1\GitHub\NSEC-B~1\hw\2023\CONFBA~1\firmware\CONFER~1\INTEGR~1\ARDUIN~1\Debug\libArduinoCore.a(Adafruit_SSD1306.o)
 .debug_aranges
                0x00000930       0xa8 C:\Users\lambert\DOCUME~1\GitHub\NSEC-B~1\hw\2023\CONFBA~1\firmware\CONFER~1\INTEGR~1\ARDUIN~1\Debug\libArduinoCore.a(SoftwareSerial.o)
 .debug_aranges
                0x000009d8       0x38 C:\Users\lambert\DOCUME~1\GitHub\NSEC-B~1\hw\2023\CONFBA~1\firmware\CONFER~1\INTEGR~1\ARDUIN~1\Debug\libArduinoCore.a(SPI.o)
 .debug_aranges
                0x00000a10      0x110 C:\Users\lambert\DOCUME~1\GitHub\NSEC-B~1\hw\2023\CONFBA~1\firmware\CONFER~1\INTEGR~1\ARDUIN~1\Debug\libArduinoCore.a(Wire.o)
 .debug_aranges
                0x00000b20       0x20 C:\Users\lambert\DOCUME~1\GitHub\NSEC-B~1\hw\2023\CONFBA~1\firmware\CONFER~1\INTEGR~1\ARDUIN~1\Debug\libArduinoCore.a(abi.o)
 .debug_aranges
                0x00000b40       0x20 C:\Users\lambert\DOCUME~1\GitHub\NSEC-B~1\hw\2023\CONFBA~1\firmware\CONFER~1\INTEGR~1\ARDUIN~1\Debug\libArduinoCore.a(hooks.o)
 .debug_aranges
                0x00000b60       0x98 C:\Users\lambert\DOCUME~1\GitHub\NSEC-B~1\hw\2023\CONFBA~1\firmware\CONFER~1\INTEGR~1\ARDUIN~1\Debug\libArduinoCore.a(twi.o)

.debug_pubnames
 *(.debug_pubnames)

.debug_info     0x00000000    0x1db16
 *(.debug_info .gnu.linkonce.wi.*)
 .debug_info    0x00000000      0x5f4 C:/Program Files (x86)/Atmel/Studio/7.0/Packs/atmel/ATmega_DFP/1.7.374/gcc/dev/atmega328p/avr5/crtatmega328p.o
 .debug_info    0x000005f4      0x559 cypherControl.o
 .debug_info    0x00000b4d      0x1c4 levelControl.o
 .debug_info    0x00000d11       0xf3 modeControl.o
 .debug_info    0x00000e04     0x1224 neopix.o
 .debug_info    0x00002028      0xce0 oledControl.o
 .debug_info    0x00002d08      0x74e Sketch.o
 .debug_info    0x00003456      0x64b softserialControl.o
 .debug_info    0x00003aa1      0x2be uidFetcher.o
 .debug_info    0x00003d5f     0x1f6d C:\Users\lambert\DOCUME~1\GitHub\NSEC-B~1\hw\2023\CONFBA~1\firmware\CONFER~1\INTEGR~1\ARDUIN~1\Debug\libArduinoCore.a(HardwareSerial.o)
 .debug_info    0x00005ccc     0x1b16 C:\Users\lambert\DOCUME~1\GitHub\NSEC-B~1\hw\2023\CONFBA~1\firmware\CONFER~1\INTEGR~1\ARDUIN~1\Debug\libArduinoCore.a(HardwareSerial0.o)
 .debug_info    0x000077e2      0x237 C:\Users\lambert\DOCUME~1\GitHub\NSEC-B~1\hw\2023\CONFBA~1\firmware\CONFER~1\INTEGR~1\ARDUIN~1\Debug\libArduinoCore.a(main.o)
 .debug_info    0x00007a19     0x28ff C:\Users\lambert\DOCUME~1\GitHub\NSEC-B~1\hw\2023\CONFBA~1\firmware\CONFER~1\INTEGR~1\ARDUIN~1\Debug\libArduinoCore.a(Print.o)
 .debug_info    0x0000a318      0x2cb C:\Users\lambert\DOCUME~1\GitHub\NSEC-B~1\hw\2023\CONFBA~1\firmware\CONFER~1\INTEGR~1\ARDUIN~1\Debug\libArduinoCore.a(wiring.o)
 .debug_info    0x0000a5e3      0x5fe C:\Users\lambert\DOCUME~1\GitHub\NSEC-B~1\hw\2023\CONFBA~1\firmware\CONFER~1\INTEGR~1\ARDUIN~1\Debug\libArduinoCore.a(wiring_digital.o)
 .debug_info    0x0000abe1      0x230 C:\Users\lambert\DOCUME~1\GitHub\NSEC-B~1\hw\2023\CONFBA~1\firmware\CONFER~1\INTEGR~1\ARDUIN~1\Debug\libArduinoCore.a(WMath.o)
 .debug_info    0x0000ae11     0x89c6 C:\Users\lambert\DOCUME~1\GitHub\NSEC-B~1\hw\2023\CONFBA~1\firmware\CONFER~1\INTEGR~1\ARDUIN~1\Debug\libArduinoCore.a(Adafruit_GFX.o)
 .debug_info    0x000137d7     0x141e C:\Users\lambert\DOCUME~1\GitHub\NSEC-B~1\hw\2023\CONFBA~1\firmware\CONFER~1\INTEGR~1\ARDUIN~1\Debug\libArduinoCore.a(Adafruit_NeoPixel.o)
 .debug_info    0x00014bf5     0x2d19 C:\Users\lambert\DOCUME~1\GitHub\NSEC-B~1\hw\2023\CONFBA~1\firmware\CONFER~1\INTEGR~1\ARDUIN~1\Debug\libArduinoCore.a(Adafruit_SSD1306.o)
 .debug_info    0x0001790e     0x28fd C:\Users\lambert\DOCUME~1\GitHub\NSEC-B~1\hw\2023\CONFBA~1\firmware\CONFER~1\INTEGR~1\ARDUIN~1\Debug\libArduinoCore.a(SoftwareSerial.o)
 .debug_info    0x0001a20b      0x66b C:\Users\lambert\DOCUME~1\GitHub\NSEC-B~1\hw\2023\CONFBA~1\firmware\CONFER~1\INTEGR~1\ARDUIN~1\Debug\libArduinoCore.a(SPI.o)
 .debug_info    0x0001a876     0x2910 C:\Users\lambert\DOCUME~1\GitHub\NSEC-B~1\hw\2023\CONFBA~1\firmware\CONFER~1\INTEGR~1\ARDUIN~1\Debug\libArduinoCore.a(Wire.o)
 .debug_info    0x0001d186       0x76 C:\Users\lambert\DOCUME~1\GitHub\NSEC-B~1\hw\2023\CONFBA~1\firmware\CONFER~1\INTEGR~1\ARDUIN~1\Debug\libArduinoCore.a(abi.o)